
▸ planner · style-e2e-0909a-reference
  制作恰好3页的中英混排微课《指数增长 / Exponential Growth》，不要代码页。
第1页[标题页]：一个可读的中英题名，提出“为什么每年新增额越来越大”，用有意义的视觉关系引入。
第2页[内容页]：用真实数据图和必要计算解释复利与固定增加20的区别，不制造假KPI。
第3页[交互页]：本金100、增长率r默认20%，用户可在0..50%之间调节；实时画0..5年的曲线并显示第5年金额，提供重置。
确定性事实：A(n)=100*(1+r)^n；r=20%时n=0..5依次为100、120、144、172.8、207.36、248.832；显示金额保留两位小数。
交互测试约定：滑块input[type=range]的id为rate，显示第5年纯数字金额的元素id为amount（不含货币符号），重置按钮id为reset。
滑块min=0、max=50、value=20，单位百分比；Home到0%、End到50%，最大时第5年金额759.38，重置回248.83。
各页都保留必要中文与英文文字，使用主题提供的中英字体、图表和控件样式。
这是内容要求，不规定页面坐标；Planner自行写三页页表，Builder自行完成每页。
全部图形可由原生HTML/SVG/Canvas实现，不需要外部搜索、生成图片或录音。  /  6 分钟

  seed         底盘已就位,库 20 个（真拷贝,非软链接）
  style-theme in=4,463 out=50
  deck  in=1,790 out=401  FinalizePlan
  style-theme in=5,937 out=7,268
  style-theme in=13,320 out=5,318
  style-theme in=18,737 out=4,936
  ⚠ 接口块漏列 32 个类(只报不拦,builder 会少几个可选项): .active-point .axis .axis-label .compound-point .fill-coral .fill-green .fill-yellow .fixed-point .grid .no-fill .nt-amount .nt-amount-label
  逐页内容     3 页,104–179 字符,中位 178
  接口交接     已知陷阱（Deck.fmt 带符号）→ CHASSIS.md

  合计 164s  →  /data1/home/zhuyifan/ws2/Notale/notale-v2/runs/style-e2e-0909a-reference
