
▸ planner · four-topics-0910-113355-weber
  新教伦理与资本主义精神：从“资本主义精神”的含义到天职观、禁欲主义与资本积累，解释韦伯的论证及其局限，区分关联与单一因果。  /  60 分钟

  seed         底盘已就位,库 20 个（真拷贝,非软链接）
      [deck] RateLimitError 等 6s 重试 1/8
      [style-pick] RateLimitError 等 4s 重试 1/8
      [style-pick] RateLimitError 等 16s 重试 2/8
      [deck] RateLimitError 等 14s 重试 2/8
      [deck] RateLimitError 等 31s 重试 3/8
      [style-pick] RateLimitError 等 45s 重试 3/8
      [deck] RateLimitError 等 114s 重试 4/8
      [style-pick] RateLimitError 等 114s 重试 4/8
      [deck] RateLimitError 等 220s 重试 5/8
      [style-pick] RateLimitError 等 141s 重试 5/8
      [style-pick] RateLimitError 等 220s 重试 6/8
      [deck] RateLimitError 等 384s 重试 6/8
  style-pick in=14,066 out=140
  style-theme in=20,304 out=4,885
  style-theme in=25,257 out=4,873
  deck  in=1,527 out=72  ImageSearch
  deck  in=6,937 out=21  ImageSearch
  deck  in=11,029 out=487  FinalizePlan
  ⚠ 接口块漏列 22 个类(只报不拦,builder 会少几个可选项): .nt-button .nt-chain-step .nt-column .nt-column-bordered .nt-diagram-line .nt-diagram-line-active .nt-diagram-node .nt-diagram-node-accent .nt-diagram-text .nt-dropcap .nt-lead .nt-paragraph
  逐页内容     12 页,39–44 字符,中位 43
  接口交接     已知陷阱（Deck.fmt 带符号）→ CHASSIS.md

  合计 828s  →  /data1/home/zhuyifan/ws2/Notale/notale-v2/runs/four-topics-0910-113355-weber
