
▸ planner · four-topics-0910-113355-photosynthesis
  光合作用：从植物的物质来源到光反应、碳固定，讲清物质与能量流动，以及光照、CO₂、温度对光合速率的影响。  /  60 分钟

  seed         底盘已就位,库 20 个（真拷贝,非软链接）
      [deck] RateLimitError 等 5s 重试 1/8
      [style-pick] RateLimitError 等 5s 重试 1/8
      [deck] RateLimitError 等 19s 重试 2/8
      [style-pick] RateLimitError 等 14s 重试 2/8
      [style-pick] RateLimitError 等 41s 重试 3/8
      [deck] RateLimitError 等 31s 重试 3/8
      [deck] RateLimitError 等 91s 重试 4/8
      [style-pick] RateLimitError 等 88s 重试 4/8
      [deck] RateLimitError 等 155s 重试 5/8
      [style-pick] RateLimitError 等 216s 重试 5/8
      [deck] RateLimitError 等 228s 重试 6/8
      [style-pick] RateLimitError 等 252s 重试 6/8
  deck  in=1,514 out=96  ImageSearch
  deck  in=16,563 out=581  FinalizePlan
  style-pick in=14,053 out=130
  style-theme in=20,126 out=4,076
  ⚠ 接口块漏列 10 个类(只报不拦,builder 会少几个可选项): .nt-body .nt-caption .nt-chart-axis .nt-chart-grid .nt-chart-label .nt-chart-point .nt-chem-formula .nt-control-btn .nt-controls .nt-flow-arrow
  逐页内容     12 页,38–55 字符,中位 49
  接口交接     已知陷阱（Deck.fmt 带符号）→ CHASSIS.md

  合计 640s  →  /data1/home/zhuyifan/ws2/Notale/notale-v2/runs/four-topics-0910-113355-photosynthesis
