
▸ planner · four-topics-0910-113355-economics
  经济学原理：从机会成本、边际决策到供需、均衡与弹性，运用模型分析税收和价格管制，说明假设与适用边界；不涉及宏观经济。  /  60 分钟

  seed         底盘已就位,库 20 个（真拷贝,非软链接）
      [deck] RateLimitError 等 6s 重试 1/8
      [style-pick] RateLimitError 等 4s 重试 1/8
      [style-pick] RateLimitError 等 14s 重试 2/8
      [deck] RateLimitError 等 18s 重试 2/8
      [style-pick] RateLimitError 等 40s 重试 3/8
      [deck] RateLimitError 等 45s 重试 3/8
      [style-pick] RateLimitError 等 83s 重试 4/8
      [deck] RateLimitError 等 81s 重试 4/8
      [style-pick] RateLimitError 等 160s 重试 5/8
      [deck] RateLimitError 等 226s 重试 5/8
      [style-pick] RateLimitError 等 318s 重试 6/8
      [deck] RateLimitError 等 354s 重试 6/8
  style-pick in=14,057 out=178
  style-theme in=22,466 out=4,909
  deck  in=1,520 out=54  ImageSearch
  deck  in=10,919 out=560  FinalizePlan
  ⚠ 接口块漏列 24 个类(只报不拦,builder 会少几个可选项): .nt-axis .nt-badge--boundary .nt-badge--rule .nt-body .nt-btn--active .nt-cell--subtle .nt-cell--warning .nt-cell-header .nt-cell-tag .nt-curve-demand .nt-curve-shift .nt-curve-supply
  逐页内容     16 页,31–50 字符,中位 42
  接口交接     已知陷阱（Deck.fmt 带符号）→ CHASSIS.md

  合计 753s  →  /data1/home/zhuyifan/ws2/Notale/notale-v2/runs/four-topics-0910-113355-economics
