
▸ planner · four-topics-0910-113355-neural
  神经网络：从单个神经元到多层感知机，理解前向传播、损失函数、梯度下降与反向传播，用二维分类案例讲清训练与过拟合；不涉及 CNN、Transformer。  /  60 分钟

  seed         底盘已就位,库 20 个（真拷贝,非软链接）
      [deck] RateLimitError 等 4s 重试 1/8
      [style-pick] RateLimitError 等 4s 重试 1/8
      [deck] RateLimitError 等 15s 重试 2/8
      [style-pick] RateLimitError 等 17s 重试 2/8
      [deck] RateLimitError 等 33s 重试 3/8
      [style-pick] RateLimitError 等 49s 重试 3/8
      [deck] RateLimitError 等 97s 重试 4/8
      [style-pick] RateLimitError 等 116s 重试 4/8
      [deck] RateLimitError 等 176s 重试 5/8
      [style-pick] RateLimitError 等 161s 重试 5/8
      [deck] RateLimitError 等 301s 重试 6/8
      [style-pick] RateLimitError 等 372s 重试 6/8
  deck  in=1,530 out=32  ImageSearch
  deck  in=6,992 out=585  FinalizePlan
  style-pick in=14,067 out=131
  style-theme in=20,156 out=4,465
  style-theme in=24,643 out=4,633
  ⚠ 接口块漏列 15 个类(只报不拦,builder 会少几个可选项): .active .hidden .input .interactive .lbl .nt-body .nt-btn .nt-btn-primary .nt-caption .nt-chart-label .nt-chart-tick .nt-code-pill
  逐页内容     17 页,39–54 字符,中位 44
  接口交接     已知陷阱（Deck.fmt 带符号）→ CHASSIS.md

  合计 757s  →  /data1/home/zhuyifan/ws2/Notale/notale-v2/runs/four-topics-0910-113355-neural
