[
  {
    width: 1600,
    height: 900,
    questions: 5,
    comparisonPhotos: 10,
    originalVersions: 20,
    answers: 5,
    externalRequests: [],
    errors: []
  },
  {
    width: 1024,
    height: 768,
    questions: 5,
    comparisonPhotos: 10,
    originalVersions: 20,
    answers: 5,
    externalRequests: [],
    errors: []
  },
  {
    width: 390,
    height: 844,
    questions: 5,
    comparisonPhotos: 10,
    originalVersions: 20,
    answers: 5,
    externalRequests: [],
    errors: []
  }
]
