[
  {
    width: 1600,
    height: 900,
    sourceIdenticalForSevenItems: true,
    records: 80,
    decoded: 7,
    filterEmptyReset: true,
    expandCollapse: true,
    keyboardDialog: true,
    errors: []
  },
  {
    width: 1280,
    height: 720,
    sourceIdenticalForSevenItems: true,
    records: 80,
    decoded: 7,
    filterEmptyReset: true,
    expandCollapse: true,
    keyboardDialog: true,
    errors: []
  },
  {
    width: 390,
    height: 844,
    sourceIdenticalForSevenItems: true,
    records: 80,
    decoded: 7,
    filterEmptyReset: true,
    expandCollapse: true,
    keyboardDialog: true,
    errors: []
  }
]
