[
  {
    viewport: [ 1600, 900 ],
    media: 72,
    videos: 14,
    day2: 42165.49775784753,
    readerKeyboardAndFocus: true,
    videoPlaybackAndPause: true,
    reducedMotion: true,
    overflow: false,
    broken: 0,
    errors: []
  },
  {
    viewport: [ 1280, 720 ],
    media: 72,
    videos: 14,
    day2: 42175.288753799396,
    readerKeyboardAndFocus: true,
    videoPlaybackAndPause: true,
    reducedMotion: true,
    overflow: false,
    broken: 0,
    errors: []
  },
  {
    viewport: [ 390, 844 ],
    media: 72,
    videos: 14,
    day2: 42105.0941366326,
    readerKeyboardAndFocus: true,
    videoPlaybackAndPause: true,
    reducedMotion: true,
    overflow: false,
    broken: 0,
    errors: []
  }
]
