[
  {
    width: 1600,
    height: 900,
    puzzles: 13,
    allAnswers: true,
    bothHighlights: true,
    wrongCheck: true,
    realKeyboardCompletion: true,
    escape: true,
    errors: []
  },
  {
    width: 1024,
    height: 768,
    puzzles: 13,
    allAnswers: true,
    bothHighlights: true,
    wrongCheck: true,
    realKeyboardCompletion: true,
    escape: true,
    errors: []
  },
  {
    width: 390,
    height: 844,
    puzzles: 13,
    allAnswers: true,
    bothHighlights: true,
    wrongCheck: true,
    realKeyboardCompletion: true,
    escape: true,
    errors: []
  }
]
