[
  {
    width: 1600,
    height: 900,
    all71Profiles: true,
    originalPortraits: 39,
    all5Bills: true,
    filtersEmptyReset: true,
    mobileReturn: false,
    errors: []
  },
  {
    width: 900,
    height: 900,
    all71Profiles: true,
    originalPortraits: 39,
    all5Bills: true,
    filtersEmptyReset: true,
    mobileReturn: false,
    errors: []
  },
  {
    width: 390,
    height: 844,
    all71Profiles: true,
    originalPortraits: 39,
    all5Bills: true,
    filtersEmptyReset: true,
    mobileReturn: true,
    errors: []
  }
]
