[
  {
    width: 1600,
    height: 900,
    all30TeamImagesDecoded: true,
    sortFiveColumns: true,
    source29TeamPercentagesMatch: true,
    lakersCorrectionVerified: true,
    keyboardDialog: true,
    noPageOverflow: true,
    errors: []
  },
  {
    width: 1280,
    height: 720,
    all30TeamImagesDecoded: true,
    sortFiveColumns: true,
    source29TeamPercentagesMatch: true,
    lakersCorrectionVerified: true,
    keyboardDialog: true,
    noPageOverflow: true,
    errors: []
  },
  {
    width: 390,
    height: 844,
    all30TeamImagesDecoded: true,
    sortFiveColumns: true,
    source29TeamPercentagesMatch: true,
    lakersCorrectionVerified: true,
    keyboardDialog: true,
    noPageOverflow: true,
    errors: []
  }
]
