[
  {
    viewport: [ 1600, 900 ],
    books: 375,
    metrics: true,
    listPersistenceAndCsv: true,
    focusRestored: true,
    overflow: false,
    errors: []
  },
  {
    viewport: [ 1280, 720 ],
    books: 375,
    metrics: true,
    listPersistenceAndCsv: true,
    focusRestored: true,
    overflow: false,
    errors: []
  },
  {
    viewport: [ 390, 844 ],
    books: 375,
    metrics: true,
    listPersistenceAndCsv: true,
    focusRestored: true,
    overflow: false,
    errors: []
  }
] 375 covers decoded
