[
  {
    width: 1600,
    guidedRounds: 12,
    extremeSequenceRounds: 20,
    seededRandomRounds: 1000,
    wealthConserved: true,
    originalImages: 4,
    keyboard: true,
    ledger: true,
    errors: [],
    external: []
  },
  {
    width: 1024,
    guidedRounds: 12,
    extremeSequenceRounds: 20,
    seededRandomRounds: 1000,
    wealthConserved: true,
    originalImages: 4,
    keyboard: true,
    ledger: true,
    errors: [],
    external: []
  },
  {
    width: 390,
    guidedRounds: 12,
    extremeSequenceRounds: 20,
    seededRandomRounds: 1000,
    wealthConserved: true,
    originalImages: 4,
    keyboard: true,
    ledger: true,
    errors: [],
    external: []
  }
]
