
> build
> node build.mjs

vite v4.5.14 building for production...
transforming...
✓ 67 modules transformed.
rendering chunks...
computing gzip size...
build/index.html                                   0.33 kB │ gzip:  0.25 kB
build/assets/National2Web-Regular-c7d713a4.woff2  34.90 kB
build/assets/National2Web-Bold-142ab926.woff2     37.56 kB
build/assets/National2Web-Regular-0c77600e.woff   47.47 kB
build/assets/National2Web-Bold-2b6a7cc6.woff      50.58 kB
build/assets/index-95148e6d.css                   13.17 kB │ gzip:  3.49 kB
build/assets/index-64022410.js                    95.73 kB │ gzip: 29.89 kB
✓ built in 826ms
9:30:59 PM [vite-plugin-svelte] /tmp/notale-crossword-build/node_modules/svelte-crossword/src/CompletedMessage.svelte:26:2 A11y: visible, non-interactive elements with an on:click event must be accompanied by an on:keydown, on:keyup, or on:keypress event.
24:     {/if}
25:   </div>
26:   <div
      ^
27:     class="curtain"
28:     transition:fade="{{ duration: 250 }}"
