
> build
> node build.mjs

vite v4.5.14 building for production...
transforming...
✓ 643 modules transformed.
rendering chunks...
computing gzip size...
build/build.html                             0.30 kB │ gzip:  0.28 kB
build/Canela-Light-Web-50f23337.woff2       33.35 kB
build/Canela-Bold-Web-47ef750b.woff2        34.67 kB
build/National2Web-Regular-c7d713a4.woff2   34.90 kB
build/National2Web-Bold-142ab926.woff2      37.56 kB
build/build-534e080e.css                    35.20 kB │ gzip:  7.82 kB
build/build-f66bb0e3.js                    314.14 kB │ gzip: 99.21 kB
✓ built in 2.69s
9:30:56 PM [vite-plugin-svelte] /data1/home/zhuyifan/ws2/Notale/notale-v2/workflows/build-interaction/samples/general/state-maze-stories/pages/src/components/Modal/Contents.svelte:79:7 A11y: '#' is not a valid href attribute
77:       and
78:       <span class="share">
79:         <a href="#" on:click|preventDefault={share}>share this state’s maze</a>
               ^
80:         <span class="icon"><Icon name="share" /></span>
81:         <span class="clipboard" class:visible={copySuccess}>Link copied!</span>
9:30:56 PM [vite-plugin-svelte] /data1/home/zhuyifan/ws2/Notale/notale-v2/workflows/build-interaction/samples/general/state-maze-stories/pages/src/components/Modal/Info.svelte:77:4 A11y: visible, non-interactive elements with an on:click event must be accompanied by an on:keydown, on:keyup, or on:keypress event.
75: 
76:       {#if mobile}
77:         <span class="share-icon" on:click|preventDefault={share}
            ^
78:           ><Icon name="share" stroke="#726D68" width="1.25rem" />
79:           <span class="clipboard" class:visible={copySuccess}>Link copied!</span
9:30:56 PM [vite-plugin-svelte] /data1/home/zhuyifan/ws2/Notale/notale-v2/workflows/build-interaction/samples/general/state-maze-stories/pages/src/components/Modal/Info.svelte:125:1 Unused CSS selector ".learn"
123:     white-space: nowrap;
124:   }
125:   .learn {
       ^
126:     display: flex;
127:     flex-wrap: wrap;
9:30:56 PM [vite-plugin-svelte] /data1/home/zhuyifan/ws2/Notale/notale-v2/workflows/build-interaction/samples/general/state-maze-stories/pages/src/components/Modal/Info.svelte:134:1 Unused CSS selector ".share"
132:     z-index: 1000;
133:   }
134:   .share {
       ^
135:     display: flex;
136:     align-items: center;
9:30:56 PM [vite-plugin-svelte] /data1/home/zhuyifan/ws2/Notale/notale-v2/workflows/build-interaction/samples/general/state-maze-stories/pages/src/components/Modal/Info.svelte:155:1 Unused CSS selector "a"
153:     margin-right: 6px;
154:   }
155:   a {
       ^
156:     line-height: 1;
157:   }
9:30:56 PM [vite-plugin-svelte] /data1/home/zhuyifan/ws2/Notale/notale-v2/workflows/build-interaction/samples/general/state-maze-stories/pages/src/components/Modal/Info.svelte:159:1 Unused CSS selector "a"
157:   }
158:   span,
159:   a {
       ^
160:     white-space: nowrap;
161:   }
9:30:56 PM [vite-plugin-svelte] /data1/home/zhuyifan/ws2/Notale/notale-v2/workflows/build-interaction/samples/general/state-maze-stories/pages/src/components/Maze/Maze.svelte:203:1 Unused CSS selector "button.reset"
201:     border-bottom: 2px solid var(--color-dark-tan);
202:   }
203:   button.reset {
       ^
204:     background: var(--color-accent-orange);
205:     padding: 0;
9:30:56 PM [vite-plugin-svelte] /data1/home/zhuyifan/ws2/Notale/notale-v2/workflows/build-interaction/samples/general/state-maze-stories/pages/src/components/Modal/Facts.svelte:73:2 A11y: on:mouseover must be accompanied by on:focus
71:         ? heightAbove - 20
72:         : topScale(_.sum(_.slice(heights, 0, i)))}
73:     <div
        ^
74:       bind:this={factEls[i]}
75:       on:mouseover={(e) =>
9:30:56 PM [vite-plugin-svelte] /data1/home/zhuyifan/ws2/Notale/notale-v2/workflows/build-interaction/samples/general/state-maze-stories/pages/src/components/Maze/Walls.svelte:90:1 Unused CSS selector "rect"
88:     stroke: var(--color-dark-tan);
89:   }
90:   rect {
      ^
91:     fill: none;
92:     stroke: none;
9:30:56 PM [vite-plugin-svelte] /data1/home/zhuyifan/ws2/Notale/notale-v2/workflows/build-interaction/samples/general/state-maze-stories/pages/src/components/Maze/Walls.svelte:94:1 Unused CSS selector "rect.start"
92:     stroke: none;
93:   }
94:   rect.start {
      ^
95:     opacity: 0.2;
96:   }
9:30:56 PM [vite-plugin-svelte] /data1/home/zhuyifan/ws2/Notale/notale-v2/workflows/build-interaction/samples/general/state-maze-stories/pages/src/components/Maze/Walls.svelte:97:1 Unused CSS selector "rect.finish"
 95:     opacity: 0.2;
 96:   }
 97:   rect.finish {
       ^
 98:     opacity: 0.5;
 99:   }
