1600 sine 1 1 0
1600 sine 0 0.5 25
1600 sine 0.25 2 75
1600 triangle 1 1 0
1600 triangle 0 0.5 25
1600 triangle 0.25 2 75
1600 square 1 1 0
1600 square 0 0.5 25
1600 square 0.25 2 75
1600 sawtooth 1 1 0
1600 sawtooth 0 0.5 25
1600 sawtooth 0.25 2 75
1024 sine 1 1 0
1024 sine 0 0.5 25
1024 sine 0.25 2 75
1024 triangle 1 1 0
1024 triangle 0 0.5 25
1024 triangle 0.25 2 75
1024 square 1 1 0
1024 square 0 0.5 25
1024 square 0.25 2 75
1024 sawtooth 1 1 0
1024 sawtooth 0 0.5 25
1024 sawtooth 0.25 2 75
390 sine 1 1 0
390 sine 0 0.5 25
390 sine 0.25 2 75
390 triangle 1 1 0
390 triangle 0 0.5 25
390 triangle 0.25 2 75
390 square 1 1 0
390 square 0 0.5 25
390 square 0.25 2 75
390 sawtooth 1 1 0
390 sawtooth 0 0.5 25
390 sawtooth 0.25 2 75
[
  {
    width: 1600,
    dpr: 1,
    states: 12,
    particles: 676,
    keyboard: true,
    motionStop: true,
    errors: [],
    external: []
  },
  {
    width: 1024,
    dpr: 1,
    states: 12,
    particles: 676,
    keyboard: true,
    motionStop: true,
    errors: [],
    external: []
  },
  {
    width: 390,
    dpr: 2,
    states: 12,
    particles: 676,
    keyboard: true,
    motionStop: true,
    errors: [],
    external: []
  }
]
