[
  {
    "viewport": [
      1600,
      900
    ],
    "metrics": {
      "vertical": 37.303690720113465,
      "center": 57.735026918962596,
      "below": 34.48532584130629,
      "optimal": 29.481709447111164
    },
    "customRsd": 40.87816808432215,
    "areaConservation": true,
    "pathAreaAgreementWithinHalfPercentPlusPointOne": true,
    "overflow": false,
    "broken": 0,
    "errors": []
  },
  {
    "viewport": [
      1280,
      720
    ],
    "metrics": {
      "vertical": 37.303690720113465,
      "center": 57.735026918962596,
      "below": 34.48532584130629,
      "optimal": 29.481709447111164
    },
    "customRsd": 40.87816808432215,
    "areaConservation": true,
    "pathAreaAgreementWithinHalfPercentPlusPointOne": true,
    "overflow": false,
    "broken": 0,
    "errors": []
  },
  {
    "viewport": [
      390,
      844
    ],
    "metrics": {
      "vertical": 37.303690720113465,
      "center": 57.735026918962596,
      "below": 34.48532584130629,
      "optimal": 29.481709447111164
    },
    "customRsd": 40.87816808432215,
    "areaConservation": true,
    "pathAreaAgreementWithinHalfPercentPlusPointOne": true,
    "overflow": false,
    "broken": 0,
    "errors": []
  }
]
