[
  {
    width: 1600,
    height: 900,
    search: true,
    empty: true,
    random: true,
    keyboard: true,
    songList: true,
    raceGuard: true,
    errors: []
  },
  {
    width: 1024,
    height: 768,
    search: true,
    empty: true,
    random: true,
    keyboard: true,
    songList: true,
    raceGuard: true,
    errors: []
  },
  {
    width: 390,
    height: 844,
    search: true,
    empty: true,
    random: true,
    keyboard: true,
    songList: true,
    raceGuard: true,
    errors: []
  },
  { normalAnimation: true, resize: true }
]
