[
  {
    width: 1600,
    height: 900,
    all137SelectionsAndImages: true,
    spriteIndicesExact: true,
    fourThemesExact: true,
    searchSourcesKeyboard: true,
    noPageOverflow: true,
    errors: []
  },
  {
    width: 1280,
    height: 720,
    all137SelectionsAndImages: true,
    spriteIndicesExact: true,
    fourThemesExact: true,
    searchSourcesKeyboard: true,
    noPageOverflow: true,
    errors: []
  },
  {
    width: 390,
    height: 844,
    all137SelectionsAndImages: true,
    spriteIndicesExact: true,
    fourThemesExact: true,
    searchSourcesKeyboard: true,
    noPageOverflow: true,
    errors: []
  }
]
