[
  {
    width: 1600,
    height: 900,
    states: 51,
    caUserSolution: 17,
    blockedMove: true,
    mobileButtons: false,
    restore: true,
    autoSolveDoesNotCount: true,
    errors: []
  },
  {
    width: 900,
    height: 900,
    states: 51,
    caUserSolution: 17,
    blockedMove: true,
    mobileButtons: false,
    restore: true,
    autoSolveDoesNotCount: true,
    errors: []
  },
  {
    width: 390,
    height: 844,
    states: 51,
    caUserSolution: 17,
    blockedMove: true,
    mobileButtons: true,
    restore: true,
    autoSolveDoesNotCount: true,
    errors: []
  }
]
