[
  {
    width: 1600,
    height: 900,
    all17StatesExactSourceCoordinates: true,
    multipleMasks: 5,
    previousNext: true,
    keyboardWholeToggle: true,
    noOverflow: true,
    errors: []
  },
  {
    width: 1280,
    height: 720,
    all17StatesExactSourceCoordinates: true,
    multipleMasks: 5,
    previousNext: true,
    keyboardWholeToggle: true,
    noOverflow: true,
    errors: []
  },
  {
    width: 390,
    height: 844,
    all17StatesExactSourceCoordinates: true,
    multipleMasks: 5,
    previousNext: true,
    keyboardWholeToggle: true,
    noOverflow: true,
    errors: []
  }
]
