
▸ planner · nn-style-coherence-0909
  神经网络：从可学习的函数到 CNN、RNN 与注意力机制

这是一堂 120 分钟的本科深度学习入门课，主线是“数据有什么结构，网络如何利用这种结构，以及参数怎样从错误中学会”。面向会基础 Python、向量和矩阵乘法、了解导数直觉与训练集/测试集，但没有系统学过深度学习的学生。不假定读者已经掌握反向传播或任何深度学习框架。

学完后，学生应能解释一次前向计算与参数更新的因果关系；读懂一个小型 CNN 的特征图与尺寸变化；沿时间展开一个 RNN 并解释它为什么容易遗忘；根据图像、序列或普通表格数据选择合理起点，并说明取舍。

建议内容与课堂时间分配（合计 120 分钟，页数由内容决定）：

1. 问题与来路，约 10 分钟。以手写数字识别和一句话的情感判断为贯穿案例：为什么同一个全连接网络不是所有数据的最佳结构？用简洁的历史线索交代感知机、多层网络训练、卷积网络与循环网络的发展动机。人物与论文只服务于解释方法从何而来，不做名人墙，不把合作成果归给一个“创始人”。

2. MLP 与训练原理，约 30 分钟。从加权和、偏置、非线性激活到两层网络；用 XOR 或二维分类边界解释非线性的作用。沿一个很小的数值例子走完前向预测、损失、链式法则、反向传播和梯度下降更新，明确反向传播负责计算梯度、优化器负责更新参数。再用训练/验证曲线解释学习率、过拟合、正则化和数据泄漏。重点是可追踪的数值与因果，不堆完整公式推导。

3. CNN：利用空间结构，约 30 分钟。从小图像上的卷积核滑动开始，讲局部连接、权重共享、通道、stride、padding、输出尺寸与感受野；区分卷积和池化的作用。沿一个小型手写数字 CNN 展示“像素→局部特征→特征组合→类别分数”，并比较它与全连接层的参数量。可用 LeNet 等代表案例解释架构背景。说明平移等变与不变不能混为一谈，也不要把所有卷积核都说成固定的边缘检测器。

4. RNN 与 LSTM：利用序列结构，约 25 分钟。以短句情感或一段时间序列为例，对照单步循环与时间展开图，追踪同一组参数如何更新隐藏状态。解释信息压缩、跨时间反向传播、梯度消失/爆炸与长程依赖；以“保留什么、忘掉什么、读出什么”讲 LSTM 的细胞状态与门控。GRU 只作简短对照，不再展开一套重复推导。

5. 连接到注意力机制，约 15 分钟。从 RNN 的固定状态信息瓶颈与串行计算限制出发，用短句展示相关位置如何获得不同注意力权重，以直觉说明 Q/K/V 与位置的信息来源。对比 CNN 的局部窗口、RNN 的递推状态和注意力的内容寻址；不把这部分扩成完整 Transformer 或大模型训练课程，也不声称后者在所有场景都更好。

6. 迁移与总结，约 10 分钟。给出图像分类、情感判断、传感器时间序列和表格分类几个小任务，让学生说明结构选择、需要的数据与评估办法。收束到“输入结构→归纳偏置→可学习参数→训练证据”，留下可以检验理解的短问题，不用一页术语列表结束。

呈现与素材：在确实讲解方法来源的页面，搜索适合的人物肖像或原始论文/早期系统图作为历史证据，并注明出处；优先考虑与 CNN、RNN/LSTM 发展直接相关的代表人物或研究团队。古早照片的身份、年代或版权不确定时不要编造，找不到合适素材可无图完成。手写数字、真实图像与可辨识的特征图可作为教学证据；公式、架构关系和数值计算以清晰的可操作图示表达，不用泛化的发光大脑或芯片图库图代替机制。

交互围绕“预测→操作→看到变化→解释”组织：例如改变学习率观察损失轨迹，移动卷积核核对乘加结果，逐词推进观察隐藏状态，调整注意力权重比较读出的信息。数值演示要标明是教学简化模型还是实际训练结果。

如设置代码实操，选择与本课直接相关的小任务，例如计算一次二维卷积或完成一个小网络的前向计算和梯度更新；代码、输入输出、可视化与测试应围绕同一任务，不可只替换通用排序示例的标题或变量名。优先保证少量例子讲透，不要求为每个架构都添加代码页。

由 Style Director 根据课程内容自主选择整套视觉身份，不预设深底或浅底、不指定固定配色；代码工作台继续控制自己的界面风格。
  /  120 分钟

  seed         底盘已就位,库 20 个（真拷贝,非软链接）
  style-pick in=12,844 out=177
  deck  in=2,708 out=223  ImageSearch
  style-theme in=22,336 out=139
  style-theme in=26,617 out=5,985
  deck  in=6,732 out=2,387  FinalizePlan
  ⚠ 接口块漏列 1 个类(只报不拦,builder 会少几个可选项): .nt-title--hero
  逐页内容     44 页,44–64 字符,中位 54
  接口交接     已知陷阱（Deck.fmt 带符号）→ CHASSIS.md

  合计 183s  →  /data1/home/zhuyifan/ws2/Notale/notale-v2/runs/nn-style-coherence-0909
