
▸ planner · ape-g10
  Apeman – Spaceman  /  90 分钟

  seed         底盘已就位,库 20 个
  lec.js         71.4s  out= 6,622 tok   23,879 字符
  lec.js       已补上 mount 的 `return main;` —— 结构本来是对的,只差这一行
  mount DOM     10 个类名
  PLAN.md       185.9s  out= 8,816 tok   12,513 字符
  验页表       48 行  停留合计 5400/5400 秒  ✓   无交互 8 页
  验证据链     声明 5 条,页表用到 5 条,承担论证的页 40/48
  验幕结构     5 幕,页序连续 ✓
  验视觉世界   5 个 hex、5 条母题  ✓
  验页表       48 行,知识结构 5 种: classification comparison enumeration generalization process
  展开 p35     ✗ 第 1 次不是有效规格:交互那一节缺「做对了」那一行 —— 这一页有交互,四行(做对了/做错了/做到哪儿了/做完了)要按提示词给的标签逐行写
  展开 p19     ✗ 第 1 次不是有效规格:交互那一节缺「做对了」那一行 —— 这一页有交互,四行(做对了/做错了/做到哪儿了/做完了)要按提示词给的标签逐行写
  展开规格     48 份(48 新建/0 复用)  122s  out=61,584 tok  2,457–4,385B
  theme.css      62.1s  out= 5,871 tok   16,298 字符
  接口交接     theme.css 的 INTERFACE 块 19 行 → CHASSIS.md
  验样式       mount 的 10 个类名,theme.css 覆盖 10 个
  CONTRACT.md    50.9s  out= 3,459 tok    5,294 字符
  skeletons    48 个骨架,已接 base/theme/lec,data-total=48
  briefs       48 份,3112–3198 字符,中位 3142

  合计 492s  →  /data1/home/zhuyifan/ws2/Notale/notale-v2/runs/ape-g10
