
▸ planner · ape-ds2
  Apeman – Spaceman  /  90 分钟

  seed         底盘已就位,库 20 个
      上游 EmptyReply,等 5s 重试 (1/8)  已累计死等 155s
  lec.js        348.2s  out=24,572 tok   11,227 字符
  lec.js       ✗ 第 1 次产物不是有效的 lec.js:mount() 没有返回内容容器(只有裸 return 或没有 return)—— 它必须 `return` 那个 <main>,否则页面拿不到容器、只能自己往 body 里塞,内容会压在页眉页脚带上(实测一轮 40 页里 70 处)
  lec.js        150.3s  out=18,947 tok    9,212 字符
  ⚠ lec_api 抽不出函数签名(认识两种写法都没匹配上)。退回裸名字 7 个 —— 各页会被迫去读 lec.js 源码。若这一轮慢,先来看这里。
  mount DOM     9 个类名
  PLAN.md       317.8s  out=40,633 tok    7,591 字符
  验页表       50 行  停留合计 5400/5400 秒  ✓   无交互 5 页
  验页表       50 行,知识结构 5 种: classification comparison enumeration generalization process
      上游 EmptyReply,等 5s 重试 (1/8)  已累计死等 44s
  展开规格     50 份(50 新建/0 复用)  410s  out=689,090 tok  2,489–9,921B
      产物在 28,000 tok 处被截断,自动升到 56,000 重试一次
  theme.css     427.7s  out=29,495 tok    9,133 字符
  接口交接     theme.css 的 INTERFACE 块 17 行 → CHASSIS.md
  验样式       mount 的 9 个类名,theme.css 覆盖 9 个
  CONTRACT.md   124.1s  out=19,133 tok   14,718 字符
  skeletons    50 个骨架,已接 base/theme/lec,data-total=50
  briefs       50 份,2885–2966 字符,中位 2901

  合计 1778s  →  /data1/home/zhuyifan/ws2/Notale/notale-v2/runs/ape-ds2
