/data1/home/zhuyifan/ws2/Notale/notale-v2/core/planner.py:983: DeprecationWarning: Image.Image.getdata is deprecated and will be removed in Pillow 14 (2027-10-15). Use get_flattened_data instead.
  L = sorted(round(.2126 * r + .7152 * g + .0722 * b) for r, g, b in im.getdata())
/data1/home/zhuyifan/ws2/Notale/notale-v2/core/planner.py:921: DeprecationWarning: Image.Image.getdata is deprecated and will be removed in Pillow 14 (2027-10-15). Use get_flattened_data instead.
  px = list(im.getdata()); n = len(px)
/data1/home/zhuyifan/ws2/Notale/notale-v2/core/planner.py:1029: DeprecationWarning: Image.Image.getdata is deprecated and will be removed in Pillow 14 (2027-10-15). Use get_flattened_data instead.
  px = list(im.getdata())
/data1/home/zhuyifan/ws2/Notale/notale-v2/core/planner.py:1024: DeprecationWarning: Image.Image.getdata is deprecated and will be removed in Pillow 14 (2027-10-15). Use get_flattened_data instead.
  px = [c[:3] for c in im.getdata() if c[3] > 128]

▸ planner · ape-g17
  Ape-men 与 Spacemen：极端环境中的生存进化  /  90 分钟

  seed         底盘已就位,库 20 个
  lec.js         63.1s  out= 4,595 tok   11,607 字符
  PLAN.md       182.1s  out=12,687 tok   14,641 字符
  验页表       50 行  停留合计 5400/5400 秒  ✓   无交互 8 页
  验证据链     声明 5 条,页表用到 5 条,承担论证的页 44/50
  验幕结构     5 幕,页序连续 ✓
  验视觉世界   3 个 hex、20 条母题  ✓
  验页表       50 行,知识结构 4 种: classification comparison generalization process
  图池         底图联系表 3 张 → backdrops.jpg
  图池         11/14 张就位，3 张没取到  → img/IMG.md
  theme.css      81.9s  out= 7,823 tok   15,398 字符
  接口交接     theme.css 的 INTERFACE 块 39 行 → CHASSIS.md
  接口交接     已知陷阱（Deck.fmt 带符号）→ CHASSIS.md
  CONTRACT.md    79.6s  out= 5,133 tok    5,792 字符
  展开规格     50 份(50 新建/0 复用)  66s  out=103,693 tok  2,528–3,920B
  skeletons    50 个骨架,已接 base/theme/lec,data-total=50
  briefs       50 份,3349–3414 字符,中位 3378

  合计 528s  →  /data1/home/zhuyifan/ws2/Notale/notale-v2/runs/ape-g17

  判据                                ape-g17     目标
  ───────────────────────────────────────────────────
  规格份数                                   50     
  规格中位字符                               1591     ≤1300
  表格真数值格(每份有表)                          8.5     ≥8
  表格真数值格合计                              425     
  表格指针格                                   0     0
  点名底盘类的规格数                         43/53 类     ≥30%
  有「核对」的份                             16/50     ≥40%
  有「交给下一页」的份                          50/50     ≥90%
  还有「场景构图」的份                           0/50     0
  有「交互」节的份                            42/50     <n
    交互节字符中位                             180     ≥200
    有「正确状态」的比率                          11%     ≤40%
    说清「什么跟着变」                           30%     ≥80%
    有复位/重来                              95%     ≥70%
  theme.css 字符                       15,388     ≤13000
    其中 utility 类                          2     0
    仪表类齐几样(共 8)                         8/8     8
    INTERFACE 块字符                      2254     ≥2000
  PLAN.md 字符                         14,641     ≤10000
    数字口径里的真实数值                           41     ≥20
    页表一句话带数                            2/50     ≥20%
  lec.js 字符 / P 函数数             11,598 / 44     函数数↓
  theme.css 填色的容器类                       11     ≤2
  规格点名图池文件的份数                            26     ≥6


  ✗ theme.css 里填色的容器类              11   要求 ≤2
  ✓ theme.css 里 utility 类           2   要求 ≤2
  ✓ #stage 有 padding                有   要求 有
  ✓ 仪表类齐几样                          8   要求 8
  ✓ 规格表格里的指针格                       0   要求 0
  ✓ 规格点名图池文件的份数                    26   要求 ≥6

  [31m✗ plan 层有 1 条不合格:theme.css 里填色的容器类[0m
    产物都在,改完提示词重跑对应那一步即可（cached() 会跳过已好的）
