
▸ builder · ape-mm
  50 页,并发 50,effort=medium,skill 清单 9,221 字符

      page-43 步  1  Read Read Read Read Read Skill Skill
      page-41 步  1  Read Read Read Read Read Skill Skill
      page-04 步  1  Read Read Read Read Read Skill Skill
      page-20 步  1  Read Read Read Read Read Skill Skill Skill Skill
      page-18 步  1  Read Read Read Read Read Skill Skill
      page-10 步  1  Bash Skill Skill
      page-34 步  1  Bash Skill Skill
      page-03 步  1  Read Read Read Read Read Skill Skill
      page-08 步  1  Read Read Read Read Read Skill Skill
      page-21 步  1  Read Read Read Read Read Skill
      page-47 步  1  Read Read Read Read Read Skill Skill
      page-36 步  1  Read Read Read Read Read Skill Skill
      page-17 步  1  Skill Skill Skill Bash
      page-39 步  1  Read Read Read Read Read Skill Skill
      page-49 步  1  Read Read Read Read Read Skill Read
      page-19 步  1  Skill Skill Skill Bash Bash
      page-16 步  1  Read Read Read Read Read Skill Skill
      page-30 步  1  Read Read Read Read Read Skill Skill Skill
      page-06 步  1  Skill Skill Read Read Read Read Read Read
      page-33 步  1  Bash Skill Skill
      page-46 步  1  Read Read Read Read Read Skill Skill Skill
      page-32 步  1  Read Read Read Read Read Skill
      page-15 步  1  Read Read Read Read Read Skill Skill Skill
      page-05 步  1  Read Read Read Read Read Skill Skill Skill
      page-25 步  1  Skill Skill Read Read Read Read Read Read
      page-31 步  1  Read Read Read Read Read Skill Skill Skill Skill
      page-42 步  1  Read Read Read Read Read Skill Skill
      page-02 步  1  Read Read Read Read Read Skill
      page-24 步  1  Read Read Read Read Read Skill Skill
      page-23 步  1  Read Read Read Read Read Skill Skill Skill
      page-32 步  2  Read Read
      page-04 步  2  Skill Read Read
      page-35 步  1  Read Read Read Read Read Skill Skill
      page-45 步  1  Read Read Read Read Read Skill Skill Skill
      page-14 步  1  Read Read Read Read Read Skill Skill
      page-47 步  2  Read Read
      page-43 步  2  Read Read
      page-36 步  2  Read Read
      page-22 步  1  Read Read Read Read Read Skill Skill Skill
      page-46 步  2  Read Read Bash
      page-18 步  2  Read Read
      page-02 步  2  Read Read
      page-05 步  2  Read Read
      page-19 步  2  Bash Read
      page-11 步  1  Read Read Read Read Read Skill Skill
      page-01 步  1  Skill Read Read Read Read Read Read
      page-24 步  2  Read Read
      page-26 步  1  Read Read Read Read Read Skill Skill
      page-13 步  1  Read Read Read Read Read Skill Skill
      page-07 步  1  Read Read Read Read Read Skill Skill
      page-28 步  1  Read Read Read Read Read Skill
      page-35 步  2  Read Read
      page-29 步  1  Read Read Read Read Read Skill Skill
      page-23 步  2  Read Read Bash
      page-40 步  1  Skill Bash
      page-16 步  2  Read Read
      page-50 步  1  Read Read Read Read Read Skill
      page-12 步  1  Read Read Read Read Read Skill
      page-38 步  1  Read Read Read Read Read Skill Skill
      page-41 步  2  Read Bash Bash
      page-27 步  1  Read Read Read Read Read Skill Skill Skill
      page-48 步  1  Read Read Read Read Read Skill Skill      page-20 步  2  Read Read

      page-11 步  2  Read Read
      page-37 步  1  Read Read Read Read Read Read Skill Skill
      page-44 步  1  Read Read Read Read Read Skill Skill
      page-10 步  2  Bash Read Read Read
      page-03 步  2  Read Read Bash Bash
      page-34 步  2  Read Read Read Read Read Read Read Read
      page-04 步  3  Bash
      page-09 步  1  Read Read Read Read Read Skill
      page-08 步  2  Skill
      page-17 步  2  Bash
      page-14 步  2  Read Read Bash
      page-29 步  2  Read Read Bash
      page-13 步  2  Read Read Bash
      page-21 步  2  Read Read Bash
      page-41 步  3  Bash Bash
      page-45 步  2  Read Read
      page-50 步  2  Read
      page-25 步  2  Read
      page-39 步  2  Read Read Bash
      page-40 步  2  Read Read Read Read Read Read
      page-35 步  3  Bash
      [page-35] InternalServerError 等 5s 重试 1/8
      page-34 步  3  Read
      page-33 步  2  Read Read Read Read Read Read Read Read
      page-31 步  2  Read Read
      page-21 步  3  Bash
      page-06 步  2  Read
      page-38 步  2  Skill Read Read Bash
      page-15 步  2  Read Read Bash
      page-13 步  3  Skill
      page-22 步  2  Read Read
      page-42 步  2  Read Read Bash
      page-30 步  2  Read Read
      page-08 步  3  Bash
      page-39 步  3  Read Read
      page-04 步  4  Bash
      page-44 步  2  Read Bash
      page-05 步  3  Bash
      page-21 步  4  Read
      page-48 步  2  Read Read
      page-10 步  3  Read Read Read
      page-37 步  2  Read
      page-26 步  2  Read Read Bash
      page-36 步  3  Bash
      page-17 步  3  Read Read Read
      page-29 步  3  Skill
      page-33 步  3  Read Read Bash
      page-34 步  4  Bash
      page-08 步  4  Bash Read
      page-07 步  2  Read Read Bash
      page-09 步  2  Read Read
      page-28 步  2  Read Read
      page-42 步  3  Bash
      page-04 步  5  Read
      page-12 步  2  Read
      page-06 步  3  Bash
      page-26 步  3  Bash
      page-27 步  2  Read Read
      page-44 步  3  Bash Bash
      page-41 步  4  Bash
      page-03 步  3  Bash Bash
      page-34 步  5  Read
      page-36 步  4  Read
      page-07 步  3  Bash Read
      page-33 步  4  Read Read
      page-23 步  3  Read
      page-44 步  4  Bash Bash
      page-35 步  4  Read
      page-11 步  3  Bash
      page-13 步  4  Bash Bash Bash Bash
      page-08 步  5  Bash
      page-45 步  3  Bash
      page-38 步  3  Bash
      page-15 步  3  Bash
      page-02 步  3  Write
      page-03 步  4  Bash Bash
      page-29 步  4  Bash
      page-17 步  4  Read
      page-25 步  3  Bash
      page-04 步  6  Bash
      page-26 步  4  Bash Bash Bash Bash
      page-44 步  5  Bash Bash
      page-42 步  4  Read
      page-03 步  5  Bash
      page-35 步  5  Read Read
      page-13 步  5  Read Read Read Read
      page-11 步  4  Bash
      page-41 步  5  Bash
      page-49 步  2  Write
      page-45 步  4  Read Read
      page-29 步  5  Bash
      page-08 步  6  Bash
      page-49 步  3  Bash
      page-29 步  6  Read
      page-04 步  7  Bash
      page-02 步  4  Bash
      page-05 步  4  Read Read Read
      page-11 步  5  Bash
      page-38 步  4  Bash
      page-08 步  7  Bash
      page-04 步  8  Bash
      page-03 步  6  Bash
      page-40 步  3  Write
      page-13 步  6  Bash
      page-01 步  2  Write
      page-44 步  6  Read
      page-26 步  5  Bash Bash Bash Bash
      page-11 步  6  Bash
      page-05 步  5  Bash
      page-04 步  9  Bash
      page-02 步  5  Edit
      page-48 步  3  Write
      page-19 步  3  Write
      page-01 步  3  Bash
      page-03 步  7  Bash
  page-49  ✓    4 次调用    1.5 分  selfcheck  1  skill 1  已完成 `page-49.html`，并通过 selfcheck。
      page-32 步  3  Write
      page-29 步  7  Bash
      page-26 步  6  Read Read Read Read
      page-19 步  4  Bash
      page-12 步  3  Write
      page-40 步  4  Bash
      page-04 步 10  Read
      page-02 步  6  Edit
      page-32 步  4  Bash
      page-10 步  4  Write
      page-38 步  5  Bash Bash
      page-01 步  4  Bash
      page-46 步  3  Write
      page-12 步  4  Bash
      page-22 步  3  Write
      page-35 步  6  Bash
      page-36 步  5  Write
      page-40 步  5  Bash
      page-04 步 11  Read
      page-50 步  3  Write
      page-29 步  8  Bash
      page-02 步  7  Edit
      page-48 步  4  Edit
      page-36 步  6  Bash
      page-20 步  3  Write
      page-24 步  3  Write
      page-10 步  5  Bash
      page-06 步  4  Write
      page-03 步  8  Bash
      page-26 步  7  Bash Bash Bash
      page-24 步  4  Bash
      page-06 步  5  Bash
      page-01 步  5  Bash
      page-43 步  3  Write
      page-03 步  9  Bash
      page-40 步  6  Bash
      page-46 步  4  Bash
      page-36 步  7  Edit
      page-24 步  5  Bash
      page-27 步  3  Write
      page-32 步  5  Edit
      page-50 步  4  Bash
      page-14 步  3  Write
      page-09 步  3  Write
      page-08 步  8  Bash Read
      page-07 步  4  Write
      page-42 步  5  Write
      page-29 步  9  Read
      page-22 步  4  Bash Bash Bash Bash
      page-21 步  5  Write
      page-18 步  3  Write
      page-38 步  6  Bash
      page-48 步  5  Bash
      page-14 步  4  Bash
      page-02 步  8  Bash
      page-27 步  4  Bash
      page-43 步  4  Bash
      page-24 步  6  Bash
      page-34 步  6  Write
      page-15 步  4  Write
      page-19 步  5  Edit
      page-09 步  4  Bash
      page-10 步  6  Edit
      page-03 步 10  Bash
      page-33 步  5  Write
      page-20 步  4  Bash Bash
      page-32 步  6  Bash
      page-06 步  6  Edit
      page-36 步  8  Edit
      page-15 步  5  Bash
      page-45 步  5  Write
      page-18 步  4  Bash Bash Bash Bash
      page-12 步  5  Edit
      page-25 步  4  Write
      page-46 步  5  Edit
      page-26 步  8  Read Read Read
      page-30 步  3  Write
      page-45 步  6  Bash
      page-40 步  7  Edit
      page-28 步  3  Write
  page-22  ✓    5 次调用    2.2 分  selfcheck  4  skill 3  已完成 `page-22.html`，并通过初始、部分完成、全部完成与重置状态的 selfcheck；无报错、加载失败、
      page-27 步  5  Edit
      page-23 步  4  Write
      page-12 步  6  Edit
      page-10 步  7  Edit
      page-37 步  3  Write
      page-30 步  4  Bash
      page-42 步  6  Bash
      page-17 步  5  Write
      page-28 步  4  Bash
      page-07 步  5  Bash
      page-14 步  5  Edit
      page-34 步  7  Bash
      page-06 步  7  Edit
      page-02 步  9  Edit
      page-27 步  6  Bash
      page-37 步  4  Bash
      page-23 步  5  Bash
      page-10 步  8  Edit
      page-04 步 12  Bash
      page-46 步  6  Bash
      page-45 步  7  Bash Bash Bash Bash
      page-40 步  8  Edit
      page-29 步 10  Bash
      page-21 步  6  Bash
      page-06 步  8  Bash
      page-19 步  6  Edit
      page-50 步  5  Edit
      page-48 步  6  Edit
      page-16 步  3  Write
      page-07 步  6  Edit
      page-24 步  7  Edit
      page-12 步  7  Edit
      page-09 步  5  Bash
      page-39 步  4  Write
      page-01 步  6  Edit
      page-16 步  4  Bash
      page-48 步  7  Edit
      page-36 步  9  Bash
      page-20 步  5  Edit
      page-43 步  5  Edit
      page-25 步  5  Bash
      page-46 步  7  Edit
      page-15 步  6  Bash
      page-40 步  9  Bash
      page-19 步  7  Edit
      page-33 步  6  Bash
      page-28 步  5  Edit
      page-09 步  6  Bash
      page-32 步  7  Edit
      page-39 步  5  Bash
      page-27 步  7  Bash
      page-37 步  5  Edit Edit Edit
      page-43 步  6  Edit
      page-26 步  9  Bash Bash Bash Bash
      page-02 步 10  Edit
      page-44 步  7  Write
      page-10 步  9  Bash
      page-17 步  6  Bash
      page-48 步  8  Bash
      page-28 步  6  Bash
      page-31 步  3  Write
      page-45 步  8  Bash
      page-46 步  8  Bash
      page-36 步 10  Bash Bash Bash Bash
      page-19 步  8  Edit
      page-41 步  6  Write
      page-42 步  7  Edit
      page-37 步  6  Bash
      page-43 步  7  Edit
      page-20 步  6  Bash Bash Bash
      page-07 步  7  Bash Bash Bash Bash
      page-10 步 10  Edit
      page-14 步  6  Bash Bash Bash
      page-32 步  8  Edit
      page-09 步  7  Bash
      page-12 步  8  Bash
      page-39 步  6  Bash
      page-50 步  6  Edit
      page-13 步  7  Write
      page-18 步  5  Edit
      page-34 步  8  Edit
      page-21 步  7  Edit
      page-25 步  6  Edit
      page-30 步  5  Edit
      page-43 步  8  Edit
      page-19 步  9  Bash
      page-23 步  6  Edit
      page-41 步  7  Bash
      page-06 步  9  Bash Bash Bash Bash
      page-01 步  7  Edit
      page-24 步  8  Edit Edit Edit
      page-11 步  7  Write
      page-37 步  7  Bash Bash Bash Bash
      page-10 步 11  Edit
      page-42 步  8  Bash Bash Bash Bash
      page-23 步  7  Edit
      page-30 步  6  Edit
      page-44 步  8  Bash
  page-45  ✓    9 次调用    2.8 分  selfcheck  6  skill 3  已完成 `page-45.html`，并通过初始、错误预测、正确预测、火星切换、完成及重置状态的 selfcheck。
      page-15 步  7  Bash
      page-39 步  7  Bash
      page-29 步 11  Read Read Read Read Read
      page-16 步  5  Bash
      page-34 步  9  Edit
      page-31 步  4  Bash
      page-10 步 12  Edit
      page-23 步  8  Edit
      page-13 步  8  Bash
      page-33 步  7  Edit
      page-35 步  7  Write
      page-27 步  8  Bash
      page-46 步  9  Edit
      page-10 步 13  Bash
      page-50 步  7  Edit
      page-30 步  7  Bash
      page-29 步 12  Bash
      page-28 步  7  Bash
      page-40 步 10  Edit
      page-11 步  8  Bash
      page-18 步  6  Bash Bash Bash Bash
      page-26 步 10  Bash Bash Bash Bash
      page-08 步  9  Write
      page-24 步  9  Bash
      page-32 步  9  Bash
      page-35 步  8  Bash
      page-25 步  7  Edit Edit
  page-27  ✓    9 次调用    3.0 分  selfcheck  4  skill 3  已完成 `page-27.html`，并通过初始、错误反馈、完整校准及重置状态的 selfcheck。
      page-01 步  8  Edit
      page-43 步  9  Edit
      page-40 步 11  Bash
      page-10 步 14  Bash
  page-28  ✓    8 次调用    3.1 分  selfcheck  3  skill 1  已完成并通过 selfcheck。
      page-21 步  8  Edit
      page-20 步  7  Bash
      page-34 步 10  Edit
      page-07 步  8  Bash Bash
      page-01 步  9  Edit
      page-11 步  9  Bash
      page-24 步 10  Bash
  page-32  ✓   10 次调用    3.1 分  selfcheck  3  skill 1  已完成 `page-32.html`，并通过初始、装配、完成与重置状态的 selfcheck。
      page-42 步  9  Edit
      page-43 步 10  Edit
      page-23 步  9  Bash Bash
      page-10 步 15  Read
      page-03 步 11  Bash
      page-33 步  8  Edit
      page-39 步  8  Edit
      page-44 步  9  Edit
      page-13 步  9  Edit
      page-41 步  8  Bash Bash
      page-34 步 11  Edit
      page-35 步  9  Bash
      page-16 步  6  Bash
      page-43 步 11  Bash
      page-06 步 10  Edit
      page-33 步  9  Bash
      page-07 步  9  Bash
      page-29 步 13  Bash
      page-09 步  8  Edit
      page-13 步 10  Edit
      page-44 步 10  Edit
      page-26 步 11  Read Read Read Read
  page-14  ✓    7 次调用    3.3 分  selfcheck  4  skill 2  已完成 `page-14.html`：实现 Konva 石片敲击小游戏、六步因果流程、三项实时仪表、成功/失败反馈、键盘
  page-37  ✓    8 次调用    3.3 分  selfcheck  6  skill 2  已完成 `page-37.html`，并通过初始、正确、错误、完成与重置状态的 selfcheck。
      page-01 步 10  Edit
      page-34 步 12  Edit
      page-17 步  7  Edit
      page-41 步  9  Read
      page-15 步  8  Edit
      page-08 步 10  Bash
      page-50 步  8  Edit
      page-30 步  8  Bash Bash Bash Bash
      page-05 步  6  Write
      page-06 步 11  Edit
      page-39 步  9  Bash
      page-46 步 10  Edit
      page-25 步  8  Bash
      page-21 步  9  Bash
      page-10 步 16  Edit
      page-50 步  9  Edit
      page-35 步 10  Edit
      page-07 步 10  Edit
      page-23 步 10  Bash Bash Bash Bash
      page-15 步  9  Edit
      page-48 步  9  Edit
      page-05 步  7  Bash
      page-16 步  7  Bash
      page-41 步 10  Bash
      page-17 步  8  Edit
      page-12 步  9  Edit
      page-19 步 10  Edit
      page-06 步 12  Edit
      page-13 步 11  Bash
      page-41 步 11  Read
      page-46 步 11  Bash Bash Bash
      page-01 步 11  Edit
      page-36 步 11  Bash
      page-03 步 12  Bash
      page-09 步  9  Edit
      [page-08] InternalServerError 等 5s 重试 1/8
      page-40 步 12  Bash
      page-10 步 17  Edit
      page-31 步  5  Edit
      page-07 步 11  Edit
      page-24 步 11  Edit Edit Edit
      page-34 步 13  Edit      page-33 步 10  Bash

      page-48 步 10  Edit
      page-25 步  9  Bash Bash Bash Bash
      page-50 步 10  Bash
      page-42 步 10  Bash Bash Bash Bash
      page-09 步 10  Edit
      page-44 步 11  Bash
      page-11 步 10  Edit
  page-36  ✓   12 次调用    3.6 分  selfcheck  7  skill 2  已完成 `page-36.html`，并通过初始、错误点火、两次正确点火及重置状态的 selfcheck。
      page-35 步 11  Edit
  page-40  ✓   13 次调用    3.6 分  selfcheck  6  skill 1  已完成第 40 页构建，并通过初始状态与动画稳定状态自检。
      page-21 步 10  Bash Bash Bash Bash
      page-33 步 11  Bash
      page-48 步 11  Edit
      page-24 步 12  Bash
      page-07 步 12  Edit
      page-34 步 14  Edit
      page-06 步 13  Bash Bash
      page-29 步 14  Read Read
      page-19 步 11  Edit
      page-35 步 12  Bash
      page-31 步  6  Edit
      page-43 步 12  Bash
      page-17 步  9  Edit
      page-38 步  7  Write
      page-39 步 10  Bash Bash
      page-34 步 15  Bash
      page-30 步  9  Bash
      page-03 步 13  Bash
      page-19 步 12  Edit
      page-05 步  8  Bash
      page-15 步 10  Edit
      page-12 步 10  Edit
      page-44 步 12  Bash Bash Bash Bash
      page-13 步 12  Edit
      page-10 步 18  Edit
      page-46 步 12  Bash
      page-38 步  8  Bash
      page-03 步 14  Bash
      page-48 步 12  Bash
      page-08 步 11  Edit
      page-13 步 13  Bash
      page-41 步 12  Edit
      page-20 步  8  Edit
      page-17 步 10  Bash
      page-11 步 11  Edit
      page-18 步  7  Edit
      page-50 步 11  Bash
      page-16 步  8  Edit
      page-41 步 13  Edit
      page-23 步 11  Edit
      page-18 步  8  Edit
      page-07 步 13  Edit
      page-19 步 13  Bash
      page-31 步  7  Bash
      page-04 步 13  Bash
      page-33 步 12  Bash
  page-25  ✓   10 次调用    4.0 分  selfcheck  6  skill 2  已完成 `page-25.html`：构建可拖动航路点的三维地球迁徙约束游戏，并完成初始、换组、成功、极端与重置状态自检
      page-39 步 11  Bash
      page-35 步 13  Bash Bash Bash
      page-12 步 11  Edit
      page-09 步 11  Edit
      page-21 步 11  Edit
  page-06  ✓   14 次调用    4.0 分  selfcheck  8  skill 2  已完成 `page-06.html`：构建双模型 Three.js 关节几何比较、骨盆与股骨联动控制、实时负重线反馈、四
      page-15 步 11  Edit
      page-20 步  9  Edit
      page-08 步 12  Edit
      page-10 步 19  Edit
      page-42 步 11  Bash
      page-05 步  9  Edit
      page-24 步 13  Edit
      page-18 步  9  Edit
      page-38 步  9  Bash
      page-16 步  9  Edit
      page-11 步 12  Edit
      page-33 步 13  Read
  page-50  ✓   12 次调用    4.1 分  selfcheck  3  skill 1  已完成 `page-50.html`，并通过初始状态与动画终态 selfcheck。
      page-31 步  8  Bash
      page-13 步 14  Bash
      page-34 步 16  Edit
      page-38 步 10  Edit
      page-23 步 12  Edit
      page-03 步 15  Edit
      page-21 步 12  Edit
      page-19 步 14  Bash Bash Bash
      page-17 步 11  Bash
      page-12 步 12  Edit
      page-07 步 14  Bash Bash Bash
      page-30 步 10  Edit
      page-05 步 10  Edit
      page-48 步 13  Edit
      page-34 步 17  Edit
      page-35 步 14  Bash Bash
      page-04 步 14  Bash
      page-43 步 13  Edit
      page-46 步 13  Edit
      page-13 步 15  Bash
      page-41 步 14  Edit
      page-09 步 12  Edit
      page-24 步 14  Bash
      page-48 步 14  Edit
      page-03 步 16  Edit
      page-10 步 20  Bash
  page-39  ✓   12 次调用    4.3 分  selfcheck  7  skill 2  已完成 `page-39.html`，并通过初始、成功、失败极值与重置状态的 selfcheck。
      page-43 步 14  Edit
      page-15 步 12  Bash
      page-41 步 15  Edit
      page-19 步 15  Bash
      page-17 步 12  Bash
      page-42 步 12  Bash
      page-11 步 13  Edit
      page-08 步 13  Edit
      page-09 步 13  Bash
      page-20 步 10  Edit
      page-16 步 10  Bash
      page-08 步 14  Bash
      page-48 步 15  Bash
      page-21 步 13  Edit
  page-07  ✓   15 次调用    4.4 分  selfcheck 10  skill 2  已完成 `page-07.html`，并通过初始、试走、错误反馈、完整比较及重置状态的 selfcheck。
      page-46 步 14  Edit
      page-13 步 16  Bash
      page-31 步  9  Read
      page-30 步 11  Edit
      page-17 步 13  Edit
      page-44 步 13  Edit Edit Edit Edit
      page-20 步 11  Edit
      page-42 步 13  Edit
      page-38 步 11  Bash
      page-19 步 16  Bash
      page-16 步 11  Bash
      page-11 步 14  Bash
      page-21 步 14  Edit
      page-18 步 10  Bash
      page-23 步 13  Edit
      page-41 步 16  Bash
      page-09 步 14  Edit
      page-05 步 11  Bash
      page-12 步 13  Edit
      page-46 步 15  Edit
      page-33 步 14  Edit
      page-20 步 12  Bash Bash Bash
      page-30 步 12  Edit
      page-42 步 14  Bash Bash Bash Bash
      page-44 步 14  Bash Bash Bash Bash
      page-21 步 15  Edit
      page-03 步 17  Bash
      page-33 步 15  Bash
      page-24 步 15  Bash
      page-13 步 17  Bash
  page-19  ✓   17 次调用    4.6 分  selfcheck  8  skill 3  已完成 `page-19.html`，并通过初始、错误反馈、正确选择、完成及重置状态的 selfcheck；无报错、加载
      page-08 步 15  Edit
      page-46 步 16  Edit
      page-16 步 12  Read
      page-11 步 15  Bash
      page-10 步 21  Bash Bash Bash
      page-43 步 15  Edit
      page-04 步 15  Edit
      page-30 步 13  Bash Bash Bash
      page-48 步 16  Edit
  page-18  ✓   11 次调用    4.7 分  selfcheck  9  skill 2  已完成 `page-18.html`：构建了可调连线密度的 D3 知识网络、对齐比较表、固定节点移除检验、传播反馈、成功
      page-38 步 12  Edit Edit
      page-15 步 13  Edit
      page-46 步 17  Edit
  page-20  ✓   13 次调用    4.8 分  selfcheck  9  skill 4  已完成 `page-20.html`，并通过初始、高保真切换、逆向反馈、完成与重置状态的 selfcheck。
      page-41 步 17  Edit
      page-17 步 14  Bash Bash Bash Bash
      page-31 步 10  Edit
      page-09 步 15  Bash
  page-30  ✓   14 次调用    4.9 分  selfcheck 10  skill 3  已完成 `page-30.html`：实现 Matter.js 无重力反冲模拟、三档质量拖放/键盘操作、动量读数、错误反
      page-38 步 13  Bash
      page-15 步 14  Bash
      page-33 步 16  Edit
      page-10 步 22  Bash
      page-34 步 18  Edit
      page-24 步 16  Read
      page-04 步 16  Edit
      page-12 步 14  Bash
      page-13 步 18  Edit Edit Edit
      page-08 步 16  Edit
      page-21 步 16  Edit
      page-42 步 15  Edit
      page-05 步 12  Edit
      page-16 步 13  Edit
      page-43 步 16  Edit
      page-11 步 16  Read
      page-35 步 15  Edit
  page-44  ✓   15 次调用    5.0 分  selfcheck 10  skill 2  已完成第 44 页构建，并通过初始、完成、未完成反馈及重置状态的 selfcheck。
      page-34 步 19  Bash
      page-29 步 15  Bash
      page-03 步 18  Edit
      page-04 步 17  Edit
      page-48 步 17  Edit
      page-41 步 18  Bash Bash Bash Bash
      page-10 步 23  Bash Bash
      page-46 步 18  Edit
      page-29 步 16  Bash
      page-24 步 17  Bash
      page-34 步 20  Bash
      page-03 步 19  Bash
      page-16 步 14  Edit
      page-35 步 16  Bash Bash
      page-48 步 18  Bash
      page-21 步 17  Edit
      page-15 步 15  Bash Bash
      page-42 步 16  Bash Bash Bash Bash
      page-33 步 17  Edit
      page-31 步 11  Edit
      page-12 步 15  Edit
      page-13 步 19  Edit
      page-23 步 14  Edit
      page-17 步 15  Bash Bash
      page-38 步 14  Edit
      page-03 步 20  Bash Bash Bash
      page-05 步 13  Edit
      page-08 步 17  Edit
      page-26 步 12  Write
      page-23 步 15  Bash Bash Bash
      page-41 步 19  Edit
      page-48 步 19  Bash Bash Bash Bash
      page-04 步 18  Edit
      page-46 步 19  Edit
      page-13 步 20  Bash
      page-43 步 17  Bash
      page-04 步 19  Bash
      page-12 步 16  Edit
      page-11 步 17  Edit
      page-09 步 16  Bash Bash Bash Bash
      page-16 步 15  Edit
      page-21 步 18  Edit
      page-12 步 17  Bash
      page-26 步 13  Bash
      page-05 步 14  Edit
      page-34 步 21  Bash Bash Bash Bash
      page-29 步 17  Bash
      page-33 步 18  Edit
      page-38 步 15  Bash
  page-13  ✓   21 次调用    5.6 分  selfcheck  8  skill 3  已完成 `page-13.html`，并通过初始、全部配对及重置状态的 selfcheck。
      page-24 步 18  Bash
      page-31 步 12  Edit
      page-11 步 18  Edit
      page-16 步 16  Bash
      page-08 步 18  Edit
      page-17 步 16  Edit
      page-31 步 13  Edit
      page-46 步 20  Edit
      page-03 步 21  Edit
      page-29 步 18  Bash
      page-11 步 19  Edit
      page-43 步 18  Read
      page-08 步 19  Edit
      page-04 步 20  Bash
      page-12 步 18  Edit
      page-10 步 24  Edit
      page-05 步 15  Edit
      page-48 步 20  Bash
      page-41 步 20  Bash Bash Bash
      page-33 步 19  Edit
  page-35  ✓   17 次调用    5.9 分  selfcheck  9  skill 2  已完成 `page-35.html`：构建可旋转三维地球、实时圆轨道计算、三站高度拖动与键盘操作、覆盖范围及同步参数仪表
      page-21 步 19  Bash
      page-11 步 20  Edit
      page-15 步 16  Edit
      page-42 步 17  Bash
      page-16 步 17  Bash Bash Bash Bash
      page-03 步 22  Bash
  page-23  ✓   16 次调用    6.0 分  selfcheck 10  skill 3  已完成 `page-23.html`：构建了可拖拽的一天时间—能量账本、六步过程轴、策略反馈、键盘等价操作、完成与重置状
      page-31 步 14  Bash
      page-17 步 17  Edit
      page-12 步 19  Edit
      page-09 步 17  Bash Bash
      page-34 步 22  Bash
      page-38 步 16  Edit Edit
      page-46 步 21  Edit
      page-43 步 19  Edit
      page-08 步 20  Edit
      page-10 步 25  Edit
  page-03  ✓   23 次调用    6.1 分  selfcheck  9  skill 2  已完成 `page-03.html`，并通过初始态、缩放档位、回弹提示、完成态及重置态自检。
      page-17 步 18  Bash Bash
      page-38 步 17  Bash
      page-26 步 14  Bash
      page-31 步 15  Bash Bash Bash Bash
      page-08 步 21  Edit
      page-04 步 21  Bash
      page-12 步 20  Bash
      page-16 步 18  Bash
      page-33 步 20  Edit
      page-48 步 21  Edit
      page-26 步 15  Bash
      page-15 步 17  Edit
      page-33 步 21  Bash
      page-08 步 22  Bash
      page-24 步 19  Edit
      page-05 步 16  Bash
      page-10 步 26  Edit
      page-42 步 18  Edit
      page-21 步 20  Edit
      page-29 步 19  Edit
      page-15 步 18  Edit
  page-09  ✓   18 次调用    6.4 分  selfcheck  9  skill 1  已完成 `page-09.html`，并通过初始、指标切换、错误反馈、完整任务与重置状态的 selfcheck。
      page-46 步 22  Bash Bash Bash
      page-31 步 16  Bash
      page-11 步 21  Edit
      page-34 步 23  Bash Bash
  page-38  ✓   18 次调用    6.5 分  selfcheck  6  skill 3  已完成 `page-38.html`：构建三列岗位知识网、8 张可拖拽/键盘操作岗位卡、动态依赖连线、进度反馈、完成与重
      page-47 步  3  Write
      page-17 步 19  Edit
      page-26 步 16  Read
      page-16 步 19  Bash Bash Bash
      page-10 步 27  Bash Bash Bash
      page-15 步 19  Edit
      page-04 步 22  Edit
      page-43 步 20  Edit
      page-12 步 21  Bash
      page-41 步 21  Edit
      page-24 步 20  Bash
      page-17 步 20  Edit
      page-33 步 22  Edit
  page-12  ✓   22 次调用    6.6 分  selfcheck  6  skill 1  已完成第 12 页构建，并通过初始及动画完成状态的 selfcheck。
      page-05 步 17  Bash
      page-17 步 21  Bash
      page-21 步 21  Edit
      page-04 步 23  Bash
      page-01 步 12  Edit
      page-47 步  4  Bash
      page-31 步 17  Bash
      page-01 步 13  Bash
      page-21 步 22  Edit
  page-17  ✓   22 次调用    6.8 分  selfcheck 13  skill 3  已完成 `page-17.html`：实现可复现的六人模仿接力、三种传递方式、逐棒误差与保真度可视化、完成对照及重置。初
      page-05 步 18  Read
      page-41 步 22  Bash Bash Bash
      page-26 步 17  Bash
      page-24 步 21  Bash Bash Bash
      page-43 步 21  Bash
  page-46  ✓   23 次调用    6.9 分  selfcheck 10  skill 3  已完成 `page-46.html`，并通过初始、推进、极端分配、完成及重置状态的 selfcheck。
      page-04 步 24  Bash
  page-34  ✓   24 次调用    6.9 分  selfcheck 11  skill 2  已完成 `page-34.html`，并通过初始、三档发射及重置状态的 selfcheck。
      page-11 步 22  Edit
      page-15 步 20  Edit
      page-33 步 23  Bash
      page-31 步 18  Bash
      page-05 步 19  Bash
      page-01 步 14  Bash
      page-08 步 23  Edit
      page-47 步  5  Edit
      page-42 步 19  Edit
      page-48 步 22  Edit
      page-16 步 20  Bash
      page-02 步 11  Edit
  page-10  ✓   28 次调用    7.0 分  selfcheck 13  skill 2  已完成 `page-10.html`，并通过初始、错误预测、四轮完成及重置状态的 selfcheck。
      page-41 步 23  Edit
      page-08 步 24  Bash
      page-24 步 22  Edit
      page-15 步 21  Edit
      page-33 步 24  Bash
      page-04 步 25  Bash
      page-47 步  6  Edit
      page-21 步 23  Edit
      page-02 步 12  Edit
      page-48 步 23  Edit
      page-41 步 24  Bash
      page-15 步 22  Bash
      page-21 步 24  Edit
      page-29 步 20  Edit Edit Edit Edit Edit Edit
      page-31 步 19  Edit
      page-43 步 22  Read
      page-24 步 23  Bash Bash
      page-26 步 18  Edit
      page-11 步 23  Bash
      page-08 步 25  Bash
      page-05 步 20  Bash
      page-31 步 20  Edit
  page-15  ✓   23 次调用    7.3 分  selfcheck  8  skill 3  已完成 `page-15.html`：实现生食／熟食筹码分配、三维度动态比较、键盘操作、完成反馈与重置。所有代表交互状态
      page-05 步 21  Read
      page-42 步 20  Bash Bash Bash Bash
      page-33 步 25  Bash
      page-01 步 15  Edit
      page-48 步 24  Edit
      page-24 步 24  Bash
      page-47 步  7  Edit
      page-16 步 21  Edit
  page-04  ✓   26 次调用    7.5 分  selfcheck  7  skill 3  已完成 `page-04.html`：包含真实足迹照片揭示、四步证据过程、可拖拽/键盘操作的步幅测量、即时正误反馈与重置
      page-05 步 22  Edit
      page-26 步 19  Bash
      page-41 步 25  Bash Bash Bash
      page-02 步 13  Bash
      page-01 步 16  Bash
      page-08 步 26  Read
      page-47 步  8  Edit
      page-21 步 25  Edit
      page-11 步 24  Bash
      page-16 步 22  Edit
      page-31 步 21  Edit
      page-33 步 26  Bash
      page-42 步 21  Edit
      page-21 步 26  Edit
      page-31 步 22  Edit
      page-05 步 23  Edit
      page-16 步 23  Edit
      page-42 步 22  Bash Bash Bash Bash
      page-05 步 24  Edit
  page-41  ✓   26 次调用    7.8 分  selfcheck 17  skill 2  已完成 `page-41.html`，并通过初始、完成、错误反馈、键盘操作与重置状态的 selfcheck。
      page-48 步 25  Edit
      page-11 步 25  Read
      page-29 步 21  Edit
      page-21 步 27  Bash
      page-01 步 17  Bash
      page-47 步  9  Edit
      page-43 步 23  Bash
      page-16 步 24  Edit
      page-48 步 26  Bash Bash Bash
      page-02 步 14  Bash
      page-47 步 10  Bash
  page-01  ✓   18 次调用    8.0 分  selfcheck  7  skill 1  已完成第 1 页构建，并通过初始状态与动画稳定状态自检。
      page-31 步 23  Bash
      page-26 步 20  Bash
      page-33 步 27  Bash
      page-08 步 27  Edit
      page-24 步 25  Edit Edit Edit Edit
  page-42  ✓   23 次调用    8.0 分  selfcheck 26  skill 2  已完成 `page-42.html`，并通过初始、中间、完成及重置状态的 selfcheck。
      page-16 步 25  Bash Bash Bash Bash
      page-29 步 22  Bash
      page-47 步 11  Bash
      page-02 步 15  Read
      page-05 步 25  Edit
      page-24 步 26  Bash Bash Bash
  page-48  ✓   27 次调用    8.1 分  selfcheck 13  skill 2  已完成 `page-48.html`，并通过初始、错误投放、键盘操作、分轮完成、最终完成及重置状态的 selfcheck
      page-05 步 26  Edit
      page-43 步 24  Edit
      page-21 步 28  Bash      page-11 步 26  Edit

  page-31  ✓   24 次调用    8.2 分  selfcheck 12  skill 4  已完成 `page-31.html`：构建了双旋钮喷流推力试车台、Matter.js 车辆响应、两阶段挑战、动态测力表与
      page-29 步 23  Edit
      page-02 步 16  Edit
  page-16  ✓   26 次调用    8.3 分  selfcheck 18  skill 2  已完成 `page-16.html`：构建三轮隔屏指令挑战、即时正误反馈、键盘可操作控件、完成后的主张—支撑归纳结构与重
      page-21 步 29  Bash
      page-47 步 12  Bash
  page-24  ✓   27 次调用    8.4 分  selfcheck 17  skill 2  已完成第 24 页：构建了可拆除节点的分布式知识网络、替代连接反馈、四类支撑状态、完成结论与确定性重置。初始、替代连接、
      page-33 步 28  Read
      page-21 步 30  Read
      page-26 步 21  Bash
      page-08 步 28  Edit
      page-05 步 27  Edit
      page-02 步 17  Edit
      page-11 步 27  Bash Bash
      page-29 步 24  Bash
      page-08 步 29  Edit
      page-02 步 18  Bash
      page-43 步 25  Bash
      page-47 步 13  Edit
      page-33 步 29  Read
      page-08 步 30  Edit
      page-29 步 25  Bash
      page-26 步 22  Bash
      page-02 步 19  Edit
      page-05 步 28  Bash
      page-08 步 31  Bash
      page-05 步 29  Bash
      page-47 步 14  Bash
      page-21 步 31  Edit
      page-43 步 26  Bash
      page-26 步 23  Bash
      page-29 步 26  Bash
      page-33 步 30  Edit
      page-02 步 20  Edit
      page-21 步 32  Edit
      page-05 步 30  Edit
      page-43 步 27  Edit
      page-02 步 21  Bash
  page-08  ✓   32 次调用    9.3 分  selfcheck  6  skill 3  已完成 `page-08.html`：构建骨架关节点拖拽标注、局部揭示、作用与代价联动、完成反馈及重置交互，并通过全部 
      page-11 步 28  Edit
      page-33 步 31  Edit
      page-21 步 33  Edit
      page-47 步 15  Edit
      page-11 步 29  Edit
      page-33 步 32  Bash
      page-47 步 16  Edit
      page-21 步 34  Edit
      page-05 步 31  Bash
  page-02  ✓   22 次调用    9.6 分  selfcheck  6  skill 1  已完成 `page-02.html`：构建四段课程路线台账、主干节点、轨道路由与地球弧面，并加入一次性入场动效及 red
      page-11 步 30  Edit
      page-47 步 17  Edit
      page-43 步 28  Edit
      page-26 步 24  Edit
      page-29 步 27  Bash
      page-21 步 35  Edit
      page-43 步 29  Edit
      page-05 步 32  Bash
      page-26 步 25  Bash
      page-33 步 33  Bash
      page-11 步 31  Edit
      page-47 步 18  Edit
      page-21 步 36  Bash
      page-43 步 30  Edit
      page-11 步 32  Edit
      page-29 步 28  Bash
      page-43 步 31  Edit
      page-47 步 19  Bash
      page-21 步 37  Edit
      page-11 步 33  Edit
      page-29 步 29  Bash
      page-05 步 33  Bash
      page-26 步 26  Bash
      page-43 步 32  Bash
      page-21 步 38  Bash
      page-05 步 34  Bash
      page-47 步 20  Bash
      page-29 步 30  Edit Edit Edit Edit Edit
      page-33 步 34  Edit
      page-26 步 27  Edit
      page-33 步 35  Bash
      page-05 步 35  Bash
      page-43 步 33  Edit
      page-29 步 31  Bash
  page-21  ✓   39 次调用   11.0 分  selfcheck 12  skill 1  已完成 `page-21.html`，并通过初始、错误反馈及三轮完成状态的 selfcheck。
      page-11 步 34  Bash
      page-47 步 21  Bash
      page-05 步 36  Bash
      page-26 步 28  Edit
      page-43 步 34  Edit
      page-43 步 35  Edit
      page-26 步 29  Edit
      page-43 步 36  Edit
      page-29 步 32  Bash
      page-05 步 37  Bash
  page-11  ✓   35 次调用   11.6 分  selfcheck  8  skill 2  已完成 `page-11.html`，并通过初始、错误反馈、完整诊断及重置状态的 selfcheck。
      page-26 步 30  Bash Bash Bash
      page-43 步 37  Bash
      page-29 步 33  Edit Edit Edit Edit Edit Edit Edit Edit
      page-33 步 36  Bash
      page-47 步 22  Edit
  page-26  ✓   31 次调用   11.8 分  selfcheck 12  skill 2  已完成 `page-26.html`：构建四类真实证据检视工作台、照片标注揭示、拖拽与键盘推断分类、即时反馈、进度与最终
      page-29 步 34  Bash
  page-43  ✓   38 次调用   11.8 分  selfcheck  9  skill 2  已完成 `page-43.html`：实现三类太空辐射的三层屏蔽配置互动、拖放与键盘操作、动态反馈、三轮总结及重置。初始
      page-47 步 23  Edit
      page-05 步 38  Bash
      page-29 步 35  Bash
      page-47 步 24  Edit
      page-05 步 39  Bash
      page-33 步 37  Edit
      page-05 步 40  Bash
      page-47 步 25  Edit
      page-33 步 38  Edit
      page-47 步 26  Bash
      page-29 步 36  Edit
  page-05  ✓   41 次调用   12.8 分  selfcheck 14  skill 3  已完成 `page-05.html`：构建了可拖放、点击与键盘操作的谱系树重建互动，并通过全部自检。
  page-47  ✓   27 次调用   12.8 分  selfcheck  9  skill 2  已完成 `page-47.html`：构建三分支条件卡拖拽比较交互，并通过初始、错误、正确及重置状态自检。
      page-33 步 39  Edit
      page-29 步 37  Bash
      page-33 步 40  Bash
  page-29  ✓   38 次调用   13.5 分  selfcheck 13  skill 3  已完成 `page-29.html`：构建四轨火箭史料归档交互，内嵌六张真实史料图片，支持拖拽、键盘操作、即时纠错、完成
  page-33  ✓   41 次调用   13.6 分  selfcheck 16  skill 2  已完成 `page-33.html`：构建三轮燃料质量堆叠小游戏，接入 Matter.js 物理碰撞、火箭方程实时计算、

  50/50 页交付   墙钟 13.6 分
  每页调用数 4–41,中位 21   合计 1014
  selfcheck 合计 458   Skill 合计 109
  指派 skill 104 项,实际读到 104 项
  读取次数(前 6):theme.css 62  CHASSIS.md 48  CONTRACT.md 46  deck.md 46  LIBS.md 41  lec.js 25
