
▸ builder · ape-g16
  12 页,并发 12,effort=low,skill 清单 9,221 字符

      page-48 步  1  Bash Skill Skill Skill
      page-07 步  1  Read Read Read Read Read Skill Skill
      page-24 步  1  Read Read Read Read Read Skill Skill
      page-30 步  1  Read Read Read Read Read Skill Skill
      page-03 步  1  Read Read Read Read Read Skill Skill
      page-11 步  1  Read Read Read Read Read Skill Skill
      page-22 步  1  Read Read Read Read Read Skill
      page-38 步  1  Read Read Read Read Read Skill Skill
      page-14 步  1  Read Read Read Read Read Skill Skill Read
      page-42 步  1  Read Read Read Read Read Skill Skill Skill
      page-44 步  1  Read Read Read Read Read Skill Skill Skill
      page-01 步  1  Read Read Read Read Read Skill Skill
      page-48 步  2  Read Read Read Read Read Read
      page-01 步  2  Read
      page-38 步  2  Read
      page-30 步  2  Read Read
      page-44 步  2  Read
      page-11 步  2  Read Read Bash
      page-24 步  2  Read Bash
      page-14 步  2  Read Bash
      page-07 步  2  Read Bash
      page-42 步  2  Read Bash
      page-03 步  2  Bash
      page-48 步  3  Read Bash
      page-30 步  3  Bash
      page-07 步  3  Bash
      page-30 步  4  Read
      page-48 步  4  Bash
      page-42 步  3  Read
      page-07 步  4  Bash
      page-30 步  5  Read
      page-48 步  5  Bash
      page-30 步  6  Bash
      page-01 步  3  Write
      page-24 步  3  Write
      page-48 步  6  Read
      page-30 步  7  Bash
      page-01 步  4  Bash
      page-48 步  7  Bash
      page-22 步  2  Write
      page-24 步  4  Bash
      page-01 步  5  Bash
      page-30 步  8  Read
      page-11 步  3  Write
      page-24 步  5  Bash
      page-42 步  4  Write
      page-03 步  3  Write
      page-30 步  9  Bash
      page-01 步  6  Bash
      page-14 步  3  Write
      page-22 步  3  Bash
      page-44 步  3  Write
      page-11 步  4  Bash
      page-24 步  6  Bash
      page-44 步  4  Bash
      page-38 步  3  Write
      page-07 步  5  Write
      page-42 步  5  Bash
      page-03 步  4  Bash
      page-14 步  4  Bash
      page-01 步  7  Edit
  page-11  ✓    5 次调用    1.0 分  selfcheck  1  skill 2  已完成第 11 页，并通过 selfcheck：无 JS 报错、资源加载失败、越界或裁切问题。
      page-07 步  6  Bash
      page-44 步  5  Bash Bash Bash
      page-38 步  4  Bash
      page-24 步  7  Bash
      page-01 步  8  Bash
      page-42 步  6  Edit
      page-22 步  4  Edit
      page-14 步  5  Bash Bash Bash
      page-03 步  5  Edit
      page-22 步  5  Bash
  page-44  ✓    6 次调用    1.3 分  selfcheck  4  skill 3  已完成 `page-44.html`，并通过初始、完整配置、伪冗余及复位状态自检。
      page-01 步  9  Bash
      page-42 步  7  Edit
      page-24 步  8  Bash
      page-07 步  7  Edit
      page-48 步  8  Write
      page-42 步  8  Bash
      page-03 步  6  Edit
      page-38 步  5  Edit
      page-01 步 10  Edit
      page-07 步  8  Edit
      page-48 步  9  Bash
  page-14  ✓    6 次调用    1.4 分  selfcheck  4  skill 2  已完成第 14 页构建并通过全部自检。
      page-03 步  7  Bash
      page-22 步  6  Edit
      page-01 步 11  Bash
      page-07 步  9  Bash
      page-48 步 10  Bash
      page-42 步  9  Edit
      page-38 步  6  Bash
      page-22 步  7  Edit
  page-01  ✓   12 次调用    1.6 分  selfcheck  6  skill 2  已完成 `page-01.html`：构建开场视觉、主张—支撑结构、脚印—轨道母题及无障碍动效降级；自检已通过。
      page-24 步  9  Edit
      page-22 步  8  Bash
      page-42 步 10  Edit
      page-07 步 10  Bash Bash Bash
      page-24 步 10  Edit
      page-42 步 11  Edit
  page-38  ✓    7 次调用    1.7 分  selfcheck  2  skill 2  已完成第 38 页构建，并通过初始状态、滑块两端及复位状态的 selfcheck。
  page-48  ✓   11 次调用    1.8 分  selfcheck  2  skill 3  已完成第 48 页：包含微重力身体系统分类、宇航员真实照片热点、D3 定性时间曲线、键盘可用的系统切换与复位，并支持减少
      page-03 步  8  Edit
      page-42 步 12  Edit
      page-30 步 10  Write
      page-22 步  9  Edit
  page-07  ✓   11 次调用    1.8 分  selfcheck  5  skill 2  已完成第 7 页构建并通过全部自检。
      page-24 步 11  Edit
      page-42 步 13  Bash
      page-03 步  9  Edit
      page-30 步 11  Bash
      page-22 步 10  Bash
      page-24 步 12  Bash
      page-03 步 10  Edit
      page-30 步 12  Edit
      page-03 步 11  Edit
      page-42 步 14  Edit
      page-30 步 13  Edit Edit
      page-24 步 13  Bash
      page-22 步 11  Edit
      page-42 步 15  Edit
      page-30 步 14  Bash Bash Bash Bash
      page-22 步 12  Edit
      page-03 步 12  Edit
      page-42 步 16  Bash
      page-24 步 14  Bash
      page-03 步 13  Edit
      page-22 步 13  Bash
  page-30  ✓   15 次调用    2.4 分  selfcheck  5  skill 2  已完成第 30 页互动讲义构建，并通过初始、边界组合及复位状态的 selfcheck 检查。
      page-03 步 14  Bash
      page-42 步 17  Edit
      page-24 步 15  Edit
      page-22 步 14  Edit
      page-42 步 18  Bash
      page-24 步 16  Edit
      page-03 步 15  Edit
      page-24 步 17  Bash
      page-22 步 15  Bash
      page-42 步 19  Edit
      page-03 步 16  Bash
      page-42 步 20  Bash
      page-24 步 18  Edit
      page-22 步 16  Edit
      page-03 步 17  Edit
      page-42 步 21  Edit
      page-03 步 18  Bash
      page-24 步 19  Edit
      page-42 步 22  Bash
      page-22 步 17  Bash
      page-24 步 20  Bash
      page-03 步 19  Edit
      page-42 步 23  Bash
      page-42 步 24  Bash
      page-22 步 18  Edit
      page-03 步 20  Bash
  page-24  ✓   21 次调用    3.4 分  selfcheck 10  skill 2  已完成第 24 页构建并通过标准自检：无 JS 错误、资源加载失败、画布越界或元素裁切。
      page-22 步 19  Bash
      page-42 步 25  Edit
  page-03  ✓   21 次调用    3.5 分  selfcheck  6  skill 2  已完成 `page-03.html`，并通过 selfcheck：无报错、无加载失败、无越界或裁切，画面占用率 47%。
      page-42 步 26  Bash
      page-42 步 27  Bash
      page-22 步 20  Edit
      page-22 步 21  Edit
      page-42 步 28  Bash
      page-22 步 22  Edit
      page-22 步 23  Edit
      page-42 步 29  Edit
      page-42 步 30  Bash
      page-22 步 24  Edit
      page-22 步 25  Edit
  page-42  ✓   31 次调用    4.3 分  selfcheck 13  skill 3  已完成 `page-42.html`：包含土星五号同尺度质量账本、级段展开交互、质量条反馈、键盘可用按钮及 reduce
      page-22 步 26  Bash
      page-22 步 27  Edit
      page-22 步 28  Bash
      page-22 步 29  Edit
      page-22 步 30  Bash
      page-22 步 31  Edit
      page-22 步 32  Edit
      page-22 步 33  Edit
      page-22 步 34  Edit
      page-22 步 35  Bash
      page-22 步 36  Edit
      page-22 步 37  Bash
      page-22 步 38  Edit
      page-22 步 39  Edit
      page-22 步 40  Bash
      page-22 步 41  Bash
  page-22  ✓   42 次调用    7.0 分  selfcheck 15  skill 1  已完成第 22 页互动断言分类账，并通过初始、正确、错误及复位状态的全部自检。

  12/12 页交付   墙钟 7.0 分
  每页调用数 5–42,中位 12   合计 188
  selfcheck 合计 73   Skill 合计 26
  指派 skill 26 项,实际读到 26 项
  读取次数(前 6):theme.css 13  CONTRACT.md 12  deck.md 12  CHASSIS.md 12  LIBS.md 9  lec.js 5
