
▸ builder · ape-g9
  52 页,并发 50,effort=low,skill 清单 9,221 字符

      page-25 步  1  Bash Skill Skill
      page-47 步  1  Read Read Read Read Read Skill Skill Skill
      page-02 步  1  Read Read Read Read Read Skill
      page-22 步  1  Read Read Read Read Read Read Skill Skill
      page-34 步  1  Read Read Read Read Read Skill Read
      page-40 步  1  Read Read Read Read Read Read
      page-15 步  1  Read Read Read Read Read Read Skill Skill
      page-43 步  1  Read Read Read Read Read Read Skill Skill
      page-36 步  1  Bash Skill Skill
      page-03 步  1  Read Read Read Read Read Read
      page-11 步  1  Read Read Read Read Read Skill Skill
      page-35 步  1  Read Read Read Read Read
      page-06 步  1  Read Read Read Read Read Skill
      page-19 步  1  Bash Skill Skill
      page-08 步  1  Read Read Read Read Read Skill Skill
      page-45 步  1  Bash Skill Skill
      page-10 步  1  Read Read Read Read Read
      page-40 步  2  Skill Skill Bash
      page-24 步  1  Read Read Read Read Read Read
      page-47 步  2  Read Read
      page-16 步  1  Bash Read Read Read Read Read Read
      page-27 步  1  Read Read Read Read Read Skill Skill
      page-05 步  1  Read Read Read Read Read Skill Skill Read
      page-13 步  1  Read Read Read Read Read Skill
      page-26 步  1  Read Read Read Read Read Skill Read
      page-02 步  2  Read Read Bash
      page-34 步  2  Read Bash
      page-11 步  2  Read Read Bash
      page-23 步  1  Read Read Read Read Read Read Skill Skill
      page-15 步  2  Bash Bash Bash
      page-40 步  3  Read Skill
      page-36 步  2  Read Read Read Read Read Read Read Read
      page-43 步  2  Read Read
      page-16 步  2  Read Skill Skill Skill
      page-10 步  2  Skill Skill Read Read
      page-06 步  2  Read Read Bash
      page-19 步  2  Read Read Read Read Read Read Read Read
      page-05 步  2  Read Read
      page-31 步  1  Read Read Read Read Read Read
      page-48 步  1  Bash Skill Skill
      page-46 步  1  Bash Read Read Read Read Read Read
      page-01 步  1  Read Read Read Read Read Read Skill Skill Skill
      page-15 步  3  Bash Bash Bash
      page-35 步  2  Skill Skill Bash
      page-24 步  2  Skill Skill
      page-49 步  1  Read Read Read Read Read Read
      page-06 步  3  Bash
      page-42 步  1  Read Read Read Read Read Skill Skill
      page-39 步  1  Read Read Read Read Read Skill Read
      page-16 步  3  Read
      page-09 步  1  Read Read Read Read Read Read
      page-17 步  1  Read Read Read Read Read Read Skill
      page-29 步  1  Read Read Read Read Read Skill
      page-19 步  3  Read
      page-44 步  1  Read Read Read Read Read Skill
      page-22 步  2  Read Bash
      page-18 步  1  Read Read Read Read Read Read Skill
      page-33 步  1  Read Read Read Read Read Read
      page-09 步  2  Skill Skill
      page-07 步  1  Read Read Read Read Read Read Skill Skill
      page-04 步  1  Read Read Read Read Read Read Skill Skill
      page-35 步  3  Read Read Bash
      page-13 步  2  Read Read
      page-40 步  4  Bash
      page-48 步  2  Read Read Read Read Read Bash
      page-39 步  2  Read Read
      page-06 步  4  Bash Bash Bash
      page-25 步  2  Read Read Read Read Read Read Read Read
      page-30 步  1  Bash Skill Skill
      page-41 步  1  Read Read Read Read Read Skill Skill
      page-29 步  2  Read Bash Bash
      page-33 步  2  Skill Skill Read Read
      page-40 步  5  Bash
      page-42 步  2  Read Read Skill
      page-27 步  2  Read Read Bash Bash
      page-09 步  3  Skill
      page-17 步  2  Read Read
      page-44 步  2  Read Read
      page-07 步  2  Read Skill
      page-18 步  2  Bash
      page-29 步  3  Read Bash
      page-49 步  2  Read
      page-28 步  1  Read Read Read Read Read Skill Read
      page-21 步  1  Read Read Read Read Read Read
      page-42 步  3  Bash
      page-48 步  3  Read Read Read Read Bash
      page-40 步  6  Bash
      page-12 步  1  Bash Skill
      page-25 步  3  Read Bash
      page-41 步  2  Read Read Bash
      page-21 步  2  Read Skill Skill Skill
      page-29 步  4  Bash Bash Bash
      page-12 步  2  Read Read Read Read Read
      page-50 步  1  Bash Skill Skill
      page-36 步  3  Bash
      page-08 步  2  Read Bash Bash Bash
      page-06 步  5  Bash
      page-42 步  4  Bash
      page-14 步  1  Read Read Read Read Read Read Skill Skill
      page-30 步  2  Read Read Read Read Read Read Read Read Read
      page-38 步  1  Bash Skill Skill
      page-37 步  1  Read Read Read Read Read Read
      page-40 步  7  Bash
      page-24 步  3  Read Bash
      page-12 步  3  Read Read Read Read Read
      page-08 步  3  Bash
      page-20 步  1  Read Read Read Read Read Skill Skill Read
      page-46 步  2  Read Skill Skill
      page-50 步  2  Read Read Read Read Read Read Read Read
      page-07 步  3  Bash Bash Bash
      page-37 步  2  Read Read Skill
      page-26 步  2  Read
      page-21 步  3  Bash
      page-38 步  2  Read Read Read Read Read Read Read Read Read
      page-08 步  4  Bash
      page-27 步  3  Bash Bash Bash Bash Bash Bash
      page-01 步  2  Bash Skill
      page-06 步  6  Bash Bash Read
      page-50 步  3  Read
      page-15 步  4  Bash Bash Bash
      page-14 步  2  Read
      page-36 步  4  Bash
      page-24 步  4  Bash
      page-04 步  2  Read Bash
      page-45 步  2  Read Read Read Read Read Read Read Read
      page-07 步  4  Bash Bash Bash
      page-02 步  3  Write
      page-20 步  2  Read Read
      page-32 步  1  Read Read Read Read Read Skill Skill
      page-36 步  5  Bash
      page-01 步  3  Bash Bash Bash
      page-29 步  5  Bash Bash
      page-18 步  3  Bash Bash
      page-24 步  5  Bash
      page-42 步  5  Bash
      page-38 步  3  Read Bash
      page-02 步  4  Bash
      page-24 步  6  Read
      page-27 步  4  Bash Bash Bash
      page-15 步  5  Bash Bash Bash
      page-01 步  4  Bash Bash Bash
      page-32 步  2  Read Read Bash
      page-24 步  7  Bash
      page-36 步  6  Bash
      page-08 步  5  Bash
      page-24 步  8  Read
      page-21 步  4  Skill
      page-42 步  6  Bash Bash
      page-02 步  5  Edit
      page-28 步  2  Read
      page-23 步  2  Read Read Bash
      page-21 步  5  Bash Bash Bash Bash
      page-01 步  5  Bash Bash
      page-27 步  5  Bash Bash Bash Bash Bash Bash
      page-19 步  4  Write
      page-08 步  6  Bash
      page-42 步  7  Bash Bash
      page-03 步  2  Write
      page-19 步  5  Bash
      page-09 步  4  Bash
      page-46 步  3  Read
      page-05 步  3  Write
      page-15 步  6  Bash Bash
      page-30 步  3  Read Bash
      page-08 步  7  Bash Bash Read
      page-02 步  6  Edit
      page-27 步  6  Bash Bash Bash
      page-03 步  3  Bash
      page-31 步  2  Write
      page-01 步  6  Bash Bash Bash
      page-09 步  5  Bash
      page-15 步  7  Bash Bash
      page-45 步  3  Read Bash
      page-49 步  3  Write
      page-02 步  7  Edit
      page-27 步  7  Bash
      page-22 步  3  Write
      page-13 步  3  Write
      page-49 步  4  Bash Bash
      page-06 步  7  Write
      page-31 步  3  Bash Bash Bash Bash Bash
      page-05 步  4  Bash
      page-30 步  4  Bash
      page-09 步  6  Bash
      page-22 步  4  Bash Bash Bash Bash
      page-30 步  5  Bash
      page-13 步  4  Bash Bash Bash Bash
      page-09 步  7  Bash
      page-10 步  3  Write
      page-19 步  6  Edit
      page-25 步  4  Write
      page-39 步  3  Write
      page-03 步  4  Edit
      page-33 步  3  Write
      page-43 步  3  Write
      page-09 步  8  Bash Read
      page-42 步  8  Bash Bash
      page-41 步  3  Write
      page-03 步  5  Edit
      page-36 步  7  Bash
      page-47 步  3  Write
      page-49 步  5  Edit
      page-15 步  8  Bash
      page-17 步  3  Write
      page-48 步  4  Write
      page-31 步  4  Bash
      page-05 步  5  Edit
      page-30 步  6  Bash
      page-13 步  5  Edit
      page-39 步  4  Bash Bash Bash Bash Bash Bash
      page-33 步  4  Bash Bash Bash
      page-03 步  6  Bash
      page-48 步  5  Bash
      page-05 步  6  Edit
      page-47 步  4  Bash Bash Bash Bash
      page-34 步  3  Write
      page-21 步  6  Bash
      page-13 步  6  Bash Bash Bash Bash
      page-44 步  3  Write
      page-06 步  8  Bash
      page-40 步  8  Write
      page-07 步  5  Bash Bash
      page-02 步  8  Bash
      page-20 步  3  Write
      page-49 步  6  Edit
      page-06 步  9  Bash Bash
      page-43 步  4  Bash
      page-44 步  4  Bash
      page-30 步  7  Bash
      page-15 步  9  Read Read Read Bash
      page-34 步  4  Bash Bash Bash Bash
      page-12 步  4  Write
      page-49 步  7  Bash
      page-35 步  4  Write
      page-18 步  4  Bash
      page-42 步  9  Bash
      page-20 步  4  Bash
      page-14 步  3  Write
      page-31 步  5  Bash
      page-15 步 10  Bash
      page-29 步  6  Bash Bash Bash
      page-26 步  3  Write
      page-14 步  4  Bash
      page-13 步  7  Edit Edit Edit Edit
      page-22 步  5  Bash Bash
      page-21 步  7  Bash Bash Bash Bash
      page-35 步  5  Bash Bash Bash Bash
      page-06 步 10  Bash
      page-22 步  6  Read
      page-37 步  3  Write
      page-30 步  8  Bash
      page-03 步  7  Edit
      page-26 步  4  Bash Bash Bash Bash Bash
      page-06 步 11  Bash Bash
      page-02 步  9  Edit
      page-07 步  6  Bash Bash Bash
      page-37 步  4  Bash
      page-43 步  5  Edit
      page-21 步  8  Bash
      page-47 步  5  Edit
      page-38 步  4  Write
      page-33 步  5  Edit
      page-44 步  5  Bash
      page-02 步 10  Edit
      page-49 步  8  Edit
      page-44 步  6  Read
      page-13 步  8  Edit
      page-19 步  7  Edit
      page-40 步  9  Bash
      page-47 步  6  Edit
      page-25 步  5  Bash
      page-10 步  4  Bash Bash Bash Bash Bash
      page-14 步  5  Bash
      page-38 步  5  Bash Bash Bash Bash
      page-02 步 11  Edit
      page-40 步 10  Bash
      page-49 步  9  Edit
      page-48 步  6  Bash Bash
      page-37 步  5  Bash
      page-35 步  6  Bash Bash
      page-34 步  5  Bash
      page-14 步  6  Read
      page-48 步  7  Bash
      page-04 步  3  Write
      page-07 步  7  Bash Bash Bash
      page-17 步  4  Bash
      page-24 步  9  Write
      page-20 步  5  Edit
      page-37 步  6  Bash
      page-05 步  7  Edit
      page-25 步  6  Edit
      page-40 步 11  Bash
      page-43 步  6  Edit
      page-46 步  4  Write
      page-11 步  3  Write
      page-44 步  7  Edit
      page-22 步  7  Edit
      page-50 步  4  Write
      page-25 步  7  Edit
      page-01 步  7  Bash
      page-43 步  7  Edit
      page-05 步  8  Edit
      page-03 步  8  Edit
      page-11 步  4  Bash
      page-32 步  3  Write
      page-25 步  8  Edit
      page-20 步  6  Edit
      page-31 步  6  Edit
      page-22 步  8  Edit
      page-05 步  9  Edit
      page-50 步  5  Bash Bash Bash
      page-19 步  8  Edit
      page-02 步 12  Edit
      page-37 步  7  Edit
      page-10 步  5  Edit
      page-14 步  7  Edit
      page-02 步 13  Bash
      page-31 步  7  Edit
      page-48 步  8  Edit
      page-33 步  6  Edit
      page-37 步  8  Edit
      page-38 步  6  Edit
      page-32 步  4  Edit
      page-35 步  7  Edit
      page-44 步  8  Edit
      page-07 步  8  Read Read Read Read Read
      page-03 步  9  Edit
      page-11 步  5  Edit
      page-04 步  4  Bash Bash Bash
      page-50 步  6  Bash
      page-44 步  9  Edit
      page-14 步  8  Edit
      page-35 步  8  Edit
      page-10 步  6  Edit
      page-32 步  5  Bash Bash Bash
      page-43 步  8  Edit
      page-33 步  7  Edit
      page-13 步  9  Bash
      page-11 步  6  Bash
      page-17 步  5  Edit
      page-44 步 10  Bash
      page-06 步 12  Bash
      page-25 步  9  Bash
      page-22 步  9  Edit
      page-43 步  9  Edit
      page-48 步  9  Edit
      page-38 步  7  Bash Bash Bash
      page-07 步  9  Read Read Read Bash
      page-35 步  9  Bash Bash Bash Bash
      page-27 步  8  Bash
      page-49 步 10  Edit
      page-46 步  5  Bash Bash Bash Bash
      page-16 步  4  Write
      page-06 步 13  Read
      page-10 步  7  Edit
      page-48 步 10  Edit
      page-21 步  9  Bash
      page-20 步  7  Bash
      page-36 步  8  Write
      page-25 步 10  Edit
      page-39 步  5  Edit
      page-16 步  5  Bash Bash
      page-02 步 14  Edit
      page-18 步  5  Write
      page-04 步  5  Bash
      page-08 步  8  Write
      page-21 步 10  Bash Bash Bash Bash
      page-13 步 10  Bash Bash Bash Bash
      page-12 步  5  Bash
      page-25 步 11  Bash
      page-49 步 11  Edit
      page-44 步 11  Edit
      page-19 步  9  Edit
      page-06 步 14  Edit
      page-03 步 10  Edit
      page-18 步  6  Bash Bash
      page-29 步  7  Bash Bash
      page-09 步  9  Write
      page-10 步  8  Bash Bash Bash Bash Bash
      page-31 步  8  Edit
      page-41 步  4  Bash
      page-44 步 12  Bash
      page-24 步 10  Bash Bash Bash Bash
      page-17 步  6  Bash
      page-37 步  9  Edit
      page-32 步  6  Edit
      page-19 步 10  Edit
      page-49 步 12  Edit
      page-03 步 11  Edit
      page-21 步 11  Bash
      page-19 步 11  Bash
      page-38 步  8  Edit
      page-16 步  6  Bash
      page-49 步 13  Edit
      page-37 步 10  Edit
      page-11 步  7  Bash Bash
      page-09 步 10  Bash
      page-02 步 15  Edit
      page-26 步  5  Bash
      page-16 步  7  Read
      page-05 步 10  Edit
      page-32 步  7  Edit
      page-12 步  6  Bash Bash
      page-44 步 13  Edit
      page-50 步  7  Edit
      page-40 步 12  Bash
      page-28 步  3  Write
      page-45 步  4  Write
      page-49 步 14  Edit
      page-31 步  9  Edit
      page-32 步  8  Edit
      page-38 步  9  Bash Bash Bash Bash
      page-47 步  7  Edit
      page-34 步  6  Edit
      page-14 步  9  Edit
      page-01 步  8  Write
      page-20 步  8  Edit
      page-06 步 15  Edit
      page-11 步  8  Bash
      page-39 步  6  Edit
      page-03 步 12  Edit
      page-12 步  7  Read Read Read
      page-44 步 14  Bash
      page-05 步 11  Edit
      page-13 步 11  Bash
      page-19 步 12  Edit
      page-10 步  9  Edit Edit Edit
      page-32 步  9  Bash Bash Bash
      page-22 步 10  Edit
      page-28 步  4  Bash Bash Bash Bash
      page-04 步  6  Read
  page-44  ✓   15 次调用    5.7 分  selfcheck  5  skill 1  已完成 `page-44.html`：构建舱门过渡插画，以四层轮廓和汇合主干呈现身体、知识、关系与规则共同指向“怎样生活
      page-18 步  7  Edit
      page-01 步  9  Bash
      page-13 步 12  Bash
      page-08 步  9  Bash
      page-41 步  5  Bash Bash
      page-37 步 11  Edit
      page-19 步 13  Edit
      page-23 步  3  Write
      page-40 步 13  Edit
      page-49 步 15  Edit
      page-45 步  5  Bash Bash Bash
      page-05 步 12  Edit
      page-34 步  7  Edit
      page-12 步  8  Bash
      page-35 步 10  Read
      page-15 步 11  Write
      page-48 步 11  Edit
      page-37 步 12  Bash
      page-35 步 11  Read
      page-23 步  4  Bash
      page-03 步 13  Bash
      page-34 步  8  Edit
      page-32 步 10  Bash
      page-19 步 14  Edit
      page-38 步 10  Edit
      page-06 步 16  Edit
      page-25 步 12  Bash Bash
      page-42 步 10  Bash
      page-47 步  8  Edit
      page-19 步 15  Bash
      page-28 步  5  Bash
      page-49 步 16  Bash Bash
      page-14 步 10  Edit
      page-50 步  8  Edit
      page-01 步 10  Edit
      page-40 步 14  Bash Bash Bash Bash Bash
      page-17 步  7  Bash
      page-28 步  6  Bash
      page-11 步  9  Edit
      page-19 步 16  Bash
      page-14 步 11  Edit
      page-08 步 10  Bash
      page-34 步  9  Edit
      page-46 步  6  Edit
      page-30 步  9  Bash
      page-50 步  9  Edit
      page-19 步 17  Read
      page-39 步  7  Edit
      page-31 步 10  Edit
      page-47 步  9  Bash Bash Bash Bash
      page-14 步 12  Bash
      page-01 步 11  Edit
      page-04 步  7  Bash
      page-33 步  8  Edit
      page-25 步 13  Bash
      page-03 步 14  Edit
      page-16 步  8  Edit Edit
      page-08 步 11  Bash
      page-39 步  8  Edit
      page-11 步 10  Edit
      page-04 步  8  Read
      page-18 步  8  Edit
      page-31 步 11  Edit
      page-20 步  9  Edit
      page-28 步  7  Edit
      page-29 步  8  Read Read
      page-37 步 13  Edit
      page-40 步 15  Read
      page-33 步  9  Bash Bash Bash
      page-23 步  5  Bash Bash
      page-26 步  6  Read
      page-51 步  1  Read Read Read Read Read Read Skill
      page-38 步 11  Bash
      page-11 步 11  Edit
      page-45 步  6  Bash Bash
      page-37 步 14  Edit
      page-04 步  9  Bash
      page-35 步 12  Edit
      page-49 步 17  Edit
      page-36 步  9  Bash
      page-46 步  7  Bash Bash Bash Bash
      page-11 步 12  Edit
      page-20 步 10  Edit
      page-48 步 12  Bash Bash Bash Bash Bash
      page-03 步 15  Edit
      page-37 步 15  Bash
      page-14 步 13  Read
      page-35 步 13  Edit
      page-23 步  6  Read
      page-01 步 12  Edit
      page-15 步 12  Bash
      page-49 步 18  Edit
      page-11 步 13  Bash
      page-38 步 12  Edit
      page-05 步 13  Bash
      page-34 步 10  Edit
      page-16 步  9  Bash Bash Bash Bash
      page-08 步 12  Bash
      page-01 步 13  Bash
      page-38 步 13  Bash
      page-27 步  9  Write
      page-35 步 14  Edit
      page-19 步 18  Edit
      page-39 步  9  Edit
      page-08 步 13  Bash
      page-49 步 19  Edit
      page-31 步 12  Edit
      page-49 步 20  Bash
      page-12 步  9  Edit
      page-07 步 10  Write
      page-46 步  8  Bash
      page-47 步 10  Edit
      page-35 步 15  Edit
      page-06 步 17  Bash
      page-34 步 11  Bash
      page-20 步 11  Bash
      page-40 步 16  Bash Bash Bash Bash
      page-11 步 14  Bash
      page-14 步 14  Edit
      page-19 步 19  Edit
      page-43 步 10  Bash
      page-39 步 10  Edit
      page-48 步 13  Edit
      page-02 步 16  Edit
      page-12 步 10  Edit
      page-47 步 11  Edit
      page-26 步  7  Edit
      page-35 步 16  Bash Bash
      page-49 步 21  Bash
      page-27 步 10  Bash
      page-41 步  6  Edit
      page-29 步  9  Bash Bash Bash
      page-28 步  8  Edit
      page-31 步 13  Edit
      page-34 步 12  Bash
      page-14 步 15  Edit
      page-01 步 14  Edit
      page-48 步 14  Bash
      page-13 步 13  Read
      page-47 步 12  Edit
      page-34 步 13  Bash
      page-31 步 14  Edit
      page-02 步 17  Edit
      page-07 步 11  Bash Bash Bash
      page-14 步 16  Edit
      page-26 步  8  Edit Edit
      page-45 步  7  Bash
      page-17 步  8  Bash
      page-19 步 20  Edit
      page-02 步 18  Bash
      page-01 步 15  Bash
      page-49 步 22  Bash
      page-34 步 14  Bash
      page-19 步 21  Bash
      page-11 步 15  Bash
      page-43 步 11  Edit
      page-41 步  7  Edit
      page-34 步 15  Read
      page-43 步 12  Bash
      page-47 步 13  Edit
      page-37 步 16  Edit
      page-29 步 10  Bash
      page-14 步 17  Edit
      page-01 步 16  Bash
      page-41 步  8  Edit
      page-39 步 11  Edit
      page-14 步 18  Bash
      page-12 步 11  Edit
      page-15 步 13  Bash
      page-25 步 14  Edit
      page-10 步 10  Bash Bash Bash Bash Bash
      page-24 步 11  Edit
      page-22 步 11  Bash Bash Bash Bash
      page-47 步 14  Edit
      page-43 步 13  Bash
      page-15 步 14  Bash
      page-49 步 23  Read
      page-18 步  9  Edit
      page-39 步 12  Edit
      page-40 步 17  Bash
      page-19 步 22  Edit
      page-13 步 14  Edit
      page-43 步 14  Bash
      page-07 步 12  Bash
      page-18 步 10  Bash
      page-19 步 23  Bash
      page-20 步 12  Edit
      page-36 步 10  Bash Bash
      page-11 步 16  Bash
      page-25 步 15  Edit
      page-47 步 15  Edit
      page-37 步 17  Edit
      page-05 步 14  Edit
      page-21 步 12  Bash
      page-22 步 12  Read
      page-13 步 15  Edit
      page-40 步 18  Bash
      page-23 步  7  Edit
      page-25 步 16  Edit
      page-26 步  9  Edit
      page-37 步 18  Edit
      page-20 步 13  Edit
      page-39 步 13  Edit
      page-27 步 11  Bash
      page-14 步 19  Edit
      page-24 步 12  Edit
      page-05 步 15  Edit
      page-03 步 16  Edit
      page-23 步  8  Edit
      page-15 步 15  Edit
      page-50 步 10  Edit
      page-19 步 24  Edit
      page-08 步 14  Bash
      page-46 步  9  Bash
      page-34 步 16  Edit
      page-03 步 17  Bash
      page-27 步 12  Read
      page-40 步 19  Bash
      page-24 步 13  Edit
      page-11 步 17  Bash
      page-42 步 11  Write
      page-32 步 11  Bash
  page-16  ✓   10 次调用    7.8 分  selfcheck  7  skill 3  已完成 `page-16.html`：实现固定种子的两轮变异分类、拖拽与键盘操作、即时纠错、跨代筛选点阵、结果读数及可复
      page-35 步 17  Bash Bash Bash Bash Bash
      page-34 步 17  Edit
      page-15 步 16  Edit
      page-36 步 11  Bash
      page-02 步 19  Edit
      page-26 步 10  Bash Bash Bash Bash Bash
      page-45 步  8  Edit
      page-43 步 15  Edit
      page-20 步 14  Edit
      page-42 步 12  Bash
      page-36 步 12  Bash
      page-24 步 14  Edit
      page-43 步 16  Bash
      page-25 步 17  Bash
      page-14 步 20  Edit
      page-27 步 13  Edit
      page-19 步 25  Edit
      page-49 步 24  Bash
      page-52 步  1  Read Read Read Read Read Skill
      page-37 步 19  Edit
      page-45 步  9  Edit
      page-20 步 15  Bash
      page-11 步 18  Bash
      page-48 步 15  Bash
      page-24 步 15  Edit
      page-49 步 25  Read
      page-31 步 15  Edit
  page-35  ✓   18 次调用    8.1 分  selfcheck 16  skill 2  已完成第 35 页：分级入轨游戏、Matter.js 级体分离物理、质量与风险分类结构、键盘/拖放操作、成功与失败反馈、
      page-50 步 11  Bash Bash Bash Bash
      page-23 步  9  Edit
      page-39 步 14  Bash Bash Bash
      page-37 步 20  Bash
      page-47 步 16  Edit
      page-40 步 20  Bash
      page-27 步 14  Bash Bash Bash Bash
      page-52 步  2  Read Bash Bash
      page-41 步  9  Edit
      page-18 步 11  Edit
      page-24 步 16  Edit
      page-46 步 10  Bash
      page-11 步 19  Bash
  page-01  ✓   17 次调用    8.2 分  selfcheck  4  skill 4  已完成 [page-01.html](/data1/home/zhuyifan/ws2/Notale/notale-v2
      page-29 步 11  Bash
      page-41 步 10  Bash
      page-48 步 16  Edit
      page-08 步 15  Bash
      page-25 步 18  Edit
      page-43 步 17  Edit
      page-37 步 21  Edit
      page-18 步 12  Bash Bash
      page-42 步 13  Bash Bash
      page-32 步 12  Bash
      page-31 步 16  Bash Bash Bash Bash Bash
      page-23 步 10  Edit
      page-02 步 20  Edit
      page-11 步 20  Bash
      page-24 步 17  Edit
      page-34 步 18  Bash
      page-12 步 12  Edit
      page-02 步 21  Bash
      page-20 步 16  Edit
      page-37 步 22  Edit
      page-23 步 11  Edit
  page-18  ✓   13 次调用    8.5 分  selfcheck  5  skill 1  已完成 `page-18.html`。页面采用中央人体轮廓与三项并列生活能力的全幅插画结构，包含指定入场动效及 redu
      page-26 步 11  Edit
      page-15 步 17  Edit
      page-27 步 15  Bash Bash Bash
      page-10 步 11  Edit
      page-38 步 14  Bash Bash Bash Bash
      page-11 步 21  Bash
      page-46 步 11  Edit
      page-12 步 13  Bash
      page-15 步 18  Bash
      page-48 步 17  Bash
      page-22 步 13  Edit
      page-06 步 18  Bash Bash
      page-03 步 18  Edit
      page-23 步 12  Edit
      page-28 步  9  Edit
      page-10 步 12  Bash Bash Bash Bash Bash
  page-27  ✓   16 次调用    8.8 分  selfcheck  7  skill 2  已完成 `page-27.html`。实现五条并列供应链泳道、D3 节点网络、可拖拽与键盘操作的追踪信标、错误反馈、接通
      page-37 步 23  Edit
      page-13 步 16  Edit
      page-15 步 19  Bash
      page-46 步 12  Edit
      page-11 步 22  Bash
  page-38  ✓   15 次调用    8.9 分  selfcheck 17  skill 2  已完成 [page-38.html](/data1/home/zhuyifan/ws2/Notale/notale-v2
      page-13 步 17  Edit
      page-06 步 19  Bash
      page-48 步 18  Edit
      page-04 步 10  Edit Edit Edit Edit Edit
      page-37 步 24  Edit
      page-52 步  3  Bash Bash Bash
      page-51 步  2  Write
      page-22 步 14  Edit
      page-05 步 16  Edit
      page-30 步 10  Write
      page-32 步 13  Bash
      page-46 步 13  Edit
      page-11 步 23  Bash
      page-23 步 13  Edit
      page-41 步 11  Read
      page-32 步 14  Bash
      page-10 步 13  Edit
      page-51 步  3  Bash Bash Bash Bash Bash
      page-22 步 15  Bash Bash
      page-12 步 14  Bash
      page-21 步 13  Write
      page-37 步 25  Edit
      page-47 步 17  Edit
      page-08 步 16  Edit
      page-39 步 15  Bash
      page-19 步 26  Bash
      page-10 步 14  Bash Bash Bash Bash Bash
      page-37 步 26  Bash
      page-32 步 15  Bash
      page-33 步 10  Read
      page-25 步 19  Edit
      page-43 步 18  Bash
      page-26 步 12  Edit
      page-13 步 18  Bash Bash Bash Bash
      page-08 步 17  Edit
      page-52 步  4  Skill
      page-21 步 14  Bash
      page-25 步 20  Edit
      page-08 步 18  Bash
      page-47 步 18  Bash Bash Bash Bash
      page-50 步 12  Edit
      page-05 步 17  Bash
      page-23 步 14  Edit
      page-45 步 10  Bash Bash Bash Bash
      page-24 步 18  Edit
      page-22 步 16  Edit
      page-43 步 19  Edit
      page-41 步 12  Edit
      page-50 步 13  Bash Bash
      page-43 步 20  Bash
      page-51 步  4  Bash
      page-10 步 15  Edit
      page-23 步 15  Edit
      page-11 步 24  Bash
      page-51 步  5  Read      page-28 步 10  Edit

      page-08 步 19  Edit
      page-15 步 20  Bash
      page-42 步 14  Edit
      page-36 步 13  Bash
      page-23 步 16  Edit
      page-05 步 18  Edit
      page-33 步 11  Edit
      page-29 步 12  Write
      page-10 步 16  Bash Bash Bash Bash Bash
      page-15 步 21  Read
      page-07 步 13  Bash Bash Bash
      page-37 步 27  Edit
      page-52 步  5  Bash Bash
      page-30 步 11  Bash
      page-29 步 13  Bash
      page-32 步 16  Read
      page-14 步 21  Bash
      page-26 步 13  Bash Bash Bash Bash Bash
      page-37 步 28  Edit
      page-52 步  6  Bash Bash
      page-30 步 12  Bash Bash
      page-32 步 17  Bash
      page-15 步 22  Edit
      page-09 步 11  Edit
      page-11 步 25  Edit
      page-14 步 22  Edit
      page-02 步 22  Edit
      page-46 步 14  Edit
      page-36 步 14  Bash
      page-11 步 26  Edit
      page-36 步 15  Bash
      page-21 步 15  Bash
      page-48 步 19  Edit
      page-47 步 19  Bash
      page-05 步 19  Edit
      page-13 步 19  Bash Bash Bash
      page-46 步 15  Edit
      page-11 步 27  Edit
      page-15 步 23  Edit
  page-50  ✓   14 次调用   10.3 分  selfcheck 10  skill 2  已完成 `page-50.html`：实现六站拖拽/键盘接力、D3 动态因果连线、即时正误反馈、完成脉冲与固定重置。


      page-09 步 12  Bash Bash Bash Bash
      page-37 步 29  Edit
      page-26 步 14  Edit
      page-32 步 18  Edit
      page-21 步 16  Bash
      page-46 步 16  Edit
      page-03 步 19  Bash
      page-36 步 16  Bash
      page-23 步 17  Edit
      page-05 步 20  Edit
  page-10  ✓   17 次调用   10.3 分  selfcheck 30  skill 2  已完成 `page-10.html`。实现四行同维度比较、可拖拽及键盘操作的预测任务、Matter.js 双轨步态实验、
      page-51 步  6  Read
      page-48 步 20  Bash
      page-30 步 13  Bash
  page-13  ✓   20 次调用   10.4 分  selfcheck 21  skill 1  已完成 `page-13.html`：实现六张档案卡的拖拽与键盘证据分拣、即时纠错、回答边界翻面、完成汇合和重置。初态、
      page-11 步 28  Edit
      page-37 步 30  Edit
      page-29 步 14  Bash
      page-19 步 27  Bash Bash Bash
      page-12 步 15  Read
      page-33 步 12  Edit
      page-25 步 21  Edit
      page-46 步 17  Bash Bash
      page-22 步 17  Edit
      page-07 步 14  Bash
      page-31 步 17  Bash
      page-23 步 18  Bash Bash Bash
      page-11 步 29  Edit
      page-20 步 17  Edit
      page-42 步 15  Bash
      page-49 步 26  Edit
      page-03 步 20  Edit
      page-52 步  7  Bash Bash
      page-47 步 20  Edit
      page-20 步 18  Bash
      page-49 步 27  Edit
      page-03 步 21  Edit
      page-02 步 23  Bash
      page-15 步 24  Bash
      page-34 步 19  Edit
      page-23 步 19  Bash
      page-19 步 28  Bash Bash Bash
      page-45 步 11  Edit
      page-31 步 18  Read
      page-49 步 28  Edit
      page-28 步 11  Edit
      page-20 步 19  Bash
      page-26 步 15  Edit
      page-46 步 18  Bash
      page-03 步 22  Edit
      page-04 步 11  Bash Bash Bash
      page-21 步 17  Bash
      page-48 步 21  Bash
      page-51 步  7  Bash
      page-09 步 13  Bash Bash Bash
      page-49 步 29  Edit
      page-45 步 12  Bash Bash Bash
      page-46 步 19  Bash
      page-37 步 31  Bash
      page-02 步 24  Edit
      page-32 步 19  Bash Bash Bash
      page-28 步 12  Edit
      page-29 步 15  Bash Bash
      page-23 步 20  Read
      page-49 步 30  Bash
      page-09 步 14  Bash
      page-02 步 25  Bash
      page-51 步  8  Read
      page-05 步 21  Edit
      page-52 步  8  Bash Bash
      page-43 步 21  Bash Bash Bash Bash
  page-45  ✓   13 次调用   11.1 分  selfcheck 13  skill 2  已完成 `page-45.html`。实现六条依赖连线、键盘等价操作、错误反馈、七日资源守恒模拟、第 3 日故障传播与维
      page-28 步 13  Bash Bash Bash Bash
      page-37 步 32  Edit
      page-46 步 20  Bash
      page-04 步 12  Bash
      page-11 步 30  Bash
      page-08 步 20  Edit
      page-48 步 22  Edit
      page-31 步 19  Edit
      page-22 步 18  Edit
      page-19 步 29  Edit
      page-03 步 23  Edit
      page-02 步 26  Bash Bash Bash
      page-36 步 17  Bash
      page-33 步 13  Bash Bash Bash Bash
      page-48 步 23  Bash
      page-17 步  9  Edit
      page-08 步 21  Bash
      page-52 步  9  Bash Bash
      page-49 步 31  Edit
      page-19 步 30  Edit
      page-17 步 10  Bash
      page-30 步 14  Bash
      page-31 步 20  Edit
      page-34 步 20  Edit
      page-22 步 19  Edit
      page-42 步 16  Edit
  page-02  ✓   27 次调用   11.3 分  selfcheck  9  skill 1  已完成 `page-02.html`：四站纵向路线账本、共享列结构、课程视觉母题与 reduced-motion 适配均
      page-14 步 23  Edit
      page-32 步 20  Edit
      page-39 步 16  Edit
      page-31 步 21  Edit
      page-12 步 16  Edit
      page-19 步 31  Edit
      page-41 步 13  Edit
      page-09 步 15  Bash Bash Bash
      page-28 步 14  Bash
      page-08 步 22  Edit
      page-34 步 21  Edit
      page-14 步 24  Bash
      page-47 步 21  Edit
      page-49 步 32  Edit
      page-15 步 25  Bash
      page-05 步 22  Edit
      page-22 步 20  Bash Bash Bash Bash Bash Bash
      page-31 步 22  Edit
      page-42 步 17  Bash Bash Bash Bash
      page-09 步 16  Bash
      page-49 步 33  Edit
      page-23 步 21  Read
      page-32 步 21  Bash Bash Bash Bash
      page-46 步 21  Bash
      page-30 步 15  Bash
      page-29 步 16  Edit
      page-37 步 33  Edit
      page-12 步 17  Edit
      page-33 步 14  Edit
      page-07 步 15  Read
      page-30 步 16  Bash
      page-51 步  9  Edit
      page-49 步 34  Bash
      page-46 步 22  Read
      page-03 步 24  Edit
      page-29 步 17  Edit
      page-17 步 11  Bash
      page-40 步 21  Edit Edit Edit Edit
      page-43 步 22  Edit
      page-30 步 17  Bash
      page-48 步 24  Bash
      page-09 步 17  Bash
      page-20 步 20  Bash
      page-03 步 25  Edit
      page-32 步 22  Read
      page-43 步 23  Bash
      page-36 步 18  Edit
      page-21 步 18  Edit
      page-17 步 12  Bash
      page-46 步 23  Bash
      page-03 步 26  Bash
      page-09 步 18  Bash
      page-22 步 21  Edit
      page-23 步 22  Bash
      page-37 步 34  Edit
      page-07 步 16  Edit
      page-14 步 25  Bash Bash Bash Bash Bash Bash
      page-36 步 19  Bash
      page-05 步 23  Bash
      page-03 步 27  Bash
  page-43  ✓   24 次调用   12.2 分  selfcheck 13  skill 2  已完成 `page-43.html`：实现 D3 径向任务预算配平盘、分类账本、风险联动、三个方案记录、完成与重置状态，
      page-23 步 23  Edit
      page-07 步 17  Edit
      page-22 步 22  Edit
      page-34 步 22  Edit
      page-08 步 23  Bash Bash Bash
      page-47 步 22  Edit
      page-52 步 10  Bash Bash
      page-30 步 18  Bash
      page-22 步 23  Bash Bash Bash
      page-49 步 35  Edit
      page-07 步 18  Edit
      page-34 步 23  Edit
      page-28 步 15  Read
  page-06  ✓   20 次调用   12.4 分  selfcheck  5  skill 1  已完成 `page-06.html`：嵌入 NASA 宇航服训练照片，构建人体轮廓、四条并列检查线与章节过渡动效，并支持
      page-09 步 19  Bash
      page-14 步 26  Bash
      page-07 步 19  Edit
      page-05 步 24  Edit
      page-31 步 23  Bash Bash Bash Bash Bash
  page-14  ✓   27 次调用   12.5 分  selfcheck 13  skill 2  已完成 [page-14.html](/data1/home/zhuyifan/ws2/Notale/notale-v2
      page-03 步 28  Read
  page-22  ✓   24 次调用   12.5 分  selfcheck 19  skill 2  已完成 `page-22.html`。双轨工具代际赛支持固定种子、正确与错误反馈、键盘操作、进度追踪、终点比较和确定性重
      page-49 步 36  Edit
      page-21 步 19  Edit
      page-05 步 25  Edit
      page-25 步 22  Edit
      page-07 步 20  Bash Bash Bash Bash
      page-36 步 20  Bash
      page-30 步 19  Bash Bash
      page-26 步 16  Bash Bash
      page-28 步 16  Read
      page-34 步 24  Edit
      page-25 步 23  Bash Bash Bash
      page-42 步 18  Edit
      page-05 步 26  Edit
      page-46 步 24  Bash
      page-04 步 13  Bash Bash
      page-34 步 25  Edit
      page-31 步 24  Edit
      page-19 步 32  Edit
      page-09 步 20  Edit
      page-36 步 21  Bash
      page-42 步 19  Bash Bash Bash Bash
      page-05 步 27  Edit
      page-11 步 31  Edit
      page-47 步 23  Bash Bash Bash Bash
      page-28 步 17  Edit
      page-26 步 17  Read
      page-40 步 22  Bash Bash Bash
      page-09 步 21  Edit
      page-19 步 33  Bash Bash Bash
      page-05 步 28  Edit
      page-21 步 20  Bash
      page-28 步 18  Edit
      page-07 步 21  Read
      page-47 步 24  Edit
      page-03 步 29  Edit
      page-32 步 23  Read
  page-08  ✓   24 次调用   13.4 分  selfcheck  7  skill 2  已完成 `page-08.html`，并通过初态、错误对齐、六步完成及重置状态的 selfcheck，均无报错、加载失败
      page-12 步 18  Bash Bash Bash Bash Bash
      page-21 步 21  Bash Bash Bash
      page-48 步 25  Edit
      page-15 步 26  Bash
      page-36 步 22  Edit
      page-24 步 19  Bash Bash Bash Bash
      page-40 步 23  Edit
      page-34 步 26  Edit
      page-46 步 25  Bash
      page-33 步 15  Bash Bash Bash Bash
      page-36 步 23  Edit
      page-28 步 19  Edit
      page-37 步 35  Edit
      page-25 步 24  Bash Bash
      page-17 步 13  Bash
      page-36 步 24  Edit
      page-26 步 18  Edit Edit Edit Edit
      page-23 步 24  Edit
      page-33 步 16  Edit
      page-26 步 19  Edit Edit
      page-05 步 29  Edit
      page-36 步 25  Bash
      page-26 步 20  Bash Bash
      page-52 步 11  Write
      page-49 步 37  Bash
      page-07 步 22  Edit
      page-20 步 21  Edit
      page-28 步 20  Bash Bash Bash Bash
      page-37 步 36  Edit
      page-07 步 23  Edit
      page-12 步 19  Edit
      page-41 步 14  Edit
  page-25  ✓   25 次调用   14.5 分  selfcheck 11  skill 2  已完成并通过全部关键状态的 `selfcheck`。
      page-37 步 37  Edit
      page-24 步 20  Edit
      page-52 步 12  Bash
  page-42  ✓   20 次调用   14.6 分  selfcheck 11  skill 3  已完成 `page-42.html`：构建 NASA 宇航服照片技术剖面、五步闭合热控流程，以及支持拖动和键盘操作的四段
      page-21 步 22  Bash Bash Bash
      page-26 步 21  Edit
      page-11 步 32  Edit
      page-15 步 27  Edit
      page-03 步 30  Edit
  page-21  ✓   23 次调用   14.7 分  selfcheck  8  skill 4  已完成并覆盖 [page-21.html](/data1/home/zhuyifan/ws2/Notale/notale
      page-11 步 33  Edit
      page-20 步 22  Edit
      page-07 步 24  Edit
      page-09 步 22  Edit
      page-39 步 17  Edit
      page-11 步 34  Bash
      page-49 步 38  Bash Bash Bash
      page-07 步 25  Bash
      page-04 步 14  Bash
      page-12 步 20  Edit
      page-11 步 35  Read
  page-28  ✓   21 次调用   15.2 分  selfcheck 15  skill 1  已完成并通过初态、错误反馈、四项完成及重置状态的 `selfcheck`，结果均干净。
      page-33 步 17  Bash Bash Bash Bash
      page-15 步 28  Edit
      page-20 步 23  Edit
      page-51 步 10  Edit
      page-11 步 36  Edit
      page-39 步 18  Bash Bash Bash Bash Bash Bash
      page-17 步 14  Edit
      page-48 步 26  Bash
      page-46 步 26  Read
      page-37 步 38  Edit
      page-51 步 11  Bash Bash Bash Bash Bash
      page-52 步 13  Bash Bash
      page-23 步 25  Edit
      page-51 步 12  Edit
      page-36 步 26  Edit
      page-30 步 20  Edit
      page-46 步 27  Bash
      page-41 步 15  Edit
      page-17 步 15  Bash Bash Bash
      page-46 步 28  Bash
      page-39 步 19  Edit
      page-12 步 21  Bash Bash Bash
      page-39 步 20  Edit
  page-12  ✓   22 次调用   17.0 分  selfcheck 12  skill 1  已完成并覆盖 `page-12.html`。实现了 D3 脑容量散点探针、趋势/重叠/例外三步反馈、键盘操作与重置。


      page-20 步 24  Edit
      page-41 步 16  Edit
      page-51 步 13  Edit
      page-36 步 27  Bash
      page-31 步 25  Edit
      page-52 步 14  Edit
      page-51 步 14  Bash Bash Bash
      page-52 步 15  Bash
      page-32 步 24  Edit
      page-07 步 26  Edit
      page-39 步 21  Edit
      page-49 步 39  Edit
      page-48 步 27  Edit
      page-05 步 30  Edit
      page-03 步 31  Bash
      page-39 步 22  Edit
      page-37 步 39  Bash
      page-37 步 40  Edit
      page-41 步 17  Edit
      page-31 步 26  Bash Bash Bash Bash Bash
      page-37 步 41  Edit
      page-04 步 15  Edit Edit Edit
      page-52 步 16  Bash
      page-32 步 25  Bash Bash Bash Bash
      page-49 步 40  Edit
  page-32  ✓   26 次调用   20.0 分  selfcheck 20  skill 2  已完成 `page-32.html`：构建了基于真实引力计算的 Three.js 横向抛射轨道台、四段过程轴、实时 `L
      page-48 步 28  Edit
      page-05 步 31  Bash
      page-49 步 41  Bash
      page-09 步 23  Edit
      page-15 步 29  Edit
      page-36 步 28  Edit
      page-36 步 29  Edit
  page-31  ✓   27 次调用   21.5 分  selfcheck 23  skill 0  已完成 `page-31.html`：实现地球、月球、火星三联重力秤，共享质量滑杆、步进控制、同步计算、错误操作反馈、比
      page-07 步 27  Edit
  page-49  ✓   42 次调用   21.8 分  selfcheck 16  skill 0  已完成 `page-49.html`：构建了可拖放、可键盘操作的六行类比审计账本，包含三类固定归属、即时正误反馈、完成分
      page-26 步 22  Bash Bash Bash Bash Bash
      page-39 步 23  Edit
      page-07 步 28  Edit
      page-30 步 21  Edit
  page-19  ✓   34 次调用   22.0 分  selfcheck 16  skill 2  已完成 `page-19.html`：实现固定种子的六站模仿传递链、连续示范质量控制、逐拍信息损失反馈、完成态保真度折线
      page-36 步 30  Edit
      page-29 步 18  Edit
      page-05 步 32  Edit
      page-05 步 33  Edit
      page-26 步 23  Edit Edit
      page-40 步 24  Bash Bash Bash Bash
      page-26 步 24  Bash Bash
      page-34 步 27  Edit
      page-20 步 25  Bash
      page-34 步 28  Edit
      page-03 步 32  Bash Bash Bash Bash
      page-51 步 15  Edit
      page-40 步 25  Edit Edit Edit
      page-24 步 21  Edit
  page-33  ✓   18 次调用   23.6 分  selfcheck 18  skill 2  已完成 `page-33.html`。实现了对齐速度账本、双凭条拖拽与键盘归账、实时预算计算、错误反馈、完成占比条、轨道
      page-47 步 25  Edit
      page-52 步 17  Read
      page-41 步 18  Edit
      page-37 步 42  Edit
      page-20 步 26  Edit
      page-52 步 18  Edit
      page-26 步 25  Edit
      page-20 步 27  Edit
      page-36 步 31  Edit
      page-46 步 29  Read
      page-23 步 26  Edit
      page-09 步 24  Edit
      page-51 步 16  Edit
      page-05 步 34  Edit
      page-03 步 33  Read
      page-47 步 26  Edit
      page-34 步 29  Edit
      page-40 步 26  Bash Bash
      page-48 步 29  Bash
      page-11 步 37  Edit
      page-04 步 16  Bash Bash Bash Bash
      page-46 步 30  Bash Bash
      page-11 步 38  Edit
      page-39 步 24  Edit
      page-11 步 39  Edit
      page-40 步 27  Edit Edit
      page-48 步 30  Read
      page-03 步 34  Edit
  page-04  ✓   17 次调用   26.1 分  selfcheck 13  skill 2  已完成 `page-04.html`：实现双时间尺 D3 对比、压缩滑块、成功吸附、失败回弹、重置及键盘操作。初态、完成
      page-52 步 19  Edit
  page-17  ✓   16 次调用   26.3 分  selfcheck 11  skill 1  已完成第 17 页：构建了 D3 横向演化分支树、四项拖拽改写交互、即时纠错、键盘操作、完成态文化处境环与重置功能。


      page-36 步 32  Edit
      page-15 步 30  Edit
      page-39 步 25  Edit
      page-29 步 19  Edit
      page-30 步 22  Edit
      page-37 步 43  Edit
      page-24 步 22  Edit
      page-05 步 35  Edit
      page-09 步 25  Bash
      page-26 步 26  Bash Bash
      page-15 步 31  Bash
      page-40 步 28  Bash Bash Bash
      page-03 步 35  Edit
      page-30 步 23  Edit
      page-29 步 20  Edit
      page-34 步 30  Bash Bash
      page-24 步 23  Edit
      page-41 步 19  Edit
      page-24 步 24  Edit
      page-24 步 25  Bash
      page-34 步 31  Edit
      page-07 步 29  Edit
      page-48 步 31  Bash
      page-39 步 26  Edit
      page-52 步 20  Edit
      page-52 步 21  Bash Bash Bash
      page-34 步 32  Edit
      page-09 步 26  Bash Bash Bash Bash
      page-34 步 33  Edit
      page-41 步 20  Edit
      page-41 步 21  Edit
      page-37 步 44  Bash
      page-11 步 40  Edit
      page-07 步 30  Bash Bash Bash Bash
      page-47 步 27  Edit
      page-51 步 17  Bash Bash Bash Bash Bash
      page-05 步 36  Edit
      page-05 步 37  Bash
      page-26 步 27  Edit Edit
      page-48 步 32  Edit
      page-39 步 27  Bash
      page-07 步 31  Bash
      page-05 步 38  Edit
      page-36 步 33  Bash
      page-05 步 39  Edit
      page-26 步 28  Bash Bash
      page-26 步 29  Edit
      page-20 步 28  Edit
      page-34 步 34  Edit
      page-24 步 26  Edit
      page-20 步 29  Bash
      page-34 步 35  Edit
      page-24 步 27  Edit
  page-36  ✓   34 次调用   34.6 分  selfcheck 10  skill 2  已完成第 36 页 `page-36.html`：

- 构建“失重身体时钟”过程结构
- 内嵌 NASA 国际空间站舱
      page-26 步 30  Bash Bash Bash Bash Bash
      page-34 步 36  Bash Bash Bash Bash
      page-24 步 28  Edit
      page-24 步 29  Bash
      page-47 步 28  Edit
      page-39 步 28  Edit
      page-34 步 37  Bash Bash
  page-52  ✓   22 次调用   27.3 分  selfcheck  6  skill 2  已完成 `page-52.html`，并通过初态、动画完成态及 reduced-motion 静态态的 selfchec
      page-09 步 27  Bash
      page-03 步 36  Bash
      page-05 步 40  Edit
      page-30 步 24  Edit
      page-26 步 31  Edit
      page-51 步 18  Edit
      page-11 步 41  Bash
  page-40  ✓   29 次调用   35.4 分  selfcheck 19  skill 3  已完成 `page-40.html`。实现火星生存缺口分类板、拖放与键盘归类、即时反馈、完成态断环、重置，以及内嵌 NA
      page-46 步 31  Edit
      page-41 步 22  Bash
      page-20 步 30  Bash
      page-39 步 29  Edit
      page-37 步 45  Edit
      page-51 步 19  Edit
      page-20 步 31  Read
      page-15 步 32  Edit
      page-26 步 32  Edit
      page-15 步 33  Edit
      page-24 步 30  Bash Bash Bash
      page-26 步 33  Bash Bash
      page-20 步 32  Edit
      page-05 步 41  Edit
      page-20 步 33  Edit
      page-26 步 34  Bash Bash Bash
      page-47 步 29  Bash
      page-20 步 34  Edit
      page-30 步 25  Bash
      page-47 步 30  Edit
      page-48 步 33  Bash
      page-23 步 27  Bash Bash Bash
      page-20 步 35  Edit
      page-47 步 31  Bash
      page-20 步 36  Edit
  page-26  ✓   35 次调用   36.9 分  selfcheck 41  skill 1  已完成 `page-26.html`。D3 六级能量阶梯、三项最低档任务、即时反馈、完成进度与重置均已实现；初态及全部关
      page-05 步 42  Bash
      page-20 步 37  Edit
      page-51 步 20  Bash Bash Bash Bash Bash
      page-41 步 23  Edit
      page-29 步 21  Edit
      page-30 步 26  Bash
      page-20 步 38  Bash
      page-47 步 32  Bash
      page-39 步 30  Edit
      page-48 步 34  Bash Bash Bash Bash Bash
      page-37 步 46  Bash
      page-47 步 33  Edit
  page-24  ✓   31 次调用   37.6 分  selfcheck 13  skill 2  已完成并覆盖 [page-24.html](/data1/home/zhuyifan/ws2/Notale/notale
      page-39 步 31  Edit
      page-51 步 21  Edit
      page-09 步 28  Read
      page-47 步 34  Edit
      page-39 步 32  Bash Bash Bash Bash Bash
      page-47 步 35  Bash
      page-51 步 22  Edit
      page-30 步 27  Bash
      page-29 步 22  Bash
      page-20 步 39  Bash
      page-37 步 47  Bash
  page-48  ✓   35 次调用   38.0 分  selfcheck 22  skill 2  已完成 [page-48.html](/data1/home/zhuyifan/ws2/Notale/notale-v2
      page-11 步 42  Edit
      page-30 步 28  Bash
      page-51 步 23  Bash Bash
  page-39  ✓   33 次调用   38.1 分  selfcheck 20  skill 1  已完成第 39 页，写入 [page-39.html](/data1/home/zhuyifan/ws2/Notale/
      page-47 步 36  Edit
      page-20 步 40  Edit
      page-47 步 37  Bash
      page-51 步 24  Bash Bash Bash
      page-11 步 43  Bash
      page-34 步 38  Bash
      page-30 步 29  Bash
      page-09 步 29  Edit
      page-41 步 24  Edit
      page-20 步 41  Edit
      page-30 步 30  Edit
      page-11 步 44  Bash
      page-34 步 39  Read
      page-09 步 30  Edit
  page-51  ✓   25 次调用   33.1 分  selfcheck 30  skill 1  已完成 `page-51.html`：构建四轮南极越冬站主张压力测试，包含同行对齐比较、即时正误反馈、耐压变化、完成态与
      page-09 步 31  Bash
      page-11 步 45  Bash
      page-46 步 32  Edit
      page-29 步 23  Bash
      page-30 步 31  Edit
      page-09 步 32  Edit
      page-03 步 37  Edit
      page-34 步 40  Edit
      page-30 步 32  Edit
      page-30 步 33  Bash
      page-37 步 48  Edit
      page-46 步 33  Edit
      page-34 步 41  Edit
      page-20 步 42  Edit
      page-37 步 49  Edit
      page-47 步 38  Edit
      page-46 步 34  Bash
      page-34 步 42  Edit
      page-37 步 50  Bash
      page-30 步 34  Bash Edit
      page-34 步 43  Edit
      page-37 步 51  Bash
      page-03 步 38  Edit
      page-34 步 44  Edit
      page-30 步 35  Bash
      page-37 步 52  Bash
      page-09 步 33  Edit
      page-34 步 45  Edit
      page-09 步 34  Bash
      page-34 步 46  Edit
      page-30 步 36  Edit
      page-20 步 43  Edit
      page-37 步 53  Edit
      page-09 步 35  Bash
      page-20 步 44  Bash
      page-47 步 39  Bash
      page-30 步 37  Bash
      [page-23] InternalServerError 等 5s 重试 1/8
      page-34 步 47  Bash Bash Bash Bash
      page-37 步 54  Bash Bash Bash Bash
      page-47 步 40  Read
      page-11 步 46  Bash
      page-47 步 41  Read
      page-20 步 45  Edit
      page-34 步 48  Bash
      [page-15] InternalServerError 等 5s 重试 1/8
      ⚠ chat 响应里正文为空,finish_reason=stop —— 产物缺内容先查这里,不要先怀疑模型。
  page-29  ✓   24 次调用   40.3 分  selfcheck  5  skill 1  
      page-23 步 28  Read
      page-30 步 38  Bash Bash Bash Bash
      page-41 步 25  Edit
  page-37  ✓   55 次调用   40.4 分  selfcheck 17  skill 1  已完成 `page-37.html`，实现双方案五维比较、D3 暴露与屏蔽质量仪表、三环境进度、材料策略提示、最大屏蔽反
      page-03 步 39  Bash
      page-20 步 46  Edit
      page-41 步 26  Edit
      page-23 步 29  Edit
      page-34 步 49  Edit
      page-47 步 42  Edit
      page-09 步 36  Edit
      page-41 步 27  Bash
      page-46 步 35  Edit
      page-23 步 30  Edit
      page-34 步 50  Edit
      page-47 步 43  Edit
      page-30 步 39  Bash
      page-34 步 51  Bash Bash Bash Bash
      page-47 步 44  Edit
      page-41 步 28  Edit
      page-23 步 31  Edit
  page-30  ✓   40 次调用   41.0 分  selfcheck 15  skill 2  已完成 `page-30.html`：实现三维地球薄层缩放器、四维对齐比较、三个吸附尺度、误区反馈、查看进度与复位流程，
  page-11  ✓   47 次调用   41.0 分  selfcheck 14  skill 2  已完成 `page-11.html`。实现了四泳道共同时间轴、六事件拖放与键盘操作、即时关系反馈、完成收束和重置；初态、
      page-47 步 45  Edit
      page-15 步 34  Edit
      page-20 步 47  Bash
      page-41 步 29  Edit
      page-23 步 32  Edit
      page-46 步 36  Edit
      page-03 步 40  Edit
      page-09 步 37  Bash Bash Bash Bash
      page-07 步 32  Bash
      page-03 步 41  Bash
      page-20 步 48  Bash
  page-09  ✓   38 次调用   41.8 分  selfcheck 19  skill 3  已完成 `page-09.html`：实现骨盆脊柱装配器、可见承重功能链、拖拽与键盘操作、错误反馈、完成动画及重置，并内
      page-41 步 30  Edit
      page-23 步 33  Edit
      page-23 步 34  Bash
      page-20 步 49  Bash
      ⚠ chat 响应里正文为空,finish_reason=stop —— 产物缺内容先查这里,不要先怀疑模型。
  page-34  ✓   52 次调用   42.4 分  selfcheck 25  skill 1  
      page-41 步 31  Edit
  page-20  ✓   50 次调用   42.5 分  selfcheck 16  skill 2  已完成并覆盖 `page-20.html`。文化棘轮工坊支持 Matter.js 物理拖放、键盘操作、三轮承重检验、失败
      page-46 步 37  Edit
      page-46 步 38  Edit
      page-41 步 32  Edit
      page-47 步 46  Edit
      page-05 步 43  Bash
      page-46 步 39  Edit
      page-23 步 35  Bash
      page-03 步 42  Edit
      page-07 步 33  Bash
      page-46 步 40  Edit
      page-15 步 35  Bash
      page-41 步 33  Edit
      page-23 步 36  Edit
      page-46 步 41  Bash
      page-41 步 34  Bash
      page-47 步 47  Edit
      page-23 步 37  Bash Bash Bash Bash
      page-15 步 36  Edit
  page-23  ✓   38 次调用   44.0 分  selfcheck 13  skill 2  已完成 `page-23.html`。D3 知识网络接龙支持拖放、触控与键盘操作，包含合法后继判断、双输入汇合、即时错误
      page-46 步 42  Edit
      page-41 步 35  Edit
      page-47 步 48  Edit
      page-03 步 43  Bash Bash Bash
      page-46 步 43  Edit
      page-47 步 49  Bash
      page-07 步 34  Edit
  page-03  ✓   44 次调用   44.5 分  selfcheck 18  skill 0  已完成并覆盖 [page-03.html](/data1/home/zhuyifan/ws2/Notale/notale
      page-46 步 44  Edit
      page-47 步 50  Edit
      page-46 步 45  Edit
      page-41 步 36  Edit
      page-46 步 46  Bash
      page-47 步 51  Edit
      page-46 步 47  Edit
      page-15 步 37  Edit
      page-47 步 52  Bash
      page-41 步 37  Bash
      page-46 步 48  Edit
      page-15 步 38  Bash
      page-46 步 49  Edit
      page-41 步 38  Edit
      page-15 步 39  Bash
      page-46 步 50  Edit
      page-05 步 44  Read
      page-41 步 39  Edit
      page-07 步 35  Bash Bash Bash
      page-41 步 40  Bash
      page-15 步 40  Bash Bash Bash
      page-46 步 51  Bash
  page-15  ✓   41 次调用   46.2 分  selfcheck 12  skill 2  已完成第 15 页：三物种成长周期配对台、真实亲子照片、拖拽与键盘操作、即时纠错、逐栏揭示、完成反馈及重置均已实现。初态
      page-41 步 41  Bash
      page-46 步 52  Edit
      page-05 步 45  Edit
      page-05 步 46  Edit
      page-46 步 53  Edit
      page-41 步 42  Edit
      page-05 步 47  Edit
      page-41 步 43  Edit
      page-05 步 48  Edit
      page-46 步 54  Edit
      page-41 步 44  Edit
      page-05 步 49  Edit
      page-41 步 45  Edit
      page-05 步 50  Edit
      page-41 步 46  Bash
      page-05 步 51  Bash
      page-07 步 36  Edit Edit
      page-07 步 37  Bash Bash
      page-05 步 52  Edit
      page-46 步 55  Edit
      page-41 步 47  Edit
      page-05 步 53  Edit
      page-41 步 48  Bash
      page-46 步 56  Edit
  page-07  ✓   38 次调用   48.0 分  selfcheck 21  skill 3  已完成第 7 页 `page-07.html`：

- 按 classification 结构呈现“灵长类共同遗产”及三
      page-46 步 57  Edit
      page-05 步 54  Edit
      page-05 步 55  Edit
      page-41 步 49  Edit
      page-05 步 56  Edit
      page-41 步 50  Edit
      page-46 步 58  Edit
      page-41 步 51  Bash
      page-47 步 53  Edit
      page-47 步 54  Bash
      page-05 步 57  Bash
      page-46 步 59  Edit
      page-41 步 52  Edit
      page-46 步 60  Bash
      page-46 步 61  Read
      page-41 步 53  Edit
      page-05 步 58  Edit
      page-41 步 54  Bash
      page-46 步 62  Edit
      page-47 步 55  Edit
      page-41 步 55  Edit
      page-41 步 56  Edit
      page-46 步 63  Bash
      page-46 步 64  Edit
      page-41 步 57  Bash
      page-46 步 65  Edit
      page-05 步 59  Edit
      page-46 步 66  Bash
      page-05 步 60  Edit
      page-05 步 61  Edit
      page-41 步 58  Edit
      page-46 步 67  Bash
      page-05 步 62  Bash
      page-46 步 68  Edit
      page-46 步 69  Edit
      page-05 步 63  Read
      page-41 步 59  Bash
      page-41 步 60  Edit
      page-05 步 64  Bash
      page-41 步 61  Edit
      page-46 步 70  Bash Bash
      page-05 步 65  Bash
      page-41 步 62  Edit
      page-41 步 63  Edit
      page-41 步 64  Bash
      page-41 步 65  Edit
      page-41 步 66  Bash
      page-41 步 67  Bash
      page-41 步 68  Bash
      page-46 步 71  Bash
      ⚠ chat 响应里正文为空,finish_reason=stop —— 产物缺内容先查这里,不要先怀疑模型。
  page-41  ✓   69 次调用   54.0 分  selfcheck 19  skill 2  
  page-46  ✓   72 次调用   54.2 分  selfcheck 29  skill 2  已完成并覆盖 `page-46.html`。初态、错误反馈、全部分诊完成及重置状态均通过自检：无 JS 错误、加载失败、
      page-05 步 66  Edit
      page-05 步 67  Bash
      page-05 步 68  Edit
  page-05  ✗   68 次调用   60.6 分  selfcheck 14  skill 2  超过单页时限 3600s
      page-47 步 56  Bash
  page-47  ✗   56 次调用   60.6 分  selfcheck 26  skill 3  超过单页时限 3600s

  50/52 页交付   墙钟 60.6 分
  每页调用数 10–72,中位 26   合计 1581
  selfcheck 合计 799   Skill 合计 94
  指派 skill 87 项,实际读到 87 项
  读取次数(前 6):theme.css 95  CONTRACT.md 52  deck.md 52  CHASSIS.md 52  selfcheck.py 45  LIBS.md 30
  ✗ page-05: 超过单页时限 3600s
  ✗ page-47: 超过单页时限 3600s
