
▸ builder · ape-g10
  48 页,并发 50,effort=low,skill 清单 9,221 字符

      page-24 步  1  Read Read Read Read Read Skill Skill Skill
      page-41 步  1  Read Read Read Read Read Skill
      page-38 步  1  Read Read Read Read Read Skill Skill
      page-32 步  1  Read Read Read Read Read Skill Read
      page-02 步  1  Read Read Read Read Read Skill
      page-22 步  1  Read Read Read Read Read Skill
      page-09 步  1  Read Read Read Read Read Skill Skill
      page-33 步  1  Read Read Read Read Read Skill Skill Skill
      page-37 步  1  Read Read Read Read Read Skill Skill
      page-30 步  1  Read Read Read Read Read Skill Skill Skill
      page-48 步  1  Read Read Read Read Read Skill Skill
      page-13 步  1  Read Read Read Read Read Skill Skill
      page-15 步  1  Read Read Read Read Read Skill Skill Read
      page-40 步  1  Read Read Read Read Read Read
      page-04 步  1  Read Read Read Read Read Skill Skill Skill
      page-08 步  1  Read Read Read Read Read Skill
      page-18 步  1  Read Read Read Read Read Skill Skill
      page-34 步  1  Read Read Read Read Read Skill Skill
      page-05 步  1  Read Read Read Read Read Skill Skill Skill
      page-23 步  1  Read Read Read Read Read Skill Skill Skill
      page-35 步  1  Read Read Read Read Read Skill
      page-44 步  1  Read Read Read Read Read Skill Skill
      page-06 步  1  Read Read Read Read Read Skill Skill
      page-29 步  1  Read Read Read Read Read Read
      page-22 步  2  Read
      page-12 步  1  Read Read Read Read Read Skill Read
      page-36 步  1  Read Read Read Read Read Skill Skill
      page-20 步  1  Read Read Read Read Read Skill Skill
      page-46 步  1  Read Read Read Read Read Skill Skill
      page-38 步  2  Read Read Bash
      page-04 步  2  Read
      page-48 步  2  Read Bash Bash Bash
      page-33 步  2  Read Read
      page-16 步  1  Read Read Read Read Read Read
      page-43 步  1  Read Read Read Read Read Skill Skill Skill
      page-02 步  2  Read
      page-15 步  2  Read
      page-06 步  2  Read Read Bash
      page-05 步  2  Read Read
      page-19 步  1  Read Read Read Read Read Read
      page-10 步  1  Read Read Read Read Read Read
      page-25 步  1  Read Read Read Read Read Skill Skill Skill
      page-17 步  1  Read Read Read Read Read Skill Read
      page-13 步  2  Read Bash
      page-23 步  2  Read Read
      page-45 步  1  Read Read Read Read Read Skill Skill      page-31 步  1  Read Read Read Read Read Read

      page-47 步  1  Read Read Read Read Read Skill Skill
      page-27 步  1  Read Read Read Read Read Read Skill Skill Skill
      page-01 步  1  Read Read Read Read Read Skill Skill
      page-08 步  2  Read Read
      page-42 步  1  Read Read Read Read Read Skill Skill Skill Skill
      page-36 步  2  Read
      page-14 步  1  Read Read Read Read Read Skill Skill Skill Skill
      page-46 步  2  Read Read
      page-11 步  1  Read Read Read Read Read Read
      page-07 步  1  Read Read Read Read Read Skill Skill
      page-16 步  2  Bash
      page-20 步  2  Read Read
      page-26 步  1  Read Read Read Read Read Skill Skill
      page-03 步  1  Read Read Read Read Read Skill Skill
      page-18 步  2  Read
      page-24 步  2  Read Read
      page-17 步  2  Read
      page-28 步  1  Read Read Read Read Read Skill Skill Skill
      page-37 步  2  Read Read
      page-34 步  2  Read Read
      page-39 步  1  Read Read Read Read Read Skill Skill
      page-42 步  2  Read
      page-41 步  2  Bash
      page-47 步  2  Read Read
      page-21 步  1  Read Read Read Read Read Skill Skill
      page-38 步  3  Skill
      page-25 步  2  Read Read
      page-26 步  2  Read Read
      page-07 步  2  Read Read Bash
      page-09 步  2  Read
      page-01 步  2  Read Bash Bash
      page-44 步  2  Read Read
      page-45 步  2  Read Read
      page-28 步  2  Read Read
      page-21 步  2  Read Read
      page-39 步  2  Read Read Bash
      page-41 步  3  Bash
      page-14 步  2  Read Read
      page-43 步  2  Read Read Bash
      page-30 步  2  Read
      page-03 步  2  Read Read Bash
      page-38 步  4  Bash
      page-35 步  2  Read Read Bash
      page-15 步  3  Bash
      page-27 步  2  Read
      page-13 步  3  Bash
      page-38 步  5  Bash
      page-03 步  3  Bash Bash
      page-15 步  4  Bash
      page-02 步  3  Write
      page-40 步  2  Write
      page-43 步  3  Bash
      page-06 步  3  Bash
      page-07 步  3  Bash
      page-48 步  3  Bash Bash Bash
      page-15 步  5  Read
      page-13 步  4  Bash
      page-40 步  3  Bash
      page-31 步  2  Write
      page-22 步  3  Write
      page-01 步  3  Skill
      page-32 步  2  Write
      page-07 步  4  Skill
      page-38 步  6  Read
      page-03 步  4  Bash Bash
      page-35 步  3  Bash
      page-22 步  4  Bash
      page-38 步  7  Bash
      page-25 步  3  Write
      page-47 步  3  Write
      page-32 步  3  Bash
      page-16 步  3  Write
      page-13 步  5  Bash
      page-46 步  3  Write
      page-40 步  4  Bash
      page-33 步  3  Write
      page-10 步  2  Write
      page-02 步  4  Bash
      page-35 步  4  Read
      page-23 步  3  Write
      page-47 步  4  Bash
      page-25 步  4  Bash
      page-06 步  4  Bash
      page-31 步  3  Bash
      page-01 步  4  Bash Bash
      page-36 步  3  Write
      page-39 步  3  Bash Bash Bash
      page-16 步  4  Bash Bash Bash
      page-24 步  3  Write
      page-17 步  3  Write
      page-23 步  4  Bash
      page-12 步  2  Write
      page-19 步  2  Write
      page-04 步  3  Write
      page-46 步  4  Bash
      page-40 步  5  Bash
      page-10 步  3  Bash Bash Bash
      page-38 步  8  Bash
      page-09 步  3  Write
      page-05 步  3  Write
      page-34 步  3  Write
      page-04 步  4  Bash
      page-19 步  3  Bash
      page-20 步  3  Write
      page-45 步  3  Write
      page-29 步  2  Write
      page-36 步  4  Bash
      page-44 步  3  Write
      page-17 步  4  Bash
      page-09 步  4  Bash
      page-06 步  5  Bash
      page-32 步  4  Edit
      page-37 步  3  Write
      page-24 步  4  Bash
      page-28 步  3  Write
  page-02  ✓    5 次调用    1.4 分  selfcheck  1  skill 1  已完成第 2 页并通过 selfcheck，自检无报错、无越界或裁切。
      page-03 步  5  Bash Bash
      page-42 步  3  Write
      page-33 步  4  Bash
      page-21 步  3  Write
      page-29 步  3  Bash
      page-18 步  3  Write
      page-41 步  4  Bash
      page-22 步  5  Edit
      page-11 步  2  Write
      page-27 步  3  Write
      page-17 步  5  Bash
      page-21 步  4  Bash
      page-10 步  4  Bash
      page-30 步  3  Write
      page-48 步  4  Bash
      page-44 步  4  Bash
      page-12 步  3  Bash
      page-17 步  6  Bash
      page-27 步  4  Bash
      page-30 步  4  Bash
      page-45 步  4  Bash
      page-20 步  4  Bash
      page-05 步  4  Bash
      page-31 步  4  Bash
      page-42 步  4  Bash
      page-15 步  6  Write
      page-11 步  3  Bash
      page-09 步  5  Edit
      page-07 步  5  Bash
      page-08 步  3  Write
      page-37 步  4  Edit
      page-46 步  5  Edit
      page-01 步  5  Bash
      page-40 步  6  Bash
      page-34 步  4  Bash
      page-39 步  4  Bash
      page-32 步  5  Bash
      page-36 步  5  Bash
      page-03 步  6  Bash
      page-16 步  5  Edit
      page-43 步  4  Write
      page-23 步  5  Bash Bash Bash
      page-22 步  6  Edit
      page-47 步  5  Edit
      page-04 步  5  Edit
      page-13 步  6  Bash
      page-10 步  5  Bash
      page-30 步  5  Edit
      page-14 步  3  Write
      page-28 步  4  Bash Bash Bash
      page-18 步  4  Bash
      page-33 步  5  Edit
      page-16 步  6  Edit
      page-11 步  4  Edit
      page-22 步  7  Edit
      page-42 步  5  Edit
      page-04 步  6  Edit
      page-27 步  5  Edit
      page-24 步  5  Edit
      page-41 步  5  Edit
      page-45 步  5  Edit
      page-33 步  6  Bash
      page-31 步  5  Edit
      page-16 步  7  Edit
      page-26 步  3  Write
      page-38 步  9  Write
      page-48 步  5  Edit
      page-29 步  4  Edit
      page-13 步  7  Bash
      page-21 步  5  Bash Bash Bash
      page-36 步  6  Bash
      page-37 步  5  Edit
      page-34 步  5  Edit
      page-46 步  6  Edit
      page-27 步  6  Edit
      page-25 步  5  Edit
      page-31 步  6  Edit
  page-23  ✓    6 次调用    1.9 分  selfcheck  4  skill 3  已完成第 23 页构建，并通过初态、边界态、中间态及重置态自检。
      page-08 步  4  Bash
      page-15 步  7  Bash
      page-14 步  4  Bash
      page-35 步  5  Write
      page-11 步  5  Edit
      page-44 步  5  Bash Bash Bash Bash
      page-34 步  6  Bash
      page-22 步  8  Bash
      page-17 步  7  Edit
      page-07 步  6  Bash
      page-26 步  4  Bash
      page-37 步  6  Bash
      page-09 步  6  Edit
      page-32 步  6  Edit
  page-28  ✓    5 次调用    2.0 分  selfcheck  3  skill 3  已完成第 28 页构建，并通过初态、正确预测与错误预测三种状态的 selfcheck。
      page-30 步  6  Bash
      page-38 步 10  Bash
      page-46 步  7  Bash
      page-40 步  7  Edit
      page-31 步  7  Bash
      page-06 步  6  Bash
      page-47 步  6  Edit
      page-20 步  5  Bash
      page-17 步  8  Edit
      page-12 步  4  Bash
      page-16 步  8  Edit
      page-43 步  5  Bash
      page-42 步  6  Edit
      page-34 步  7  Bash
      page-04 步  7  Edit
      page-11 步  6  Bash
      page-05 步  5  Bash Bash Bash Bash
      page-24 步  6  Bash
      page-10 步  6  Edit
      page-17 步  9  Bash
      page-26 步  5  Bash
      page-09 步  7  Bash
      page-16 步  9  Bash
      page-48 步  6  Edit
      page-45 步  6  Edit
      page-30 步  7  Bash Bash Bash Bash
      page-18 步  5  Edit
      page-33 步  7  Edit
      page-04 步  8  Edit
      page-41 步  6  Edit
      page-19 步  4  Edit
      page-07 步  7  Bash
      page-29 步  5  Bash
      page-01 步  6  Bash
      page-14 步  5  Edit
      page-06 步  7  Bash
      page-45 步  7  Edit
      page-31 步  8  Bash
      page-43 步  6  Bash
      page-17 步 10  Bash
      page-35 步  6  Bash
      page-19 步  5  Bash
      page-08 步  5  Edit
      page-27 步  7  Edit
      page-37 步  7  Edit
      page-22 步  9  Edit
      page-45 步  8  Edit
      page-25 步  6  Edit
      page-32 步  7  Edit
      page-14 步  6  Edit
      page-40 步  8  Edit
      page-47 步  7  Bash
      page-06 步  8  Bash
      page-21 步  6  Bash
  page-44  ✓    6 次调用    2.3 分  selfcheck  5  skill 2  已完成 `page-44.html`：构建了共享坐标轴的 A/B 辐射剂量对比图、四维参数对齐表、实时剂量与屏蔽质量计算
      page-37 步  8  Edit
      page-25 步  7  Bash
      page-13 步  8  Bash
      page-16 步 10  Edit
      page-06 步  9  Bash
      page-34 步  8  Bash
      page-14 步  7  Edit
      page-26 步  6  Bash
      page-09 步  8  Edit
      page-48 步  7  Bash
  page-21  ✓    7 次调用    2.4 分  selfcheck  5  skill 2  已完成第 21 页互动因果网络，并通过初态、错误态、连接态与完成态自检。
      page-12 步  5  Bash
      page-39 步  5  Write
      page-03 步  7  Write
      page-40 步  9  Edit
      page-43 步  7  Bash
      page-22 步 10  Edit
      page-42 步  7  Bash
      page-10 步  7  Bash
      page-33 步  8  Bash
      page-20 步  6  Bash
      page-16 步 11  Edit
      page-29 步  6  Edit
      page-31 步  9  Read
      page-38 步 11  Edit
      page-07 步  8  Bash
      page-04 步  9  Bash
      page-19 步  6  Edit Edit Edit
      page-14 步  8  Bash
      page-24 步  7  Edit
      page-09 步  9  Edit
      page-01 步  7  Bash
  page-05  ✓    6 次调用    2.5 分  selfcheck  5  skill 3  已完成第 5 页互动分叉树，并通过初态、误剪、单次修剪、完成及重置状态的 selfcheck。
      page-16 步 12  Bash
      page-41 步  7  Edit
      page-45 步  9  Bash Bash Bash
      page-36 步  7  Edit
      page-29 步  7  Edit
      page-17 步 11  Edit
      page-32 步  8  Bash
      page-19 步  7  Bash
      page-27 步  8  Bash
      page-46 步  8  Bash
      page-09 步 10  Bash
  page-30  ✓    8 次调用    2.6 分  selfcheck  6  skill 3  已完成第 30 页：构建四角色供应链小游戏、D3 动态依赖连线、即时反馈、完成与重置状态，并通过全部 selfcheck
      page-03 步  8  Bash
      page-08 步  6  Bash
      page-15 步  8  Edit
      page-29 步  8  Bash
      page-36 步  8  Bash
      page-17 步 12  Bash
      page-12 步  6  Edit
      page-37 步  9  Edit
      page-20 步  7  Edit
      page-42 步  8  Edit
      page-34 步  9  Read
      page-35 步  7  Bash
      page-13 步  9  Bash
      page-38 步 12  Edit
      page-40 步 10  Bash
      page-16 步 13  Edit
  page-48  ✓    8 次调用    2.8 分  selfcheck  2  skill 2  
      page-32 步  9  Edit
      page-46 步  9  Read
  page-33  ✓    9 次调用    2.8 分  selfcheck  3  skill 3  已完成第 33 页：三维地球轨道模拟、固定步长实时积分、速度滑杆、投掷/重置、成功与撞地反馈、过程轴、键盘操作及 red
      page-36 步  9  Edit
      page-43 步  8  Bash
      page-18 步  6  Edit
      page-39 步  6  Bash
      page-15 步  9  Bash
      page-10 步  8  Edit
      page-04 步 10  Edit
      page-22 步 11  Edit
      page-25 步  8  Edit
      page-29 步  9  Edit
      page-31 步 10  Edit
      page-35 步  8  Bash
      page-38 步 13  Bash
      page-14 步  9  Edit
      page-41 步  8  Edit
      page-36 步 10  Bash
      page-11 步  7  Edit
      page-37 步 10  Bash
      page-42 步  9  Edit
      page-24 步  8  Edit
      page-26 步  7  Bash
      page-43 步  9  Bash
  page-45  ✓   10 次调用    2.9 分  selfcheck  4  skill 2  已完成第 45 页互动公共预算分类账，并通过初态、键盘交互与重置态 selfcheck。
      page-31 步 11  Edit
      page-19 步  8  Edit
      page-08 步  7  Edit
      page-20 步  8  Edit
      page-12 步  7  Bash
      page-27 步  9  Edit
      page-34 步 10  Read
      page-03 步  9  Edit
      page-37 步 11  Edit
      page-17 步 13  Bash Bash
      page-14 步 10  Edit
      page-42 步 10  Edit
      page-08 步  8  Bash
      page-39 步  7  Edit
      page-11 步  8  Edit
      page-41 步  9  Bash
      page-24 步  9  Bash
      page-38 步 14  Bash
      page-18 步  7  Edit
      page-32 步 10  Edit
      page-47 步  8  Edit
      page-09 步 11  Edit
      page-06 步 10  Edit
      page-20 步  9  Edit
      page-13 步 10  Bash
      page-07 步  9  Bash
      page-34 步 11  Edit
      page-03 步 10  Edit
      page-36 步 11  Edit
      page-16 步 14  Edit
      page-37 步 12  Bash
      page-43 步 10  Edit
  page-12  ✓    8 次调用    3.1 分  selfcheck  2  skill 1  第 12 页已完成，并通过 selfcheck。
      page-04 步 11  Edit
      page-18 步  8  Bash
      page-32 步 11  Bash
      page-01 步  8  Bash
      page-47 步  9  Bash
      page-15 步 10  Edit
      page-20 步 10  Bash
      page-08 步  9  Edit
      page-34 步 12  Bash
      page-10 步  9  Edit
      page-29 步 10  Bash
      page-25 步  9  Edit
      page-36 步 12  Bash
      page-09 步 12  Edit
  page-17  ✓   14 次调用    3.2 分  selfcheck  5  skill 1  已完成 `page-17.html`，并通过初始、错误反馈及完成状态的 selfcheck。
      page-22 步 12  Edit
      page-06 步 11  Bash
      page-26 步  8  Bash
      page-25 步 10  Bash
      page-19 步  9  Bash
      page-16 步 15  Bash
      page-09 步 13  Bash
      page-14 步 11  Bash
      page-31 步 12  Edit
      page-39 步  8  Edit
  page-38  ✓   15 次调用    3.3 分  selfcheck  3  skill 3  已完成第 38 页互动任务协作网络，并通过初态、交互态与完成态自检。
      page-07 步 10  Edit
  page-41  ✓   10 次调用    3.3 分  selfcheck  2  skill 1  已完成 `page-41.html`，并通过 selfcheck：无 JS 错误、加载失败、越界或裁切，字号、文本块与画
      page-22 步 13  Bash
      page-37 步 13  Bash Bash Bash Bash
      page-11 步  9  Edit
  page-24  ✓   10 次调用    3.3 分  selfcheck  3  skill 3  已完成第 24 页构建，并通过初态及四轮完成态 selfcheck。
      page-27 步 10  Edit
      page-46 步 10  Edit
      page-26 步  9  Bash
      page-43 步 11  Edit
      page-39 步  9  Edit
      page-42 步 11  Bash
      page-15 步 11  Bash
      page-31 步 13  Edit
  page-13  ✓   11 次调用    3.4 分  selfcheck  4  skill 2  已完成第 13 页构建，并通过初态、切换态与重置态自检。
      page-35 步  9  Edit
      page-04 步 12  Edit
      page-03 步 11  Bash
      page-40 步 11  Edit
      page-10 步 10  Edit
      page-29 步 11  Bash
      page-01 步  9  Edit
      page-36 步 13  Edit
      page-27 步 11  Edit
      page-46 步 11  Edit
      page-15 步 12  Edit
      page-04 步 13  Edit
      page-34 步 13  Bash
      page-43 步 12  Bash
      page-08 步 10  Bash
  page-37  ✓   14 次调用    3.5 分  selfcheck  7  skill 2  已完成 `page-37.html`：实现可拖拽/键盘操作的两级火箭装配、实时 Δv 对比、错误反馈、完成动效与重置，并
      page-40 步 12  Bash
      page-29 步 12  Read
      page-20 步 11  Bash
      page-26 步 10  Edit
      page-46 步 12  Bash
      page-31 步 14  Bash
      page-36 步 14  Edit
      page-10 步 11  Edit
      page-15 步 13  Bash
      page-14 步 12  Edit
      page-01 步 10  Edit
      page-22 步 14  Edit
      page-11 步 10  Bash
      page-04 步 14  Bash
      page-39 步 10  Bash
      page-26 步 11  Edit
      page-35 步 10  Edit
      page-42 步 12  Bash
      page-26 步 12  Edit
      page-01 步 11  Edit
      page-47 步 10  Edit
  page-08  ✓   11 次调用    3.8 分  selfcheck  4  skill 1  已完成第 8 页：构建可拖拽、键盘可操作的比例时间轴，包含区间吸附、错误反馈、进度显示、完成结论与重置功能；初态和完成态
      page-09 步 14  Edit
      page-10 步 12  Edit
      page-14 步 13  Edit
      page-11 步 11  Bash
      page-34 步 14  Bash
      page-20 步 12  Edit
      page-19 步 10  Edit
      page-18 步  9  Bash
      page-22 步 15  Edit
      page-27 步 12  Bash
  page-46  ✓   13 次调用    3.9 分  selfcheck  4  skill 2  已完成第 46 页构建，并通过初态、错误中间态及完成态自检。
      page-36 步 15  Edit
      page-25 步 11  Edit
      page-29 步 13  Edit
      page-32 步 12  Edit
      page-26 步 13  Edit
      page-31 步 15  Edit
      page-42 步 13  Read
      page-14 步 14  Bash
      page-09 步 15  Edit
      page-01 步 12  Edit
      page-06 步 12  Edit
  page-43  ✓   13 次调用    4.0 分  selfcheck  5  skill 3  已完成第 43 页：微重力身体状态 D3 模拟、训练点分配、任务时长控制、过程轴、真实 NASA 照片及完整反馈与重置交
  page-11  ✓   12 次调用    4.0 分  selfcheck  4  skill 0  已完成第 11 页互动讲义，并通过初始、正确提交、错误反馈与重置状态的 selfcheck。
      page-25 步 12  Edit
      page-34 步 15  Edit
      page-35 步 11  Edit
      page-10 步 13  Bash
      page-26 步 14  Edit
      page-01 步 13  Edit
      page-16 步 16  Edit
      page-19 步 11  Edit
      page-32 步 13  Edit
      page-36 步 16  Edit
      page-47 步 11  Edit
      page-03 步 12  Bash
      page-14 步 15  Edit
      page-07 步 11  Edit
      page-32 步 14  Bash
      page-19 步 12  Bash
      page-15 步 14  Edit
      page-16 步 17  Edit
      page-10 步 14  Edit
      page-09 步 16  Bash
      page-18 步 10  Read
      page-47 步 12  Edit
      page-20 步 13  Edit
      page-22 步 16  Edit      page-40 步 13  Edit

      page-07 步 12  Bash
      page-39 步 11  Bash
      page-35 步 12  Edit
      page-29 步 14  Bash
      page-20 步 14  Edit
      page-47 步 13  Edit
      page-01 步 14  Bash
      page-31 步 16  Bash
      page-26 步 15  Bash
      page-25 步 13  Edit
      page-42 步 14  Edit
      page-34 步 16  Bash
      page-06 步 13  Bash
      page-39 步 12  Edit
      page-25 步 14  Bash
      [page-31] InternalServerError 等 4s 重试 1/8
      page-36 步 17  Bash
      page-10 步 15  Bash
      page-15 步 15  Bash
      page-14 步 16  Edit
      page-20 步 15  Edit
      page-16 步 18  Bash
      page-04 步 15  Edit
      page-09 步 17  Bash
      page-03 步 13  Edit
      page-40 步 14  Bash
  page-34  ✓   17 次调用    4.5 分  selfcheck  6  skill 2  已完成第 34 页：三联 Three.js 实时轨迹比较、速度调节、即时反馈、完成进度与重置功能均已实现，并通过初态、完
      page-26 步 16  Bash
      page-35 步 13  Bash
      page-39 步 13  Edit
      page-22 步 17  Edit
      page-14 步 17  Bash
      page-36 步 18  Edit
      page-04 步 16  Edit
      page-47 步 14  Edit
      page-03 步 14  Bash
      page-16 步 19  Edit
      page-42 步 15  Edit
      page-09 步 18  Read
      page-27 步 13  Edit
      page-04 步 17  Edit
      page-07 步 13  Edit
      page-20 步 16  Bash
      page-01 步 15  Edit
      page-31 步 17  Edit
      page-39 步 14  Edit
      page-26 步 17  Edit
      page-10 步 16  Edit
      page-06 步 14  Edit
      page-18 步 11  Edit
      page-47 步 15  Bash
      page-07 步 14  Edit
      page-01 步 16  Bash
      page-16 步 20  Edit
      page-22 步 18  Bash
      page-39 步 15  Bash
      page-42 步 16  Edit
      page-25 步 15  Edit
      page-15 步 16  Bash
      page-29 步 15  Edit
      page-07 步 15  Edit
      page-32 步 15  Edit
      page-09 步 19  Edit
      page-14 步 18  Edit
      page-35 步 14  Bash
      page-19 步 13  Edit
      page-04 步 18  Edit
  page-01  ✓   17 次调用    4.9 分  selfcheck  3  skill 3  已完成 `page-01.html`，并通过 selfcheck：无报错、加载失败、越界或裁切。
      page-18 步 12  Edit
      page-15 步 17  Read
      page-10 步 17  Edit
      page-27 步 14  Edit
      page-25 步 16  Edit
      page-31 步 18  Bash
      page-03 步 15  Edit
      page-40 步 15  Edit
      page-10 步 18  Bash
      page-29 步 16  Edit
      page-04 步 19  Bash
      page-26 步 18  Bash
      page-27 步 15  Bash
      page-19 步 14  Edit
      page-07 步 16  Bash
      page-16 步 21  Bash
      page-20 步 17  Edit
      page-40 步 16  Edit
      page-06 步 15  Bash
      page-42 步 17  Edit
      page-32 步 16  Bash
      page-31 步 19  Edit
      page-15 步 18  Edit
      page-39 步 16  Edit
      page-09 步 20  Edit
      page-03 步 16  Edit
      page-29 步 17  Edit
      page-36 步 19  Edit
      page-19 步 15  Bash
      page-14 步 19  Bash
      page-35 步 15  Edit
      page-26 步 19  Edit
      page-22 步 19  Edit
      page-31 步 20  Bash
      page-06 步 16  Edit
      page-25 步 17  Edit
      page-39 步 17  Edit
      page-16 步 22  Edit
      page-32 步 17  Edit
      page-20 步 18  Edit
      page-27 步 16  Edit
      page-42 步 18  Edit
      page-22 步 20  Edit
      page-10 步 19  Edit
      page-15 步 19  Bash
      page-47 步 16  Edit
      page-03 步 17  Bash
      page-36 步 20  Edit
      page-09 步 21  Bash
      page-39 步 18  Bash
      page-16 步 23  Edit
      page-07 步 17  Edit
      page-35 步 16  Edit
      page-04 步 20  Edit
      page-32 步 18  Edit
      page-14 步 20  Edit
      page-42 步 19  Edit
      page-18 步 13  Edit Edit Edit Edit Edit Edit Edit Edit
      page-40 步 17  Bash
      page-29 步 18  Edit
      page-31 步 21  Edit
      page-07 步 18  Bash
      page-32 步 19  Bash
      page-14 步 21  Bash
      page-27 步 17  Edit
      page-36 步 21  Bash
      page-26 步 20  Edit
      page-25 步 18  Bash
      page-19 步 16  Edit
      page-06 步 17  Bash
      page-42 步 20  Edit
      page-20 步 19  Edit
      page-29 步 19  Bash
      page-22 步 21  Edit
      page-10 步 20  Edit
      page-14 步 22  Edit
      page-03 步 18  Edit
      page-26 步 21  Edit
      page-16 步 24  Bash
      page-20 步 20  Edit
      page-35 步 17  Edit
      page-40 步 18  Bash
      page-04 步 21  Edit
      page-47 步 17  Bash
      page-39 步 19  Edit
      page-36 步 22  Edit
      page-18 步 14  Bash
      page-35 步 18  Bash
      page-27 步 18  Bash
      page-06 步 18  Edit
      page-31 步 22  Bash
      page-14 步 23  Bash
  page-40  ✓   19 次调用    5.8 分  selfcheck  8  skill 0  已完成 `page-40.html`，并通过初态、中间态、错误反馈、正确提交与重置状态的 selfcheck。
      page-26 步 22  Edit
      page-19 步 17  Bash
      page-09 步 22  Edit
      page-06 步 19  Bash
      page-03 步 19  Edit
      page-09 步 23  Edit
      page-26 步 23  Edit
      page-22 步 22  Edit
      page-19 步 18  Bash
      page-07 步 19  Edit
      page-10 步 21  Edit
      page-20 步 21  Bash
      page-16 步 25  Edit
  page-31  ✓   23 次调用    5.9 分  selfcheck  9  skill 0  已完成 `page-31.html`：实现四项文化加速器拖拽/键盘排序、理由验证、汇流反馈与重置，并通过初态及完成态 s
      page-25 步 19  Bash
      page-36 步 23  Edit
      page-29 步 20  Edit
      page-10 步 22  Edit
      page-16 步 26  Bash
      page-32 步 20  Edit
      page-03 步 20  Edit
      page-06 步 20  Edit
      page-47 步 18  Edit
      page-25 步 20  Read
      page-39 步 20  Bash
      page-26 步 24  Edit
      page-04 步 22  Edit
      page-36 步 24  Edit
      page-18 步 15  Edit
      page-35 步 19  Bash
      page-07 步 20  Bash
      page-10 步 23  Bash
      page-06 步 21  Edit
      page-26 步 25  Bash
      page-20 步 22  Edit
      page-22 步 23  Bash
      page-16 步 27  Edit
      page-47 步 19  Bash
      page-20 步 23  Edit
      page-14 步 24  Edit
      page-09 步 24  Edit
      page-27 步 19  Edit
      page-19 步 19  Bash
      page-29 步 21  Bash
      page-04 步 23  Edit
      page-32 步 21  Edit
      page-25 步 21  Bash
      page-10 步 24  Edit
      page-42 步 21  Edit
      page-16 步 28  Edit
      page-04 步 24  Bash
      page-20 步 24  Bash
      page-03 步 21  Bash
      page-32 步 22  Edit
      page-29 步 22  Bash Bash Bash
      page-18 步 16  Bash
      page-07 步 21  Edit
  page-19  ✓   20 次调用    6.5 分  selfcheck  9  skill 0  已完成 `page-19.html`：实现证据强度分类、拖拽与键盘排序、即时推断边界反馈、完成状态及重置功能。
      page-26 步 26  Edit
      page-42 步 22  Edit
      page-39 步 21  Edit
      page-35 步 20  Edit
      page-20 步 25  Edit
      page-47 步 20  Bash
      page-10 步 25  Bash
      page-32 步 23  Edit
      page-16 步 29  Edit
      page-39 步 22  Edit
      page-26 步 27  Edit
      page-09 步 25  Bash
      page-36 步 25  Edit
      page-22 步 24  Edit
      page-25 步 22  Edit
      page-07 步 22  Edit
      page-27 步 20  Edit
      page-39 步 23  Bash
      page-03 步 22  Edit
      page-16 步 30  Bash Bash Bash
      page-20 步 26  Edit
      page-04 步 25  Bash
      page-14 步 25  Edit
      page-06 步 22  Bash
  page-29  ✓   23 次调用    6.8 分  selfcheck 11  skill 0  已完成 `page-29.html`：实现制度组件配对、拖拽与键盘操作、即时反馈、完成汇流及重新匹配；全部自检通过。
      page-32 步 24  Bash
      page-18 步 17  Edit
      page-20 步 27  Bash
      page-03 步 23  Bash
      page-14 步 26  Edit
      page-07 步 23  Bash
      page-10 步 26  Edit
      page-42 步 23  Edit
      page-35 步 21  Edit
      page-27 步 21  Edit
      page-04 步 26  Read
      page-16 步 31  Edit
      page-36 步 26  Edit
      page-22 步 25  Edit
      page-09 步 26  Bash
      page-15 步 20  Edit
      page-47 步 21  Edit
      page-26 步 28  Bash
      page-39 步 24  Edit
      page-18 步 18  Bash
      page-15 步 21  Edit
      page-32 步 25  Edit
      page-22 步 26  Edit
      page-16 步 32  Edit
      page-47 步 22  Bash
      page-10 步 27  Edit
      page-03 步 24  Edit
      page-39 步 25  Edit
      page-15 步 22  Edit
      page-06 步 23  Edit
      page-20 步 28  Edit
      page-39 步 26  Bash
      page-03 步 25  Bash
      page-42 步 24  Bash
      page-27 步 22  Bash
      page-14 步 27  Edit
      page-25 步 23  Bash
      page-35 步 22  Edit
      page-07 步 24  Edit
      page-32 步 26  Bash
      page-04 步 27  Edit
      page-47 步 23  Edit
      page-20 步 29  Edit
      page-14 步 28  Edit
      page-15 步 23  Edit
      page-26 步 29  Edit
      page-18 步 19  Edit
  page-47  ✓   24 次调用    7.4 分  selfcheck  8  skill 2  已完成第 47 页构建并写入指定 HTML 文件。
      page-20 步 30  Bash
      page-04 步 28  Bash
      page-10 步 28  Bash
  page-09  ✓   27 次调用    7.4 分  selfcheck  9  skill 2  已完成第 9 页构建，并通过初态、错误反馈、完成态与重置态 selfcheck。
      page-14 步 29  Edit
      page-36 步 27  Bash
      page-22 步 27  Edit
      page-16 步 33  Edit
      page-07 步 25  Bash
      page-26 步 30  Edit
      page-18 步 20  Bash
      page-15 步 24  Bash
      page-32 步 27  Edit
      page-14 步 30  Bash
      page-42 步 25  Bash Bash Bash
      page-27 步 23  Edit
      page-04 步 29  Edit
      page-06 步 24  Bash
      page-10 步 29  Edit
      page-36 步 28  Edit
      page-39 步 27  Edit
      page-16 步 34  Edit
      page-27 步 24  Edit
      page-35 步 23  Bash
      page-04 步 30  Edit
      page-22 步 28  Bash
      page-26 步 31  Bash
      page-16 步 35  Bash
      page-32 步 28  Edit
      page-03 步 26  Edit
      page-35 步 24  Bash
      page-15 步 25  Edit
      page-27 步 25  Bash
      page-36 步 29  Edit
      page-03 步 27  Bash
      page-32 步 29  Edit
      page-25 步 24  Edit
      page-26 步 32  Edit
      page-07 步 26  Edit
      page-20 步 31  Edit
      page-06 步 25  Edit
      page-10 步 30  Edit
      page-15 步 26  Edit
  page-42  ✓   26 次调用    8.1 分  selfcheck  8  skill 4  已完成 `page-42.html`，并通过初态、边界值、中间态与重置态 selfcheck。
      page-39 步 28  Bash
      page-10 步 31  Edit
      page-04 步 31  Edit
      page-36 步 30  Bash
      page-04 步 32  Bash
      page-32 步 30  Bash
      page-16 步 36  Edit
      page-07 步 27  Bash
      page-10 步 32  Edit
      page-15 步 27  Bash
  page-14  ✓   31 次调用    8.3 分  selfcheck  9  skill 4  已完成 `page-14.html`：构建四阶段步态协调模型、Matter.js 物理约束、关节拖动与键盘操作、实时稳定
      page-03 步 28  Bash
      page-18 步 21  Edit
      page-35 步 25  Edit
      page-06 步 26  Bash
      page-32 步 31  Bash
      page-10 步 33  Bash
      page-16 步 37  Edit
      page-25 步 25  Edit
      page-26 步 33  Edit
      page-35 步 26  Edit
      page-18 步 22  Bash
      page-27 步 26  Edit
      page-16 步 38  Edit
      page-15 步 28  Edit
      page-25 步 26  Bash
      page-36 步 31  Edit
      page-27 步 27  Bash
      page-22 步 29  Bash
      page-04 步 33  Edit
      page-39 步 29  Bash
      page-35 步 27  Bash
      page-22 步 30  Read
      page-26 步 34  Bash
      page-04 步 34  Edit
      page-20 步 32  Edit
      page-27 步 28  Edit
      page-07 步 28  Bash
      page-16 步 39  Bash Bash Bash
      page-03 步 29  Read
      page-32 步 32  Read
      page-06 步 27  Edit
      page-20 步 33  Edit
      page-36 步 32  Bash
      page-15 步 29  Edit
      page-07 步 29  Read
      page-04 步 35  Bash
      page-06 步 28  Edit
  page-39  ✓   30 次调用    8.9 分  selfcheck 10  skill 2  已完成 `page-39.html`：构建七步登月任务链、拖放与键盘交互、错误/完成反馈、GSAP 时间线、三张 NAS
      page-27 步 29  Edit
      page-15 步 30  Bash
      page-26 步 35  Edit
      page-25 步 27  Edit
      page-35 步 28  Bash
      page-26 步 36  Edit
      page-10 步 34  Edit
  page-18  ✓   23 次调用    9.1 分  selfcheck  8  skill 2  已完成第 18 页互动食物预算模型，并通过初态、边界反馈与重置态自检。
      page-26 步 37  Bash
      page-04 步 36  Edit
      page-06 步 29  Bash
      page-36 步 33  Bash
      page-07 步 30  Edit
      page-03 步 30  Edit
      page-20 步 34  Edit
      page-10 步 35  Edit
      page-27 步 30  Bash
      page-16 步 40  Edit
      page-15 步 31  Bash
      page-35 步 29  Read
      page-25 步 28  Edit
      page-22 步 31  Edit
  page-36  ✓   34 次调用    9.4 分  selfcheck 12  skill 2  已完成第 36 页构建，并通过初态、边界值、成功反馈及重置状态自检。
      page-03 步 31  Edit
      page-06 步 30  Edit
      page-26 步 38  Bash
  page-15  ✓   32 次调用    9.4 分  selfcheck 11  skill 2  已完成 `page-15.html`：构建三策略散热赛、固定种子天气模拟、同维度比较矩阵、六段进度与即时反馈，并通过初态
      page-22 步 32  Edit
      page-27 步 31  Edit
      page-04 步 37  Edit
      page-20 步 35  Edit
      page-32 步 33  Edit
      page-27 步 32  Edit
      page-35 步 30  Edit
      page-10 步 36  Edit
      page-16 步 41  Edit
      page-03 步 32  Bash
      page-22 步 33  Edit
      page-26 步 39  Bash
      page-20 步 36  Bash
      page-25 步 29  Edit
      page-07 步 31  Edit
      page-10 步 37  Bash
      page-22 步 34  Bash
      page-04 步 38  Bash
      page-16 步 42  Bash
      page-07 步 32  Edit
      page-06 步 31  Bash
      page-25 步 30  Edit
      page-03 步 33  Bash
      page-32 步 34  Edit
      page-27 步 33  Edit
      page-25 步 31  Edit
      page-35 步 31  Edit
      page-07 步 33  Edit
      page-22 步 35  Edit
      page-03 步 34  Bash
  page-26  ✓   40 次调用    9.9 分  selfcheck 16  skill 2  已完成 `page-26.html`，并通过初始态、交互态、完成态与重置态 selfcheck。
      page-25 步 32  Bash
      page-22 步 36  Edit
      page-10 步 38  Bash
      page-16 步 43  Edit
      page-03 步 35  Bash
      page-04 步 39  Bash
      page-35 步 32  Bash
      page-16 步 44  Bash Bash Bash
      page-27 步 34  Edit
      page-04 步 40  Bash
      page-32 步 35  Bash
      page-07 步 34  Bash
      page-03 步 36  Edit
      page-06 步 32  Edit
      page-35 步 33  Edit
      page-03 步 37  Bash
      page-10 步 39  Edit
      page-20 步 37  Edit
      page-27 步 35  Bash
      page-06 步 33  Edit
      page-22 步 37  Bash
      page-20 步 38  Bash
      page-03 步 38  Bash Bash Bash
      page-16 步 45  Edit
      page-10 步 40  Edit
      page-07 步 35  Edit
      page-32 步 36  Edit
      page-04 步 41  Edit
      page-35 步 34  Bash
      page-27 步 36  Edit
  page-03  ✓   39 次调用   10.7 分  selfcheck 17  skill 2  已完成 `page-03.html`，并通过初态、边界值、中间态、完成态与重置态自检。
      page-07 步 36  Edit
      page-16 步 46  Edit
      page-25 步 33  Edit
      page-06 步 34  Bash
      page-20 步 39  Edit
      page-16 步 47  Bash
      page-27 步 37  Bash
      page-35 步 35  Read
      page-10 步 41  Bash
      page-25 步 34  Edit
      page-20 步 40  Edit
      page-07 步 37  Edit
      page-04 步 42  Edit
      page-32 步 37  Edit
      page-35 步 36  Edit
  page-06  ✓   35 次调用   11.1 分  selfcheck 14  skill 2  已完成 `page-06.html`，并通过 selfcheck：无报错、无加载失败、无越界裁切或文字叠压。
      page-04 步 43  Bash
      page-32 步 38  Edit
      page-35 步 37  Edit
      page-10 步 42  Edit
      page-07 步 38  Edit
      page-22 步 38  Edit
      page-27 步 38  Bash
      page-20 步 41  Edit
      page-10 步 43  Edit
      page-25 步 35  Edit
      page-16 步 48  Edit
      page-32 步 39  Bash
      page-22 步 39  Bash
      page-20 步 42  Edit
      page-35 步 38  Bash
      page-25 步 36  Edit
      page-25 步 37  Bash
      page-04 步 44  Edit
      page-07 步 39  Bash
      page-22 步 40  Edit
  page-27  ✓   39 次调用   11.5 分  selfcheck 12  skill 3  已完成 `page-27.html`：搭建外部记忆编码链、D3 连线、拖放与键盘交互、即时反馈、完成态及重置功能。初态、
      page-10 步 44  Edit
      page-16 步 49  Edit
  page-32  ✓   40 次调用   11.6 分  selfcheck 13  skill 1  已完成 `page-32.html`，并通过 selfcheck：无报错、无加载失败、无越界裁切，画面占用 49%。
      page-20 步 43  Bash
  page-07  ✓   40 次调用   11.7 分  selfcheck 11  skill 3  已完成 `page-07.html`：包含三件真实头骨图像、共享年代轴、D3 谱系分支及点亮交互；初态、完成态与错误反馈
      page-10 步 45  Bash
      page-35 步 39  Read
      page-16 步 50  Bash
      page-22 步 41  Bash
      page-25 步 38  Bash
      page-10 步 46  Edit
  page-22  ✓   42 次调用   12.1 分  selfcheck 11  skill 1  已完成 `page-22.html`：双轨时间刻度、章节转向动效及 reduced-motion 适配均已实现。自检无脚
      page-25 步 39  Bash
      page-35 步 40  Edit
      page-16 步 51  Edit
      page-20 步 44  Edit
      page-35 步 41  Edit
      page-04 步 45  Edit
      page-16 步 52  Edit
      page-35 步 42  Bash
      page-20 步 45  Edit
      page-25 步 40  Bash
      page-10 步 47  Bash
      page-04 步 46  Bash
      page-10 步 48  Edit
      page-35 步 43  Edit
      page-16 步 53  Edit
      page-25 步 41  Edit
      page-25 步 42  Edit
      page-04 步 47  Bash
      page-35 步 44  Edit
      page-16 步 54  Bash
      page-25 步 43  Bash
      page-10 步 49  Edit
      page-16 步 55  Edit
      page-20 步 46  Edit
      page-04 步 48  Edit
      page-35 步 45  Bash
      page-10 步 50  Edit
      page-04 步 49  Edit
      page-04 步 50  Edit
      page-16 步 56  Bash
      page-20 步 47  Edit
      page-10 步 51  Edit
      page-20 步 48  Bash
      page-35 步 46  Edit
      page-16 步 57  Edit
      page-35 步 47  Edit
      page-25 步 44  Bash Bash Bash Bash
      page-20 步 49  Edit
      page-04 步 51  Edit
      page-16 步 58  Bash
      page-04 步 52  Edit
      page-10 步 52  Bash
  page-25  ✓   45 次调用   14.0 分  selfcheck 16  skill 3  已完成 `page-25.html`，并通过初态、错误选择、中间态、完成态与重置态自检。
  page-16  ✓   59 次调用   14.0 分  selfcheck 26  skill 0  已完成第 16 页互动讲义，并通过初态、正确提交与错误反馈状态自检。
      page-20 步 50  Edit
      page-35 步 48  Edit
      page-20 步 51  Edit
      page-20 步 52  Edit
      page-10 步 53  Edit
      page-35 步 49  Bash
      page-04 步 53  Bash
      page-10 步 54  Bash
      page-20 步 53  Bash
      page-04 步 54  Bash
      page-35 步 50  Edit
  page-04  ✓   55 次调用   14.8 分  selfcheck 17  skill 3  已完成第 4 页构建，并通过初态、错误反馈、正确归类及重置态 selfcheck。
      page-20 步 54  Bash
      page-10 步 55  Edit
      page-35 步 51  Edit
      page-20 步 55  Edit
      page-10 步 56  Bash
      page-10 步 57  Edit
      page-35 步 52  Bash
      page-20 步 56  Bash
  page-20  ✓   57 次调用   15.5 分  selfcheck 14  skill 2  已完成 `page-20.html`，并通过初态及交互态 selfcheck。
      page-10 步 58  Bash
      page-35 步 53  Edit
      page-35 步 54  Edit
      page-35 步 55  Edit
      page-10 步 59  Edit
      page-10 步 60  Edit
      page-35 步 56  Bash
      page-10 步 61  Bash
      page-10 步 62  Edit
      page-10 步 63  Edit
      page-35 步 57  Edit
      page-35 步 58  Edit
      page-10 步 64  Bash
      page-35 步 59  Edit
      page-10 步 65  Edit
      page-35 步 60  Bash
      page-10 步 66  Bash
      page-35 步 61  Bash
      page-35 步 62  Edit
      page-10 步 67  Bash Bash Bash Bash
      page-35 步 63  Edit
      page-35 步 64  Bash
  page-10  ✓   68 次调用   18.6 分  selfcheck 28  skill 0  已完成第 10 页构建，并通过初态、正确/错误分类、完成及重置状态的 selfcheck。
      page-35 步 65  Bash
      page-35 步 66  Edit
      page-35 步 67  Edit
      page-35 步 68  Edit
      page-35 步 69  Bash
  page-35  ✓   70 次调用   19.5 分  selfcheck 24  skill 1  已完成 `page-35.html`：实现高度与速度双变量交互、实时圆轨/逃逸门槛计算、三类速度区间反馈、穿越进度、重置

  48/48 页交付   墙钟 19.5 分
  每页调用数 5–70,中位 20   合计 1176
  selfcheck 合计 421   Skill 合计 91
  指派 skill 88 项,实际读到 88 项
  读取次数(前 6):CONTRACT.md 48  deck.md 48  theme.css 48  CHASSIS.md 48  LIBS.md 28  selfcheck.py 16
