
▸ builder · ape-g5
  48 页,并发 50,effort=low,skill 清单 9,221 字符

      page-36 步  1  Read Read Read Read Skill Skill
      page-14 步  1  Read Read Read Read Skill
      page-20 步  1  Read Read Read Read Skill Skill
      page-17 步  1  Read Read Read Read Skill Skill Skill
      page-25 步  1  Read Read Read Read Skill Skill
      page-33 步  1  Read Read Read Read Skill Skill
      page-37 步  1  Read Read Read Read Skill Skill Skill
      page-44 步  1  Read Read Read Read Skill Skill Skill Skill
      page-32 步  1  Read Read Read Read Skill
      page-13 步  1  Read Read Read Read Skill Skill
      page-08 步  1  Read Read Read Read Skill Skill Skill
      page-45 步  1  Read Read Read Read Skill
      page-24 步  1  Read Read Read Read Skill Skill
      page-28 步  1  Read Read Read Read Skill Skill Skill
      page-30 步  1  Read Read Read Read Skill Skill
      page-27 步  1  Read Read Read Read Skill Skill Skill
      page-34 步  1  Read Read Read Read Skill
      page-01 步  1  Read Read Read Read Skill Skill
      page-18 步  1  Read Read Read Read Skill Skill
      page-40 步  1  Read Read Read Read Skill Skill Skill
      page-39 步  1  Read Read Read Read Skill
      page-35 步  1  Read Read Read Read Skill Skill
      page-29 步  1  Read Read Read Read Skill Skill Skill Skill Skill Sk
      page-04 步  1  Read Read Read Read Skill Skill Skill
      page-23 步  1  Read Read Read Read Skill Skill Skill
      page-38 步  1  Read Read Read Read Skill Skill
      page-24 步  2  Read
      page-33 步  2  Read
      page-25 步  2  Read
      page-12 步  1  Read Read Read Read Skill Skill
      page-30 步  2  Read
      page-10 步  1  Read Read Read Read Skill Skill Skill
      page-44 步  2  Read
      page-18 步  2  Read
      page-14 步  2  Read
      page-35 步  2  Read
      page-01 步  2  Read
      page-22 步  1  Read Read Read Read Read
      page-15 步  1  Read Read Read Read Skill Skill Skill Skill
      page-09 步  1  Read Read Read Read Skill Skill
      page-21 步  1  Read Read Read Read Skill Skill
      page-19 步  1  Read Read Read Read Skill Skill Skill Skill
      page-16 步  1  Read Read Read Read Skill Read
      page-05 步  1  Read Read Read Read Skill Skill Skill
      page-07 步  1  Read Read Read Read Skill Skill Skill
      page-31 步  1  Read Read Read Read Read
      page-38 步  2  Read
      page-47 步  1  Read Read Read Read Skill Skill
      page-48 步  1  Read Read Read Read Skill Skill
      page-13 步  2  Read
      page-20 步  2  Read
      page-11 步  1  Read Read Read Read Skill Skill
      page-28 步  2  Read
      page-43 步  1  Read Read Read Read Skill Skill Skill
      page-06 步  1  Read Read Read Read Skill Skill
      page-03 步  1  Read Read Read Read Skill Skill Skill
      page-29 步  2  Read Bash
      page-39 步  2  Read
      page-46 步  1  Read Read Read Read Skill Skill
      page-42 步  1  Read Read Read Read Skill Read
      page-15 步  2  Read
      page-34 步  2  Read
      page-36 步  2  Read
      page-08 步  2  Read Bash
      page-35 步  3  Bash
      page-10 步  2  Read
      page-32 步  2  Read
      page-27 步  2  Read
      page-19 步  2  Read
      page-09 步  2  Read
      page-41 步  1  Read Read Read Read Skill Skill Skill
      page-02 步  1  Read Read Read Read Skill Skill Skill
      page-45 步  2  Read
      page-43 步  2  Read
      page-15 步  3  Bash
      page-40 步  2  Read
      page-26 步  1  Read Read Read Read Skill Skill
      page-07 步  2  Read
      page-37 步  2  Read Bash
      page-17 步  2  Read
      page-12 步  2  Read
      page-06 步  2  Read
      page-04 步  2  Read
      page-26 步  2  Read
      page-03 步  2  Read
      page-41 步  2  Read Bash
      page-48 步  2  Read
      page-21 步  2  Read
      page-46 步  2  Read
      page-11 步  2  Read
      page-17 步  3  Bash
      page-23 步  2  Read
      page-35 步  4  Bash
      page-47 步  2  Read
      page-01 步  3  Write
      page-02 步  2  Read
      page-19 步  3  Bash
      page-31 步  2  Write
      page-22 步  2  Write
      page-39 步  3  Write
      page-17 步  4  Bash
      page-06 步  3  Write
      page-01 步  4  Bash
      page-14 步  3  Write
      page-31 步  3  Bash
      page-35 步  5  Bash
      page-20 步  3  Write
      page-39 步  4  Bash
      page-17 步  5  Bash
      page-03 步  3  Bash
      page-30 步  3  Write
      page-43 步  3  Write
      page-36 步  3  Write
  page-01  ✓    5 次调用    0.9 分  selfcheck  1  skill 2  已完成 `page-01.html`，并通过 selfcheck：无报错、加载失败、越界或裁切。
      page-35 步  6  Bash
      page-16 步  2  Write
      page-48 步  3  Write
      page-18 步  3  Write
      page-24 步  3  Write
      page-14 步  4  Bash
      page-30 步  4  Bash
      page-09 步  3  Write
      page-06 步  4  Bash
      page-05 步  2  Write
      page-25 步  3  Write
      page-10 步  3  Write
      page-22 步  3  Bash
  page-31  ✓    4 次调用    1.0 分  selfcheck  1  skill 0  已完成 `page-31.html`，并通过 selfcheck：无 JavaScript 报错、资源加载失败、越界或裁
      page-24 步  4  Bash
      page-42 步  2  Write
      page-38 步  3  Write
      page-36 步  4  Bash
      page-43 步  4  Bash Bash
      page-32 步  3  Write
      page-44 步  3  Write
      page-03 步  4  Bash
      page-29 步  3  Write
      page-16 步  3  Bash
      page-48 步  4  Bash
      page-20 步  4  Bash
      page-25 步  4  Bash
      page-17 步  6  Bash
      page-38 步  4  Bash
  page-06  ✓    5 次调用    1.2 分  selfcheck  1  skill 2  已完成 `page-06.html`，并通过 selfcheck：无 JavaScript 错误、资源加载失败、画布溢出
      page-11 步  3  Write
      page-42 步  3  Bash
      page-10 步  4  Bash
      page-23 步  3  Write
      page-28 步  3  Write
      page-05 步  3  Bash
      page-12 步  3  Write
  page-14  ✓    5 次调用    1.2 分  selfcheck  1  skill 1  已完成 `page-14.html`，并通过 selfcheck：无 JS 错误、资源失败、越界或裁切。
      page-08 步  3  Write
      page-13 步  3  Write
      page-02 步  3  Write
      page-40 步  3  Write
      page-43 步  5  Bash
      page-04 步  3  Write
      page-36 步  5  Bash
      page-07 步  3  Write
      page-11 步  4  Bash Bash
      page-45 步  3  Write
      page-28 步  4  Bash
      page-26 步  3  Write
      page-09 步  4  Bash
      page-22 步  4  Edit
      page-16 步  4  Bash
      page-39 步  5  Edit
      page-23 步  4  Bash
      page-30 步  5  Bash
      page-18 步  4  Bash
      page-33 步  3  Write
      page-44 步  4  Bash
      page-40 步  4  Bash Bash
      page-32 步  4  Bash
      page-26 步  4  Bash
      page-27 步  3  Write
      page-07 步  4  Bash
      page-13 步  4  Bash
      page-04 步  4  Bash
      page-29 步  4  Bash
      page-02 步  4  Bash
      page-34 步  3  Write
      page-25 步  5  Bash
  page-11  ✓    5 次调用    1.4 分  selfcheck  2  skill 2  已完成第 11 页构建，并通过初始及交互状态 selfcheck。
      page-47 步  3  Write
      page-28 步  5  Bash
      page-25 步  6  Read
      page-39 步  6  Edit
      page-27 步  4  Bash
      page-43 步  6  Bash
      page-05 步  4  Edit
      page-10 步  5  Bash
      page-12 步  4  Bash
      page-08 步  4  Bash
      page-38 步  5  Edit
      page-23 步  5  Edit
      page-20 步  5  Bash
      page-24 步  5  Edit
      page-41 步  3  Write
  page-48  ✓    5 次调用    1.5 分  selfcheck  1  skill 2  已完成 `page-48.html`，并通过 selfcheck：无报错、无加载失败、无溢出或裁切。
      page-30 步  6  Read
      page-21 步  3  Write
      page-07 步  5  Bash
  page-13  ✓    5 次调用    1.5 分  selfcheck  1  skill 2  已完成第 13 页：构建了可拖拽、键盘可操作的演化代价天平，包含四组收益—成本—牵连关系、探索状态保留、完整主张揭示、重
      page-47 步  4  Bash
      page-33 步  4  Bash Bash
      page-28 步  6  Read
      page-46 步  3  Write
      page-36 步  6  Read
      page-02 步  5  Bash Bash Bash
      page-45 步  4  Bash Bash
      page-39 步  7  Edit
      page-25 步  7  Read
      page-42 步  4  Bash Bash Bash Bash
      page-09 步  5  Bash Bash
      page-24 步  6  Edit
      page-46 步  4  Bash
      page-35 步  7  Write
      page-19 步  4  Write
  page-16  ✓    5 次调用    1.6 分  selfcheck  2  skill 1  已完成 `page-16.html`，实现共享信号词典、四类符号表达轨道、拖放与键盘组合、即时分类反馈、完成态和重置。自
      page-18 步  5  Bash
      page-22 步  5  Edit
      page-27 步  5  Edit
      page-28 步  7  Read
      page-12 步  5  Bash
      page-29 步  5  Edit
      page-39 步  8  Edit
      page-04 步  5  Bash
      page-26 步  5  Bash
      page-38 步  6  Bash
      page-08 步  5  Bash
      page-23 步  6  Bash
      page-22 步  6  Bash
      page-25 步  8  Edit
      page-07 步  6  Edit
  page-43  ✓    7 次调用    1.7 分  selfcheck  4  skill 3  已完成 `page-43.html`，并通过 selfcheck。
      page-34 步  4  Bash
      page-32 步  5  Bash
      page-33 步  5  Edit
      page-44 步  5  Bash Bash Bash
      page-05 步  5  Bash
      page-35 步  8  Bash
      page-39 步  9  Bash
      page-41 步  4  Bash
      page-26 步  6  Read Read
      page-40 步  5  Bash
      page-08 步  6  Bash
      page-28 步  8  Bash
  page-10  ✓    6 次调用    1.8 分  selfcheck  2  skill 3  已完成第 10 页：交互式“组装脑能量账”，包含 ECharts SVG 流程、拖放与键盘操作、即时反馈、完成状态及重置
      page-46 步  5  Bash
  page-22  ✓    7 次调用    1.8 分  selfcheck  2  skill 0  已完成 `page-22.html`，并通过 selfcheck：无报错、无加载失败、无越界或裁切。
      page-25 步  9  Edit
      page-24 步  7  Bash
  page-09  ✓    6 次调用    1.8 分  selfcheck  3  skill 2  已完成第 9 页互动讲义，并通过 selfcheck 自检。
  page-04  ✓    6 次调用    1.8 分  selfcheck  2  skill 3  已完成第 4 页构建，并通过初始、节点选择及重置状态自检。
      page-07 步  7  Edit Edit
      page-30 步  7  Bash
  page-42  ✓    5 次调用    1.8 分  selfcheck  5  skill 1  已完成 `page-42.html`：实现六项风险的拖放与键盘归账、即时因果链反馈、错误退回、分类计数、完成状态及重置功
      page-18 步  6  Edit
      page-21 步  4  Bash
      page-46 步  6  Read
      page-28 步  9  Read
      page-15 步  4  Write
      page-36 步  7  Edit
      page-47 步  5  Bash
      page-32 步  6  Edit
      page-29 步  6  Edit
  page-20  ✓    6 次调用    1.9 分  selfcheck  2  skill 2  已完成 `page-20.html`，并通过初始、正确放置、错误匹配与重置状态自检。
      page-27 步  6  Edit
      page-12 步  6  Bash
  page-05  ✓    6 次调用    1.9 分  selfcheck  2  skill 3  已完成 `page-05.html`，并通过初始、错误匹配及全部完成状态的 selfcheck。
      page-45 步  5  Edit
      page-19 步  5  Bash
  page-02  ✓    6 次调用    1.9 分  selfcheck  4  skill 3  已完成第 2 页：实现三段吸附的身份标尺、键盘操作、动态身份标签、同步高亮比较表、即时反馈与重置功能。所有自检状态均通过
  page-44  ✓    6 次调用    1.9 分  selfcheck  4  skill 4  已完成 `page-44.html`：实现“穿越伦理门槛”交互、四条支撑汇入门槛原则、键盘操作、动态反馈、重置与减少动态
      page-03 步  5  Write
      page-25 步 10  Bash
      page-28 步 10  Bash
      page-07 步  8  Bash
      page-27 步  7  Bash
  page-24  ✓    8 次调用    2.0 分  selfcheck  2  skill 2  已完成第 24 页：构建四步入轨流程、二维操舵场景、速度分量与预测轨迹联动、三档反馈、键盘操作、重置及动态轨道数值。自检
      page-23 步  7  Edit
      page-15 步  5  Edit
      page-18 步  7  Edit Edit
      page-26 步  7  Bash
  page-12  ✓    7 次调用    2.0 分  selfcheck  3  skill 2  已完成 `page-12.html`，并通过初始、完成分类及错误后重置状态的 selfcheck。
      page-40 步  6  Bash
      page-19 步  6  Edit
  page-38  ✓    7 次调用    2.1 分  selfcheck  2  skill 2  已完成第 38 页互动排班比较，并通过初始、键盘移动与重置状态自检。
      page-30 步  8  Read
      page-39 步 10  Edit
      page-41 步  5  Edit
      page-34 步  5  Edit
      page-33 步  6  Bash
      page-28 步 11  Bash
      page-27 步  8  Bash
      page-08 步  7  Bash
      page-46 步  7  Edit
      page-21 步  5  Bash
      page-07 步  9  Edit
      page-29 步  7  Edit
      page-15 步  6  Bash
  page-47  ✓    6 次调用    2.2 分  selfcheck  2  skill 2  已完成 `page-47.html`，并通过初始状态与完成状态自检。
      page-37 步  3  Write
      page-32 步  7  Edit Edit Edit
      page-36 步  8  Bash
      page-35 步  9  Bash Bash Bash
      page-23 步  8  Bash
      page-41 步  6  Edit
      page-18 步  8  Bash
      page-46 步  8  Edit
      page-30 步  9  Bash
      page-07 步 10  Bash
  page-21  ✓    6 次调用    2.2 分  selfcheck  2  skill 2  已完成 `page-21.html`，并通过初始、完整修补、部分修补及重置状态的 selfcheck。
      page-45 步  6  Edit
      page-26 步  8  Read Read
      page-03 步  6  Bash
      page-32 步  8  Bash
  page-33  ✓    7 次调用    2.3 分  selfcheck  3  skill 2  已完成并通过 selfcheck。
      page-17 步  7  Write
  page-40  ✓    7 次调用    2.3 分  selfcheck  4  skill 3  已完成 `page-40.html`：构建三路径配对比较板，支持拖放、完整键盘操作、即时反馈、行完成提示与重置。自检通过
      page-08 步  8  Edit
      page-25 步 11  Edit
      page-29 步  8  Bash
      page-15 步  7  Edit
      page-19 步  7  Bash
      page-27 步  9  Bash
      page-34 步  6  Bash Bash
      page-23 步  9  Edit
  page-18  ✓    9 次调用    2.4 分  selfcheck  2  skill 2  已完成第 18 页，并通过初始状态与纠错后状态的 selfcheck。
      page-32 步  9  Bash
      page-28 步 12  Read
  page-35  ✓   10 次调用    2.4 分  selfcheck  4  skill 2  已完成第 35 页互动补给账本，并通过初始、极值与重置状态自检。
      page-08 步  9  Bash
      page-30 步 10  Read
      page-45 步  7  Bash Bash Bash
      page-39 步 11  Edit
  page-07  ✓   11 次调用    2.5 分  selfcheck  4  skill 3  已完成 `page-07.html`：构建可旋转三维概念骨架、姿态控制环、动态支撑区/重心垂线/受力链、键盘操作与重置，
      page-17 步  8  Bash
      page-46 步  9  Edit
      page-28 步 13  Edit
      page-23 步 10  Bash
      page-36 步  9  Bash
  page-19  ✓    8 次调用    2.6 分  selfcheck  2  skill 4  已完成第 19 页构建，并通过 selfcheck。
      page-27 步 10  Edit
      page-25 步 12  Edit
      page-39 步 12  Bash
      page-41 步  7  Edit
      page-46 步 10  Edit
      page-37 步  4  Bash
      page-03 步  7  Bash
      page-08 步 10  Bash
      page-15 步  8  Bash
      page-28 步 14  Edit
  page-45  ✓    8 次调用    2.6 分  selfcheck  5  skill 1  已完成 `page-45.html`：构建了可复现的 D3 繁衍瓶颈抽样网络，支持首次抽样、下一次试验、重置及节点键盘访
  page-34  ✓    7 次调用    2.6 分  selfcheck  3  skill 1  已完成 `page-34.html`，并通过初始、错误反馈、重置及全部归位状态的 selfcheck。
      page-27 步 11  Bash
      page-46 步 11  Edit
      page-41 步  8  Bash
      page-25 步 13  Edit
      page-26 步  9  Bash
  page-39  ✓   13 次调用    2.7 分  selfcheck  3  skill 1  已完成第 39 页并通过 selfcheck：无报错、加载失败、越界或裁切。
      page-32 步 10  Edit Edit Edit Edit Edit
      page-30 步 11  Bash
  page-08  ✓   11 次调用    2.8 分  selfcheck  3  skill 3  已完成 `page-08.html`，并通过初始、极值及重置状态自检。
      page-37 步  5  Edit
      page-46 步 12  Edit
      page-17 步  9  Edit
      page-26 步 10  Edit
      page-32 步 11  Bash
      page-30 步 12  Read
      page-36 步 10  Read
      page-25 步 14  Bash
  page-27  ✓   12 次调用    2.9 分  selfcheck  5  skill 3  已完成第 27 页互动讲义：实现 Matter.js 喷气反推滑台、六步因果流程、动态动量与速度读数、空气/真空自动对照
  page-23  ✓   11 次调用    2.9 分  selfcheck  4  skill 3  已完成 `page-23.html`：包含同维度比较结构、实时重力轨迹模拟、横向速度控制、动态反馈、键盘操作与重置。初始
      page-41 步  9  Edit
      page-17 步 10  Edit
  page-15  ✓    9 次调用    2.9 分  selfcheck  2  skill 4  已完成第 15 页构建，并通过 selfcheck。
      page-29 步  9  Edit
      page-30 步 13  Bash
      page-03 步  8  Bash
      page-46 步 13  Bash
      page-36 步 11  Bash
      page-28 步 15  Edit
      page-41 步 10  Bash
      page-36 步 12  Read
      page-29 步 10  Edit
      page-26 步 11  Edit
      page-03 步  9  Bash
      page-37 步  6  Edit
      page-36 步 13  Bash
      page-17 步 11  Edit
  page-41  ✓   11 次调用    3.1 分  selfcheck  3  skill 3  已完成第 41 页构建，并通过 selfcheck：无 JS 报错、资源加载失败、越界或裁切。
      page-32 步 12  Bash
      page-30 步 14  Read
  page-46  ✓   14 次调用    3.2 分  selfcheck  2  skill 2  已完成 `page-46.html`：实现对数星际速度尺、三种速度对齐比较、ECharts SVG 时间条、KaTeX 
      page-03 步 10  Bash
      page-26 步 12  Bash
      page-32 步 13  Read
      page-29 步 11  Edit
      page-25 步 15  Edit
      page-30 步 15  Bash
      page-36 步 14  Bash
      page-28 步 16  Bash
      page-17 步 12  Edit
      page-25 步 16  Bash
      page-26 步 13  Bash
      page-29 步 12  Bash
      page-03 步 11  Bash
      page-32 步 14  Bash
      page-37 步  7  Edit
      page-28 步 17  Bash
      page-36 步 15  Read
      page-17 步 13  Edit
      page-30 步 16  Read
  page-26  ✓   14 次调用    3.8 分  selfcheck  3  skill 2  已完成 `page-26.html`，并通过初始、月球、火星及重置状态的 selfcheck 自检。
      page-17 步 14  Bash
      page-03 步 12  Bash
      page-36 步 16  Edit
      page-32 步 15  Read
      page-28 步 18  Bash
      page-25 步 17  Edit
  page-29  ✓   13 次调用    3.8 分  selfcheck  3  skill 6  已完成 `page-29.html`：包含三维分级火箭搭建、拖放与键盘操作、逐级点火分离、质量状态同步、理想速度增量对照
      page-37 步  8  Bash
      page-32 步 16  Edit
      page-36 步 17  Edit
      page-30 步 17  Edit
      page-17 步 15  Edit
      page-37 步  9  Edit
      page-36 步 18  Edit
      page-25 步 18  Bash
      page-03 步 13  Bash
      page-30 步 18  Edit
      page-17 步 16  Bash
      page-28 步 19  Bash
      page-03 步 14  Bash
  page-25  ✓   19 次调用    4.3 分  selfcheck  5  skill 2  已完成 `page-25.html`，并通过初始、月球预设与重置状态自检。
      page-32 步 17  Bash
      page-30 步 19  Edit
      page-37 步 10  Edit
      page-36 步 19  Edit
      page-37 步 11  Bash
      page-36 步 20  Edit
  page-17  ✓   17 次调用    4.5 分  selfcheck  3  skill 3  已完成 `page-17.html`：包含双阶段石器复刻挑战、键盘操作、实时评分、过程线索和对齐比较表，并通过初始及完成
      page-28 步 20  Edit
  page-32  ✓   18 次调用    4.6 分  selfcheck  4  skill 1  已完成 `page-32.html`，并通过初始、舱外及往返完成状态的 selfcheck。
      page-30 步 20  Edit
      page-28 步 21  Edit
  page-37  ✓   12 次调用    4.7 分  selfcheck  3  skill 3  已完成 `page-37.html`，并通过 selfcheck。
      page-03 步 15  Bash
      page-28 步 22  Edit
      page-36 步 21  Edit
      page-30 步 21  Bash
      page-03 步 16  Bash
      page-28 步 23  Edit
      page-36 步 22  Bash
      page-30 步 22  Bash Bash Bash
      page-28 步 24  Edit
      page-36 步 23  Bash
      page-03 步 17  Bash
  page-30  ✓   23 次调用    5.6 分  selfcheck  5  skill 2  已完成 `page-30.html`：实现可拖拽、键盘可操作的霍曼转移规划器，联动轨道动画、四项任务预算、公式、推进剂比
      page-03 步 18  Bash
      page-28 步 25  Bash
      [page-03] InternalServerError 等 4s 重试 1/8
  page-36  ✓   24 次调用    5.8 分  selfcheck  4  skill 2  已完成第 36 页构建，并通过初始、故障、极值及重置状态自检。
      page-28 步 26  Edit
      page-03 步 19  Bash
      page-28 步 27  Bash
      page-03 步 20  Edit
      page-28 步 28  Bash
      page-03 步 21  Edit
      page-28 步 29  Edit
      page-03 步 22  Edit
      page-03 步 23  Edit
      page-28 步 30  Edit
      page-03 步 24  Edit
      page-28 步 31  Edit
      page-28 步 32  Edit
      page-28 步 33  Bash
      page-03 步 25  Bash
  page-28  ✓   34 次调用    7.5 分  selfcheck  9  skill 3  已完成第 28 页，并通过初始、最小、最大及重置状态自检。
      page-03 步 26  Edit
      page-03 步 27  Edit
      page-03 步 28  Edit
      page-03 步 29  Edit
      page-03 步 30  Edit
      page-03 步 31  Edit
      page-03 步 32  Bash
  page-03  ✓   33 次调用    9.5 分  selfcheck  5  skill 3  已完成第 3 页构建，并通过初始、最后一分钟及最后一秒状态的 selfcheck。

  48/48 页交付   墙钟 9.5 分
  每页调用数 4–34,中位 7   合计 489
  selfcheck 合计 144   Skill 合计 110
  指派 skill 110 项,实际读到 110 项

[1m▸ 覆盖闸[0m  ape-g5/pages
  规划 48 页,交付 48 页  (页表)
  锚点: kicker 37/48   标题 0/48   take 0/48
  [31m✗ kicker 没出现在页面上: page-34[0m
  时长: PLAN 第 0 节没有带分钟的章表,跳过
  逐页停留: 48 页齐全,合计 5432 秒  [33m⚠ 与目标 5400 秒差 +32[0m  中位 130 秒
  无交互名册 7 页: 01 06 14 22 31 39 48
  [31m1 类硬判不过[0m
