
▸ builder · ape-smoke
  2 页,并发 20,effort=medium,skill 清单 9,221 字符

      page-05 步  1  Bash Bash Skill
      page-01 步  1  Read Read
      page-05 步  2  Bash Bash
      page-01 步  2  Bash
      page-01 步  3  Read
      page-05 步  3  Bash Bash
      page-01 步  4  Bash
      page-05 步  4  Bash Bash Bash
      page-01 步  5  Read Bash
      page-01 步  6  Bash
      page-05 步  5  Bash Bash Bash
      page-01 步  7  Bash
      page-05 步  6  Bash Bash
      page-01 步  8  Bash
      page-01 步  9  Bash
      page-05 步  7  Bash Bash
      page-01 步 10  Bash
      page-05 步  8  Bash Bash
      page-05 步  9  Bash
      page-01 步 11  Bash
      page-01 步 12  Bash
      page-05 步 10  Bash
      page-01 步 13  Bash
      page-05 步 11  Bash
      page-05 步 12  Bash
      page-01 步 14  Bash
      page-05 步 13  Bash
      page-05 步 14  Bash
      page-01 步 15  Bash
      page-05 步 15  Bash Bash
      page-05 步 16  Bash
      page-01 步 16  Bash
      page-05 步 17  Bash
      page-01 步 17  Bash
      page-05 步 18  Bash
      page-01 步 18  Bash
      page-05 步 19  Bash Bash
      page-01 步 19  Bash
      page-05 步 20  Bash
      page-05 步 21  Bash
      page-05 步 22  Bash
      page-01 步 20  Bash
      page-05 步 23  Bash
      page-05 步 24  Bash
      page-01 步 21  Bash
      page-05 步 25  Bash
      page-01 步 22  Bash
      page-05 步 26  Bash
      page-05 步 27  Bash
      page-01 步 23  Bash
      page-05 步 28  Bash
      page-01 步 24  Bash
      page-01 步 25  Bash
      page-05 步 29  Bash
      page-01 步 26  Skill
      page-05 步 30  Bash
      page-05 步 31  Bash
      page-05 步 32  Bash
      page-01 步 27  Bash
      page-05 步 33  Bash
      page-01 步 28  Bash
      page-05 步 34  Bash
      page-05 步 35  Bash
      page-05 步 36  Bash
      page-05 步 37  Bash
      page-05 步 38  Bash
      page-05 步 39  Bash
      page-05 步 40  Bash
      page-05 步 41  Bash
      page-05 步 42  Bash
      page-05 步 43  Bash
      page-05 步 44  Bash
      page-01 步 29  Write
      page-01 步 30  Bash
      page-05 步 45  Bash
      page-01 步 31  Bash
      page-01 步 32  Edit
      page-01 步 33  Bash
      page-05 步 46  Bash
      page-05 步 47  Bash
      page-01 步 34  Bash
      page-05 步 48  Read
      page-05 步 49  Bash
      page-01 步 35  Edit
      page-01 步 36  Bash
      page-01 步 37  Read
      page-05 步 50  Bash
      page-01 步 38  Bash
  page-01  ✓   39 次调用   19.2 分  selfcheck  5  skill 1  自检干净。完成报告:

## 完成情况

构建了 `page-01.html`(开场页,`focus` 版式),内容:

      page-05 步 51  Bash
      page-05 步 52  Bash
      page-05 步 53  Bash
      page-05 步 54  Bash
      page-05 步 55  Bash
      page-05 步 56  Bash
      page-05 步 57  Bash
      page-05 步 58  Bash
      page-05 步 59  Bash
      page-05 步 60  Read
      page-05 步 61  Bash
      page-05 步 62  Bash
      page-05 步 63  Bash
      page-05 步 64  Bash
      page-05 步 65  Bash
      page-05 步 66  Read
      page-05 步 67  Bash
      page-05 步 68  Bash
      page-05 步 69  Bash
      page-05 步 70  Bash
      page-05 步 71  Read
      page-05 步 72  Bash
      page-05 步 73  Bash
      page-05 步 74  Bash
      page-05 步 75  Bash
      page-05 步 76  Bash
      page-05 步 77  Bash
      page-05 步 78  Bash
      page-05 步 79  Bash
      page-05 步 80  Bash
      page-05 步 81  Bash
      page-05 步 82  Bash
      page-05 步 83  Bash
      page-05 步 84  Bash
      page-05 步 85  Bash
      page-05 步 86  Bash
      page-05 步 87  Bash
      page-05 步 88  Bash
      page-05 步 89  Bash
      page-05 步 90  Bash
      page-05 步 91  Bash
      page-05 步 92  Bash
  page-05  ✗   92 次调用   64.1 分  selfcheck  9  skill 1  超过单页时限 3600s

  1/2 页交付   墙钟 64.1 分
  每页调用数 39–92,中位 92   合计 131
  selfcheck 合计 14   Skill 合计 2
  指派 skill 2 项,实际读到 2 项
  ✗ page-05: 超过单页时限 3600s
