
▸ builder · ape-g17
  50 页,并发 12,effort=low,skill 块 242–827 字符/页(中位 437,全清单是 9,221)

      page-06 步  1  Read Read Read Read Read Skill
      page-08 步  1  Read Read Read Read Read Skill Skill
      page-02 步  1  Read Read Read Read Read Skill Skill
      page-12 步  1  Read Read Read Read Read Skill Skill
      page-04 步  1  Read Read Read Read Read Skill Skill
      page-05 步  1  Read Read Read Read Read Skill Skill
      page-11 步  1  Read Read Read Read Read Skill Skill
      page-09 步  1  Read Read Read Read Read Skill Skill
      page-01 步  1  Read Read Read Read Read Skill Skill
      page-10 步  1  Read Read Read Read Read Skill Skill
      page-03 步  1  Read Read Read Read Read Skill
      page-07 步  1  Read Read Read Read Read Skill Skill Skill
      page-12 步  2  Read Read
      page-06 步  2  Read Bash
      page-03 步  2  Read Bash
      page-01 步  2  Read Read Bash
      page-08 步  2  Read Read
      page-11 步  2  Read Read Bash
      page-05 步  2  Read Read
      page-02 步  2  Read Read
      page-07 步  2  Read Read Bash
      page-09 步  2  Read Bash
      page-10 步  2  Read Read
      page-04 步  2  Read
      page-11 步  3  Bash
      page-05 步  3  Bash
      page-08 步  3  Bash
      page-12 步  3  Bash
      page-09 步  3  Bash
      [page-09] RateLimitError 等 4s 重试 1/8
      page-05 步  4  Read
      page-11 步  4  Read
      [page-05] RateLimitError 等 5s 重试 1/8
      [page-11] RateLimitError 等 5s 重试 1/8
      page-12 步  4  Bash
      [page-12] RateLimitError 等 6s 重试 1/8
      [page-09] RateLimitError 等 15s 重试 2/8
      [page-05] RateLimitError 等 11s 重试 2/8
      page-10 步  3  Bash
      [page-10] RateLimitError 等 6s 重试 1/8
      [page-11] RateLimitError 等 14s 重试 2/8
      [page-12] RateLimitError 等 19s 重试 2/8
      page-01 步  3  Write
      [page-01] RateLimitError 等 6s 重试 1/8
      page-06 步  3  Write
      [page-06] RateLimitError 等 4s 重试 1/8
      [page-10] RateLimitError 等 11s 重试 2/8
      page-03 步  3  Write
      [page-03] RateLimitError 等 5s 重试 1/8
      [page-06] RateLimitError 等 18s 重试 2/8
      [page-05] RateLimitError 等 46s 重试 3/8
      [page-01] RateLimitError 等 18s 重试 2/8
      page-07 步  3  Write
      [page-09] RateLimitError 等 30s 重试 3/8
      [page-11] RateLimitError 等 46s 重试 3/8
      [page-03] RateLimitError 等 19s 重试 2/8
      [page-07] RateLimitError 等 6s 重试 1/8
      [page-10] RateLimitError 等 38s 重试 3/8
      page-02 步  3  Write
      page-04 步  3  Write
      [page-02] RateLimitError 等 6s 重试 1/8
      [page-04] RateLimitError 等 6s 重试 1/8
      [page-12] RateLimitError 等 49s 重试 3/8
      [page-07] RateLimitError 等 19s 重试 2/8
      [page-02] RateLimitError 等 14s 重试 2/8
      [page-04] RateLimitError 等 18s 重试 2/8
      [page-06] RateLimitError 等 44s 重试 3/8
      [page-01] RateLimitError 等 41s 重试 3/8
      page-08 步  4  Write
      [page-03] RateLimitError 等 44s 重试 3/8
      [page-08] RateLimitError 等 5s 重试 1/8
      [page-08] RateLimitError 等 15s 重试 2/8
      [page-09] RateLimitError 等 85s 重试 4/8
      [page-07] RateLimitError 等 32s 重试 3/8
      [page-02] RateLimitError 等 47s 重试 3/8
      [page-04] RateLimitError 等 50s 重试 3/8
      page-08 步  5  Bash
      page-10 步  4  Read
      page-08 步  6  Edit
      page-12 步  5  Read
      page-01 步  4  Bash
      page-06 步  4  Bash
      page-07 步  4  Bash
      page-08 步  7  Edit
      page-03 步  4  Bash
      page-05 步  5  Write
      page-08 步  8  Edit
      page-08 步  9  Bash
      page-11 步  5  Write
      page-07 步  5  Bash Bash Bash Bash
      page-01 步  5  Edit
      page-02 步  4  Bash
      page-05 步  6  Bash
      page-06 步  5  Edit
      page-03 步  5  Edit
      page-11 步  6  Bash
      page-10 步  5  Write
      page-01 步  6  Edit
      page-08 步 10  Edit
      page-04 步  4  Bash
      page-03 步  6  Bash
      page-02 步  5  Edit
  page-05  ✓    7 次调用    2.3 分  selfcheck  1  skill 2  已完成第 5 页构建，并通过 selfcheck：无 JS 报错、加载失败、越界或裁切问题。
      page-10 步  6  Bash
      page-02 步  6  Bash
  page-07  ✓    6 次调用    2.3 分  selfcheck  5  skill 3  已完成第 7 页构建与全部交互状态自检。
      page-06 步  6  Edit
      page-13 步  1  Read Read Read Read Read Skill
      page-08 步 11  Edit
      page-11 步  7  Bash
      page-01 步  7  Edit
      page-13 步  2  Read Read Bash
      page-10 步  7  Edit
      page-14 步  1  Read Read Read Read Read Skill Skill
      page-06 步  7  Edit
      page-02 步  7  Bash
      page-08 步 12  Edit
      page-03 步  7  Edit
      page-12 步  6  Write
      page-04 步  5  Edit
      page-10 步  8  Bash Bash Bash
      page-14 步  2  Read
      page-06 步  8  Edit
      page-01 步  8  Edit
  page-11  ✓    8 次调用    2.6 分  selfcheck  2  skill 2  已完成 `page-11.html`，并通过初态、全部归位态及重置态 selfcheck。
      page-08 步 13  Bash
      page-12 步  7  Bash
      page-13 步  3  Bash
      page-03 步  8  Bash
      page-06 步  9  Edit
      page-01 步  9  Bash
      page-04 步  6  Edit
  page-02  ✓    8 次调用    2.7 分  selfcheck  3  skill 2  已完成 `page-02.html`，并通过默认、答对、答错、完成与重置状态的 selfcheck。
      page-15 步  1  Read Read Read Read Read Skill Skill
      page-13 步  4  Bash
  page-10  ✓    9 次调用    2.8 分  selfcheck  4  skill 2  已完成 `page-10.html`，并通过初态、键盘交互及复位状态的 selfcheck；无 JS 错误、加载失败、越
      page-04 步  7  Edit
      page-06 步 10  Edit
      page-16 步  1  Read Read Read Read Read Skill Skill Skill
      page-03 步  9  Edit
      page-12 步  8  Edit
      page-08 步 14  Edit
      page-01 步 10  Edit
      page-17 步  1  Read Read Read Read Read Skill Skill
      page-09 步  4  Read
      page-16 步  2  Read Read
      page-08 步 15  Bash
      page-01 步 11  Bash
      page-04 步  8  Bash
      page-12 步  9  Edit
      page-15 步  2  Read Read Bash
      page-06 步 11  Edit
      page-03 步 10  Bash
      page-17 步  2  Read Read Bash
      page-06 步 12  Bash
      page-12 步 10  Bash
      page-09 步  5  Bash
      page-16 步  3  Bash
      page-04 步  9  Edit
      page-14 步  3  Write
      page-17 步  3  Bash
      page-08 步 16  Edit
      page-04 步 10  Edit
      page-03 步 11  Edit
      page-14 步  4  Bash
      page-16 步  4  Bash
      page-17 步  4  Read
      page-06 步 13  Edit
      page-08 步 17  Bash
      page-01 步 12  Bash
      page-04 步 11  Edit
      page-03 步 12  Bash
      page-14 步  5  Edit
      page-06 步 14  Edit
      page-04 步 12  Bash
  page-03  ✓   13 次调用    3.3 分  selfcheck  5  skill 1  已完成 `page-03.html`，并通过 selfcheck：无脚本错误、资源加载失败、越界或裁切问题，画面占用率 
      page-12 步 11  Edit
      page-01 步 13  Edit
      page-06 步 15  Bash
      page-13 步  5  Write
      page-08 步 18  Edit
      page-18 步  1  Read Read Read Read Read Skill Skill
      page-14 步  6  Bash
      page-01 步 14  Bash
      page-08 步 19  Bash
      page-13 步  6  Bash
      page-12 步 12  Edit
      page-04 步 13  Edit
      page-18 步  2  Read
      page-15 步  3  Write
      page-14 步  7  Bash
  page-06  ✓   16 次调用    3.5 分  selfcheck  3  skill 1  已完成第 6 页构建，并通过 selfcheck。
      page-04 步 14  Edit
      page-08 步 20  Edit
      page-13 步  7  Bash
      page-09 步  6  Write
      page-12 步 13  Edit
      page-15 步  4  Bash
      page-19 步  1  Read Read Read Read Read Skill Skill
      page-04 步 15  Bash
      page-08 步 21  Bash
  page-14  ✓    8 次调用    1.3 分  selfcheck  3  skill 2  已完成第 14 页互动分类图与“给牙齿配菜单”归仓游戏，并通过初态、完成态 selfcheck。
      page-09 步  7  Bash
      page-19 步  2  Read
      page-12 步 14  Bash
      page-15 步  5  Edit
      page-01 步 15  Edit
  page-13  ✓    8 次调用    1.5 分  selfcheck  2  skill 1  已完成 `page-13.html`：包含对齐比较表、双滑块联动模型、D3 动态时间轴、实时读数、复位与无障碍支持。初态
      page-20 步  1  Read Read Read Read Read Skill Skill
  page-09  ✓    8 次调用    3.8 分  selfcheck  1  skill 2  已完成 `page-09.html`，并通过 selfcheck：无 JS 错误、资源加载失败、越界或裁切问题。
      page-01 步 16  Edit
      page-21 步  1  Read Read Read Read Read Skill Skill
      page-16 步  5  Write
      page-04 步 16  Edit
      page-15 步  6  Edit
      page-20 步  2  Read Read Bash
      page-08 步 22  Edit
      page-22 步  1  Read Read Read Read Read Skill Skill Skill
      page-01 步 17  Bash
      page-04 步 17  Bash
      page-16 步  6  Bash
      page-15 步  7  Edit
      page-18 步  3  Write
      page-08 步 23  Bash
      page-12 步 15  Edit
      page-17 步  5  Write
      page-20 步  3  Bash
      page-15 步  8  Bash
      page-01 步 18  Bash
      page-16 步  7  Bash
      page-18 步  4  Bash
      page-12 步 16  Edit
      [page-12] RateLimitError 等 5s 重试 1/8
      [page-18] RateLimitError 等 4s 重试 1/8
      [page-01] RateLimitError 等 6s 重试 1/8
      page-20 步  4  Bash
      [page-20] RateLimitError 等 5s 重试 1/8
      page-17 步  6  Bash
      page-04 步 18  Edit
      [page-04] RateLimitError 等 6s 重试 1/8
      [page-15] RateLimitError 等 4s 重试 1/8
      [page-17] RateLimitError 等 4s 重试 1/8
      page-08 步 24  Bash
      page-21 步  2  Read Read Bash
      [page-18] RateLimitError 等 19s 重试 2/8
      [page-12] RateLimitError 等 16s 重试 2/8
      page-22 步  2  Read Read Bash
      [page-22] RateLimitError 等 6s 重试 1/8
      [page-20] RateLimitError 等 15s 重试 2/8
      [page-01] RateLimitError 等 15s 重试 2/8
      [page-21] RateLimitError 等 4s 重试 1/8
      [page-08] RateLimitError 等 6s 重试 1/8
      [page-15] RateLimitError 等 11s 重试 2/8
      [page-17] RateLimitError 等 12s 重试 2/8
      [page-04] RateLimitError 等 11s 重试 2/8
      page-16 步  8  Edit
      [page-16] RateLimitError 等 4s 重试 1/8
      [page-21] RateLimitError 等 12s 重试 2/8
      [page-22] RateLimitError 等 16s 重试 2/8
      [page-16] RateLimitError 等 15s 重试 2/8
      [page-08] RateLimitError 等 15s 重试 2/8
      [page-15] RateLimitError 等 49s 重试 3/8
      [page-04] RateLimitError 等 29s 重试 3/8
      [page-17] RateLimitError 等 35s 重试 3/8
      page-19 步  3  Write
      [page-12] RateLimitError 等 46s 重试 3/8
      [page-01] RateLimitError 等 30s 重试 3/8
      [page-19] RateLimitError 等 6s 重试 1/8
      [page-20] RateLimitError 等 28s 重试 3/8
      [page-21] RateLimitError 等 44s 重试 3/8
      [page-18] RateLimitError 等 40s 重试 3/8
      [page-19] RateLimitError 等 12s 重试 2/8
      [page-22] RateLimitError 等 33s 重试 3/8
      [page-08] RateLimitError 等 32s 重试 3/8
      [page-16] RateLimitError 等 30s 重试 3/8
      [page-19] RateLimitError 等 44s 重试 3/8
      [page-04] RateLimitError 等 82s 重试 4/8
      [page-20] RateLimitError 等 116s 重试 4/8
      [page-01] RateLimitError 等 71s 重试 4/8
      [page-17] RateLimitError 等 112s 重试 4/8
      page-22 步  3  Bash
      page-08 步 25  Read
      page-16 步  9  Bash
      page-21 步  3  Bash
  page-15  ✓    9 次调用    2.7 分  selfcheck  2  skill 2  已完成 `page-15.html`：包含可拖动与键盘旋转的三维石器、结构热点引线、四步因果轴、实物参照和复位操作。初态
      page-22 步  4  Bash
      page-12 步 17  Edit
      page-18 步  5  Edit
  page-16  ✓   10 次调用    2.6 分  selfcheck  2  skill 3  已完成第 16 页构建，并通过 selfcheck：无 JS 报错、加载失败、越界或裁切。
      page-22 步  5  Bash
      page-23 步  1  Read Read Read Read Read Skill Skill
      page-12 步 18  Bash
      page-21 步  4  Read
      page-24 步  1  Read Read Read Read Read Skill Skill
      page-08 步 26  Edit
      page-18 步  6  Bash
      page-22 步  6  Bash
      page-24 步  2  Read Read
      page-08 步 27  Edit
      page-12 步 19  Edit
      page-23 步  2  Read Read Bash
      page-19 步  4  Bash
      page-18 步  7  Edit
      page-22 步  7  Bash
      page-08 步 28  Bash
      page-12 步 20  Bash
      page-23 步  3  Bash
      page-22 步  8  Bash
      page-23 步  4  Bash
      page-18 步  8  Edit
      page-19 步  5  Edit
      page-12 步 21  Edit
      page-22 步  9  Read
      page-23 步  5  Bash
      page-18 步  9  Edit
      page-12 步 22  Bash
      page-19 步  6  Edit
      page-08 步 29  Edit
      page-18 步 10  Edit
      page-19 步  7  Edit
      page-18 步 11  Edit
      page-21 步  5  Write
      page-08 步 30  Bash
      page-12 步 23  Edit
      page-18 步 12  Bash
      page-21 步  6  Bash
      page-24 步  3  Write
      page-19 步  8  Bash
      page-01 步 19  Read
      page-12 步 24  Edit
      page-08 步 31  Bash
      page-12 步 25  Bash
      page-24 步  4  Bash
      page-18 步 13  Edit
      page-21 步  7  Edit
      page-19 步  9  Edit
      page-01 步 20  Edit
      page-22 步 10  Write
      page-18 步 14  Edit
      page-04 步 19  Bash
      page-12 步 26  Edit
      page-21 步  8  Bash
      page-19 步 10  Edit
      page-01 步 21  Bash
      page-22 步 11  Bash
  page-08  ✓   32 次调用    6.5 分  selfcheck 12  skill 2  已完成 `page-08.html`，并通过初态、滑块两端及复位状态的 selfcheck。
      page-18 步 15  Edit
      page-24 步  5  Edit
      page-19 步 11  Bash
  page-01  ✓   22 次调用    6.5 分  selfcheck  7  skill 2  已完成 `page-01.html`，并通过 selfcheck：无 JS 错误、资源加载失败、越界、裁切或字号问题。
      page-22 步 12  Bash Bash
      page-04 步 20  Edit
      page-24 步  6  Bash
      page-18 步 16  Edit
      page-23 步  6  Write
      page-21 步  9  Edit
      page-26 步  1  Read Read Read Read Read Skill Skill Skill
      page-25 步  1  Read Read Read Read Read Skill Skill Skill
      page-04 步 21  Edit
      page-23 步  7  Bash
      page-21 步 10  Bash
  page-22  ✓   13 次调用    2.9 分  selfcheck  3  skill 3  已完成 `page-22.html`，并通过初态、滑块终态与复位状态自检。
      page-18 步 17  Bash
      page-12 步 27  Edit
      page-26 步  2  Read Read Bash
      page-04 步 22  Edit
      page-19 步 12  Edit
      page-27 步  1  Read Read Read Read Read Skill Skill Skill
      page-25 步  2  Read Read Bash
      page-12 步 28  Bash
      page-24 步  7  Edit
      page-21 步 11  Bash
      page-25 步  3  Bash
      page-04 步 23  Bash
      page-26 步  3  Bash
      page-18 步 18  Edit
      page-27 步  2  Read Read Bash
      page-12 步 29  Bash
      page-19 步 13  Edit
      page-25 步  4  Read
      page-20 步  5  Bash
      page-18 步 19  Edit
      page-24 步  8  Edit
      page-23 步  8  Edit
      page-25 步  5  Read
      page-17 步  7  Edit
      page-18 步 20  Bash
      page-21 步 12  Edit
      page-19 步 14  Bash
      page-25 步  6  Bash
      page-24 步  9  Edit
  page-12  ✓   30 次调用    7.1 分  selfcheck  9  skill 2  已完成 `page-12.html`：构建交互式能量账本、斑块拖放与键盘选择、动态收支瀑布图、胜负反馈、复位及 redu
      page-17 步  8  Bash
      page-20 步  6  Bash
      page-28 步  1  Read Read Read Read Read Skill
      page-21 步 13  Edit
      page-04 步 24  Edit
      page-24 步 10  Bash
      page-28 步  2  Read Bash
      page-19 步 15  Edit
      page-18 步 21  Edit
      page-21 步 14  Edit
  page-17  ✓    9 次调用    4.5 分  selfcheck  2  skill 2  已完成 `page-17.html`，并通过初态及三个分支完全展开状态的 selfcheck。
      page-04 步 25  Edit
      page-23 步  9  Bash Bash Bash
      page-24 步 11  Edit
      page-21 步 15  Bash
      page-19 步 16  Edit
      page-18 步 22  Edit
      page-29 步  1  Read Read Read Read Read Skill Skill Skill Skill
      page-04 步 26  Bash
      page-24 步 12  Edit
      page-29 步  2  Read Read Bash
      page-18 步 23  Edit
      page-26 步  4  Write
      page-23 步 10  Bash
      page-19 步 17  Bash Bash
      page-28 步  3  Write
      page-26 步  5  Bash
      page-27 步  3  Write
  page-21  ✓   16 次调用    3.7 分  selfcheck  4  skill 2  已完成 `page-21.html`：构建对齐比较表、真实手斧照片、可拖动对称轴、指针揭示镜像差异、键盘操作与复位功能。
      page-28 步  4  Bash
      page-29 步  3  Bash
      page-18 步 24  Edit
      page-23 步 11  Read
      page-24 步 13  Bash
      page-29 步  4  Read
      page-30 步  1  Read Read Read Read Read Skill Skill
  page-19  ✓   18 次调用    4.0 分  selfcheck  6  skill 2  已完成 `page-19.html`，并通过初态与完成态 selfcheck。
      page-27 步  4  Bash
      page-04 步 27  Edit
      page-20 步  7  Write
      page-30 步  2  Read Read Bash
      page-31 步  1  Read Read Read Read Read Skill Skill
      page-26 步  6  Bash Bash Bash
      page-04 步 28  Edit
      page-18 步 25  Edit
      page-23 步 12  Edit
      page-20 步  8  Bash
      page-31 步  2  Read Read Bash
      page-18 步 26  Bash
      page-24 步 14  Edit
      page-04 步 29  Edit
      page-23 步 13  Edit
      page-30 步  3  Read
      page-31 步  3  Read
      page-04 步 30  Edit
      page-24 步 15  Edit
  page-26  ✓    7 次调用    1.3 分  selfcheck  4  skill 3  已完成 `page-26.html`，并通过初态、完成态与复位态 selfcheck。
      page-25 步  7  Write
      page-27 步  5  Edit
      page-30 步  4  Read
      page-31 步  4  Bash
      page-23 步 14  Bash
      page-28 步  5  Edit
      page-04 步 31  Bash
      page-25 步  8  Bash
      page-32 步  1  Read Read Read Read Read Skill Skill Skill
      page-28 步  6  Bash
      page-20 步  9  Edit
      page-24 步 16  Bash
      page-31 步  5  Bash
      page-18 步 27  Edit
      page-04 步 32  Bash
  page-23  ✓   15 次调用    2.8 分  selfcheck  6  skill 2  已完成 `page-23.html`，并通过初始态、提交态 selfcheck：无报错、无越界、无裁切，画面占用 78%
      page-27 步  6  Edit
      page-20 步 10  Bash
      page-29 步  5  Write
  page-28  ✓    7 次调用    1.1 分  selfcheck  2  skill 1  已完成第 28 页构建，并通过 selfcheck。
      page-33 步  1  Read Read Read Read Read Skill Skill Skill
      page-25 步  9  Bash Bash Bash
      page-32 步  2  Read Read Bash
      page-04 步 33  Bash
      page-29 步  6  Bash
      page-18 步 28  Bash
      page-34 步  1  Read Read Read Read Read Skill Skill Skill
      page-32 步  3  Read
      page-33 步  2  Read Read Bash
      [page-25] RateLimitError 等 5s 重试 1/8
      [page-33] RateLimitError 等 6s 重试 1/8
      page-27 步  7  Bash
  page-04  ✓   34 次调用    8.3 分  selfcheck 11  skill 2  已完成 `page-04.html`，并通过初态、全部归仓、错误反馈与复位状态的 selfcheck。
      [page-35] RateLimitError 等 5s 重试 1/8
      page-24 步 17  Edit
      [page-24] RateLimitError 等 5s 重试 1/8
      [page-27] RateLimitError 等 4s 重试 1/8
      page-29 步  7  Bash Bash
      [page-25] RateLimitError 等 12s 重试 2/8
      page-20 步 11  Edit
      [page-33] RateLimitError 等 16s 重试 2/8
      [page-20] RateLimitError 等 6s 重试 1/8
      [page-29] RateLimitError 等 6s 重试 1/8
      [page-27] RateLimitError 等 15s 重试 2/8
      [page-24] RateLimitError 等 19s 重试 2/8
      page-34 步  2  Read Read Bash
      [page-34] RateLimitError 等 5s 重试 1/8
      [page-35] RateLimitError 等 16s 重试 2/8
      page-18 步 29  Edit
      [page-20] RateLimitError 等 14s 重试 2/8
      [page-29] RateLimitError 等 15s 重试 2/8
      [page-18] RateLimitError 等 4s 重试 1/8
      [page-25] RateLimitError 等 30s 重试 3/8
      [page-34] RateLimitError 等 18s 重试 2/8
      page-30 步  5  Write
      [page-18] RateLimitError 等 16s 重试 2/8
      [page-30] RateLimitError 等 6s 重试 1/8
      page-31 步  6  Write
      [page-31] RateLimitError 等 5s 重试 1/8
      [page-33] RateLimitError 等 51s 重试 3/8
      [page-35] RateLimitError 等 37s 重试 3/8
      [page-27] RateLimitError 等 43s 重试 3/8
      [page-24] RateLimitError 等 43s 重试 3/8
      [page-20] RateLimitError 等 38s 重试 3/8
      [page-30] RateLimitError 等 13s 重试 2/8
      [page-31] RateLimitError 等 13s 重试 2/8
      [page-29] RateLimitError 等 40s 重试 3/8
      [page-18] RateLimitError 等 42s 重试 3/8
      [page-34] RateLimitError 等 50s 重试 3/8
      [page-30] RateLimitError 等 29s 重试 3/8
      page-32 步  4  Write
      [page-32] RateLimitError 等 6s 重试 1/8
      [page-31] RateLimitError 等 32s 重试 3/8
      [page-25] RateLimitError 等 111s 重试 4/8
      [page-32] RateLimitError 等 18s 重试 2/8
      [page-35] RateLimitError 等 114s 重试 4/8
      [page-20] RateLimitError 等 86s 重试 4/8
      [page-32] RateLimitError 等 42s 重试 3/8
      [page-27] RateLimitError 等 90s 重试 4/8
      [page-29] RateLimitError 等 80s 重试 4/8
      [page-30] RateLimitError 等 95s 重试 4/8
      [page-24] RateLimitError 等 65s 重试 4/8
      [page-33] RateLimitError 等 116s 重试 4/8
      [page-31] RateLimitError 等 87s 重试 4/8
      [page-18] RateLimitError 等 113s 重试 4/8
      [page-34] RateLimitError 等 95s 重试 4/8
      page-32 步  5  Bash
      page-32 步  6  Edit
      page-32 步  7  Bash
      page-24 步 18  Edit
      page-32 步  8  Edit
      page-32 步  9  Edit
      page-24 步 19  Bash
      page-32 步 10  Bash
  page-29  ✓    8 次调用    3.7 分  selfcheck  3  skill 4  已完成 `page-29.html`：构建真空失压过程图、阀门交互、动态压力与氧分压读数、风险节点反馈及重置机制。已通过
      page-36 步  1  Read Read Read Read Read Skill Skill
      page-24 步 20  Edit
      page-32 步 11  Edit
      page-24 步 21  Bash
      page-27 步  8  Edit
  page-25  ✓   10 次调用    4.7 分  selfcheck  4  skill 3  已完成 `page-25.html`，并通过初态、第 50 代、第 100 代及复位态 selfcheck，自检无报错、
      page-36 步  2  Read Read Bash
      page-32 步 12  Bash
      page-31 步  7  Bash
      page-30 步  6  Bash
      page-20 步 12  Edit
      page-37 步  1  Read Read Read Read Read Skill Skill Skill
      page-36 步  3  Bash
      page-32 步 13  Edit
      page-24 步 22  Edit
      page-20 步 13  Bash
      page-30 步  7  Bash Bash Bash
      page-35 步  1  Read Read Read Read Read Skill Skill Skill
      page-37 步  2  Read Read Bash Bash
      page-36 步  4  Bash
      page-32 步 14  Bash
      page-27 步  9  Bash
      page-31 步  8  Edit
      page-36 步  5  Read
      page-24 步 23  Edit
      page-37 步  3  Read Bash
      page-31 步  9  Bash
      page-32 步 15  Edit
      page-35 步  2  Read Read Bash
      page-34 步  3  Bash
  page-30  ✓    8 次调用    4.0 分  selfcheck  4  skill 2  已完成第 30 页：构建氧分压交互坐标场、双列比较矩阵、总压与氧比例滑块、风险反馈及复位功能。已通过初态、滑块端点与复位
      page-36 步  6  Read
      page-20 步 14  Edit
      page-35 步  3  Read
      page-37 步  4  Bash
      page-27 步 10  Edit
      page-38 步  1  Skill Skill Skill Bash
      page-24 步 24  Bash
      page-34 步  4  Read
      page-20 步 15  Bash
      page-32 步 16  Bash
      page-27 步 11  Bash
      page-31 步 10  Edit
      page-35 步  4  Bash
      page-18 步 30  Bash
      page-31 步 11  Bash
      page-34 步  5  Bash
      page-38 步  2  Read Read Read Read Read Read Read Read Read
  page-32  ✓   17 次调用    3.9 分  selfcheck  6  skill 3  已完成 `page-32.html`：构建了 Three.js 三维轨道自由落体小游戏，包含速度调节、发射、实时轨迹、重
      page-24 步 25  Edit
      page-27 步 12  Edit
      page-39 步  1  Read Read Read Read Read Skill Skill
      page-38 步  3  Read Bash
      page-18 步 31  Edit
      page-24 步 26  Edit
      page-31 步 12  Edit
      page-20 步 16  Edit
      page-34 步  6  Bash
      page-27 步 13  Bash
      page-31 步 13  Bash
      page-18 步 32  Edit
      page-38 步  4  Read
      page-20 步 17  Bash
      page-39 步  2  Read Bash
      page-24 步 27  Edit
      page-33 步  3  Write
      page-36 步  7  Write
      page-18 步 33  Bash
      page-39 步  3  Read
      page-38 步  5  Bash
      page-27 步 14  Edit
      page-24 步 28  Bash
  page-20  ✓   18 次调用    8.5 分  selfcheck  5  skill 2  已完成 `page-20.html`：实现五步任务链排程、拖放与键盘点选、前置条件校验、刃缘磨损/换片反馈、动态计时、胜
      page-33 步  4  Bash
      page-27 步 15  Edit
      page-36 步  8  Bash
      page-37 步  5  Write
      page-40 步  1  Read Read Read Read Read Skill
      page-18 步 34  Edit
      page-24 步 29  Edit
      page-31 步 14  Edit
      page-37 步  6  Bash
      page-27 步 16  Edit
      page-24 步 30  Bash
      page-40 步  2  Read Bash
      page-31 步 15  Bash
      page-18 步 35  Bash
      page-36 步  9  Edit
      page-33 步  5  Edit
      page-27 步 17  Edit
      page-34 步  7  Write
      page-18 步 36  Edit
      page-35 步  5  Write
      page-36 步 10  Edit
      page-27 步 18  Edit
      page-33 步  6  Edit
      page-34 步  8  Bash
      page-37 步  7  Edit
      page-31 步 16  Edit
      page-18 步 37  Bash
      page-36 步 11  Bash
      page-35 步  6  Bash
      page-27 步 19  Bash
      page-24 步 31  Edit
      page-31 步 17  Edit
      page-37 步  8  Edit
      page-33 步  7  Edit
      page-34 步  9  Bash Bash
      page-24 步 32  Edit
      page-18 步 38  Edit
      page-31 步 18  Bash
      page-39 步  4  Write
      page-35 步  7  Bash
      page-40 步  3  Write
      page-37 步  9  Edit
      page-24 步 33  Bash
      page-18 步 39  Edit
      page-35 步  8  Bash
      page-39 步  5  Bash
      page-27 步 20  Edit
  page-34  ✓   10 次调用    4.6 分  selfcheck  3  skill 3  已完成 `page-34.html`，并通过初态、6 个月终态及复位状态自检。
      page-33 步  8  Bash
      page-40 步  4  Bash
      page-36 步 12  Bash
      page-37 步 10  Bash
      page-41 步  1  Read Read Read Read Read Skill Skill
      page-18 步 40  Bash
      page-35 步  9  Edit
      page-24 步 34  Edit
      page-31 步 19  Edit
      page-41 步  2  Read Bash
      page-35 步 10  Edit
      page-38 步  6  Write
      page-31 步 20  Bash
      page-41 步  3  Read
      page-27 步 21  Edit
      page-37 步 11  Edit
      page-24 步 35  Edit
      page-40 步  5  Edit
      page-18 步 41  Edit
      page-33 步  9  Edit
      page-39 步  6  Edit
      page-38 步  7  Bash
      page-27 步 22  Bash
      page-41 步  4  Read
      page-35 步 11  Bash
      page-33 步 10  Bash
      page-37 步 12  Edit
  page-36  ✓   13 次调用    2.2 分  selfcheck  3  skill 2  已完成并通过全部交互状态自检。
      page-18 步 42  Bash
      page-24 步 36  Bash
      page-42 步  1  Read Read Read Read Read Skill Skill Skill
      page-37 步 13  Edit
      page-41 步  5  Bash
      page-38 步  8  Bash Bash
      page-27 步 23  Bash
      page-31 步 21  Edit
      page-39 步  7  Edit
      page-33 步 11  Edit
      page-18 步 43  Edit
      page-35 步 12  Bash
      page-24 步 37  Edit
      page-37 步 14  Edit
      page-40 步  6  Edit
      page-31 步 22  Edit
      page-42 步  2  Read Read Bash
      page-18 步 44  Bash
      page-27 步 24  Read
      page-39 步  8  Edit
  page-38  ✓    9 次调用    1.9 分  selfcheck  3  skill 3  已完成第 38 页：生命保障系统嵌套分类图、D3 六路接线交互、键盘操作、动态读数、重置与 reduced-motion
      page-40 步  7  Bash
      page-33 步 12  Bash
      page-37 步 15  Bash
      page-24 步 38  Bash
      page-39 步  9  Edit
      page-35 步 13  Edit
      page-18 步 45  Edit
      page-43 步  1  Read Read Read Read Read Skill Skill Skill
      [page-24] RateLimitError 等 4s 重试 1/8
      [page-39] RateLimitError 等 4s 重试 1/8
      [page-37] RateLimitError 等 5s 重试 1/8
      page-42 步  3  Read
      [page-42] RateLimitError 等 6s 重试 1/8
      [page-35] RateLimitError 等 6s 重试 1/8
      [page-43] RateLimitError 等 6s 重试 1/8
      page-31 步 23  Bash
      [page-33] RateLimitError 等 6s 重试 1/8
      page-18 步 46  Bash
      [page-24] RateLimitError 等 18s 重试 2/8
      [page-39] RateLimitError 等 18s 重试 2/8
      [page-42] RateLimitError 等 17s 重试 2/8
      page-27 步 25  Edit
      [page-37] RateLimitError 等 17s 重试 2/8
      [page-31] RateLimitError 等 5s 重试 1/8
      [page-27] RateLimitError 等 5s 重试 1/8
      [page-18] RateLimitError 等 4s 重试 1/8
      [page-35] RateLimitError 等 19s 重试 2/8
      [page-43] RateLimitError 等 12s 重试 2/8
      [page-33] RateLimitError 等 12s 重试 2/8
      page-40 步  8  Edit
      [page-18] RateLimitError 等 13s 重试 2/8
      [page-27] RateLimitError 等 19s 重试 2/8
      [page-40] RateLimitError 等 6s 重试 1/8
      [page-31] RateLimitError 等 16s 重试 2/8
      [page-40] RateLimitError 等 12s 重试 2/8
      [page-43] RateLimitError 等 31s 重试 3/8
      [page-33] RateLimitError 等 50s 重试 3/8
      page-41 步  6  Write
      [page-39] RateLimitError 等 49s 重试 3/8
      [page-41] RateLimitError 等 4s 重试 1/8
      [page-37] RateLimitError 等 48s 重试 3/8
      [page-24] RateLimitError 等 37s 重试 3/8
      [page-42] RateLimitError 等 52s 重试 3/8
      [page-18] RateLimitError 等 35s 重试 3/8
      [page-35] RateLimitError 等 31s 重试 3/8
      [page-41] RateLimitError 等 11s 重试 2/8
      [page-31] RateLimitError 等 30s 重试 3/8
      [page-40] RateLimitError 等 42s 重试 3/8
      [page-27] RateLimitError 等 50s 重试 3/8
      [page-41] RateLimitError 等 50s 重试 3/8
      [page-43] RateLimitError 等 77s 重试 4/8
      page-35 步 14  Bash
      page-18 步 47  Edit
      page-24 步 39  Edit
      page-18 步 48  Bash
      page-35 步 15  Edit
      page-39 步 10  Bash
      page-40 步  9  Bash
      page-31 步 24  Edit
      page-24 步 40  Bash
      page-18 步 49  Edit
      page-33 步 13  Edit
      page-42 步  4  Bash
      page-35 步 16  Bash
      page-37 步 16  Edit
      page-31 步 25  Bash
      page-33 步 14  Bash
      page-40 步 10  Edit
      page-27 步 26  Edit
      page-40 步 11  Bash
      page-33 步 15  Edit
      page-18 步 50  Bash
      page-24 步 41  Edit
      page-39 步 11  Edit
      page-41 步  7  Bash
      page-24 步 42  Bash
      page-27 步 27  Bash
      page-37 步 17  Edit
  page-35  ✓   17 次调用    6.8 分  selfcheck  7  skill 3  已完成 `page-35.html`：包含材料对齐比较、Matter.js 屏蔽层堆叠、粒子类型切换、动态剂量反馈、胜负
  page-31  ✓   26 次调用    7.5 分  selfcheck  9  skill 2  已完成第 31 页构建并通过 selfcheck。
      page-33 步 16  Bash
      page-18 步 51  Read
      page-39 步 12  Edit
      page-44 步  1  Read Read Read Read Read Skill Skill
      page-40 步 12  Edit
      page-37 步 18  Bash Bash
      page-45 步  1  Read Read Read Read Read Skill Skill
      page-27 步 28  Bash Bash
      page-18 步 52  Edit
      page-44 步  2  Read Read Bash
      page-41 步  8  Edit
      page-39 步 13  Edit
      page-40 步 13  Bash
      page-41 步  9  Edit
      page-45 步  2  Read Read Bash
      page-44 步  3  Read
  page-33  ✓   17 次调用    7.3 分  selfcheck  6  skill 3  已完成 `page-33.html`，并通过初态、滑块终态及复位态自检。
  page-27  ✓   29 次调用    8.7 分  selfcheck 11  skill 3  已完成第 27 页互动讲义构建，并通过初态、完成态与复位态自检。
      page-24 步 43  Edit
      page-45 步  3  Read
      page-41 步 10  Bash
      page-39 步 14  Bash
      page-37 步 19  Edit
      page-44 步  4  Bash
      page-18 步 53  Edit
      page-40 步 14  Edit
      page-45 步  4  Bash
      page-47 步  1  Read Read Read Read Read Skill Skill
      page-41 步 11  Edit
      page-42 步  5  Write
      page-40 步 15  Bash
      page-18 步 54  Bash
      page-24 步 44  Edit
      page-47 步  2  Read Read Bash
      page-42 步  6  Bash
      page-37 步 20  Edit
      page-41 步 12  Edit
      page-24 步 45  Bash
      page-18 步 55  Edit
      page-46 步  1  Read Read Read Read Read Skill Skill Skill
      page-37 步 21  Edit
      page-43 步  2  Read Read Bash
      page-47 步  3  Bash
      page-41 步 13  Bash
      page-39 步 15  Edit
      page-37 步 22  Bash
      page-18 步 56  Bash
      page-46 步  2  Read Bash
      page-43 步  3  Bash
      page-40 步 16  Edit
      page-39 步 16  Bash
      page-46 步  3  Read
      page-37 步 23  Edit
      page-41 步 14  Edit
      page-42 步  7  Edit
      page-24 步 46  Edit
      page-37 步 24  Bash
      page-39 步 17  Bash
      page-18 步 57  Edit
      page-41 步 15  Bash
      page-42 步  8  Edit
      page-40 步 17  Edit
      page-39 步 18  Read
      page-44 步  5  Write
      page-42 步  9  Bash
      page-18 步 58  Bash
  page-37  ✓   25 次调用    5.0 分  selfcheck  7  skill 3  已完成 `page-37.html`，并通过初态、运行态与重置态 selfcheck。
      page-40 步 18  Edit
      page-24 步 47  Edit
      page-44 步  6  Bash
      page-45 步  5  Write
      page-48 步  1  Read Read Read Read Read Skill Skill
      page-42 步 10  Edit
      page-24 步 48  Bash
      page-45 步  6  Bash
      page-18 步 59  Edit
      page-48 步  2  Read Bash
      page-47 步  4  Write
      page-41 步 16  Edit
      page-40 步 19  Edit
      page-39 步 19  Edit
      page-42 步 11  Edit
      page-18 步 60  Bash
      page-44 步  7  Edit
      page-45 步  7  Edit
      page-40 步 20  Edit
      page-41 步 17  Edit
      page-42 步 12  Bash
      page-43 步  4  Write
      page-47 步  5  Bash
      page-46 步  4  Write
      page-44 步  8  Edit
      page-39 步 20  Edit
      page-18 步 61  Edit
      page-40 步 21  Edit
      page-45 步  8  Edit
      page-46 步  5  Bash
      page-43 步  5  Bash
      page-44 步  9  Bash
      page-39 步 21  Bash
      page-47 步  6  Bash
      page-40 步 22  Bash
      page-41 步 18  Edit
      page-18 步 62  Bash
      page-48 步  3  Write
      page-42 步 13  Edit
      page-41 步 19  Edit
      page-48 步  4  Bash
      page-45 步  9  Edit
      page-24 步 49  Edit
      page-43 步  6  Bash Bash Bash Bash
      page-46 步  6  Bash Bash Bash
      page-39 步 22  Edit
      page-45 步 10  Edit
      page-40 步 23  Edit
      page-42 步 14  Edit
      page-44 步 10  Edit
      page-24 步 50  Edit
      page-18 步 63  Edit
      page-47 步  7  Edit
      page-42 步 15  Bash
      page-39 步 23  Edit
      page-45 步 11  Bash
      page-44 步 11  Edit
      page-40 步 24  Bash
      page-41 步 20  Bash
      page-48 步  5  Edit
  page-24  ✓   51 次调用   11.5 分  selfcheck 17  skill 2  已完成 `page-24.html`。
  page-46  ✓    7 次调用    1.5 分  selfcheck  4  skill 3  已完成 `page-46.html`，并通过初态、全轻量、全强化及重置状态的 selfcheck，自检无报错、越界或裁切
      page-18 步 64  Edit
      page-47 步  8  Bash
      page-39 步 24  Bash
      page-49 步  1  Read Read Read Read Read Skill Skill Skill
      page-48 步  6  Bash
      page-41 步 21  Edit
  page-40  ✓   25 次调用    4.9 分  selfcheck  8  skill 1  已完成 `page-40.html`，并通过 selfcheck 自检。
      page-18 步 65  Bash
  page-43  ✓    7 次调用    3.7 分  selfcheck  5  skill 3  已完成第 43 页构建，并通过初态、故障切换、共同故障、传感器失效与复位状态自检。
      page-50 步  1  Read Read Read Read Read Skill
      page-44 步 12  Bash
  page-45  ✓   12 次调用    2.0 分  selfcheck  2  skill 2  已完成 `page-45.html`：包含实时计算的 Three.js 人工重力转盘、半径与转速联动、四步因果链、动态读
      page-42 步 16  Edit
  page-48  ✓    7 次调用    1.0 分  selfcheck  2  skill 2  已完成第 48 页构建并通过 selfcheck。
      page-41 步 22  Bash
      page-49 步  2  Read Read Bash
      page-50 步  2  Read Bash
      page-39 步 25  Edit
      page-42 步 17  Edit
      page-47 步  9  Edit
      page-44 步 13  Edit
      page-39 步 26  Bash
      page-44 步 14  Bash
      page-42 步 18  Bash
      page-47 步 10  Edit
  page-39  ✓   27 次调用    5.6 分  selfcheck  8  skill 2  已完成 `page-39.html`，并通过 selfcheck 自检。
      page-44 步 15  Edit
      [page-44] RateLimitError 等 5s 重试 1/8
      page-41 步 23  Edit
      page-18 步 66  Edit
      page-47 步 11  Edit
      [page-18] RateLimitError 等 6s 重试 1/8
      [page-47] RateLimitError 等 4s 重试 1/8
      [page-41] RateLimitError 等 4s 重试 1/8
      page-42 步 19  Edit
      [page-42] RateLimitError 等 5s 重试 1/8
      [page-44] RateLimitError 等 17s 重试 2/8
      [page-18] RateLimitError 等 15s 重试 2/8
      [page-41] RateLimitError 等 19s 重试 2/8
      [page-42] RateLimitError 等 19s 重试 2/8
      [page-47] RateLimitError 等 15s 重试 2/8
      [page-18] RateLimitError 等 51s 重试 3/8
      page-50 步  3  Write
      [page-44] RateLimitError 等 39s 重试 3/8
      [page-50] RateLimitError 等 5s 重试 1/8
      [page-47] RateLimitError 等 51s 重试 3/8
      [page-42] RateLimitError 等 41s 重试 3/8
      [page-50] RateLimitError 等 11s 重试 2/8
      page-49 步  3  Write
      [page-49] RateLimitError 等 4s 重试 1/8
      [page-41] RateLimitError 等 48s 重试 3/8
      [page-49] RateLimitError 等 18s 重试 2/8
      [page-50] RateLimitError 等 46s 重试 3/8
      [page-49] RateLimitError 等 44s 重试 3/8
      page-44 步 16  Bash
      page-42 步 20  Bash
      page-41 步 24  Bash
      page-18 步 67  Edit
      page-42 步 21  Bash
      page-47 步 12  Edit
      page-42 步 22  Read
      page-50 步  4  Bash
      page-44 步 17  Edit
      page-18 步 68  Edit
      page-41 步 25  Bash
      page-47 步 13  Bash
      page-44 步 18  Bash
      page-18 步 69  Edit
      page-49 步  4  Bash
  page-41  ✓   26 次调用    6.4 分  selfcheck  7  skill 2  已完成 `page-41.html`：实现七天补给分类账、人数调整、拖放/点击装卸、动态余量与支持天数、胜利判定、重置及
      page-50 步  5  Edit
      page-42 步 23  Edit
      page-49 步  5  Edit
      page-18 步 70  Edit
      page-47 步 14  Edit
      page-44 步 19  Edit
      page-42 步 24  Edit
      page-47 步 15  Bash
      page-50 步  6  Edit
      page-49 步  6  Bash
      page-44 步 20  Bash
      page-42 步 25  Edit
      page-47 步 16  Edit
      page-50 步  7  Edit
      page-18 步 71  Bash
      page-42 步 26  Bash
      page-50 步  8  Edit
      page-47 步 17  Edit
      page-44 步 21  Edit
      page-50 步  9  Bash
      page-44 步 22  Edit
      page-42 步 27  Edit
      page-18 步 72  Edit
      page-44 步 23  Edit
      page-47 步 18  Bash
      page-49 步  7  Edit
      page-42 步 28  Bash
      page-18 步 73  Edit
      page-44 步 24  Bash
      page-49 步  8  Bash
      page-50 步 10  Edit
      page-18 步 74  Edit
      page-42 步 29  Bash
      page-47 步 19  Edit
      page-47 步 20  Bash
      page-44 步 25  Edit
      page-49 步  9  Edit
      page-18 步 75  Edit
      page-44 步 26  Bash
      page-49 步 10  Edit
      page-50 步 11  Edit
  page-42  ✓   30 次调用    7.3 分  selfcheck 10  skill 3  已完成 `page-42.html`：实现二氧化碳故障反馈回路、动态浓度与维修曲线、维修人数交互、胜负反馈及复位，并通过
      page-47 步 21  Edit
      page-18 步 76  Edit
      page-18 步 77  Edit
      page-47 步 22  Edit
      page-50 步 12  Edit
      page-44 步 27  Edit
      page-18 步 78  Bash
      page-49 步 11  Edit
      page-44 步 28  Edit
      page-50 步 13  Edit
      page-49 步 12  Bash
      page-47 步 23  Bash
      page-18 步 79  Edit
      page-50 步 14  Bash
      page-18 步 80  Bash
      page-47 步 24  Edit
      page-47 步 25  Bash
      page-50 步 15  Edit
      page-18 步 81  Edit
      page-47 步 26  Edit
      page-50 步 16  Edit
      page-18 步 82  Bash
      page-50 步 17  Bash
      page-47 步 27  Bash
      page-49 步 13  Edit
      page-49 步 14  Bash
      page-50 步 18  Edit
      page-47 步 28  Edit
      page-50 步 19  Bash
      page-18 步 83  Edit
      page-47 步 29  Bash
      page-50 步 20  Edit
      page-49 步 15  Edit
      page-18 步 84  Bash
  page-47  ✓   30 次调用    6.3 分  selfcheck 11  skill 2  已完成 `page-47.html`，并通过 selfcheck。
      page-49 步 16  Edit
      page-50 步 21  Bash
      page-18 步 85  Edit
      page-49 步 17  Edit
  page-50  ✓   22 次调用    4.9 分  selfcheck  6  skill 1  已完成 `page-50.html`，并通过 selfcheck 全部检查。
      page-18 步 86  Bash
      page-49 步 18  Edit
      page-49 步 19  Edit
      page-18 步 87  Edit
      page-49 步 20  Edit
      page-18 步 88  Bash
      page-49 步 21  Bash
      page-49 步 22  Edit
      page-49 步 23  Bash
      page-18 步 89  Write
      page-49 步 24  Bash Bash Bash
      page-18 步 90  Bash
  page-49  ✓   25 次调用    6.2 分  selfcheck 10  skill 3  已完成 `page-49.html`，并通过初态、无效分配、完成态与重置态自检。
      page-18 步 91  Bash
      page-18 步 92  Bash
      page-18 步 93  Edit
      page-18 步 94  Edit
      page-18 步 95  Edit
      page-18 步 96  Edit
      page-18 步 97  Edit
      page-18 步 98  Bash
      page-18 步 99  Edit
      page-44 步 29  Edit
      [page-44] RateLimitError 等 4s 重试 1/8
      page-18 步100  Edit
  page-18  ✗  100 次调用   21.6 分  selfcheck 34  skill 2  打到步数上限 100
      [page-44] RateLimitError 等 14s 重试 2/8
      [page-44] RateLimitError 等 49s 重试 3/8
      page-44 步 30  Bash
  page-44  ✓   31 次调用   11.3 分  selfcheck 10  skill 2  已完成 `page-44.html`，并通过 selfcheck 全部检查。

  49/50 页交付   墙钟 26.4 分
  每页调用数 6–100,中位 15   合计 920
  selfcheck 合计 304   Skill 合计 112
  指派 skill 112 项,实际读到 112 项
  读取次数(前 6):theme.css 53  CONTRACT.md 50  deck.md 50  CHASSIS.md 50  LIBS.md 38  lec.js 28
  ✗ page-18: 打到步数上限 100
