
▸ planner · ape-mm
  Apeman – Spaceman  /  90 分钟

  seed         底盘已就位,库 20 个
  lec.js       已存在,跳过         30,874 字符
  PLAN.md      已存在,跳过         11,598 字符
  验页表       50 行  停留合计 5400/5400 秒  ✓   无交互 7 页
  验证据链     声明 5 条,页表用到 5 条,承担论证的页 43/50
  验幕结构     4 幕,页序连续 ✓
  验视觉世界   4 个 hex、6 条母题  ✓
  验页表       50 行,知识结构 5 种: classification comparison enumeration generalization process
  展开 p41     ✗ 第 1 次不是有效规格:交互那一节缺「做对了」那一行 —— 这一页有交互,四行(做对了/做错了/做到哪儿了/做完了)要按提示词给的标签逐行写
  展开 p11     ✗ 第 1 次不是有效规格:交互那一节缺「做对了」那一行 —— 这一页有交互,四行(做对了/做错了/做到哪儿了/做完了)要按提示词给的标签逐行写
  展开 p11     ✗ 第 2 次不是有效规格:交互那一节缺「做对了」那一行 —— 这一页有交互,四行(做对了/做错了/做到哪儿了/做完了)要按提示词给的标签逐行写
  展开规格     50 份(50 新建/0 复用)  99s  out=102,371 tok  2,352–4,386B
      上游 InternalServerError,等 5s 重试 (1/8)  已累计死等 74s
  theme.css     147.1s  out= 7,455 tok   19,077 字符
  接口交接     theme.css 的 INTERFACE 块 29 行 → CHASSIS.md
  CONTRACT.md    97.3s  out= 4,681 tok    5,258 字符
  skeletons    50 个骨架,已接 base/theme/lec,data-total=50
  briefs       50 份,3333–3385 字符,中位 3354

  合计 344s  →  /data1/home/zhuyifan/ws2/Notale/notale-v2/runs/ape-mm
