
▸ builder · ape-g11
  48 页,并发 50,effort=low,skill 清单 9,221 字符

      page-47 步  1  Read Read Read Read Read Skill Skill
      page-32 步  1  Read Read Read Read Read Skill Skill Skill
      page-05 步  1  Read Read Read Read Read Skill Skill
      page-33 步  1  Read Read Read Read Read Skill Skill
      page-23 步  1  Read Read Read Read Read Skill Skill
      page-24 步  1  Read Read Read Read Read Skill Skill
      page-48 步  1  Read Read Read Read Read Skill
      page-44 步  1  Read Read Read Read Read Skill Skill
      page-07 步  1  Read Read Read Read Read Skill Skill
      page-03 步  1  Read Read Read Read Read Skill Skill Read
      page-35 步  1  Read Read Read Read Read Skill Skill Skill
      page-39 步  1  Read Read Read Read Read Skill Skill Skill
      page-46 步  1  Read Read Read Read Read Skill Skill Skill
      page-31 步  1  Read Read Read Read Read Skill
      page-09 步  1  Read Read Read Read Read Skill Skill
      page-17 步  1  Read Read Read Read Read Skill Skill
      page-27 步  1  Read Read Read Read Read Skill Skill
      page-43 步  1  Read Read Read Read Read Skill Skill Skill
      page-16 步  1  Read Read Read Read Read Skill Skill
      page-22 步  1  Read Read Read Read Read Skill Skill Skill
      page-26 步  1  Read Read Read Read Read Skill Skill Read
      page-15 步  1  Read Read Read Read Read Skill Skill Skill
      page-18 步  1  Read Read Read Read Read Skill Skill
      page-21 步  1  Read Read Read Read Read Skill Skill
      page-12 步  1  Read Read Read Read Read Skill Skill Skill
      page-28 步  1  Read Read Read Read Read Skill Skill Skill
      page-44 步  2  Read Read
      page-47 步  2  Read
      page-26 步  2  Bash
      page-35 步  2  Read Read
      page-09 步  2  Read Read
      page-04 步  1  Read Read Read Read Read Skill Skill
      page-30 步  1  Read Read Read Read Read Skill Skill
      page-29 步  1  Read Read Read Read Read Skill Skill
      page-18 步  2  Read Read
      page-28 步  2  Read
      page-12 步  2  Bash Bash
      page-07 步  2  Read Read Bash
      page-41 步  1  Read Read Read Read Read Skill Skill
      page-38 步  1  Read Read Read Read Read Skill Skill Skill
      page-40 步  1  Read Read Read Read Read Skill Skill
      page-23 步  2  Read Read Bash
      page-10 步  1  Read Read Read Read Read Skill Skill
      page-36 步  1  Read Read Read Read Read Skill Skill Skill
      page-25 步  1  Read Read Read Read Read Skill Read
      page-17 步  2  Read Read
      page-45 步  1  Read Read Read Read Read Skill Skill
      page-34 步  1  Read Read Read Read Read Skill Skill
      page-06 步  1  Read Read Read Read Read Skill Skill
      page-37 步  1  Read Read Read Read Read Skill Skill
      page-04 步  2  Read Read Bash
      page-13 步  1  Read Read Read Read Read Skill
      page-29 步  2  Read Read
      page-14 步  1  Read Read Read Read Read Skill Skill
      page-11 步  1  Read Read Read Read Read Skill
      page-42 步  1  Read Read Read Read Read Skill Skill
      [page-41] InternalServerError 等 6s 重试 1/8
      page-26 步  3  Bash
      page-23 步  3  Read
      page-38 步  2  Read Read Bash
      page-43 步  2  Read Read
      page-33 步  2  Read Read
      page-16 步  2  Read Read
      page-48 步  2  Read
      page-02 步  1  Read Read Read Read Read Skill Skill
      page-12 步  3  Bash
      page-01 步  1  Read Read Read Read Read Skill Skill Skill
      page-24 步  2  Read Read
      page-21 步  2  Read Read
      page-39 步  2  Read Bash
      page-30 步  2  Read Read
      page-40 步  2  Read
      page-32 步  2  Read Read
      page-03 步  2  Read
      page-05 步  2  Read Read Bash
      page-34 步  2  Read Read
      page-20 步  1  Read Read Read Read Read Skill Skill Skill
      page-02 步  2  Read
      page-26 步  4  Bash
      page-15 步  2  Read Read
      page-31 步  2  Read
      page-07 步  3  Read
      page-38 步  3  Bash
      page-08 步  1  Read Read Read Read Read Skill Skill Skill
      page-27 步  2  Read Read
      page-25 步  2  Bash Read
      page-37 步  2  Read Read
      page-06 步  2  Read Read
      page-05 步  3  Bash
      page-14 步  2  Read Read
      page-12 步  4  Read
      page-34 步  3  Bash
      page-20 步  2  Read Read
      page-26 步  5  Bash
      page-19 步  1  Read Read Read Read Read Skill
      page-38 步  4  Skill
      page-11 步  2  Read
      page-25 步  3  Bash
      page-10 步  2  Read Bash
      page-39 步  3  Bash
      page-08 步  2  Read
      page-12 步  5  Bash
      page-42 步  2  Read Read
      page-37 步  3  Bash
      page-26 步  6  Bash
      page-36 步  2  Read Read
      page-34 步  4  Read
      page-43 步  3  Bash
      page-04 步  3  Read
      page-13 步  2  Read Read
      page-32 步  3  Bash
      page-45 步  2  Bash Read
      page-10 步  3  Bash
      page-43 步  4  Read
      page-01 步  2  Read
      page-32 步  4  Bash
      page-41 步  2  Read Read
      page-33 步  3  Bash
      page-39 步  4  Read Read
      page-07 步  4  Read
      page-05 步  4  Bash
      page-19 步  2  Read Read
      page-47 步  3  Write
      page-45 步  3  Bash
      page-46 步  2  Write
      page-37 步  4  Read
      page-47 步  4  Bash
      page-33 步  4  Read
      page-10 步  4  Bash
      page-11 步  3  Write
      page-21 步  3  Write
      page-45 步  4  Bash
      page-35 步  3  Write
      page-22 步  2  Write
      page-25 步  4  Bash
      page-44 步  3  Write
      page-48 步  3  Write
      page-33 步  5  Read
      page-31 步  3  Write
      page-09 步  3  Write
      page-11 步  4  Bash
      page-40 步  3  Write
      page-02 步  3  Write
      page-21 步  4  Bash
      page-46 步  3  Bash
      page-45 步  5  Bash
      page-48 步  4  Bash
      page-22 步  3  Bash
      page-44 步  4  Bash
      page-27 步  3  Write
      page-40 步  4  Bash
      page-02 步  4  Bash
      page-28 步  3  Write
      page-39 步  5  Read
      page-17 步  3  Write
      page-15 步  3  Write
      page-10 步  5  Read
      page-18 步  3  Write
      page-26 步  7  Write
      page-09 步  4  Bash
      page-31 步  4  Bash
      page-22 步  4  Bash
      page-23 步  4  Write
      page-05 步  5  Read
      page-16 步  3  Write
      page-38 步  5  Write
      page-34 步  5  Write
      page-17 步  4  Bash
      page-30 步  3  Write
      page-18 步  4  Bash
      page-25 步  5  Bash
      page-01 步  3  Write
      page-38 步  6  Bash
      page-23 步  5  Bash
      page-39 步  6  Bash
      page-35 步  4  Bash
  page-31  ✓    5 次调用    1.3 分  selfcheck  1  skill 1  已完成并通过 selfcheck。
      page-03 步  3  Write
      page-22 步  5  Edit
      page-29 步  3  Write
      page-34 步  6  Bash
      page-27 步  4  Bash
      page-40 步  5  Edit
      page-30 步  4  Bash
      page-48 步  5  Edit
      page-28 步  4  Bash
      page-43 步  5  Write
      page-29 步  4  Bash
      page-08 步  3  Write
      page-20 步  3  Write
      page-01 步  4  Bash
      page-26 步  8  Bash
      page-21 步  5  Edit
      page-04 步  4  Write
      page-24 步  3  Write
      page-23 步  6  Edit
      page-11 步  5  Edit
      page-17 步  5  Edit
      page-34 步  7  Edit
      page-13 步  3  Write
      page-48 步  6  Edit
      page-16 步  4  Bash
      page-20 步  4  Bash
      page-15 步  4  Bash
      page-03 步  4  Bash
      page-17 步  6  Bash
      page-38 步  7  Bash Bash Bash
      page-27 步  5  Edit
      page-18 步  5  Bash Bash
      page-25 步  6  Read
      page-19 步  3  Write
      page-47 步  5  Edit
      page-05 步  6  Bash
      page-44 步  5  Edit
      page-34 步  8  Edit
      page-35 步  5  Edit
      page-22 步  6  Edit
      page-43 步  6  Bash
      page-07 步  5  Write
      page-11 步  6  Bash
      page-02 步  5  Edit
      page-13 步  4  Bash
      page-06 步  3  Write
      page-21 步  6  Edit
      page-42 步  3  Write
      page-32 步  5  Write
      page-47 步  6  Bash
  page-17  ✓    7 次调用    1.6 分  selfcheck  2  skill 2  已完成并通过 selfcheck。
      page-09 步  5  Edit
      page-34 步  9  Bash
      page-22 步  7  Bash
      page-46 步  4  Edit
      page-44 步  6  Edit
      page-01 步  5  Edit
      page-30 步  5  Edit
  page-11  ✓    7 次调用    1.7 分  selfcheck  2  skill 1  已完成 `page-11.html`，并通过 selfcheck：无报错、无加载失败、无越界或裁切，字号、文本块与画面占
      page-07 步  6  Bash
      page-19 步  4  Bash
      page-35 步  6  Edit
      page-04 步  5  Bash
  page-18  ✓    6 次调用    1.7 分  selfcheck  3  skill 2  已完成第 18 页构建，并通过初始态、运行态与断开桥接边状态的 selfcheck，自检无报错、无资源加载失败、无越界或
      page-40 步  6  Edit
      page-37 步  5  Write
      page-12 步  6  Write
      page-02 步  6  Edit
      page-44 步  7  Bash
      page-06 步  4  Bash
      page-05 步  7  Bash
      page-24 步  4  Bash
      page-32 步  6  Bash
      page-48 步  7  Edit
      page-14 步  3  Write
      page-09 步  6  Edit
      page-16 步  5  Bash
      page-26 步  9  Bash
      page-12 步  7  Bash
      page-08 步  4  Bash
      page-45 步  6  Bash
      page-19 步  5  Bash
      page-13 步  5  Edit
      page-23 步  7  Edit
      page-29 步  5  Bash Bash
      page-25 步  7  Bash
      page-30 步  6  Bash
      page-42 步  4  Bash
      page-09 步  7  Edit
      page-33 步  6  Write
      page-28 步  5  Edit
      page-21 步  7  Edit
      page-13 步  6  Edit
      page-27 步  6  Bash
      page-16 步  6  Bash
      page-43 步  7  Bash
      page-41 步  3  Write
      page-23 步  8  Edit
      page-20 步  5  Bash Bash Bash
      page-09 步  8  Bash
      page-46 步  5  Edit
      page-02 步  7  Edit
      page-03 步  5  Edit
  page-38  ✓    8 次调用    1.9 分  selfcheck  4  skill 4  已完成第 38 页构建，并通过初态、交互完成态、再入阶段与重置态自检。
      page-47 步  7  Edit
      page-35 步  7  Bash
      page-26 步 10  Edit
      page-22 步  8  Edit Edit Edit
      page-37 步  6  Bash
      page-34 步 10  Edit
      page-44 步  8  Edit
      page-23 步  9  Edit
      page-15 步  5  Edit
      page-14 步  4  Bash
      page-45 步  7  Bash
      page-01 步  6  Edit
      page-25 步  8  Bash
      page-43 步  8  Bash
      page-04 步  6  Bash
      page-46 步  6  Edit
      page-39 步  7  Write
      page-16 步  7  Edit
      page-03 步  6  Edit Edit
      page-06 步  5  Edit
      page-19 步  6  Bash
      page-28 步  6  Edit
      page-44 步  9  Edit
      page-34 步 11  Bash
      page-13 步  7  Edit
      page-33 步  7  Edit
      page-40 步  7  Edit
      page-35 步  8  Bash Bash
      page-23 步 10  Bash
      page-08 步  5  Edit
  page-29  ✓    6 次调用    2.1 分  selfcheck  3  skill 2  已完成 `page-29.html`，并通过初态、交互中途态与完成态自检。
      page-04 步  7  Bash
  page-20  ✓    6 次调用    2.1 分  selfcheck  4  skill 3  已完成 `page-20.html`，并通过初态、推进态、完成态与重置态自检。
      page-14 步  5  Bash
      page-01 步  7  Edit
      page-16 步  8  Edit
      page-48 步  8  Edit
      page-46 步  7  Edit
      page-07 步  7  Read
      page-02 步  8  Edit
      page-28 步  7  Bash
      page-26 步 11  Edit
      page-24 步  5  Edit
      page-08 步  6  Bash
      page-27 步  7  Edit
      page-06 步  6  Bash
  page-34  ✓   12 次调用    2.2 分  selfcheck  3  skill 2  已完成 `page-34.html`：构建三维轨道状态地图、实时轨迹积分、速度分类反馈、发现进度与重置交互，并通过 se
      page-32 步  7  Edit
      page-12 步  8  Edit
      page-30 步  7  Edit
      page-25 步  9  Bash
      page-48 步  9  Edit
      page-23 步 11  Edit
  page-35  ✓    9 次调用    2.2 分  selfcheck  4  skill 3  已完成第 35 页构建，并通过初态、极值态、完成态与重置态自检。
      page-47 步  8  Bash
      page-03 步  7  Bash
      page-33 步  8  Bash
      page-46 步  8  Edit
      page-01 步  8  Bash
      page-21 步  8  Edit
      page-27 步  8  Bash
      page-41 步  4  Bash
      page-02 步  9  Edit
      page-44 步 10  Bash
      page-22 步  9  Bash
      page-15 步  6  Bash
      page-23 步 12  Bash
      page-36 步  3  Write
      page-16 步  9  Bash
  page-01  ✓    9 次调用    2.3 分  selfcheck  2  skill 3  已完成 `page-01.html`，并通过 selfcheck：无报错、无资源加载失败、无越界或裁切，版面密度与文本数
      page-10 步  6  Write
      page-48 步 10  Edit
      page-42 步  5  Edit
      page-40 步  8  Edit
      page-33 步  9  Edit
      page-09 步  9  Edit
      page-47 步  9  Edit
      page-39 步  8  Bash
      page-08 步  7  Bash Bash Bash
      page-02 步 10  Bash
  page-27  ✓    9 次调用    2.4 分  selfcheck  3  skill 2  已完成 `page-27.html`，并通过 selfcheck：无报错、无加载失败、无越界或裁切，画面占用与字号均达标
      page-43 步  9  Edit
      page-41 步  5  Bash Bash
      page-03 步  8  Bash Bash
      page-37 步  7  Edit
      page-19 步  7  Edit
      page-04 步  8  Edit
  page-22  ✓   10 次调用    2.4 分  selfcheck  3  skill 3  已完成第 22 页互动记忆对照实验，并通过初态与主要交互态 selfcheck。
      page-13 步  8  Bash
      page-26 步 12  Edit
      page-47 步 10  Bash
      page-40 步  9  Bash
      page-28 步  8  Edit
      page-33 步 10  Bash
      page-14 步  6  Bash
      page-43 步 10  Edit
      page-04 步  9  Edit
      page-24 步  6  Edit
      page-37 步  8  Bash
      page-44 步 11  Edit
      page-42 步  6  Edit Edit Edit
      page-45 步  8  Edit
      page-36 步  4  Bash
      page-21 步  9  Edit
  page-23  ✓   13 次调用    2.5 分  selfcheck  3  skill 2  已完成第 23 页构建，并通过初态、推进态与重置态 selfcheck。
      page-07 步  8  Edit
      page-12 步  9  Edit
      page-46 步  9  Edit
      page-09 步 10  Bash
      page-30 步  8  Bash
      page-32 步  8  Bash
      page-48 步 11  Bash
      page-26 步 13  Edit
      page-28 步  9  Edit
      page-24 步  7  Bash
      page-39 步  9  Edit
  page-06  ✓    7 次调用    2.5 分  selfcheck  2  skill 2  已完成第 6 页构建，并通过初态、成功态与重置态 selfcheck。
      page-04 步 10  Edit
      page-42 步  7  Bash
      page-25 步 10  Bash
      page-10 步  7  Bash
  page-41  ✓    6 次调用    2.6 分  selfcheck  3  skill 2  已完成 `page-41.html`，并通过初态、失效传播、键盘操作与重置状态的 selfcheck。
      page-47 步 11  Edit
      page-07 步  9  Bash
      page-45 步  9  Edit
      page-46 步 10  Bash
      page-12 步 10  Bash
      page-14 步  7  Edit
      page-04 步 11  Edit
      page-26 步 14  Bash
  page-30  ✓    9 次调用    2.6 分  selfcheck  3  skill 2  已完成第 30 页构建，并通过 selfcheck：无报错、无加载失败、无溢出或裁切。
      page-02 步 11  Edit
      page-45 步 10  Bash
      page-39 步 10  Edit
  page-37  ✓    9 次调用    2.6 分  selfcheck  2  skill 2  已完成第 37 页：三态 Matter.js 实验舱模拟、实时重力与轨道速度、四维对照表、观察进度及重置交互均已实现，并
      page-36 步  5  Edit
      page-40 步 10  Edit
      page-47 步 12  Bash
  page-08  ✓    8 次调用    2.7 分  selfcheck  5  skill 3  已完成第 8 页构建，并通过初态、交互完成态、极值态与重置态自检。
      page-24 步  8  Edit
      page-04 步 12  Bash
  page-03  ✓    9 次调用    2.7 分  selfcheck  4  skill 2  已完成第 3 页构建，并通过初态、重置态及键盘交互态自检。
  page-15  ✓    7 次调用    2.7 分  selfcheck  2  skill 3  已完成 `page-15.html`：构建三角色合作围堵小游戏、六步合作流程、实时目标避让反馈、失败调整与成功闭环，并通
      page-13 步  9  Edit
      page-43 步 11  Edit
      page-39 步 11  Bash
      page-19 步  8  Bash
  page-32  ✓    9 次调用    2.8 分  selfcheck  2  skill 3  已完成第 32 页构建，并通过初态、正确完成态与错误极值态 selfcheck。
      page-24 步  9  Edit
      page-10 步  8  Bash
      page-28 步 10  Edit
      page-21 步 10  Edit
      page-44 步 12  Bash
      page-09 步 11  Bash
      page-43 步 12  Bash
      page-48 步 12  Edit
      page-05 步  8  Bash
      page-42 步  8  Bash
      page-24 步 10  Edit
      page-40 步 11  Bash
      page-21 步 11  Edit
  page-33  ✓   11 次调用    2.9 分  selfcheck  2  skill 2  已完成第 33 页构建，并通过初态、低速、高速与重置状态自检。
      [page-12] InternalServerError 等 5s 重试 1/8
      page-48 步 13  Bash
      page-28 步 11  Bash
      page-02 步 12  Edit
      page-45 步 11  Edit
      page-24 步 11  Edit
      page-46 步 11  Edit
      page-44 步 13  Edit
      page-07 步 10  Edit
  page-09  ✓   12 次调用    3.0 分  selfcheck  4  skill 2  已完成 `page-09.html`，并通过初态、确认繁殖及三轮完成状态的 selfcheck。
      page-14 步  8  Bash
      page-36 步  6  Bash
      page-10 步  9  Bash
      page-02 步 13  Edit
      page-16 步 10  Edit
      page-25 步 11  Bash
      page-47 步 13  Edit
      page-44 步 14  Bash
      page-40 步 12  Edit
  page-04  ✓   13 次调用    3.0 分  selfcheck  4  skill 2  已完成 `page-04.html`，并通过初态与交互态 selfcheck：无 JS 报错、加载失败、越界、裁切或文字
      page-46 步 12  Bash
      page-21 步 12  Bash
  page-19  ✓    9 次调用    3.1 分  selfcheck  4  skill 1  已完成第 19 页，并通过初态、完成态与重置态 selfcheck，自检无报错、无越界、无裁切、无文字叠压。
      page-13 步 10  Edit
      page-02 步 14  Edit
      page-45 步 12  Edit
      page-42 步  9  Bash
      page-39 步 12  Edit
      page-12 步 11  Edit
      page-40 步 13  Bash
      page-14 步  9  Bash
      page-48 步 14  Bash
      page-07 步 11  Bash
      page-39 步 13  Edit
      page-05 步  9  Edit
      page-43 步 13  Edit
      page-28 步 12  Edit
      page-13 步 11  Edit
      page-16 步 11  Edit
      page-02 步 15  Edit
      page-05 步 10  Bash
      page-36 步  7  Bash
      page-39 步 14  Edit
      page-10 步 10  Edit
      page-42 步 10  Bash
      page-24 步 12  Bash
      page-25 步 12  Bash
      page-48 步 15  Read
      page-13 步 12  Bash
      page-45 步 13  Bash
      page-16 步 12  Bash
      page-47 步 14  Bash
  page-14  ✓   10 次调用    3.4 分  selfcheck  5  skill 2  已完成第 14 页构建并通过初态、键盘交互、超限反馈与重置态自检。
      page-43 步 14  Edit
  page-05  ✓   11 次调用    3.4 分  selfcheck  2  skill 2  已完成 `page-05.html`：构建真实化石照片分拣台、Konva 拖拽与键盘交互、分类反馈、推断连线、进度统计、
      page-39 步 15  Bash
      page-12 步 12  Edit
      page-44 步 15  Edit
      page-21 步 13  Edit
      page-40 步 14  Edit
      page-26 步 15  Bash
  page-36  ✓    8 次调用    3.5 分  selfcheck  3  skill 3  已完成 `page-36.html`，并通过 selfcheck 初态及三级装配发射交互态检查。
      page-46 步 13  Edit
      page-07 步 12  Bash
      page-42 步 11  Edit
      page-16 步 13  Edit
      page-28 步 13  Edit
      page-12 步 13  Bash
      page-44 步 16  Bash
  page-47  ✓   15 次调用    3.5 分  selfcheck  6  skill 2  已完成第 47 页并通过 selfcheck。
      page-24 步 13  Edit
      page-21 步 14  Edit
      page-02 步 16  Edit
      page-13 步 13  Edit
      page-16 步 14  Bash
      page-48 步 16  Edit
      page-46 步 14  Edit
      page-40 步 15  Edit
      page-42 步 12  Bash
      page-10 步 11  Edit
      page-39 步 16  Edit
  page-07  ✓   13 次调用    3.6 分  selfcheck  4  skill 2  已完成第 7 页互动时间错位尺，并通过 selfcheck 自检。
  page-26  ✓   16 次调用    3.6 分  selfcheck  4  skill 2  已完成第 26 页构建，并通过初态、完成态、错误态、边界态与重置态自检。
      page-21 步 15  Bash
      page-48 步 17  Bash
      page-28 步 14  Edit
      page-24 步 14  Bash
      page-40 步 16  Bash
      page-45 步 14  Edit
      page-43 步 15  Edit
      page-48 步 18  Read
      page-42 步 13  Edit
  page-44  ✓   17 次调用    3.8 分  selfcheck  6  skill 2  已完成 `page-44.html`：构建风险责任分类审议台，支持拖放、键盘操作、即时反馈、进度节点、责任连线与重置。自
      page-16 步 15  Edit
      page-21 步 16  Edit
      page-12 步 14  Edit
      page-42 步 14  Bash
      page-13 步 14  Edit
      page-02 步 17  Edit
      page-40 步 17  Edit
      page-39 步 17  Edit
      page-21 步 17  Edit
      page-46 步 15  Bash
      page-10 步 12  Edit
      page-48 步 19  Bash
      page-45 步 15  Edit
      page-39 步 18  Bash
      page-16 步 16  Edit
      page-13 步 15  Bash
  page-42  ✓   15 次调用    4.0 分  selfcheck  7  skill 2  已完成 `page-42.html`：构建六目标径向排序盘，支持拖拽、键盘排序、冲突揭示、重置与 reduced-mot
      page-43 步 16  Bash
      page-45 步 16  Edit
      page-10 步 13  Bash
      page-40 步 18  Bash
      page-24 步 15  Edit
      page-16 步 17  Bash
      page-25 步 13  Bash
      page-45 步 17  Bash
      page-12 步 15  Bash
  page-10  ✓   14 次调用    4.2 分  selfcheck  4  skill 2  已完成 `page-10.html`，并通过初态、DNA、分支完成态与重置态 selfcheck；无报错、加载失败、越界
      page-43 步 17  Edit
      page-39 步 19  Edit
      page-24 步 16  Bash
      page-13 步 16  Edit
      page-21 步 18  Bash
      page-28 步 15  Edit
      page-39 步 20  Bash
      page-02 步 18  Edit
      page-48 步 20  Edit
      page-13 步 17  Edit
      page-43 步 18  Bash
      page-24 步 17  Edit
      page-25 步 14  Edit
      page-46 步 16  Edit
      page-02 步 19  Bash
      page-40 步 19  Edit
      page-48 步 21  Bash
      page-43 步 19  Edit
      page-13 步 18  Bash
      page-45 步 18  Edit
      page-39 步 21  Edit
      page-25 步 15  Bash
      page-24 步 18  Edit
      page-28 步 16  Edit
      page-43 步 20  Edit
  page-48  ✓   22 次调用    4.5 分  selfcheck  7  skill 1  已完成 `page-48.html`，并通过 selfcheck 全部检查。
      page-46 步 17  Edit
      page-21 步 19  Edit
      page-28 步 17  Bash
      page-24 步 19  Edit
      page-39 步 22  Edit
      page-43 步 21  Edit
      page-13 步 19  Edit
      page-16 步 18  Edit
      page-21 步 20  Edit
      page-46 步 18  Bash
      page-43 步 22  Bash
      page-12 步 16  Edit
      page-40 步 20  Bash
      page-02 步 20  Edit
      page-13 步 20  Edit
      page-24 步 20  Bash
      page-43 步 23  Bash
      page-25 步 16  Edit
      [page-12] InternalServerError 等 4s 重试 1/8
      page-39 步 23  Edit
      page-21 步 21  Edit
      page-16 步 19  Edit
      page-28 步 18  Edit
      page-46 步 19  Edit
      page-02 步 21  Edit
      page-13 步 21  Bash
      page-25 步 17  Edit
      page-21 步 22  Edit
  page-43  ✓   24 次调用    5.0 分  selfcheck  8  skill 3  已完成 `page-43.html`，并通过初态、未分配提交、完成审议与重置状态的 selfcheck。
      page-28 步 19  Bash
      page-16 步 20  Bash
      page-02 步 22  Edit
      page-46 步 20  Edit
      page-21 步 23  Bash
      page-40 步 21  Edit
      page-24 步 21  Edit
      page-02 步 23  Bash
      page-39 步 24  Edit
      page-13 步 22  Edit
      page-12 步 17  Bash
      page-25 步 18  Edit
      page-28 步 20  Edit
      page-16 步 21  Edit
      page-12 步 18  Edit
      page-24 步 22  Edit
      page-46 步 21  Bash
      page-40 步 22  Bash
      page-16 步 22  Edit
      page-25 步 19  Bash
      page-21 步 24  Edit
      page-39 步 25  Bash
      page-24 步 23  Bash
      page-02 步 24  Edit
      page-28 步 21  Edit
      page-13 步 23  Edit
      page-16 步 23  Edit
      page-02 步 25  Bash
      page-46 步 22  Edit
      page-28 步 22  Bash
      page-13 步 24  Bash
      page-25 步 20  Edit
      page-16 步 24  Bash
      page-39 步 26  Edit
      page-25 步 21  Bash
      page-46 步 23  Edit
      page-12 步 19  Edit
  page-13  ✓   25 次调用    5.8 分  selfcheck  7  skill 1  已完成第 13 页构建，并通过初始态与完成态 selfcheck。
      page-39 步 27  Bash
      page-21 步 25  Edit
      page-24 步 24  Bash
      page-02 步 26  Edit
      page-46 步 24  Bash
  page-25  ✓   22 次调用    5.9 分  selfcheck  4  skill 1  已完成第 25 页构建，并通过 selfcheck 全部检查。
      page-28 步 23  Edit
      page-12 步 20  Edit
      page-24 步 25  Read
      page-02 步 27  Bash
      page-16 步 25  Edit
      page-16 步 26  Bash
      page-21 步 26  Edit
      page-12 步 21  Bash
      page-39 步 28  Bash Bash Bash
      page-40 步 23  Edit
      page-28 步 24  Edit
      page-16 步 27  Edit
      page-21 步 27  Bash
      page-24 步 26  Edit
      page-28 步 25  Bash
      page-40 步 24  Bash
      page-02 步 28  Edit
      page-12 步 22  Bash Bash Bash
  page-39  ✓   29 次调用    6.5 分  selfcheck 10  skill 3  已完成 `page-39.html`：实现月球任务五项预算联动、实时校验、闭合进度、失败反馈、任务批准与重置；初态、通过
      page-24 步 27  Edit
      page-21 步 28  Edit
      page-16 步 28  Bash
      page-21 步 29  Edit
      page-28 步 26  Edit
      page-46 步 25  Edit
      page-21 步 30  Edit
      page-24 步 28  Bash
  page-12  ✓   23 次调用    6.7 分  selfcheck  9  skill 3  已完成 `page-12.html`：构建了四代石器制作接力小游戏、六步过程轨道、即时正误反馈、键盘操作、重置与减少动态
      page-21 步 31  Bash
      page-16 步 29  Edit
      page-40 步 25  Edit
      page-02 步 29  Bash
      page-28 步 27  Edit
      page-46 步 26  Edit
      page-24 步 29  Edit
      page-16 步 30  Bash
      page-24 步 30  Edit
      page-40 步 26  Bash
      page-02 步 30  Edit
      page-21 步 32  Edit
      page-46 步 27  Edit
      page-02 步 31  Bash
      page-21 步 33  Bash
      page-46 步 28  Bash
      page-24 步 31  Edit
      page-40 步 27  Edit
      page-46 步 29  Bash
      page-16 步 31  Edit
      page-28 步 28  Edit
      page-21 步 34  Edit
      page-02 步 32  Edit
      page-21 步 35  Edit
  page-46  ✓   30 次调用    7.6 分  selfcheck  9  skill 3  已完成 `page-46.html`，并通过初态、完成态、错误反馈态与重置态自检。
      page-16 步 32  Bash
      page-24 步 32  Bash
      page-40 步 28  Bash
      page-28 步 29  Edit
      page-21 步 36  Bash
      page-28 步 30  Edit
      page-02 步 33  Edit
  page-40  ✓   29 次调用    7.8 分  selfcheck 11  skill 2  已完成第 40 页构建，并通过 selfcheck 全部检查。
      page-02 步 34  Edit
      page-16 步 33  Edit
      page-28 步 31  Bash
  page-24  ✓   33 次调用    8.1 分  selfcheck  9  skill 2  已完成第 24 页互动讲义，并通过 selfcheck 全部检查。
      page-02 步 35  Edit
      page-45 步 19  Bash
      page-16 步 34  Edit
      page-21 步 37  Edit
      page-02 步 36  Edit
      page-16 步 35  Bash
      page-21 步 38  Edit
      page-21 步 39  Bash
      page-02 步 37  Bash
      page-28 步 32  Edit
  page-21  ✓   40 次调用    8.4 分  selfcheck 10  skill 2  已完成第 21 页构建，并通过 selfcheck 全部检查。
      page-45 步 20  Edit
  page-16  ✓   36 次调用    8.5 分  selfcheck 14  skill 2  已完成第 16 页并通过 selfcheck。
      page-45 步 21  Edit
      page-02 步 38  Edit
      page-45 步 22  Bash
      page-28 步 33  Edit
      page-28 步 34  Bash
      page-45 步 23  Edit
      page-02 步 39  Edit
      page-28 步 35  Edit
      page-45 步 24  Bash
      page-28 步 36  Edit
      page-02 步 40  Edit
      page-45 步 25  Edit
      page-28 步 37  Edit
      page-45 步 26  Bash
      page-28 步 38  Bash
      page-02 步 41  Edit
      page-45 步 27  Edit
      page-02 步 42  Bash
      page-02 步 43  Edit
      page-45 步 28  Bash
      page-28 步 39  Edit
      page-02 步 44  Edit
  page-45  ✓   29 次调用   10.4 分  selfcheck  9  skill 2  已完成第 45 页构建，并通过初始态及三组比较完成态的 selfcheck。
      page-28 步 40  Edit
      page-02 步 45  Bash
      page-28 步 41  Bash
      page-28 步 42  Edit
      page-02 步 46  Edit
      page-02 步 47  Bash
      page-28 步 43  Edit
      page-02 步 48  Edit
      page-28 步 44  Edit
      page-02 步 49  Bash
      page-28 步 45  Bash
      page-02 步 50  Edit
      page-02 步 51  Bash
      page-28 步 46  Edit
  page-02  ✓   52 次调用   12.0 分  selfcheck 14  skill 2  已完成 `page-02.html`，并通过 selfcheck 全部检查。
      page-28 步 47  Bash
      page-28 步 48  Edit
      page-28 步 49  Bash
      page-28 步 50  Bash
      page-28 步 51  Edit
      page-28 步 52  Bash
      page-28 步 53  Edit
      page-28 步 54  Edit
      page-28 步 55  Edit
      page-28 步 56  Bash
      page-28 步 57  Bash
  page-28  ✓   58 次调用   15.0 分  selfcheck 18  skill 3  已完成 `page-28.html`：实现四类主张分类小游戏、拖拽与键盘操作、即时反馈、完成态、重置及 reduced-

  48/48 页交付   墙钟 15.0 分
  每页调用数 5–58,中位 12   合计 787
  selfcheck 合计 254   Skill 合计 105
  指派 skill 104 项,实际读到 104 项
  读取次数(前 6):CONTRACT.md 48  deck.md 48  theme.css 48  CHASSIS.md 48  LIBS.md 34  lec.js 13
