/data1/home/zhuyifan/ws2/Notale/notale-v2/core/planner.py:1067: DeprecationWarning: Image.Image.getdata is deprecated and will be removed in Pillow 14 (2027-10-15). Use get_flattened_data instead.
  px = list(im.getdata()); n = len(px)
/data1/home/zhuyifan/ws2/Notale/notale-v2/core/planner.py:1175: DeprecationWarning: Image.Image.getdata is deprecated and will be removed in Pillow 14 (2027-10-15). Use get_flattened_data instead.
  px = list(im.getdata())
/data1/home/zhuyifan/ws2/Notale/notale-v2/core/planner.py:1170: DeprecationWarning: Image.Image.getdata is deprecated and will be removed in Pillow 14 (2027-10-15). Use get_flattened_data instead.
  px = [c[:3] for c in im.getdata() if c[3] > 128]

▸ planner · ape-g19
  Ape-men 与 Spacemen：极端环境中的生存进化  /  90 分钟

  seed         底盘已就位,库 20 个
  lec.js       已存在,跳过         17,697 字符
  PLAN.md      已存在,跳过         12,225 字符
  验页表       45 行  停留合计 5400/5400 秒  ✓   无交互 6 页
  [33m⚠ 相邻同结构 1 处: page-45[0m
  验证据链     声明 5 条,页表用到 5 条,承担论证的页 23/45
  验幕结构     6 幕,页序连续 ✓
  验视觉世界   3 个 hex、13 条母题、有现实参照、32 条形状语言  ✓
  验页表       45 行,知识结构 4 种: classification comparison generalization process；版式 7 种: canvas-full focus ledger split-lr split-tb stage-cards triptych
  图池         底图联系表 2 张 → backdrops.jpg
  图池         9/12 张就位，3 张没取到  → img/IMG.md
  theme.css    已存在,跳过         17,402 字符
  接口交接     theme.css 的 INTERFACE 块 52 行 → CHASSIS.md
  接口交接     已知陷阱（Deck.fmt 带符号）→ CHASSIS.md
  CONTRACT.md  已存在,跳过          5,685 字符
  展开 p01     ✗ 第 1 次不是有效规格:开头像推理稿(命中「我们需要」)
  展开 p06     ✗ 第 1 次不是有效规格:太长了:2,214 字符,上限 2,000。这一份只服务一页,写长了不会让那一页更好 —— 只会把建页 agent 的注意力从「解决这一页的设计问题」挪到「走完一张清单」。先删背景和理由的展开,别删几何和数值
  展开 p30     ✗ 第 1 次不是有效规格:数据表里有 4 个格子写的是指针不是值(例:「输入；常量来自 `Lec.K.human.bodyTemperatu」)。画面上要出现的值一律直接写进表里 —— 常量的实际内容就在「可以调的计算接口」那一节,照抄过来。`Lec.P` 只留给要**算**的量,要**显示**的常量写值
  展开 p33     ✗ 第 1 次不是有效规格:太长了:2,010 字符,上限 2,000。这一份只服务一页,写长了不会让那一页更好 —— 只会把建页 agent 的注意力从「解决这一页的设计问题」挪到「走完一张清单」。先删背景和理由的展开,别删几何和数值
  展开 p12     ✗ 第 1 次不是有效规格:缺必填小节 不许碰
      媒体节点了图但没指派取图 skill,已补 web-media-getter
  展开 p35     ✗ 第 1 次不是有效规格:太长了:2,076 字符,上限 2,000。这一份只服务一页,写长了不会让那一页更好 —— 只会把建页 agent 的注意力从「解决这一页的设计问题」挪到「走完一张清单」。先删背景和理由的展开,别删几何和数值
  展开 p44     ✗ 第 1 次不是有效规格:太长了:2,092 字符,上限 2,000。这一份只服务一页,写长了不会让那一页更好 —— 只会把建页 agent 的注意力从「解决这一页的设计问题」挪到「走完一张清单」。先删背景和理由的展开,别删几何和数值
  展开 p29     ✗ 第 1 次不是有效规格:数据表里有 3 个格子写的是指针不是值(例:「显示常量：`Lec.K.atmosphere.seaLevelPre」)。画面上要出现的值一律直接写进表里 —— 常量的实际内容就在「可以调的计算接口」那一节,照抄过来。`Lec.P` 只留给要**算**的量,要**显示**的常量写值
  展开 p13     ✗ 第 1 次不是有效规格:太长了:2,078 字符,上限 2,000。这一份只服务一页,写长了不会让那一页更好 —— 只会把建页 agent 的注意力从「解决这一页的设计问题」挪到「走完一张清单」。先删背景和理由的展开,别删几何和数值
  展开 p39     ✗ 第 1 次不是有效规格:太长了:2,021 字符,上限 2,000。这一份只服务一页,写长了不会让那一页更好 —— 只会把建页 agent 的注意力从「解决这一页的设计问题」挪到「走完一张清单」。先删背景和理由的展开,别删几何和数值
  展开 p30     ✗ 第 2 次不是有效规格:数据表里有 1 个格子写的是指针不是值(例:「`Lec.P.oxygenPressures` 期望结果」)。画面上要出现的值一律直接写进表里 —— 常量的实际内容就在「可以调的计算接口」那一节,照抄过来。`Lec.P` 只留给要**算**的量,要**显示**的常量写值
  展开 p33     ✗ 第 2 次不是有效规格:数据表里有 1 个格子写的是指针不是值(例:「`Lec.P.shieldedRadiationDose(1.84e」)。画面上要出现的值一律直接写进表里 —— 常量的实际内容就在「可以调的计算接口」那一节,照抄过来。`Lec.P` 只留给要**算**的量,要**显示**的常量写值
  展开 p13     ✗ 第 2 次不是有效规格:太长了:2,088 字符,上限 2,000。这一份只服务一页,写长了不会让那一页更好 —— 只会把建页 agent 的注意力从「解决这一页的设计问题」挪到「走完一张清单」。先删背景和理由的展开,别删几何和数值
  展开 p29     ✗ 第 2 次不是有效规格:数据表里有 2 个格子写的是指针不是值(例:「显示常量 `Lec.K.atmosphere.seaLevelPre」)。画面上要出现的值一律直接写进表里 —— 常量的实际内容就在「可以调的计算接口」那一节,照抄过来。`Lec.P` 只留给要**算**的量,要**显示**的常量写值
  展开 p35     ✗ 第 2 次不是有效规格:太长了:2,045 字符,上限 2,000。这一份只服务一页,写长了不会让那一页更好 —— 只会把建页 agent 的注意力从「解决这一页的设计问题」挪到「走完一张清单」。先删背景和理由的展开,别删几何和数值
  展开 p39     ✗ 第 2 次不是有效规格:数据表里有 1 个格子写的是指针不是值(例:「显示常量；来自 `Lec.K.atmosphere.dryCarbo」)。画面上要出现的值一律直接写进表里 —— 常量的实际内容就在「可以调的计算接口」那一节,照抄过来。`Lec.P` 只留给要**算**的量,要**显示**的常量写值
  展开 p30     ✗ 第 3 次不是有效规格:太长了:2,031 字符,上限 2,000。这一份只服务一页,写长了不会让那一页更好 —— 只会把建页 agent 的注意力从「解决这一页的设计问题」挪到「走完一张清单」。先删背景和理由的展开,别删几何和数值
  展开 p30     ⚠ 3 次都不合格,**保留最后一次**继续往下走(最后一次:太长了:2,031 字符,上限 2,000。这一份只服务一页,写长了不会让那一页更好 —— 只会把建页 agent 的注意力从「解决这一页的设计问题」挪到「走完一张清单」。先删背景和理由的展开,别删几何和数值)
  展开 p44     ✗ 第 2 次不是有效规格:数据表里有 2 个格子写的是指针不是值(例:「`Lec.P.oxygenPressures(P, F_O₂, 62」)。画面上要出现的值一律直接写进表里 —— 常量的实际内容就在「可以调的计算接口」那一节,照抄过来。`Lec.P` 只留给要**算**的量,要**显示**的常量写值
  展开 p39     ✗ 第 3 次不是有效规格:太长了:2,017 字符,上限 2,000。这一份只服务一页,写长了不会让那一页更好 —— 只会把建页 agent 的注意力从「解决这一页的设计问题」挪到「走完一张清单」。先删背景和理由的展开,别删几何和数值
  展开 p39     ⚠ 3 次都不合格,**保留最后一次**继续往下走(最后一次:太长了:2,017 字符,上限 2,000。这一份只服务一页,写长了不会让那一页更好 —— 只会把建页 agent 的注意力从「解决这一页的设计问题」挪到「走完一张清单」。先删背景和理由的展开,别删几何和数值)
      媒体节点了图但没指派取图 skill,已补 web-media-getter
  展开 p35     ✗ 第 3 次不是有效规格:数据表里有 2 个格子写的是指针不是值(例:「调用 `Lec.P.gravity(5.9722e24, 67710」)。画面上要出现的值一律直接写进表里 —— 常量的实际内容就在「可以调的计算接口」那一节,照抄过来。`Lec.P` 只留给要**算**的量,要**显示**的常量写值
  展开 p35     ⚠ 3 次都不合格,**保留最后一次**继续往下走(最后一次:数据表里有 2 个格子写的是指针不是值(例:「调用 `Lec.P.gravity(5.9722e24, 67710」)。画面上要出现的值一律直接写进表里 —— 常量的实际内容就在「可以调的计算接口」那一节,照抄过来。`Lec.P` 只留给要**算**的量,要**显示**的常量写值)
  展开规格     45 份(45 新建/0 复用)  196s  out=114,749 tok  2,216–4,271B
  skeletons    45 个骨架,已接 base/theme/lec,data-total=45
  briefs       45 份,1178–1214 字符,中位 1188

  合计 216s  →  /data1/home/zhuyifan/ws2/Notale/notale-v2/runs/ape-g19

  判据                                ape-g19     目标
  ───────────────────────────────────────────────────
  规格份数                                   45     
  规格中位字符                               1677     ≤1300
  表格真数值格(每份有表)                          7.2     ≥8
  表格真数值格合计                              322     
  表格指针格                                   3     0
  点名底盘类的规格数                         38/67 类     ≥30%
  有「核对」的份                             20/45     ≥40%
  有「交给下一页」的份                           0/45     ≥90%
  还有「场景构图」的份                           0/45     0
  有「交互」节的份                            39/45     <n
    交互节字符中位                             205     ≥200
    有「正确状态」的比率                          20%     ≤40%
    说清「什么跟着变」                           12%     ≥80%
    有复位/重来                              46%     ≥70%
  theme.css 字符                       17,402     ≤13000
    其中 utility 类                          2     0
    仪表类齐几样(共 8)                         8/8     8
    INTERFACE 块字符                      2321     ≥2000
  PLAN.md 字符                         12,225     ≤10000
    版式种类 / 缺失 / 相邻重复              7 / 0 / 0     ≥4 / 0 / 0
    split-lr 页数                           8     ≤总页数 1/3
    数字口径里的真实数值                            9     ≥20
    页表一句话带数                            0/45     ≥20%
  lec.js 字符 / P 函数数             17,697 / 13     函数数↓
  theme.css 填色的容器类                        3     ≤2
  规格点名图池文件的份数                            16     ≥6


  ✓ #stage 有 padding                有   要求 有
  ✗ 规格表格里的指针格                       3   要求 0

  [31m✗ plan 层有 1 条不合格:规格表格里的指针格[0m
    产物都在,改完提示词重跑对应那一步即可（cached() 会跳过已好的）
