/data1/home/zhuyifan/ws2/Notale/notale-v2/core/planner.py:887: DeprecationWarning: Image.Image.getdata is deprecated and will be removed in Pillow 14 (2027-10-15). Use get_flattened_data instead.
  px = list(im.getdata())

▸ planner · ape-g16
  Apeman – Spaceman：从直立行走到离开地球  /  90 分钟

  seed         底盘已就位,库 20 个
  lec.js         67.8s  out= 5,097 tok    7,232 字符
  PLAN.md       185.3s  out=12,159 tok   16,540 字符
  验页表       50 行  停留合计 5395/5400 秒  [33m⚠ 差 -5[0m   无交互 7 页
  验证据链     声明 5 条,页表用到 5 条,承担论证的页 43/50
  验幕结构     5 幕,页序连续 ✓
  [33m  以上 1 项都没有判死 —— 页表是个小文本文件,改完重跑 PLAN.md 这一步即可(后面几步命中缓存)。[0m
  验视觉世界   3 个 hex、26 条母题  ✓
  验页表       50 行,知识结构 4 种: classification comparison generalization process
  图池         4/14 张就位，10 张没取到  → img/IMG.md
  theme.css      85.1s  out= 6,913 tok   15,158 字符
  theme.css    ✗ 第 1 次产物不是有效的 theme.css:`#stage` 没有设成 flex 列 —— 必须有 `#stage { display: flex; flex-direction: column; }`。缺了它子元素按内容取高、剩下的画布就是死空间,实测这样的一轮 52 页里 0 页把 900px 用满(对照:另一条线 44/44 页用满)
  theme.css      69.3s  out= 7,009 tok   14,712 字符
  theme.css    ✗ 第 2 次产物不是有效的 theme.css:`#stage` 没有设成 flex 列 —— 必须有 `#stage { display: flex; flex-direction: column; }`。缺了它子元素按内容取高、剩下的画布就是死空间,实测这样的一轮 52 页里 0 页把 900px 用满(对照:另一条线 44/44 页用满)
  theme.css      84.5s  out= 7,670 tok   15,438 字符
  theme.css    ✗ 第 3 次产物不是有效的 theme.css:`#stage` 没有设成 flex 列 —— 必须有 `#stage { display: flex; flex-direction: column; }`。缺了它子元素按内容取高、剩下的画布就是死空间,实测这样的一轮 52 页里 0 页把 900px 用满(对照:另一条线 44/44 页用满)
Traceback (most recent call last):
  File "<frozen runpy>", line 198, in _run_module_as_main
  File "<frozen runpy>", line 88, in _run_code
  File "/data1/home/zhuyifan/ws2/Notale/notale-v2/core/planner.py", line 1151, in <module>
    main()
  File "/data1/home/zhuyifan/ws2/Notale/notale-v2/core/planner.py", line 1143, in main
    r = plan_run(Run(n.query, n.minutes, n.audience, n.label, n.scenario),
        ^^^^^^^^^^^^^^^^^^^^^^^^^^^^^^^^^^^^^^^^^^^^^^^^^^^^^^^^^^^^^^^^^^
  File "/data1/home/zhuyifan/ws2/Notale/notale-v2/core/planner.py", line 1044, in plan_run
    theme = cached(run, "theme.css", run.assets / "theme.css",
            ^^^^^^^^^^^^^^^^^^^^^^^^^^^^^^^^^^^^^^^^^^^^^^^^^^
  File "/data1/home/zhuyifan/ws2/Notale/notale-v2/core/planner.py", line 519, in cached
    raise RuntimeError(
RuntimeError: theme.css 连续 3 次产出的都不是有效内容(最后一次:`#stage` 没有设成 flex 列 —— 必须有 `#stage { display: flex; flex-direction: column; }`。缺了它子元素按内容取高、剩下的画布就是死空间,实测这样的一轮 52 页里 0 页把 900px 用满(对照:另一条线 44/44 页用满))。被拒的存在 /data1/home/zhuyifan/ws2/Notale/notale-v2/runs/ape-g16/pages/theme.css.rejectedN,看一眼就知道模型在写什么。
/data1/home/zhuyifan/ws2/Notale/notale-v2/core/planner.py:893: DeprecationWarning: Image.Image.getdata is deprecated and will be removed in Pillow 14 (2027-10-15). Use get_flattened_data instead.
  px = list(im.getdata())

▸ planner · ape-g16
  Apeman – Spaceman：从直立行走到离开地球  /  90 分钟

  seed         底盘已就位,库 20 个
  lec.js       已存在,跳过          7,223 字符
  PLAN.md      已存在,跳过         16,540 字符
  验页表       50 行  停留合计 5395/5400 秒  [33m⚠ 差 -5[0m   无交互 7 页
  验证据链     声明 5 条,页表用到 5 条,承担论证的页 43/50
  验幕结构     5 幕,页序连续 ✓
  [33m  以上 1 项都没有判死 —— 页表是个小文本文件,改完重跑 PLAN.md 这一步即可(后面几步命中缓存)。[0m
  验视觉世界   3 个 hex、26 条母题  ✓
  验页表       50 行,知识结构 4 种: classification comparison generalization process
  图池         14/14 张就位  → img/IMG.md
  theme.css      95.1s  out= 6,815 tok   14,843 字符
  接口交接     theme.css 的 INTERFACE 块 43 行 → CHASSIS.md
  接口交接     已知陷阱（Deck.fmt 带符号）→ CHASSIS.md
  CONTRACT.md    75.9s  out= 4,066 tok    5,150 字符
  展开 p42     ✗ 第 1 次不是有效规格:太长了:2,064 字符,上限 2,000。这一份只服务一页,写长了不会让那一页更好 —— 只会把建页 agent 的注意力从「解决这一页的设计问题」挪到「走完一张清单」。先删背景和理由的展开,别删几何和数值
  展开 p30     ✗ 第 1 次不是有效规格:数据表里有 1 个格子写的是指针不是值(例:「`Lec.P.dragForce(ρ,v,0.50,A)`，显示 N」)。画面上要出现的值一律直接写进表里 —— 常量的实际内容就在「可以调的计算接口」那一节,照抄过来。`Lec.P` 只留给要**算**的量,要**显示**的常量写值
  展开 p42     ✗ 第 2 次不是有效规格:太长了:2,330 字符,上限 2,000。这一份只服务一页,写长了不会让那一页更好 —— 只会把建页 agent 的注意力从「解决这一页的设计问题」挪到「走完一张清单」。先删背景和理由的展开,别删几何和数值
  展开 p42     ✗ 第 3 次不是有效规格:太长了:2,190 字符,上限 2,000。这一份只服务一页,写长了不会让那一页更好 —— 只会把建页 agent 的注意力从「解决这一页的设计问题」挪到「走完一张清单」。先删背景和理由的展开,别删几何和数值
  展开 p42     ⚠ 3 次都不合格,**保留最后一次**继续往下走(最后一次:太长了:2,190 字符,上限 2,000。这一份只服务一页,写长了不会让那一页更好 —— 只会把建页 agent 的注意力从「解决这一页的设计问题」挪到「走完一张清单」。先删背景和理由的展开,别删几何和数值)
  展开规格     50 份(50 新建/0 复用)  137s  out=103,259 tok  2,627–4,183B
  skeletons    50 个骨架,已接 base/theme/lec,data-total=50
  briefs       50 份,3356–3410 字符,中位 3375

  合计 358s  →  /data1/home/zhuyifan/ws2/Notale/notale-v2/runs/ape-g16

  判据                                ape-g16     目标
  ───────────────────────────────────────────────────
  规格份数                                   50     
  规格中位字符                               1679     ≤1300
  表格真数值格(每份有表)                          9.6     ≥8
  表格真数值格合计                              480     
  表格指针格                                   0     0
  点名底盘类的规格数                         44/52 类     ≥30%
  有「核对」的份                             24/50     ≥40%
  有「交给下一页」的份                          50/50     ≥90%
  还有「场景构图」的份                           0/50     0
  有「交互」节的份                            43/50     <n
    交互节字符中位                             178     ≥200
    有「正确状态」的比率                          16%     ≤40%
    说清「什么跟着变」                           37%     ≥80%
    有复位/重来                             100%     ≥70%
  theme.css 字符                       14,843     ≤13000
    其中 utility 类                          2     0
    仪表类齐几样(共 8)                         8/8     8
    INTERFACE 块字符                      2367     ≥2000
  PLAN.md 字符                         16,540     ≤10000
    数字口径里的真实数值                           50     ≥20
    页表一句话带数                           10/50     ≥20%
  lec.js 字符 / P 函数数              7,223 / 38     函数数↓
  theme.css 填色的容器类                        4     ≤2
  规格点名图池文件的份数                            23     ≥6


  ✗ theme.css 里填色的容器类               4   要求 ≤2
  ✓ theme.css 里 utility 类           2   要求 ≤2
  ✓ #stage 有 padding                有   要求 有
  ✓ 仪表类齐几样                          8   要求 8
  ✓ 规格表格里的指针格                       0   要求 0
  ✓ 规格点名图池文件的份数                    23   要求 ≥6

  [31m✗ plan 层有 1 条不合格:theme.css 里填色的容器类[0m
    产物都在,改完提示词重跑对应那一步即可（cached() 会跳过已好的）
