
▸ builder · ape-g14
  8 页,并发 8,effort=low,skill 清单 9,221 字符

      page-44 步  1  Read Read Read Read Read Skill
      page-22 步  1  Read Read Read Read Read Skill Skill
      page-48 步  1  Read Read Read Read Read Read
      page-14 步  1  Read Read Read Read Read Skill Skill Skill
      page-30 步  1  Read Read Read Read Read Skill Skill Skill
      page-01 步  1  Read Read Read Read Read Skill Read
      page-07 步  1  Read Read Read Read Read Skill Skill
      page-38 步  1  Read Read Read Read Read Skill Skill Skill
      page-44 步  2  Read Bash
      page-14 步  2  Read Read
      page-22 步  2  Read Read
      page-38 步  2  Read Read Bash
      page-01 步  2  Bash
      page-30 步  2  Read Read Bash
      page-07 步  2  Read Read Bash
      page-22 步  3  Bash
      page-38 步  3  Bash
      page-30 步  3  Bash
      page-07 步  3  Read
      page-38 步  4  Read
      page-22 步  4  Read
      page-48 步  2  Write
      page-48 步  3  Bash
      page-01 步  3  Write
      page-44 步  3  Write
      page-44 步  4  Bash
      page-01 步  4  Bash
      page-14 步  3  Write
      page-14 步  4  Bash
  page-01  ✓    5 次调用    1.0 分  selfcheck  1  skill 1  已完成 `page-01.html`，并通过 selfcheck：无报错、无加载失败、无越界或裁切，字号、文本块与画面占
      page-48 步  4  Edit
      page-48 步  5  Edit
      page-38 步  5  Write
      page-44 步  5  Edit
      page-14 步  5  Edit
      page-07 步  4  Write
      page-30 步  4  Write
      page-48 步  6  Edit
      page-14 步  6  Edit
      page-22 步  5  Write
      page-07 步  5  Bash
      page-38 步  6  Edit
      page-44 步  6  Edit
      page-30 步  5  Bash
      page-14 步  7  Edit
      page-38 步  7  Bash
      page-48 步  7  Bash
      page-22 步  6  Bash
      page-44 步  7  Bash
      page-07 步  6  Bash Bash Bash
      page-38 步  8  Bash Bash
      page-22 步  7  Bash Bash
  page-44  ✓    8 次调用    1.5 分  selfcheck  2  skill 1  已完成第 44 页构建，并通过 selfcheck 全部检查。
      page-14 步  8  Edit
  page-07  ✓    7 次调用    1.6 分  selfcheck  4  skill 2  已完成 `page-07.html`，并通过初始、缩放、键盘交互与重置状态自检。
      page-48 步  8  Edit
      page-30 步  6  Bash Bash Bash Bash
      page-14 步  9  Bash
  page-38  ✓    9 次调用    1.6 分  selfcheck  3  skill 3  已完成 `page-38.html`：实现土星五号质量筹码审计、拖拽与键盘操作、实时读数、正确/错误反馈、重置及 red
      page-48 步  9  Edit
      page-22 步  8  Edit
      page-14 步 10  Bash
  page-30  ✓    7 次调用    1.8 分  selfcheck  5  skill 3  已完成 `page-30.html`：构建三类飞行路径的同构对照、三步任务选择、即时反馈、轨迹动画、进度与重置，并通过全
      page-48 步 10  Edit
      page-22 步  9  Edit
      page-48 步 11  Edit
      page-22 步 10  Bash
      page-48 步 12  Edit
      page-48 步 13  Bash
  page-22  ✓   11 次调用    2.1 分  selfcheck  4  skill 2  已完成 `page-22.html`：包含三列对齐比较、Matter.js 牛顿炮模拟、速度调节、发射/重置、实时读数、
      page-14 步 11  Edit
      page-48 步 14  Edit
      page-14 步 12  Bash
      page-14 步 13  Edit
      page-48 步 15  Bash
      page-14 步 14  Bash
      page-48 步 16  Edit
      page-48 步 17  Edit
      page-14 步 15  Edit
      page-48 步 18  Bash
      page-14 步 16  Bash
      page-48 步 19  Bash
      page-48 步 20  Edit
      page-14 步 17  Edit
      page-48 步 21  Edit
      page-14 步 18  Edit
      page-48 步 22  Edit
      page-14 步 19  Bash
      page-48 步 23  Edit
      page-14 步 20  Bash
      page-48 步 24  Bash
  page-14  ✓   21 次调用    3.8 分  selfcheck  8  skill 3  已完成第 14 页互动讲义，并通过初始、错误反馈及完整四轮交互状态的 selfcheck。
      page-48 步 25  Edit
      page-48 步 26  Edit
      page-48 步 27  Edit
      page-48 步 28  Edit
      page-48 步 29  Bash
      page-48 步 30  Edit
      page-48 步 31  Edit
      page-48 步 32  Edit
      page-48 步 33  Bash
      page-48 步 34  Edit
      page-48 步 35  Edit
      page-48 步 36  Bash
      page-48 步 37  Edit
      page-48 步 38  Edit
      page-48 步 39  Edit
      page-48 步 40  Bash
      page-48 步 41  Bash
      page-48 步 42  Edit
      page-48 步 43  Edit
      page-48 步 44  Edit
      page-48 步 45  Bash
      page-48 步 46  Edit
      page-48 步 47  Edit
      page-48 步 48  Edit
      page-48 步 49  Bash
      page-48 步 50  Edit
      page-48 步 51  Bash
      page-48 步 52  Bash Bash
  page-48  ✓   53 次调用    7.5 分  selfcheck 17  skill 0  已完成 `page-48.html`，并通过初始、缺项提交与四维完成状态的 selfcheck。

  8/8 页交付   墙钟 7.5 分
  每页调用数 5–53,中位 9   合计 121
  selfcheck 合计 44   Skill 合计 15
  指派 skill 15 项,实际读到 15 项
  读取次数(前 6):CONTRACT.md 8  deck.md 8  theme.css 8  CHASSIS.md 8  LIBS.md 5  lec.js 3
