
▸ builder · ape-g18
  6 页,并发 6,effort=low,skill 块 242–694 字符/页(中位 448,全清单是 9,221)

      page-08 步  1  Read
      page-46 步  1  Read
      page-29 步  1  Read
      page-04 步  1  Read
      page-33 步  1  Read
      page-46 步  2  Read
      page-04 步  2  Read
      page-29 步  2  Read
      page-33 步  2  Read
      page-23 步  1  Read
      page-46 步  3  Read
      page-08 步  2  Read
      page-33 步  3  Read
      page-04 步  3  Read
      page-29 步  3  Read
      page-46 步  4  Skill
      page-08 步  3  Read
      page-33 步  4  Skill Skill
      page-29 步  4  Skill Skill Skill
      page-46 步  5  Skill
      page-08 步  4  Skill
      page-23 步  2  Read
      page-04 步  4  Skill
      page-08 步  5  Read
      page-23 步  3  Read
      page-08 步  6  Bash
      page-23 步  4  Skill
      page-33 步  5  Write
      page-33 步  6  Bash
      page-46 步  6  Write
      page-08 步  7  Write
      page-04 步  5  Write
      page-46 步  7  Bash
      page-08 步  8  Bash
      page-29 步  5  Write
      page-33 步  7  Edit
      page-46 步  8  Bash Bash
      page-29 步  6  Bash
      page-04 步  6  Bash
      page-23 步  5  Write
      page-08 步  9  Bash
      page-33 步  8  Edit
      page-23 步  6  Bash
  page-46  ✓    9 次调用    1.4 分  selfcheck  3  skill 2  完成火星生存舱三档配置取舍游戏与实时风险反馈；selfcheck 初态、极端配置、提交及复位均 0 报错、0 越界、0 
      page-08 步 10  Bash
      page-29 步  7  Bash
      page-33 步  9  Edit
      page-23 步  7  Bash
      page-33 步 10  Bash
      page-23 步  8  Bash
      page-04 步  7  Edit
      page-29 步  8  Bash
      page-04 步  8  Edit
      page-33 步 11  Edit
      page-08 步 11  Edit
      page-04 步  9  Edit
      page-33 步 12  Edit
      page-23 步  9  Edit
      page-04 步 10  Edit
      page-29 步  9  Edit
      page-33 步 13  Edit
      page-23 步 10  Edit
      page-04 步 11  Edit
      page-29 步 10  Edit
      page-08 步 12  Edit
      page-33 步 14  Edit
      page-29 步 11  Bash
      page-23 步 11  Edit
      page-33 步 15  Bash
      page-04 步 12  Edit
      page-23 步 12  Bash
      page-08 步 13  Edit
      page-04 步 13  Edit
      page-08 步 14  Bash
      page-33 步 16  Edit
      page-04 步 14  Edit
      page-23 步 13  Edit
      page-08 步 15  Edit
      page-29 步 12  Edit
      page-04 步 15  Bash
      page-23 步 14  Edit
      page-33 步 17  Edit
      page-29 步 13  Edit
      page-23 步 15  Edit
      page-33 步 18  Bash
      page-29 步 14  Edit
      page-08 步 16  Bash
      page-23 步 16  Edit
      page-04 步 16  Edit
      page-04 步 17  Edit
      page-23 步 17  Bash
      page-33 步 19  Edit
      page-29 步 15  Bash
      page-04 步 18  Edit
      page-08 步 17  Edit
      page-33 步 20  Bash
      page-08 步 18  Bash
      page-04 步 19  Bash
      page-23 步 18  Edit
      page-29 步 16  Bash
      page-08 步 19  Edit
      page-04 步 20  Bash
      page-23 步 19  Edit
      page-29 步 17  Edit
      page-08 步 20  Bash
      page-33 步 21  Edit
      page-23 步 20  Edit
      page-29 步 18  Bash
      page-23 步 21  Edit
  page-08  ✓   21 次调用    3.3 分  selfcheck  7  skill 1  完成气候波动扫描窗、动态读数与三步因果链；selfcheck 初态及两端状态均通过，0 报错、0 越界、0 裁切，占用率
  page-04  ✓   21 次调用    3.3 分  selfcheck  4  skill 1  完成九张极端情境卡的三类压力拖放分拣、键盘操作、即时反馈、完成态与重置；selfcheck 初态及全部归仓态均通过：0 
      page-23 步 22  Edit
      page-33 步 22  Edit
      page-29 步 19  Edit
      page-33 步 23  Bash
      page-29 步 20  Bash
      page-23 步 23  Bash
      page-23 步 24  Edit
  page-29  ✓   21 次调用    3.7 分  selfcheck  8  skill 3  已完成真空失压阀门互动模拟与因果时间轴；selfcheck 全部通过：0 报错、0 加载失败、0 越界裁切，画面占用 4
      page-33 步 24  Edit
      page-23 步 25  Bash
      page-33 步 25  Edit
      page-33 步 26  Bash
      page-23 步 26  Bash
      page-23 步 27  Bash
      page-33 步 27  Edit
      page-33 步 28  Edit
  page-23  ✓   28 次调用    4.4 分  selfcheck  9  skill 1  完成 10 块猎物分类分配游戏、即时风险反馈、多解完成态与重置；selfcheck 全部通过。
      page-33 步 29  Bash
      page-33 步 30  Edit
      page-33 步 31  Edit
      page-33 步 32  Bash
  page-33  ✓   33 次调用    5.1 分  selfcheck  9  skill 2  已完成微重力人体液滴拖动分类图与三系统并列解释；selfcheck：渲染无报错、无越界裁切，画面占用 39% 未达 45

  6/6 页交付   墙钟 5.1 分
  每页调用数 9–33,中位 21   合计 133
  selfcheck 合计 40   Skill 合计 10
  指派 skill 10 项,实际读到 10 项
  读取次数(前 6):CHASSIS.md 6  CONTRACT.md 6  p04.md 1  p08.md 1  LIBS.md 1  p23.md 1
