
▸ planner · ape-g9
  Apeman – Spaceman  /  90 分钟

  seed         底盘已就位,库 20 个
  lec.js        189.1s  out= 7,550 tok   28,849 字符
  mount DOM     12 个类名
  PLAN.md       218.5s  out= 7,598 tok   13,976 字符
  验页表       52 行  停留合计 5400/5400 秒  ✓   无交互 7 页
  验证据链     声明 5 条,页表用到 5 条,承担论证的页 45/52
  验幕结构     5 幕,页序连续 ✓
  验视觉世界   4 个 hex、8 条母题  ✓
  验页表       52 行,知识结构 5 种: classification comparison enumeration generalization process
      上游 EmptyReply,等 5s 重试 (1/8)  已累计死等 50s
  展开 p13     ✗ 第 1 次不是有效规格:交互那一节缺「做对了」那一行 —— 这一页有交互,四行(做对了/做错了/做到哪儿了/做完了)要按提示词给的标签逐行写
      ⚠ chat 响应里正文为空,finish_reason=stop —— 产物缺内容先查这里,不要先怀疑模型。
      上游 EmptyReply,等 5s 重试 (1/8)  已累计死等 19s
  展开 p05     ✗ 第 1 次不是有效规格:开头不是 `# page-NN · …` 那一行
  展开 p19     ✗ 第 1 次不是有效规格:开头不是 `# page-NN · …` 那一行
  展开 p21     ✗ 第 1 次不是有效规格:开头不是 `# page-NN · …` 那一行
      ⚠ chat 响应里正文为空,finish_reason=stop —— 产物缺内容先查这里,不要先怀疑模型。
      上游 EmptyReply,等 5s 重试 (1/8)  已累计死等 27s
  展开 p29     ✗ 第 1 次不是有效规格:开头不是 `# page-NN · …` 那一行
  展开 p26     ✗ 第 1 次不是有效规格:开头不是 `# page-NN · …` 那一行
  展开 p21     ✗ 第 2 次不是有效规格:开头不是 `# page-NN · …` 那一行
  展开 p22     ✗ 第 1 次不是有效规格:开头不是 `# page-NN · …` 那一行
  展开 p24     ✗ 第 1 次不是有效规格:开头不是 `# page-NN · …` 那一行
  展开 p41     ✗ 第 1 次不是有效规格:开头不是 `# page-NN · …` 那一行
  展开 p42     ✗ 第 1 次不是有效规格:开头不是 `# page-NN · …` 那一行
  展开 p33     ✗ 第 1 次不是有效规格:开头不是 `# page-NN · …` 那一行
  展开 p40     ✗ 第 1 次不是有效规格:开头不是 `# page-NN · …` 那一行
  展开 p35     ✗ 第 1 次不是有效规格:开头不是 `# page-NN · …` 那一行
  展开 p38     ✗ 第 1 次不是有效规格:开头不是 `# page-NN · …` 那一行
  展开 p24     ✗ 第 2 次不是有效规格:开头不是 `# page-NN · …` 那一行
  展开 p48     ✗ 第 1 次不是有效规格:开头不是 `# page-NN · …` 那一行
  展开 p41     ✗ 第 2 次不是有效规格:开头不是 `# page-NN · …` 那一行
  展开 p35     ✗ 第 2 次不是有效规格:开头不是 `# page-NN · …` 那一行
  展开 p24     ✗ 第 3 次不是有效规格:开头不是 `# page-NN · …` 那一行
  展开 p24     ⚠ 3 次都不合格,**保留最后一次**继续往下走(最后一次:开头不是 `# page-NN · …` 那一行)
      上游 EmptyReply,等 5s 重试 (1/8)  已累计死等 86s
  展开 p41     ✗ 第 3 次不是有效规格:开头不是 `# page-NN · …` 那一行
  展开 p41     ⚠ 3 次都不合格,**保留最后一次**继续往下走(最后一次:开头不是 `# page-NN · …` 那一行)
  展开规格     52 份(52 新建/0 复用)  419s  out=64,359 tok  2,613–4,586B
  theme.css     164.5s  out= 7,937 tok   23,045 字符
  接口交接     theme.css 的 INTERFACE 块 25 行 → CHASSIS.md
  验样式       mount 的 12 个类名,theme.css 覆盖 12 个
  CONTRACT.md   182.6s  out= 3,143 tok    5,293 字符
  skeletons    52 个骨架,已接 base/theme/lec,data-total=52
  briefs       52 份,3105–3173 字符,中位 3126

  合计 1174s  →  /data1/home/zhuyifan/ws2/Notale/notale-v2/runs/ape-g9
