
▸ builder · ape-ds2
  50 页,并发 50,effort=medium,skill 清单 9,221 字符

      page-10 步  1  Read Read Read
      page-14 步  1  Read Read
      page-37 步  1  Read Read
      page-42 步  1  Read Read
      page-20 步  1  Read Read Read
      page-31 步  1  Read Read
      page-44 步  1  Read Read
      page-04 步  1  Read Read Read
      page-24 步  1  Read Read Read
      page-32 步  1  Read Read Read Read
      page-50 步  1  Read Read Read
      page-35 步  1  Read Read      page-41 步  1  Read Read Read

      page-29 步  1  Read Read Read
      page-15 步  1  Read Read Read
      page-21 步  1  Read Read Read
      page-05 步  1  Read Read Read
      page-22 步  1  Read Read
      page-08 步  1  Read Read Read
      page-17 步  1  Read Read Read Read
      page-12 步  1  Read Read Read
      page-16 步  1  Read Read Read
      page-30 步  1  Read Read Skill Skill
      page-33 步  1  Read Read Read Read
      page-02 步  1  Read Read Read Read
      page-11 步  1  Read Read Read
      page-07 步  1  Read Read Read
      page-40 步  1  Read Read Read Read
      page-23 步  1  Read Read Read Read Read
      page-13 步  1  Read Read Read
      page-38 步  1  Read Read Read
      page-14 步  2  Read Read
      page-19 步  1  Read Read Read
      page-18 步  1  Read Read Read
      page-20 步  2  Skill Read
      page-47 步  1  Read Read
      page-34 步  1  Read Read Read
      page-11 步  2  Read
      page-16 步  2  Read Skill Skill Skill
      page-10 步  2  Read Read Skill Skill Skill
      page-22 步  2  Read Read
      page-39 步  1  Read Read Read
      page-40 步  2  Skill
      page-28 步  1  Read Read Read
      [page-30] 400 但是网关 fallback 失败,按抖动重试
      [page-30] BadRequestError 等 5s 重试 1/8
      [page-15] 400 但是网关 fallback 失败,按抖动重试
      [page-15] BadRequestError 等 6s 重试 1/8
      [page-21] 400 但是网关 fallback 失败,按抖动重试
      [page-21] BadRequestError 等 6s 重试 1/8
      page-18 步  2  Read Skill
      [page-04] 400 但是网关 fallback 失败,按抖动重试
      [page-04] BadRequestError 等 5s 重试 1/8
      page-38 步  2  Read Skill Skill
      [page-31] 400 但是网关 fallback 失败,按抖动重试
      [page-31] BadRequestError 等 6s 重试 1/8
      page-14 步  3  Skill Read
      page-49 步  1  Read Read
      [page-24] 400 但是网关 fallback 失败,按抖动重试
      [page-24] BadRequestError 等 4s 重试 1/8
      [page-08] 400 但是网关 fallback 失败,按抖动重试
      [page-08] BadRequestError 等 6s 重试 1/8
      page-01 步  1  Read Read Read
      [page-35] 400 但是网关 fallback 失败,按抖动重试
      [page-35] BadRequestError 等 5s 重试 1/8
      page-46 步  1  Read Read Read
      [page-05] 400 但是网关 fallback 失败,按抖动重试
      [page-05] BadRequestError 等 4s 重试 1/8
      [page-29] 400 但是网关 fallback 失败,按抖动重试
      [page-29] BadRequestError 等 5s 重试 1/8
      page-02 步  2  Read
      page-27 步  1  Read Read Read
      page-16 步  3  Read
      page-13 步  2  Read Read Skill
      [page-34] 400 但是网关 fallback 失败,按抖动重试
      [page-34] BadRequestError 等 5s 重试 1/8
      page-47 步  2  Read Read
      [page-40] 400 但是网关 fallback 失败,按抖动重试
      [page-40] BadRequestError 等 4s 重试 1/8
      page-42 步  2  Read Read
      page-06 步  1  Read Read Read
      [page-28] 400 但是网关 fallback 失败,按抖动重试
      [page-28] BadRequestError 等 4s 重试 1/8
      [page-19] 400 但是网关 fallback 失败,按抖动重试
      [page-19] BadRequestError 等 6s 重试 1/8
      page-09 步  1  Read Read Read
      page-36 步  1  Read Read Read
      page-44 步  2  Read Read
      page-49 步  2  Read Read
      [page-33] 400 但是网关 fallback 失败,按抖动重试
      [page-33] BadRequestError 等 6s 重试 1/8
      page-50 步  2  Read
      page-07 步  2  Read Read
      page-25 步  1  Read Read Read
      page-45 步  1  Read Read
      page-26 步  1  Read Read Read
      page-32 步  2  Read Skill
      page-43 步  1  Read Read
      page-03 步  1  Read Read Read
      page-48 步  1  Read Read Read Read Read
      page-41 步  2  Read Read
      page-09 步  2  Read
      page-01 步  2  Read
      page-17 步  2  Read Skill Skill Skill
      [page-46] 400 但是网关 fallback 失败,按抖动重试
      [page-46] BadRequestError 等 4s 重试 1/8
      [page-23] 400 但是网关 fallback 失败,按抖动重试
      [page-23] BadRequestError 等 6s 重试 1/8
      page-37 步  2  Read Read
      [page-04] 400 但是网关 fallback 失败,按抖动重试
      [page-04] BadRequestError 等 11s 重试 2/8
      page-24 步  2  Read
      [page-07] 400 但是网关 fallback 失败,按抖动重试
      [page-07] BadRequestError 等 5s 重试 1/8
      [page-49] 400 但是网关 fallback 失败,按抖动重试
      [page-49] BadRequestError 等 4s 重试 1/8
      page-39 步  2  Read Skill Skill
      [page-12] 400 但是网关 fallback 失败,按抖动重试
      [page-12] BadRequestError 等 5s 重试 1/8
      page-22 步  3  Read Skill Skill
      [page-26] 400 但是网关 fallback 失败,按抖动重试
      [page-26] BadRequestError 等 5s 重试 1/8
      [page-38] 400 但是网关 fallback 失败,按抖动重试
      [page-38] BadRequestError 等 6s 重试 1/8
      [page-35] 400 但是网关 fallback 失败,按抖动重试
      [page-35] BadRequestError 等 11s 重试 2/8
      page-25 步  2  Read Skill
      [page-45] 400 但是网关 fallback 失败,按抖动重试
      [page-45] BadRequestError 等 6s 重试 1/8
      [page-41] 400 但是网关 fallback 失败,按抖动重试
      [page-41] BadRequestError 等 4s 重试 1/8
      page-15 步  2  Read Skill
      page-44 步  3  Skill Read
      [page-30] 400 但是网关 fallback 失败,按抖动重试
      [page-30] BadRequestError 等 15s 重试 2/8
      page-11 步  3  Skill Read
      [page-42] 400 但是网关 fallback 失败,按抖动重试
      [page-42] BadRequestError 等 6s 重试 1/8
      [page-09] 400 但是网关 fallback 失败,按抖动重试
      [page-09] BadRequestError 等 6s 重试 1/8
      [page-20] 400 但是网关 fallback 失败,按抖动重试
      [page-20] BadRequestError 等 5s 重试 1/8
      page-06 步  2  Read Skill
      page-03 步  2  Read Read
      [page-39] 400 但是网关 fallback 失败,按抖动重试
      [page-39] BadRequestError 等 5s 重试 1/8
      page-43 步  2  Read Read Skill
      [page-47] 400 但是网关 fallback 失败,按抖动重试
      [page-47] BadRequestError 等 4s 重试 1/8
      page-05 步  2  Read Read Skill Skill
      [page-18] 400 但是网关 fallback 失败,按抖动重试
      [page-18] BadRequestError 等 5s 重试 1/8
      [page-36] 400 但是网关 fallback 失败,按抖动重试
      [page-36] BadRequestError 等 5s 重试 1/8
      [page-14] 400 但是网关 fallback 失败,按抖动重试
      [page-14] BadRequestError 等 5s 重试 1/8
      page-25 步  3  Read
      page-28 步  2  Read Read
      page-06 步  3  Bash
      [page-15] 400 但是网关 fallback 失败,按抖动重试
      [page-15] BadRequestError 等 5s 重试 1/8
      page-23 步  2  Skill Skill
      page-27 步  2  Read Read
      [page-24] 400 但是网关 fallback 失败,按抖动重试
      [page-24] BadRequestError 等 6s 重试 1/8
      [page-29] 400 但是网关 fallback 失败,按抖动重试
      [page-29] BadRequestError 等 13s 重试 2/8
      [page-08] 400 但是网关 fallback 失败,按抖动重试
      [page-08] BadRequestError 等 12s 重试 2/8
      page-33 步  2  Skill Skill
      [page-44] 400 但是网关 fallback 失败,按抖动重试
      [page-44] BadRequestError 等 6s 重试 1/8
      page-50 步  3  Read
      [page-40] 400 但是网关 fallback 失败,按抖动重试
      [page-40] BadRequestError 等 15s 重试 2/8
      page-45 步  2  Read Read
      [page-49] 400 但是网关 fallback 失败,按抖动重试
      [page-49] BadRequestError 等 14s 重试 2/8
      [page-31] 400 但是网关 fallback 失败,按抖动重试
      [page-31] BadRequestError 等 14s 重试 2/8
      [page-11] 400 但是网关 fallback 失败,按抖动重试
      [page-11] BadRequestError 等 6s 重试 1/8
      [page-07] 400 但是网关 fallback 失败,按抖动重试
      [page-07] BadRequestError 等 11s 重试 2/8
      [page-21] 400 但是网关 fallback 失败,按抖动重试
      [page-21] BadRequestError 等 18s 重试 2/8
      page-39 步  3  Read
      page-37 步  3  Skill Skill Skill Skill
      [page-03] 400 但是网关 fallback 失败,按抖动重试
      [page-03] BadRequestError 等 6s 重试 1/8
      page-01 步  3  Skill Skill Skill Skill
      page-45 步  3  Read Skill
      [page-20] 400 但是网关 fallback 失败,按抖动重试
      [page-20] BadRequestError 等 17s 重试 2/8
      [page-28] 400 但是网关 fallback 失败,按抖动重试
      [page-28] BadRequestError 等 5s 重试 1/8
      page-38 步  3  Read
      [page-46] 400 但是网关 fallback 失败,按抖动重试
      [page-46] BadRequestError 等 17s 重试 2/8
      page-36 步  2  Read Read
      [page-27] 400 但是网关 fallback 失败,按抖动重试
      [page-27] BadRequestError 等 4s 重试 1/8
      [page-34] 400 但是网关 fallback 失败,按抖动重试
      [page-34] BadRequestError 等 19s 重试 2/8
      page-04 步  2  Read Read
      page-12 步  2  Read Skill Skill Skill
      [page-19] 400 但是网关 fallback 失败,按抖动重试
      [page-19] BadRequestError 等 17s 重试 2/8
      page-36 步  3  Skill Skill
      [page-09] 400 但是网关 fallback 失败,按抖动重试
      [page-09] BadRequestError 等 16s 重试 2/8
      [page-35] 400 但是网关 fallback 失败,按抖动重试
      [page-35] BadRequestError 等 50s 重试 3/8
      page-43 步  3  Read
      [page-41] 400 但是网关 fallback 失败,按抖动重试
      [page-41] BadRequestError 等 17s 重试 2/8
      page-47 步  3  Read
      [page-15] 400 但是网关 fallback 失败,按抖动重试
      [page-15] BadRequestError 等 11s 重试 2/8
      [page-44] 400 但是网关 fallback 失败,按抖动重试
      [page-44] BadRequestError 等 12s 重试 2/8
      [page-24] 400 但是网关 fallback 失败,按抖动重试
      [page-24] BadRequestError 等 17s 重试 2/8
      page-18 步  3  Read
      page-12 步  3  Read
      page-47 步  4  Skill Skill
      page-26 步  2  Read Read Skill Skill
      [page-06] 400 但是网关 fallback 失败,按抖动重试
      [page-06] BadRequestError 等 5s 重试 1/8
      [page-33] 400 但是网关 fallback 失败,按抖动重试
      [page-33] BadRequestError 等 5s 重试 1/8
      page-42 步  3  Skill
      [page-07] 400 但是网关 fallback 失败,按抖动重试
      [page-07] BadRequestError 等 34s 重试 3/8
      page-40 步  3  Read
      page-08 步  2  Read
      page-10 步  3  Bash
      page-27 步  3  Skill
      page-30 步  2  Read Read
      page-49 步  3  Read Skill Skill
      page-43 步  4  Bash Bash
      page-31 步  2  Read Read
      [page-03] 400 但是网关 fallback 失败,按抖动重试
      [page-03] BadRequestError 等 16s 重试 2/8
      [page-01] 400 但是网关 fallback 失败,按抖动重试
      [page-01] BadRequestError 等 6s 重试 1/8
      page-30 步  3  Read
      page-20 步  3  Read
      page-19 步  2  Read
      [page-06] 400 但是网关 fallback 失败,按抖动重试
      [page-06] BadRequestError 等 19s 重试 2/8
      [page-33] 400 但是网关 fallback 失败,按抖动重试
      [page-33] BadRequestError 等 14s 重试 2/8
      page-29 步  2  Read Skill
      page-34 步  2  Read Read
      page-42 步  4  Read
      page-28 步  3  Skill Skill Skill Skill
      page-43 步  5  Bash Bash
      page-09 步  3  Read
      [page-44] 400 但是网关 fallback 失败,按抖动重试
      [page-44] BadRequestError 等 52s 重试 3/8
      page-21 步  2  Read Read Skill
      page-34 步  3  Skill Skill
      page-08 步  3  Read
      page-01 步  4  Read
      page-24 步  3  Read
      page-08 步  4  Skill Skill Skill
      [page-10] 400 但是网关 fallback 失败,按抖动重试
      [page-10] BadRequestError 等 5s 重试 1/8
      page-16 步  4  Bash
      [page-31] 400 但是网关 fallback 失败,按抖动重试      page-48 步  2  Bash

      [page-31] BadRequestError 等 6s 重试 1/8
      page-19 步  3  Read
      [page-46] 400 但是网关 fallback 失败,按抖动重试
      [page-46] BadRequestError 等 51s 重试 3/8
      page-41 步  3  Skill Skill
      page-37 步  4  Bash
      page-15 步  3  Read
      page-47 步  5  Bash Bash Bash
      page-13 步  3  Bash
      page-32 步  3  Bash
      page-45 步  4  Bash
      page-10 步  4  Bash
      page-50 步  4  Bash
      page-41 步  4  Bash
      page-32 步  4  Bash Bash
      page-13 步  4  Bash
      page-07 步  3  Skill
      page-45 步  5  Bash
      page-22 步  4  Read
      page-41 步  5  Bash
      page-32 步  5  Bash
      page-50 步  5  Bash
      page-14 步  4  Read
      page-02 步  3  Write
      page-28 步  4  Bash
      page-45 步  6  Read
      page-48 步  3  Bash Bash
      page-32 步  6  Read
      page-31 步  3  Skill Skill
      page-41 步  6  Bash
      page-50 步  6  Bash
      page-18 步  4  Read
      page-43 步  6  Bash Bash
      page-18 步  5  Bash
      page-02 步  4  Bash
      page-23 步  3  Read
      page-12 步  4  Read Bash
      page-41 步  7  Bash Bash
      page-31 步  4  Read
      page-32 步  7  Bash
      page-29 步  3  Read
      page-43 步  7  Bash
      page-10 步  5  Bash Bash
      page-18 步  6  Read
      page-37 步  5  Bash Bash
      page-48 步  4  Bash Bash
      [page-13] 400 但是网关 fallback 失败,按抖动重试
      [page-13] BadRequestError 等 4s 重试 1/8
      page-04 步  3  Bash
      page-23 步  4  Bash
      page-32 步  8  Read
      page-41 步  8  Bash Bash
      [page-12] 400 但是网关 fallback 失败,按抖动重试
      [page-12] BadRequestError 等 4s 重试 1/8
      page-43 步  8  Bash
      page-04 步  4  Read
      page-38 步  4  Read
      page-23 步  5  Bash
      page-35 步  2  Read Read Skill
      page-50 步  7  Bash
      page-39 步  4  Read Read
      page-05 步  3  Read Read
      page-35 步  3  Read
      page-04 步  5  Read
      page-37 步  6  Bash Bash
      page-01 步  5  Bash
      page-11 步  4  Read
      page-34 步  4  Read
      page-11 步  5  Read
      page-38 步  5  Bash
      page-02 步  5  Read
      page-05 步  4  Bash
      page-09 步  4  Skill Skill Skill
      page-13 步  5  Read
      page-28 步  5  Bash Bash
      page-30 步  4  Bash
      page-49 步  4  Read
      page-23 步  6  Read
      page-12 步  5  Read
      page-05 步  5  Read Read
      page-16 步  5  Write
      page-41 步  9  Bash
      page-50 步  8  Read
  page-02  ✓    6 次调用    2.3 分  selfcheck  1  skill 0  自检结果全部干净：

- **渲染无报错**，无加载失败资源
- **无元素超出画布，无被裁元素**
- **字号合规*
      page-48 步  5  Bash
      page-44 步  4  Bash
      page-46 步  2  Read Read
      page-50 步  9  Bash
      page-16 步  6  Bash
      page-47 步  6  Bash
      page-06 步  4  Read
      page-05 步  6  Read Read
      page-38 步  6  Bash
      page-35 步  4  Bash Bash
      page-33 步  3  Read
      page-41 步 10  Bash Bash Bash Bash
      page-38 步  7  Read
      page-26 步  3  Read
      page-24 步  4  Read
      page-46 步  3  Skill Skill
      page-01 步  6  Write
      page-35 步  5  Read
      page-42 步  5  Bash
      page-21 步  3  Skill
      page-44 步  5  Bash
      page-01 步  7  Bash
      page-42 步  6  Bash
      page-50 步 10  Bash
      page-03 步  3  Read
      page-15 步  4  Bash
      page-08 步  5  Read
      page-14 步  5  Write
      page-03 步  4  Read
      page-07 步  4  Bash
      page-19 步  4  Skill
      page-15 步  5  Read
      page-50 步 11  Bash
      page-45 步  7  Write
      page-14 步  6  Bash
      page-07 步  5  Bash
      page-36 步  4  Read
      page-35 步  6  Read
      page-43 步  9  Write
      page-08 步  6  Bash
      page-07 步  6  Read Read
      page-39 步  5  Write
      page-36 步  5  Read
      page-16 步  7  Read
      page-41 步 11  Bash
      page-44 步  6  Read
      page-25 步  4  Write
      page-43 步 10  Bash
      page-42 步  7  Bash
      page-39 步  6  Bash
      page-36 步  6  Read
      page-09 步  5  Read
      page-47 步  7  Read
      page-16 步  8  Edit
      page-07 步  7  Read
      page-50 步 12  Bash
      page-45 步  8  Bash
      [page-25] 400 但是网关 fallback 失败,按抖动重试
      [page-25] BadRequestError 等 5s 重试 1/8
      [page-42] 400 但是网关 fallback 失败,按抖动重试
      [page-42] BadRequestError 等 5s 重试 1/8
      page-09 步  6  Bash
      page-43 步 11  Edit
      page-08 步  7  Read
      page-16 步  9  Edit
      page-06 步  5  Write
      page-09 步  7  Read
      page-24 步  5  Write
  page-24  ✗ 这一页崩了,不影响其它页: JSONDecodeError: Unterminated string starting at: line 1 column 103 (char 102)
      page-31 步  5  Write
      page-06 步  6  Bash
      page-11 步  6  Write
      page-49 步  5  Write
      page-18 步  7  Write
      page-28 步  6  Read
      page-20 步  4  Read
      page-01 步  8  Edit
      page-27 步  4  Read
      page-31 步  6  Bash
      page-41 步 12  Bash
      page-49 步  6  Bash
      page-09 步  8  Read
      page-18 步  8  Bash
      page-07 步  8  Bash
      page-35 步  7  Bash
      page-27 步  5  Bash
      page-43 步 12  Edit
      page-41 步 13  Bash
      page-04 步  6  Write
      page-01 步  9  Bash
      page-16 步 10  Edit
      page-14 步  7  Edit
      page-29 步  4  Write
      page-04 步  7  Bash
      page-08 步  8  Read
      page-16 步 11  Edit
      page-11 步  7  Bash
      page-03 步  5  Write
      page-06 步  7  Edit
      page-19 步  5  Write
      page-30 步  5  Write
      page-20 步  5  Read
      page-13 步  6  Write
      page-26 步  4  Write
      page-48 步  6  Write
      page-40 步  4  Write
      page-37 步  7  Write
      page-06 步  8  Edit
      page-31 步  7  Edit
      page-13 步  7  Bash
      page-30 步  6  Bash
      page-48 步  7  Bash
      page-41 步 14  Read Read
      page-40 步  5  Bash
      [page-03] 400 但是网关 fallback 失败,按抖动重试
      [page-03] BadRequestError 等 4s 重试 1/8
      [page-27] 400 但是网关 fallback 失败,按抖动重试
      [page-27] BadRequestError 等 5s 重试 1/8
      [page-19] 400 但是网关 fallback 失败,按抖动重试
      [page-19] BadRequestError 等 6s 重试 1/8
      page-32 步  9  Write
      [page-49] 400 但是网关 fallback 失败,按抖动重试
      [page-49] BadRequestError 等 5s 重试 1/8
      page-43 步 13  Bash
      page-37 步  8  Bash
      page-07 步  9  Read
      page-14 步  8  Edit
      page-29 步  5  Bash
      page-18 步  9  Edit
      page-06 步  9  Read
      page-17 步  3  Write
      page-16 步 12  Bash
      page-05 步  7  Write
      page-31 步  8  Edit
      page-20 步  6  Read
      page-33 步  4  Write
      page-03 步  6  Bash
      page-01 步 10  Edit
      page-27 步  6  Read
      page-50 步 13  Write
      page-46 步  4  Bash
      page-32 步 10  Bash
      page-06 步 10  Bash
      page-16 步 13  Edit
      page-14 步  9  Edit
      page-31 步  9  Bash
      [page-26] 400 但是网关 fallback 失败,按抖动重试
      [page-26] BadRequestError 等 5s 重试 1/8
      page-39 步  7  Edit
      page-19 步  6  Bash      page-17 步  4  Bash

      [page-18] 400 但是网关 fallback 失败,按抖动重试
      [page-18] BadRequestError 等 4s 重试 1/8
      page-23 步  7  Write
      page-21 步  4  Write
      [page-20] 400 但是网关 fallback 失败,按抖动重试
      [page-20] BadRequestError 等 4s 重试 1/8
      page-38 步  8  Write
      [page-50] 400 但是网关 fallback 失败,按抖动重试
      [page-50] BadRequestError 等 6s 重试 1/8
      page-33 步  5  Bash
      [page-14] 400 但是网关 fallback 失败,按抖动重试
      [page-14] BadRequestError 等 6s 重试 1/8
      page-16 步 14  Edit
      page-47 步  8  Write
      [page-40] 400 但是网关 fallback 失败,按抖动重试
      [page-40] BadRequestError 等 6s 重试 1/8
      page-01 步 11  Edit
      page-05 步  8  Bash
      page-06 步 11  Edit
      page-21 步  5  Bash
      page-43 步 14  Bash
      page-47 步  9  Bash
      page-44 步  7  Read
      page-20 步  7  Bash
      page-11 步  8  Edit
      page-23 步  8  Bash
      page-45 步  9  Write
      page-38 步  9  Bash
      page-37 步  9  Bash
      [page-16] 400 但是网关 fallback 失败,按抖动重试
      [page-16] BadRequestError 等 6s 重试 1/8
      page-26 步  5  Bash
      page-43 步 15  Bash
      page-20 步  8  Read
      page-50 步 14  Bash
      page-42 步  8  Write
      page-44 步  8  Bash
      page-06 步 12  Bash
      page-31 步 10  Bash
      page-39 步  8  Bash
      [page-32] 400 但是网关 fallback 失败,按抖动重试
      [page-32] BadRequestError 等 5s 重试 1/8
      [page-11] 400 但是网关 fallback 失败,按抖动重试
      [page-11] BadRequestError 等 4s 重试 1/8
      page-42 步  9  Bash
      page-14 步 10  Edit
      page-30 步  7  Edit
      page-44 步  9  Bash
      page-37 步 10  Bash
      [page-46] 400 但是网关 fallback 失败,按抖动重试
      [page-46] BadRequestError 等 5s 重试 1/8
      page-25 步  5  Write
      page-29 步  6  Read
      page-44 步 10  Read
      page-03 步  7  Bash Bash
      page-30 步  8  Edit
      page-06 步 13  Read
      [page-50] 400 但是网关 fallback 失败,按抖动重试
      [page-50] BadRequestError 等 4s 重试 1/8
      page-43 步 16  Bash
  page-31  ✓   11 次调用    4.1 分  selfcheck  3  skill 2  ✅ **Selfcheck clean** — no JS errors, no out-of-bounds, no c
      page-18 步 10  Edit
      page-45 步 10  Bash
      page-17 步  5  Read
      [page-37] 400 但是网关 fallback 失败,按抖动重试
      [page-37] BadRequestError 等 6s 重试 1/8
      page-49 步  7  Edit
      page-10 步  6  Write
      page-13 步  8  Read
      page-25 步  6  Bash
      page-46 步  5  Bash
      page-06 步 14  Read
      page-01 步 12  Bash
      page-10 步  7  Bash
      page-19 步  7  Edit
      page-38 步 10  Read
      page-18 步 11  Bash
      page-47 步 10  Read
      page-12 步  6  Write
      page-46 步  6  Bash
      page-36 步  7  Write
      page-49 步  8  Edit
      page-19 步  8  Bash
      [page-14] 400 但是网关 fallback 失败,按抖动重试
      [page-14] BadRequestError 等 6s 重试 1/8
      page-44 步 11  Bash
      [page-16] 400 但是网关 fallback 失败,按抖动重试
      [page-16] BadRequestError 等 19s 重试 2/8
      page-39 步  9  Edit
      page-33 步  6  Read
      page-12 步  7  Bash
      page-03 步  8  Bash
      page-11 步  9  Edit
      page-35 步  8  Write
      page-32 步 11  Edit
      page-39 步 10  Edit
      page-03 步  9  Skill
      page-15 步  6  Write
      [page-13] 400 但是网关 fallback 失败,按抖动重试
      [page-13] BadRequestError 等 6s 重试 1/8
      page-36 步  8  Bash
      [page-18] 400 但是网关 fallback 失败,按抖动重试
      [page-18] BadRequestError 等 5s 重试 1/8
      page-05 步  9  Read
      page-25 步  7  Edit
      page-32 步 12  Edit
      page-19 步  9  Read
      page-15 步  7  Bash
      page-27 步  7  Write
      page-35 步  9  Bash
      page-38 步 11  Edit
  page-01  ✓   13 次调用    4.5 分  selfcheck  3  skill 4  All checks pass cleanly. The page is complete and meets all 
      page-46 步  7  Bash
      page-23 步  9  Edit
      page-09 步  9  Write
      page-27 步  8  Bash
      page-43 步 17  Bash
      page-50 步 15  Write
      page-28 步  7  Write
      page-21 步  6  Read
      page-09 步 10  Bash
      [page-44] 400 但是网关 fallback 失败,按抖动重试
      [page-44] BadRequestError 等 5s 重试 1/8
      page-06 步 15  Edit
      page-48 步  8  Write
      page-11 步 10  Bash
      page-49 步  9  Bash
      page-38 步 12  Edit
      page-28 步  8  Bash
      page-39 步 11  Edit
      page-29 步  7  Bash
      page-04 步  8  Write
      [page-03] 400 但是网关 fallback 失败,按抖动重试
      [page-03] BadRequestError 等 4s 重试 1/8
      page-50 步 16  Bash
      page-16 步 15  Edit
      page-12 步  8  Read
      page-30 步  9  Edit
      page-48 步  9  Bash
      page-41 步 15  Write
      page-25 步  8  Bash
      page-29 步  8  Read
      page-43 步 18  Read
      page-07 步 10  Write
      page-40 步  6  Write
      page-05 步 10  Edit
      page-04 步  9  Bash
      [page-46] 400 但是网关 fallback 失败,按抖动重试
      [page-46] BadRequestError 等 4s 重试 1/8
      page-03 步 10  Bash Bash
      page-44 步 12  Read
      page-19 步 10  Edit
      page-06 步 16  Bash
      page-32 步 13  Edit
      page-40 步  7  Bash
      page-23 步 10  Edit
      page-28 步  9  Bash
      page-39 步 12  Edit
      page-08 步  9  Write
      page-11 步 11  Edit
      page-18 步 12  Edit
      page-42 步 10  Write
      page-07 步 11  Bash
      page-43 步 19  Read
      page-45 步 11  Write
      page-30 步 10  Edit
      page-39 步 13  Edit
      page-41 步 16  Bash
      page-03 步 11  Bash
      page-36 步  9  Read
      page-29 步  9  Read
      page-27 步  9  Read
      page-16 步 16  Bash
      page-05 步 11  Edit
      page-25 步  9  Bash
      page-11 步 12  Edit
      page-48 步 10  Edit
      page-14 步 11  Edit
      page-15 步  8  Edit
      page-38 步 13  Edit
      page-03 步 12  Bash
      page-41 步 17  Bash
      page-42 步 11  Bash
      page-47 步 11  Write
      page-46 步  8  Bash
      page-05 步 12  Edit
      page-13 步  9  Edit
      page-19 步 11  Bash
      page-03 步 13  Bash
      page-14 步 12  Bash
      page-08 步 10  Bash
      page-32 步 14  Bash
      page-11 步 13  Edit
      page-28 步 10  Bash
      page-10 步  8  Read
      page-49 步 10  Read
      page-48 步 11  Edit
      page-05 步 13  Edit
      page-39 步 14  Edit
      [page-13] 400 但是网关 fallback 失败,按抖动重试
      [page-13] BadRequestError 等 5s 重试 1/8
      page-48 步 12  Edit
      [page-30] 400 但是网关 fallback 失败,按抖动重试
      [page-30] BadRequestError 等 4s 重试 1/8
      page-28 步 11  Bash
      page-33 步  7  Write
      page-42 步 12  Edit
      page-06 步 17  Edit
      page-23 步 11  Edit
      page-04 步 10  Edit
      page-39 步 15  Bash
      page-46 步  9  Bash
      page-27 步 10  Edit
      page-47 步 12  Bash
      page-18 步 13  Bash
      page-25 步 10  Bash
      page-32 步 15  Read
      page-45 步 12  Bash
      page-11 步 14  Edit
      page-05 步 14  Edit
      page-48 步 13  Bash
      page-13 步 10  Edit
      page-33 步  8  Bash
      page-07 步 12  Edit
      page-26 步  6  Write
      page-21 步  7  Write
      page-41 步 18  Edit
      page-40 步  8  Edit
      page-14 步 13  Edit
      page-26 步  7  Bash
      page-13 步 11  Edit
      page-43 步 20  Edit
      page-19 步 12  Edit
      page-32 步 16  Edit
      page-30 步 11  Bash
      [page-28] 400 但是网关 fallback 失败,按抖动重试
      [page-28] BadRequestError 等 4s 重试 1/8
      page-07 步 13  Edit
      [page-04] 400 但是网关 fallback 失败,按抖动重试
      [page-04] BadRequestError 等 6s 重试 1/8
      page-06 步 18  Edit
      [page-45] 400 但是网关 fallback 失败,按抖动重试
      [page-45] BadRequestError 等 5s 重试 1/8
      page-05 步 15  Read
      page-42 步 13  Bash
      page-43 步 21  Edit
      page-25 步 11  Bash
      page-48 步 14  Bash
      page-18 步 14  Edit
      page-38 步 14  Edit
      page-32 步 17  Read
      [page-41] 400 但是网关 fallback 失败,按抖动重试
      [page-41] BadRequestError 等 5s 重试 1/8
      page-47 步 13  Edit
      page-43 步 22  Bash
      page-16 步 17  Bash
      page-27 步 11  Edit
      page-37 步 11  Write
      page-03 步 14  Bash Bash
      page-25 步 12  Bash
      page-06 步 19  Edit
      page-05 步 16  Edit
      page-23 步 12  Edit
      page-17 步  6  Write
      page-11 步 15  Edit
      page-39 步 16  Read
      page-19 步 13  Edit
      page-21 步  8  Bash
      page-06 步 20  Bash
      page-20 步  9  Write
      page-28 步 12  Read
      page-05 步 17  Read
      page-17 步  7  Bash
      page-25 步 13  Bash
      page-35 步 10  Write
      page-07 步 14  Edit
      page-45 步 13  Bash
      page-19 步 14  Edit
      page-49 步 11  Edit
      page-13 步 12  Edit
      page-50 步 17  Write
      page-26 步  8  Edit      page-14 步 14  Bash

      page-35 步 11  Bash
      page-28 步 13  Edit
      page-47 步 14  Edit
      page-48 步 15  Read
      page-26 步  9  Edit
      page-32 步 18  Edit
      [page-35] 400 但是网关 fallback 失败,按抖动重试
      [page-35] BadRequestError 等 4s 重试 1/8
      page-08 步 11  Edit
      page-07 步 15  Edit
      page-30 步 12  Edit
      page-04 步 11  Edit
      page-11 步 16  Edit
      [page-17] 400 但是网关 fallback 失败,按抖动重试
      [page-17] BadRequestError 等 6s 重试 1/8
      page-43 步 23  Bash
      page-19 步 15  Bash
      page-29 步 10  Write
      page-03 步 15  Bash Bash
      page-48 步 16  Bash
      page-18 步 15  Bash
      page-06 步 21  Edit
      page-16 步 18  Bash
      [page-37] 400 但是网关 fallback 失败,按抖动重试
      [page-37] BadRequestError 等 6s 重试 1/8
      page-27 步 12  Edit
      page-20 步 10  Bash
      page-05 步 18  Edit
      page-38 步 15  Bash
      [page-04] 400 但是网关 fallback 失败,按抖动重试
      [page-04] BadRequestError 等 6s 重试 1/8
      page-43 步 24  Read
      page-46 步 10  Bash
      page-07 步 16  Edit
  page-48  ✓   17 次调用    6.2 分  selfcheck  3  skill 0  The page is complete and passes all checks. Here's a summary
      page-42 步 14  Edit
      page-30 步 13  Bash
      page-06 步 22  Bash
      page-13 步 13  Edit
      page-14 步 15  Edit
      page-03 步 16  Bash
      page-09 步 11  Write
      page-50 步 18  Bash
      page-37 步 12  Bash
      [page-26] 400 但是网关 fallback 失败,按抖动重试
      [page-26] BadRequestError 等 6s 重试 1/8
      page-40 步  9  Edit
      page-07 步 17  Edit
      page-15 步  9  Edit
      page-32 步 19  Bash
      page-49 步 12  Bash
      page-28 步 14  Edit
      page-25 步 14  Bash
      page-29 步 11  Bash
      page-18 步 16  Edit
      page-11 步 17  Edit
      page-05 步 19  Bash
      page-23 步 13  Bash
      [page-47] 400 但是网关 fallback 失败,按抖动重试
      [page-47] BadRequestError 等 4s 重试 1/8
      [page-27] 400 但是网关 fallback 失败,按抖动重试
      [page-27] BadRequestError 等 5s 重试 1/8
      page-39 步 17  Edit
      page-21 步  9  Edit
      page-15 步 10  Edit
      page-38 步 16  Edit
      page-45 步 14  Bash
      page-43 步 25  Edit
      page-14 步 16  Bash
      [page-21] 400 但是网关 fallback 失败,按抖动重试
      [page-21] BadRequestError 等 4s 重试 1/8
      [page-15] 400 但是网关 fallback 失败,按抖动重试
      [page-15] BadRequestError 等 4s 重试 1/8
      page-08 步 12  Edit
      page-20 步 11  Read
      page-03 步 17  Bash
      page-46 步 11  Bash
      page-11 步 18  Edit
      page-04 步 12  Edit
      page-16 步 19  Bash
      page-44 步 13  Write
      page-12 步  9  Write
      page-47 步 15  Bash
      page-33 步  9  Edit
      page-07 步 18  Edit
      page-18 步 17  Edit
      [page-42] 400 但是网关 fallback 失败,按抖动重试
      [page-42] BadRequestError 等 4s 重试 1/8
      [page-25] 400 但是网关 fallback 失败,按抖动重试
      [page-25] BadRequestError 等 6s 重试 1/8
      page-32 步 20  Edit
      page-11 步 19  Bash
      page-09 步 12  Bash
      page-21 步 10  Bash
      page-44 步 14  Bash
      page-08 步 13  Edit
      page-10 步  9  Write
      page-13 步 14  Edit
      page-23 步 14  Edit
      page-12 步 10  Bash
      page-07 步 19  Bash
      page-03 步 18  Bash
      page-40 步 10  Edit
      page-30 步 14  Edit
      page-28 步 15  Edit
      page-43 步 26  Edit
      page-38 步 17  Bash
      page-16 步 20  Bash
      page-10 步 10  Bash
      page-13 步 15  Bash
      page-05 步 20  Read
      page-06 步 23  Edit
      page-27 步 13  Edit
      [page-39] 400 但是网关 fallback 失败,按抖动重试
      [page-39] BadRequestError 等 6s 重试 1/8
      page-19 步 16  Read
      page-41 步 19  Edit
      page-17 步  8  Edit
      page-36 步 10  Write
      page-50 步 19  Bash
      page-15 步 11  Bash
      page-27 步 14  Bash
      page-32 步 21  Read
      page-18 步 18  Bash
  page-16  ✓   21 次调用    6.8 分  selfcheck  5  skill 3  The page is complete. Here's what I built:

## Page 16: 长得慢，
      page-04 步 13  Edit
      page-26 步 10  Edit
      page-12 步 11  Bash
      page-30 步 15  Bash
      page-14 步 17  Edit
      [page-33] 400 但是网关 fallback 失败,按抖动重试
      [page-33] BadRequestError 等 6s 重试 1/8
      page-03 步 19  Bash
      page-38 步 18  Bash
      page-05 步 21  Edit
      page-32 步 22  Bash
      page-04 步 14  Read
      page-21 步 11  Read
      page-28 步 16  Edit
      page-23 步 15  Edit
      page-06 步 24  Edit
      [page-32] 400 但是网关 fallback 失败,按抖动重试
      [page-32] BadRequestError 等 4s 重试 1/8
      [page-17] 400 但是网关 fallback 失败,按抖动重试
      [page-17] BadRequestError 等 4s 重试 1/8
      [page-05] 400 但是网关 fallback 失败,按抖动重试
      [page-05] BadRequestError 等 5s 重试 1/8
      page-47 步 16  Edit
      page-41 步 20  Bash
      page-14 步 18  Edit
      page-29 步 12  Edit
      page-03 步 20  Bash
      page-25 步 15  Read
      page-19 步 17  Read
      page-37 步 13  Read
      page-50 步 20  Bash
      page-39 步 18  Bash
      page-36 步 11  Bash
      page-47 步 17  Edit
      page-06 步 25  Bash
      page-10 步 11  Edit
      page-43 步 27  Bash
      page-28 步 17  Edit
      page-08 步 14  Bash
      page-11 步 20  Read
      page-19 步 18  Read
  page-12  ✓   12 次调用    7.0 分  selfcheck  2  skill 3  The page builds and passes all checks. Here's a summary of w
      page-40 步 11  Edit
      page-33 步 10  Bash
      page-25 步 16  Read
      page-09 步 13  Read
      page-47 步 18  Edit
      page-30 步 16  Read
      page-35 步 12  Write
      page-49 步 13  Edit
      page-13 步 16  Bash
      page-40 步 12  Bash
      page-15 步 12  Edit
      page-29 步 13  Edit
      page-38 步 19  Read
      page-47 步 19  Edit
      page-18 步 19  Edit
      page-21 步 12  Bash
      page-14 步 19  Edit
      page-23 步 16  Bash
      page-26 步 11  Bash
      page-42 步 15  Bash
      page-38 步 20  Read
      page-50 步 21  Bash
      page-47 步 20  Edit
      page-32 步 23  Edit
      page-19 步 19  Edit
      page-11 步 21  Read
      [page-38] 400 但是网关 fallback 失败,按抖动重试
      [page-38] BadRequestError 等 4s 重试 1/8
      [page-13] 400 但是网关 fallback 失败,按抖动重试
      [page-13] BadRequestError 等 6s 重试 1/8
      page-30 步 17  Bash
      [page-32] 400 但是网关 fallback 失败,按抖动重试
      [page-32] BadRequestError 等 4s 重试 1/8
      page-05 步 22  Edit
      page-17 步  9  Edit
      page-06 步 26  Edit
      page-27 步 15  Edit
      page-28 步 18  Edit
      page-07 步 20  Edit
      page-10 步 12  Bash
      page-45 步 15  Write
      page-25 步 17  Read
      page-47 步 21  Edit
  page-21  ✓   13 次调用    7.4 分  selfcheck  4  skill 2  自检全部通过。页面完成。

---

**完成报告：page-21.html · 篝火之夜**

**做了什么：**


      page-14 步 20  Edit
      page-40 步 13  Edit
      page-06 步 27  Bash
      page-36 步 12  Edit
      [page-25] 400 但是网关 fallback 失败,按抖动重试
      [page-25] BadRequestError 等 4s 重试 1/8
      page-41 步 21  Read
      page-05 步 23  Edit
      page-15 步 13  Read
  page-50  ✓   22 次调用    7.4 分  selfcheck  4  skill 0  Page 50 is complete and clean. All selfcheck criteria pass:

      page-43 步 28  Bash
      page-04 步 15  Write
      page-33 步 11  Edit
      page-42 步 16  Edit
      page-07 步 21  Bash
      page-40 步 14  Bash
      page-11 步 22  Bash
      page-39 步 19  Bash
      page-25 步 18  Read
      page-18 步 20  Edit
      page-23 步 17  Edit
      page-47 步 22  Edit
      page-45 步 16  Bash
      page-44 步 15  Write
      page-15 步 14  Read
      page-32 步 24  Edit
      page-36 步 13  Read      page-29 步 14  Edit

      page-27 步 16  Edit
      [page-40] 400 但是网关 fallback 失败,按抖动重试
      [page-40] BadRequestError 等 4s 重试 1/8
      [page-38] 400 但是网关 fallback 失败,按抖动重试
      [page-38] BadRequestError 等 16s 重试 2/8
      [page-44] 400 但是网关 fallback 失败,按抖动重试
      [page-44] BadRequestError 等 5s 重试 1/8
      [page-17] 400 但是网关 fallback 失败,按抖动重试
      [page-17] BadRequestError 等 4s 重试 1/8
      page-25 步 19  Read
      page-19 步 20  Bash
  page-28  ✓   19 次调用    7.6 分  selfcheck  1  skill 4  Now let me re-run selfcheck to see if the issues are fixed. 
      page-03 步 21  Write
      page-14 步 21  Edit
      page-37 步 14  Edit
      page-47 步 23  Edit
      page-05 步 24  Edit
      page-33 步 12  Edit
      page-23 步 18  Edit
      [page-14] 400 但是网关 fallback 失败,按抖动重试
      [page-14] BadRequestError 等 5s 重试 1/8
      [page-19] 400 但是网关 fallback 失败,按抖动重试
      [page-19] BadRequestError 等 5s 重试 1/8
      [page-37] 400 但是网关 fallback 失败,按抖动重试
      [page-37] BadRequestError 等 5s 重试 1/8
      page-11 步 23  Bash
      page-35 步 13  Bash
      page-13 步 17  Bash
      page-18 步 21  Edit
      page-43 步 29  Bash
      page-06 步 28  Edit
      page-27 步 17  Bash
  page-30  ✓   18 次调用    7.8 分  selfcheck  5  skill 2  自检通过，没有报错、没有超出画布、没有被裁、没有文字叠压。字号最小 15px（标签图注档 ≥14px ✅），正文用 `-
      page-17 步 10  Edit
      page-04 步 16  Bash
      page-39 步 20  Bash
      page-23 步 19  Edit
      page-49 步 14  Edit
      page-26 步 12  Edit
      [page-14] 400 但是网关 fallback 失败,按抖动重试
      [page-14] BadRequestError 等 16s 重试 2/8
      [page-03] 400 但是网关 fallback 失败,按抖动重试
      [page-03] BadRequestError 等 6s 重试 1/8
      [page-43] 400 但是网关 fallback 失败,按抖动重试
      [page-43] BadRequestError 等 4s 重试 1/8
      page-44 步 16  Bash
      page-32 步 25  Edit
      page-46 步 12  Write
      page-06 步 29  Edit
      page-08 步 15  Bash
      page-45 步 17  Bash
      page-42 步 17  Bash
      page-23 步 20  Read
      page-35 步 14  Edit
  page-39  ✓   21 次调用    7.9 分  selfcheck  4  skill 2  所有检查均已通过，页面已完成。以下是总结：

## 完成内容：page-39.html — 从斯普特尼克到阿波罗（90 
      page-29 步 15  Bash
      page-47 步 24  Edit
      [page-40] 400 但是网关 fallback 失败,按抖动重试
      [page-40] BadRequestError 等 11s 重试 2/8
      page-46 步 13  Bash
      page-07 步 22  Read
      page-37 步 15  Bash
      page-23 步 21  Bash
      page-38 步 21  Read
      page-26 步 13  Bash
      page-05 步 25  Edit
      page-36 步 14  Edit
      page-13 步 18  Edit
      page-33 步 13  Edit
      page-15 步 15  Edit
      page-49 步 15  Edit
  page-47  ✓   25 次调用    8.0 分  selfcheck  3  skill 2  Now let me run the selfcheck one final time to confirm every
      page-07 步 23  Read
  page-43  ✓   30 次调用    8.0 分  selfcheck  5  skill 1  The selfcheck passes cleanly with zero issues. Here's a summ
  page-11  ✓   24 次调用    8.0 分  selfcheck  4  skill 1  All font sizes are correct:
- Card titles: `--fs-label` (15p
      page-03 步 22  Bash
      page-36 步 15  Edit
      page-41 步 22  Write
      page-17 步 11  Bash
      [page-29] 400 但是网关 fallback 失败,按抖动重试
      [page-29] BadRequestError 等 4s 重试 1/8
      [page-36] 400 但是网关 fallback 失败,按抖动重试
      [page-36] BadRequestError 等 4s 重试 1/8
      page-27 步 18  Edit
      page-32 步 26  Edit
      page-49 步 16  Edit
      page-13 步 19  Edit
      page-08 步 16  Read
      page-14 步 22  Edit
      page-18 步 22  Edit
      page-06 步 30  Edit
      page-15 步 16  Bash
      page-35 步 15  Edit
      page-08 步 17  Bash
      page-44 步 17  Edit
      page-23 步 22  Read
      page-25 步 20  Edit
      page-19 步 21  Read
      page-05 步 26  Bash
      page-38 步 22  Edit
      page-35 步 16  Bash
      page-33 步 14  Edit
      page-42 步 18  Edit
      page-14 步 23  Bash
      page-41 步 23  Bash
      page-07 步 24  Read
      page-18 步 23  Edit
      page-35 步 17  Bash
      page-44 步 18  Edit
      page-23 步 23  Edit
      page-13 步 20  Edit
      page-06 步 31  Edit
      page-29 步 16  Bash
      page-32 步 27  Bash
      page-40 步 15  Read
      page-49 步 17  Edit
      page-17 步 12  Edit
      page-38 步 23  Edit
      page-36 步 16  Edit
      page-04 步 17  Read
      page-19 步 22  Bash
      page-09 步 14  Write
      page-42 步 19  Bash
      page-23 步 24  Edit
      page-45 步 18  Edit
      page-03 步 23  Edit
      page-40 步 16  Edit
      page-49 步 18  Edit
      page-08 步 18  Read
      page-27 步 19  Edit
      page-26 步 14  Edit
      page-33 步 15  Bash
      page-25 步 21  Bash
      page-38 步 24  Edit
      page-20 步 12  Write
      page-03 步 24  Edit
      page-06 步 32  Edit
      page-15 步 17  Read
      [page-32] 400 但是网关 fallback 失败,按抖动重试
      [page-32] BadRequestError 等 6s 重试 1/8
      [page-38] 400 但是网关 fallback 失败,按抖动重试
      [page-38] BadRequestError 等 5s 重试 1/8
      page-26 步 15  Edit
      page-44 步 19  Edit
      [page-25] 400 但是网关 fallback 失败,按抖动重试
      [page-25] BadRequestError 等 4s 重试 1/8
      [page-06] 400 但是网关 fallback 失败,按抖动重试
      [page-06] BadRequestError 等 6s 重试 1/8
      page-13 步 21  Bash
      page-18 步 24  Edit
      page-04 步 18  Edit
      page-40 步 17  Edit
      page-05 步 27  Read
      page-23 步 25  Bash
      page-26 步 16  Bash
      page-29 步 17  Edit
      page-07 步 25  Edit
      page-49 步 19  Edit
      page-45 步 19  Bash
      page-17 步 13  Edit
  page-19  ✓   23 次调用    8.7 分  selfcheck  6  skill 1  Selfcheck passes cleanly. All checks:
- ✅ No JS errors
- ✅ N
      page-20 步 13  Bash
      page-04 步 19  Bash
      page-32 步 28  Edit
      [page-03] 400 但是网关 fallback 失败,按抖动重试
      [page-03] BadRequestError 等 5s 重试 1/8
      page-10 步 13  Write
      [page-13] 400 但是网关 fallback 失败,按抖动重试
      [page-13] BadRequestError 等 6s 重试 1/8
      [page-49] 400 但是网关 fallback 失败,按抖动重试
      [page-49] BadRequestError 等 6s 重试 1/8
      [page-33] 400 但是网关 fallback 失败,按抖动重试
      [page-33] BadRequestError 等 6s 重试 1/8
  page-25  ✓   22 次调用    8.8 分  selfcheck  9  skill 1  The page passes all selfchecks cleanly. Let me do a final re
      page-41 步 24  Bash
      page-05 步 28  Edit
      page-35 步 18  Bash
      page-18 步 25  Edit
      page-23 步 26  Edit
      page-27 步 20  Edit
      page-29 步 18  Edit
      page-37 步 16  Write
      page-44 步 20  Bash
      page-35 步 19  Bash
      page-29 步 19  Edit
      page-18 步 26  Edit
      page-49 步 20  Edit
      page-23 步 27  Bash
      page-36 步 17  Bash
      page-42 步 20  Edit
      page-17 步 14  Bash
      page-33 步 16  Edit
      page-37 步 17  Bash
      page-38 步 25  Read
      page-45 步 20  Edit
      page-15 步 18  Edit
      page-35 步 20  Bash
      page-32 步 29  Bash
      page-08 步 19  Edit
      page-03 步 25  Edit
      page-07 步 26  Edit
      page-20 步 14  Bash
      page-40 步 18  Edit
      page-06 步 33  Edit
      page-29 步 20  Edit
      page-05 步 29  Edit
      page-26 步 17  Bash
      page-40 步 19  Bash
      [page-26] 400 但是网关 fallback 失败,按抖动重试
      [page-26] BadRequestError 等 6s 重试 1/8
      page-10 步 14  Edit
      page-03 步 26  Edit
      page-08 步 20  Bash
      page-05 步 30  Bash
      page-37 步 18  Edit
      page-49 步 21  Edit
      page-20 步 15  Bash
      page-41 步 25  Edit
      page-18 步 27  Edit
      page-10 步 15  Edit
      page-27 步 21  Edit
      page-35 步 21  Bash
      page-17 步 15  Edit
      [page-08] 400 但是网关 fallback 失败,按抖动重试
      [page-08] BadRequestError 等 5s 重试 1/8
      page-29 步 21  Bash
      page-42 步 21  Bash
      page-33 步 17  Bash
      page-03 步 27  Edit
      page-04 步 20  Edit
      page-46 步 14  Write
      page-10 步 16  Edit
      page-23 步 28  Read
      page-15 步 19  Bash
      page-45 步 21  Edit
      page-07 步 27  Edit
      page-03 步 28  Edit
      page-46 步 15  Bash
      page-49 步 22  Edit
      page-36 步 18  Edit
      page-23 步 29  Read
      page-37 步 19  Edit
      page-27 步 22  Edit
      page-06 步 34  Edit
      page-40 步 20  Read
      page-29 步 22  Edit
      page-14 步 24  Read
      page-44 步 21  Edit
      page-04 步 21  Bash
      page-13 步 22  Bash
      page-23 步 30  Read
      page-27 步 23  Bash
      page-05 步 31  Bash
      page-45 步 22  Edit
      page-49 步 23  Bash
      [page-33] 400 但是网关 fallback 失败,按抖动重试
      [page-33] BadRequestError 等 4s 重试 1/8
      page-10 步 17  Bash
      page-41 步 26  Bash
      [page-26] 400 但是网关 fallback 失败,按抖动重试
      [page-26] BadRequestError 等 17s 重试 2/8
      page-29 步 23  Edit
      [page-03] 400 但是网关 fallback 失败,按抖动重试
      [page-03] BadRequestError 等 4s 重试 1/8
      [page-13] 400 但是网关 fallback 失败,按抖动重试
      [page-13] BadRequestError 等 5s 重试 1/8
      page-18 步 28  Edit
      [page-23] 400 但是网关 fallback 失败,按抖动重试
      [page-23] BadRequestError 等 6s 重试 1/8
      [page-05] 400 但是网关 fallback 失败,按抖动重试
      [page-05] BadRequestError 等 5s 重试 1/8
      [page-45] 400 但是网关 fallback 失败,按抖动重试
      [page-45] BadRequestError 等 5s 重试 1/8
      page-17 步 16  Bash
      page-40 步 21  Bash
      page-35 步 22  Edit
      page-37 步 20  Edit
      page-20 步 16  Edit
      page-08 步 21  Bash
      page-38 步 26  Edit
      page-03 步 29  Edit
      page-07 步 28  Edit
      page-37 步 21  Edit
      page-41 步 27  Edit
      page-36 步 19  Edit
      page-14 步 25  Read
      page-18 步 29  Edit
  page-40  ✓   22 次调用    9.8 分  selfcheck  6  skill 1  所有自检通过。页面完成。

---

## 交付报告：page-40.html

**页 40：登月任务剖面 · 一枚飞
      [page-41] 400 但是网关 fallback 失败,按抖动重试
      [page-41] BadRequestError 等 6s 重试 1/8
      page-06 步 35  Edit
      page-44 步 22  Bash
      page-14 步 26  Read
      page-32 步 30  Edit
      page-09 步 15  Write
      page-15 步 20  Bash
  page-03  ✓   30 次调用    9.9 分  selfcheck  2  skill 1  Let me also reduce the k-comparison row gap:
      page-29 步 24  Bash
      page-42 步 22  Bash
      page-07 步 29  Edit
      page-20 步 17  Edit
      page-49 步 24  Read
      page-33 步 18  Read
      page-35 步 23  Bash
      page-26 步 18  Read Read
  page-13  ✓   23 次调用   10.0 分  selfcheck  3  skill 1  The page is complete and passes all checks. Let me provide a
      page-27 步 24  Bash
      page-46 步 16  Edit
      page-23 步 31  Bash
      page-17 步 17  Edit
      page-10 步 18  Edit
      page-36 步 20  Edit
      page-41 步 28  Edit
      page-33 步 19  Bash
      page-04 步 22  Edit
      page-26 步 19  Read
      page-37 步 22  Edit
      page-42 步 23  Bash
      page-10 步 19  Edit
      page-14 步 27  Edit
      [page-44] 400 但是网关 fallback 失败,按抖动重试
      [page-44] BadRequestError 等 5s 重试 1/8
      page-17 步 18  Edit
      page-20 步 18  Edit
      [page-26] 400 但是网关 fallback 失败,按抖动重试
      [page-26] BadRequestError 等 4s 重试 1/8
      page-36 步 21  Edit
      page-45 步 23  Bash
      [page-29] 400 但是网关 fallback 失败,按抖动重试
      [page-29] BadRequestError 等 5s 重试 1/8
      [page-37] 400 但是网关 fallback 失败,按抖动重试
      [page-37] BadRequestError 等 6s 重试 1/8
      page-38 步 27  Edit
      page-06 步 36  Bash
      page-09 步 16  Bash
      page-41 步 29  Bash
      page-18 步 30  Edit
      page-07 步 30  Bash
      page-36 步 22  Bash
      page-17 步 19  Bash
      page-05 步 32  Bash
      page-32 步 31  Bash
      page-15 步 21  Edit
      page-10 步 20  Edit
      page-26 步 20  Bash
  page-42  ✓   24 次调用   10.2 分  selfcheck  9  skill 1  All tests pass. Let me do a final review of the page to make
      page-27 步 25  Read
      page-46 步 17  Read
      page-37 步 23  Bash
      page-35 步 24  Bash
      page-05 步 33  Bash
      page-44 步 23  Edit
  page-26  ✓   21 次调用   10.4 分  selfcheck  5  skill 2  The page is complete and well-formed. Here's a summary of wh
      page-36 步 23  Edit
      page-14 步 28  Edit
      page-35 步 25  Bash
      page-49 步 25  Edit
      page-38 步 28  Bash
      page-04 步 23  Edit
      page-23 步 32  Bash
      page-45 步 24  Edit
  page-33  ✓   20 次调用   10.4 分  selfcheck  6  skill 2  **交付完成。** 以下是 page-33.html 的构建总结：

## 构建内容

**第 33 页：一百个能量仆人
      page-20 步 19  Edit
      page-18 步 31  Read
      page-36 步 24  Edit
      page-20 步 20  Edit
      page-09 步 17  Edit
      page-27 步 26  Bash
      page-06 步 37  Edit
      page-45 步 25  Bash
      page-10 步 21  Bash
      page-18 步 32  Bash
      page-07 步 31  Read
      page-17 步 20  Edit
      page-15 步 22  Bash
      page-20 步 21  Bash
      page-38 步 29  Edit
      page-09 步 18  Bash
      page-37 步 24  Edit
      page-44 步 24  Edit
      page-10 步 22  Bash
      page-06 步 38  Edit
      page-08 步 22  Edit
      page-23 步 33  Bash
      page-29 步 25  Edit
  page-05  ✓   34 次调用   10.6 分  selfcheck  5  skill 2  Page 05 is complete. All selfcheck criteria pass cleanly.

*
      page-14 步 29  Edit
      page-32 步 32  Edit
      page-49 步 26  Bash
      page-41 步 30  Read
  page-35  ✓   26 次调用   10.7 分  selfcheck  5  skill 1  The page is complete and passes all checks:
- **Total Chines
      [page-29] 400 但是网关 fallback 失败,按抖动重试
      [page-29] BadRequestError 等 6s 重试 1/8
      [page-10] 400 但是网关 fallback 失败,按抖动重试
      [page-10] BadRequestError 等 6s 重试 1/8
      page-18 步 33  Read
      [page-14] 400 但是网关 fallback 失败,按抖动重试
      [page-14] BadRequestError 等 4s 重试 1/8
      page-20 步 22  Edit
      page-38 步 30  Edit
      [page-17] 400 但是网关 fallback 失败,按抖动重试
      [page-17] BadRequestError 等 6s 重试 1/8
      [page-41] 400 但是网关 fallback 失败,按抖动重试
      [page-41] BadRequestError 等 6s 重试 1/8
      page-06 步 39  Bash
      page-04 步 24  Bash
      page-36 步 25  Bash
      page-20 步 23  Bash
      page-46 步 18  Edit
      page-06 步 40  Read
      page-18 步 34  Edit
      page-15 步 23  Edit
      page-14 步 30  Read
  page-27  ✓   27 次调用   10.9 分  selfcheck  5  skill 1  ---

## 完成报告

**Page 27: 双演化扩散场** — 已完成并自检通过。

### 做了什么

**知
  page-23  ✓   34 次调用   10.9 分  selfcheck  6  skill 2  The page is complete. All checks pass cleanly.

## Summary


      page-37 步 25  Bash
      page-14 步 31  Edit
      page-06 步 41  Bash
      page-44 步 25  Edit
      page-09 步 19  Edit
      page-04 步 25  Bash
      page-49 步 27  Bash
      page-29 步 26  Edit
  page-14  ✓   32 次调用   11.0 分  selfcheck  5  skill 1  Now let me also update the player-marker display in the sett
      page-15 步 24  Edit
      page-17 步 21  Bash
      page-07 步 32  Bash
      page-46 步 19  Edit
      page-08 步 23  Edit
      page-20 步 24  Bash
      page-10 步 23  Edit
      page-38 步 31  Edit
  page-06  ✓   42 次调用   11.1 分  selfcheck 10  skill 1  ## 完成

我构建了第 6 页 `page-06.html`，**知识结构：process**，停留时间 145 秒。
      page-45 步 26  Bash
      page-18 步 35  Bash
      page-29 步 27  Bash
  page-49  ✓   28 次调用   11.1 分  selfcheck  5  skill 2  Page 49 is complete. Here's a summary of what was built:

##
      page-20 步 25  Bash
      page-09 步 20  Bash
      page-41 步 31  Bash
      page-37 步 26  Edit
      page-15 步 25  Bash
      page-32 步 33  Edit
      page-09 步 21  Bash
      page-46 步 20  Edit
      page-07 步 33  Read
      page-44 步 26  Edit
      page-36 步 26  Edit
      page-29 步 28  Read
  page-20  ✓   26 次调用   11.4 分  selfcheck  4  skill 1  All references to roleA, roleB, roleC are gone. Let me also 
      page-17 步 22  Edit
      page-38 步 32  Edit
      page-10 步 24  Edit
      page-08 步 24  Edit
  page-07  ✓   34 次调用   11.5 分  selfcheck  5  skill 1  ## 完成报告

构建了 **page-07.html** —— 《生命树末端 · 末端一小枝》。

### 做了什么

      page-17 步 23  Edit
      page-38 步 33  Read
      page-04 步 26  Bash
      page-45 步 27  Edit
      page-17 步 24  Edit
      page-32 步 34  Bash
      page-37 步 27  Edit
      page-38 步 34  Edit
  page-41  ✓   32 次调用   11.6 分  selfcheck  5  skill 2  The page is clean. Let me do a final summary of what was bui
      page-08 步 25  Edit
      page-44 步 27  Bash
  page-09  ✓   22 次调用   11.6 分  selfcheck  5  skill 3  Page 09 is complete and passes all selfchecks. Here's a summ
      page-32 步 35  Bash
      page-46 步 21  Edit
      page-18 步 36  Read
      page-38 步 35  Read
      page-45 步 28  Edit
      page-36 步 27  Bash
      page-04 步 27  Edit
      page-10 步 25  Edit
      page-45 步 29  Bash
      page-15 步 26  Read
      page-10 步 26  Edit
      page-18 步 37  Edit
      page-38 步 36  Bash
      page-29 步 29  Bash
      page-17 步 25  Read
      page-36 步 28  Bash
      page-46 步 22  Edit
      page-17 步 26  Bash
      page-08 步 26  Bash
      page-36 步 29  Bash
      page-04 步 28  Edit
      page-44 步 28  Edit
      page-37 步 28  Edit
      page-08 步 27  Bash
      page-45 步 30  Bash
      page-32 步 36  Edit
      page-18 步 38  Bash
  page-29  ✓   30 次调用   12.1 分  selfcheck  7  skill 1  自检通过，零报错、无溢出、无裁剪。

## 完成报告

**page-29.html** 已构建完成，对应 110 秒的
      page-37 步 29  Bash
      page-04 步 29  Bash
      page-38 步 37  Bash
      page-17 步 27  Bash
      page-44 步 29  Bash
      page-10 步 27  Edit
      page-37 步 30  Edit
      page-32 步 37  Bash
      page-46 步 23  Bash
      page-17 步 28  Bash
  page-36  ✓   30 次调用   12.2 分  selfcheck  6  skill 2  The page is complete and clean. Here's a summary of what was
      page-10 步 28  Edit
  page-18  ✓   39 次调用   12.3 分  selfcheck  7  skill 1  自检通过！所有指标均达标。以下是完成情况报告：

---

**已构建完成：page-18.html**

**页眉挂载
      page-08 步 28  Edit
      page-04 步 30  Read
      page-15 步 27  Bash
      page-37 步 31  Bash
      page-04 步 31  Read
      page-46 步 24  Edit
      page-38 步 38  Bash
      page-44 步 30  Edit
      page-10 步 29  Edit
      page-32 步 38  Bash
      page-44 步 31  Edit
      page-10 步 30  Bash
      page-08 步 29  Bash
      page-15 步 28  Bash
      page-37 步 32  Bash
      page-46 步 25  Bash
      page-04 步 32  Edit
      page-38 步 39  Bash
      page-04 步 33  Read
      [page-15] RateLimitError 等 5s 重试 1/8
      page-45 步 31  Edit
      [page-10] RateLimitError 等 4s 重试 1/8
      page-44 步 32  Bash
      [page-37] RateLimitError 等 4s 重试 1/8
      [page-15] RateLimitError 等 16s 重试 2/8
      page-32 步 39  Read
      [page-32] RateLimitError 等 4s 重试 1/8
      [page-10] RateLimitError 等 15s 重试 2/8
      page-46 步 26  Read
      [page-46] RateLimitError 等 4s 重试 1/8
      [page-37] RateLimitError 等 16s 重试 2/8
      [page-45] RateLimitError 等 6s 重试 1/8
      page-17 步 29  Edit
      [page-04] RateLimitError 等 5s 重试 1/8
      [page-17] RateLimitError 等 4s 重试 1/8
      page-38 步 40  Edit
      [page-38] RateLimitError 等 6s 重试 1/8
      [page-44] RateLimitError 等 5s 重试 1/8
      [page-46] RateLimitError 等 14s 重试 2/8
      [page-17] RateLimitError 等 13s 重试 2/8
      [page-45] RateLimitError 等 18s 重试 2/8
      [page-32] RateLimitError 等 18s 重试 2/8
      [page-15] RateLimitError 等 33s 重试 3/8
      [page-10] RateLimitError 等 51s 重试 3/8
      [page-37] RateLimitError 等 33s 重试 3/8
      [page-46] RateLimitError 等 37s 重试 3/8
      [page-17] RateLimitError 等 51s 重试 3/8
      [page-44] RateLimitError 等 16s 重试 2/8
      [page-04] RateLimitError 等 13s 重试 2/8
      [page-38] RateLimitError 等 11s 重试 2/8
      [page-45] RateLimitError 等 51s 重试 3/8
      [page-04] RateLimitError 等 28s 重试 3/8
      [page-32] RateLimitError 等 41s 重试 3/8
      [page-38] RateLimitError 等 29s 重试 3/8
      [page-44] RateLimitError 等 36s 重试 3/8
      [page-15] RateLimitError 等 114s 重试 4/8
      [page-37] RateLimitError 等 71s 重试 4/8
      page-08 步 30  Bash
      page-46 步 27  Edit
      page-08 步 31  Bash
      page-17 步 30  Edit
      page-44 步 33  Bash
      page-04 步 34  Edit
      page-32 步 40  Read
      page-17 步 31  Bash
      page-38 步 41  Edit
      page-08 步 32  Bash
      page-17 步 32  Bash
      page-10 步 31  Edit
      page-46 步 28  Bash
      page-17 步 33  Bash
      page-08 步 33  Bash
      page-10 步 32  Edit
      page-38 步 42  Edit
      page-45 步 32  Edit
      page-08 步 34  Bash
      page-32 步 41  Bash
      page-38 步 43  Bash
      page-10 步 33  Edit
      page-04 步 35  Edit
      page-44 步 34  Edit
      page-10 步 34  Edit
      page-46 步 29  Bash
  page-38  ✓   44 次调用   15.1 分  selfcheck  6  skill 2  All checks pass cleanly. The page is complete and ready.

##
      page-44 步 35  Bash
      page-04 步 36  Edit
      page-08 步 35  Read
      page-04 步 37  Edit
      page-45 步 33  Edit
      page-10 步 35  Bash
      page-37 步 33  Bash
      page-44 步 36  Edit
      page-45 步 34  Bash
      page-46 步 30  Bash
      page-08 步 36  Edit
      page-04 步 38  Bash
      page-32 步 42  Read
  page-37  ✓   34 次调用   15.7 分  selfcheck  8  skill 4  Page 37 is complete and selfcheck-clean. Here's a summary of
      page-08 步 37  Edit
      page-46 步 31  Bash
      page-45 步 35  Bash
      page-10 步 36  Edit
      page-32 步 43  Edit
      page-08 步 38  Bash
  page-17  ✓   34 次调用   15.9 分  selfcheck  9  skill 3  The text overlap is still there. Let me check if the `#rotat
      page-04 步 39  Bash
      page-44 步 37  Bash
      page-32 步 44  Read
      page-10 步 37  Bash
  page-04  ✓   40 次调用   16.1 分  selfcheck 10  skill 0  The page is 692 lines, has `Lec.mount()` called, the `update
  page-45  ✓   36 次调用   16.1 分  selfcheck  9  skill 1  All checks pass. The page is clean:

- ✅ No JS errors
- ✅ No
      page-46 步 32  Bash
      page-15 步 29  Bash
      page-32 步 45  Read
      page-44 步 38  Bash
      page-08 步 39  Bash
      page-44 步 39  Bash
      page-15 步 30  Edit
      page-10 步 38  Edit
      [page-22] APITimeoutError 等 5s 重试 1/8
      page-46 步 33  Bash
      page-10 步 39  Edit
  page-44  ✓   40 次调用   16.7 分  selfcheck  8  skill 1  No `position: fixed` in my CSS. The page is complete and cle
      page-32 步 46  Edit
      page-15 步 31  Bash
      page-10 步 40  Edit
      page-32 步 47  Edit
      page-32 步 48  Bash
      page-08 步 40  Bash
      page-10 步 41  Bash
      page-46 步 34  Bash
  page-32  ✓   49 次调用   17.0 分  selfcheck  8  skill 1  The selfcheck passes cleanly. Let me also verify the file is
      [page-34] APITimeoutError 等 5s 重试 1/8
  page-08  ✓   41 次调用   17.2 分  selfcheck 12  skill 3  The selfcheck passes cleanly with no errors. Let me verify t
      page-15 步 32  Edit
      page-10 步 42  Edit
      page-22 步  5  Bash
      page-10 步 43  Bash
      page-46 步 35  Bash
      page-15 步 33  Edit
      page-46 步 36  Bash
      page-15 步 34  Read
      page-10 步 44  Edit
  page-46  ✓   37 次调用   17.8 分  selfcheck 10  skill 2  The Lec.mount call is correct with all the required paramete
      page-15 步 35  Read
      page-15 步 36  Edit
      page-10 步 45  Bash
      page-15 步 37  Edit
      page-15 步 38  Read
      page-10 步 46  Bash
      page-22 步  6  Write
      page-15 步 39  Edit
      page-22 步  7  Bash
      page-34 步  5  Write
      page-34 步  6  Bash
      page-15 步 40  Edit
      page-10 步 47  Edit
      page-15 步 41  Bash
      page-10 步 48  Bash
      page-15 步 42  Edit
      page-10 步 49  Read
      page-15 步 43  Read
      page-15 步 44  Bash
  page-10  ✓   50 次调用   19.4 分  selfcheck 13  skill 3  The page is complete and clean. Here's a summary of what I b
      page-34 步  7  Write
      page-22 步  8  Write
      page-34 步  8  Bash
      page-15 步 45  Edit
      page-22 步  9  Bash
      page-34 步  9  Edit
      page-15 步 46  Bash
      page-34 步 10  Bash
      page-15 步 47  Read
      page-22 步 10  Edit
      page-34 步 11  Edit
      page-34 步 12  Edit
      page-15 步 48  Edit
      page-34 步 13  Edit
      page-22 步 11  Bash
      page-34 步 14  Edit
      page-15 步 49  Read
      page-34 步 15  Bash
      page-22 步 12  Edit
      page-22 步 13  Edit
      page-15 步 50  Bash
      page-22 步 14  Bash
      page-34 步 16  Read
      page-15 步 51  Bash
      page-15 步 52  Bash
      page-22 步 15  Bash
  page-15  ✓   53 次调用   22.2 分  selfcheck 12  skill 1  All checks pass cleanly, including after simulating both pre
      page-34 步 17  Bash
  page-22  ✓   16 次调用   22.3 分  selfcheck  4  skill 2  Page 22 is complete and passes all checks. Here's what I bui
  page-34  ✓   18 次调用   22.5 分  selfcheck  5  skill 2  The page passes selfcheck cleanly. Here's what I built:

**P

  49/50 页交付   墙钟 22.5 分
  每页调用数 5–53,中位 26   合计 1370
  selfcheck 合计 287   Skill 合计 82
  指派 skill 73 项,实际读到 73 项
  ✗ page-24: JSONDecodeError: Unterminated string starting at: line 1 column 103 (char 102)

[1m▸ 覆盖闸[0m  ape-ds2/pages
  规划 50 页,交付 49 页  (页表)
  [31m✗ 空页 1(<1000B): page-24[0m
  锚点: kicker 17/49   标题 0/49   take 0/49
  [31m✗ kicker 没出现在页面上: page-05 page-18 page-26 page-33 page-39 page-43 page-44[0m
  时长: PLAN 第 0 节没有带分钟的章表,跳过
  逐页停留: 50 页齐全,合计 5400 秒  中位 112.5 秒
  无交互名册 5 页: 01 02 03 21 50
  [31m2 类硬判不过[0m
