
▸ builder · ape-g18
  50 页,并发 12,effort=low,skill 块 242–694 字符/页(中位 381,全清单是 9,221)

      page-03 步  1  Read Read Read Read Read Skill
      page-10 步  1  Read Read Read Read Read Skill
      page-04 步  1  Read Read Read Read Read Skill Read
      page-06 步  1  Read Read Read Read Read Skill Read
      page-07 步  1  Read Read Read Read Read Skill Skill
      page-05 步  1  Read Read Read Read Read Skill
      page-11 步  1  Read Read Read Read Read Skill Skill
      page-01 步  1  Read Read Read Read Read Skill Skill Read
      page-12 步  1  Read Read Read Read Read Skill
      page-09 步  1  Read Read Read Read Read Skill
      page-02 步  1  Read Read Read Read Read Skill
      page-08 步  1  Read Read Read Read Read Skill
      page-10 步  2  Read Read
      page-01 步  2  Bash
      page-09 步  2  Read Read Bash
      page-07 步  2  Read Read Bash
      page-11 步  2  Read Read Bash
      page-08 步  2  Read Read Bash
      page-02 步  2  Read Read
      page-05 步  2  Read Read Bash
      page-12 步  2  Read Read Bash
      page-06 步  2  Bash
      page-09 步  3  Bash
      page-03 步  2  Read Bash
      page-12 步  3  Read
      page-08 步  3  Read
      page-11 步  3  Bash
      page-09 步  4  Read
      page-12 步  4  Read
      page-11 步  4  Bash
      page-06 步  3  Write
      page-05 步  3  Bash
      page-01 步  3  Write
      page-09 步  5  Read
      page-05 步  4  Read
      page-06 步  4  Bash
      page-08 步  4  Read
      page-04 步  2  Write
      page-07 步  3  Write
      page-01 步  4  Bash
      page-04 步  3  Bash
      page-07 步  4  Bash
      page-03 步  3  Write
      page-12 步  5  Write
      page-08 步  5  Bash
      page-03 步  4  Bash
      page-06 步  5  Edit
      page-01 步  5  Edit
      page-07 步  5  Bash Bash Bash
      page-02 步  3  Write
      page-06 步  6  Bash
      page-12 步  6  Bash
      page-01 步  6  Edit
      page-02 步  4  Bash
      page-04 步  4  Edit
      page-11 步  5  Write
      page-03 步  5  Edit
  page-07  ✓    6 次调用    1.2 分  selfcheck  4  skill 2  已完成 `page-07.html`，并通过初态、分支切换、照片标记与复位状态的 selfcheck。
      page-01 步  7  Edit
      page-04 步  5  Bash
      page-05 步  5  Write
      page-11 步  6  Bash
      page-01 步  8  Bash
      page-02 步  5  Edit
      page-13 步  1  Read Read Read Read Read Skill
      page-12 步  7  Edit
      page-03 步  6  Bash
      page-02 步  6  Edit
      page-05 步  6  Bash
      page-12 步  8  Edit
      page-09 步  6  Write
      page-13 步  2  Read Read Bash
      page-02 步  7  Bash
      page-01 步  9  Edit
      page-04 步  6  Edit
      page-12 步  9  Bash
      page-01 步 10  Edit
      page-03 步  7  Edit
      page-06 步  7  Edit
      page-11 步  7  Bash
      page-09 步  7  Edit
      page-13 步  3  Bash
      page-06 步  8  Bash
      page-01 步 11  Read
      page-03 步  8  Bash
      page-04 步  7  Bash
      page-12 步 10  Bash
      page-08 步  6  Write
  page-11  ✓    8 次调用    1.6 分  selfcheck  2  skill 2  已完成 `page-11.html`，并通过初态与完成态 selfcheck，自检无报错、加载失败、越界或裁切。
      page-01 步 12  Edit
      page-09 步  8  Bash
      page-02 步  8  Edit
  page-03  ✓    9 次调用    1.7 分  selfcheck  3  skill 1  已完成 `page-03.html`，并通过 selfcheck：无 JS 错误、资源加载失败、越界或裁切问题，画面占用
      page-13 步  4  Read
      page-12 步 11  Read
      page-14 步  1  Read Read Read Read Read Skill
      page-05 步  7  Edit
      page-04 步  8  Edit
      page-02 步  9  Bash
      page-08 步  7  Bash
  page-06  ✓    9 次调用    1.7 分  selfcheck  3  skill 1  已完成 `page-06.html`，并通过 selfcheck：无报错、无加载失败、无越界或裁切。
      page-15 步  1  Read Read Read Read Read Skill Skill
      page-04 步  9  Bash
      page-12 步 12  Bash
      page-14 步  2  Read Read
      page-05 步  8  Bash Bash Bash
      page-16 步  1  Read Read Read Read Read Skill Skill
      page-15 步  2  Read Read Bash
      page-01 步 13  Bash
      page-02 步 10  Edit
      page-08 步  8  Bash Bash Bash
      page-12 步 13  Edit
      page-16 步  2  Read Read
      page-04 步 10  Edit
  page-05  ✓    9 次调用    2.0 分  selfcheck  4  skill 1  已完成 `page-05.html`，并通过初始、50% 与 100% 时间压缩状态的 selfcheck。
      page-02 步 11  Bash
      page-12 步 14  Bash
      page-15 步  3  Bash
      page-01 步 14  Edit
      page-16 步  3  Bash
      page-09 步  9  Edit
      page-17 步  1  Read Read Read Read Read Skill Skill
      page-04 步 11  Edit
      page-01 步 15  Bash
      page-09 步 10  Bash
      page-15 步  4  Read
  page-08  ✓    9 次调用    2.1 分  selfcheck  4  skill 1  已完成 `page-08.html`：实现可拖动气候波动扫描窗、动态世代与方向变化读数、同步三步因果链及复位功能。初态、
      page-02 步 12  Edit
      page-04 步 12  Bash
      page-16 步  4  Read
      page-01 步 16  Edit
      page-18 步  1  Read Read Read Read Read Skill Read
      page-12 步 15  Edit
      page-13 步  5  Write
      page-04 步 13  Edit
      page-01 步 17  Bash
      page-09 步 11  Edit
      page-12 步 16  Bash
      page-17 步  2  Read Read Bash
      page-02 步 13  Bash
      page-13 步  6  Bash
      page-14 步  3  Write
      page-04 步 14  Bash
      page-09 步 12  Bash
      page-01 步 18  Edit
  page-12  ✓   17 次调用    2.5 分  selfcheck  6  skill 1  已完成 `page-12.html`：实现能量账本小游戏、五步过程轴、动态瀑布图、路线／时段／步态选择、即时结余反馈与复
      page-13 步  7  Bash Bash Bash
      page-02 步 14  Bash Bash Bash
      page-01 步 19  Edit
      page-14 步  4  Bash
      page-19 步  1  Read Read Read Read Read Skill
      page-04 步 15  Edit
      page-09 步 13  Bash
      page-01 步 20  Edit
      page-19 步  2  Read
      page-18 步  2  Write
      page-04 步 16  Bash
  page-02  ✓   15 次调用    2.7 分  selfcheck  8  skill 1  已完成并通过全部 selfcheck。
      page-09 步 14  Bash
  page-13  ✓    8 次调用    1.6 分  selfcheck  4  skill 1  已完成 `page-13.html`：包含共同维度对照、D3 联动人体散热与水量图、双滑块和复位功能。初态、端点及复位状
      page-01 步 21  Bash
      page-18 步  3  Bash
      page-15 步  5  Write
      page-21 步  1  Read Read Read Read Read Skill Skill
      page-14 步  5  Edit
      page-20 步  1  Read Read Read Read Read Skill Skill
      page-04 步 17  Edit
      page-14 步  6  Edit
      page-21 步  2  Read Read Bash
      page-18 步  4  Edit
      page-15 步  6  Edit
      page-09 步 15  Edit
      page-04 步 18  Edit
      page-14 步  7  Edit
      page-01 步 22  Edit
      page-09 步 16  Bash
      page-15 步  7  Bash
      page-04 步 19  Bash
      page-18 步  5  Bash
      page-21 步  3  Bash
      page-20 步  2  Read Read Bash
      page-01 步 23  Bash
      page-14 步  8  Edit
      page-15 步  8  Bash Bash
      page-17 步  3  Write
      page-14 步  9  Bash
      page-19 步  3  Write
      page-20 步  3  Bash
      page-09 步 17  Edit
      page-04 步 20  Edit
      page-18 步  6  Edit
      page-01 步 24  Edit
  page-15  ✓    9 次调用    1.7 分  selfcheck  3  skill 2  已完成 `page-15.html`，并通过初态、完整识别态与复位态自检。
      [page-22] RateLimitError 等 4s 重试 1/8
      page-04 步 21  Edit
      [page-04] RateLimitError 等 5s 重试 1/8
      page-18 步  7  Edit
      [page-18] RateLimitError 等 4s 重试 1/8
      page-19 步  4  Bash
      [page-22] RateLimitError 等 12s 重试 2/8
      page-20 步  4  Read
      [page-20] RateLimitError 等 6s 重试 1/8
      [page-19] RateLimitError 等 5s 重试 1/8
      page-14 步 10  Edit
      page-17 步  4  Bash
      [page-14] RateLimitError 等 4s 重试 1/8
      [page-04] RateLimitError 等 16s 重试 2/8
      [page-17] RateLimitError 等 5s 重试 1/8
      page-01 步 25  Edit
      page-09 步 18  Edit
      [page-01] RateLimitError 等 6s 重试 1/8
      [page-09] RateLimitError 等 6s 重试 1/8
      [page-14] RateLimitError 等 18s 重试 2/8
      [page-19] RateLimitError 等 17s 重试 2/8
      [page-20] RateLimitError 等 16s 重试 2/8
      [page-18] RateLimitError 等 17s 重试 2/8
      page-16 步  5  Write
      [page-16] RateLimitError 等 4s 重试 1/8
      [page-17] RateLimitError 等 19s 重试 2/8
      [page-22] RateLimitError 等 49s 重试 3/8
      [page-09] RateLimitError 等 16s 重试 2/8
      [page-16] RateLimitError 等 18s 重试 2/8
      [page-01] RateLimitError 等 16s 重试 2/8
      page-21 步  4  Write
      [page-21] RateLimitError 等 5s 重试 1/8
      [page-04] RateLimitError 等 47s 重试 3/8
      [page-21] RateLimitError 等 16s 重试 2/8
      [page-20] RateLimitError 等 33s 重试 3/8
      [page-19] RateLimitError 等 31s 重试 3/8
      [page-14] RateLimitError 等 31s 重试 3/8
      [page-18] RateLimitError 等 42s 重试 3/8
      [page-09] RateLimitError 等 29s 重试 3/8
      [page-17] RateLimitError 等 44s 重试 3/8
      [page-01] RateLimitError 等 52s 重试 3/8
      [page-16] RateLimitError 等 37s 重试 3/8
      [page-21] RateLimitError 等 35s 重试 3/8
      page-14 步 11  Edit
      page-09 步 19  Bash
      page-22 步  1  Read Read Read Read Read Skill Skill
      page-14 步 12  Bash
      page-19 步  5  Edit
      page-04 步 22  Bash
      page-18 步  8  Edit
      page-22 步  2  Read Read Bash
      page-19 步  6  Edit
      page-16 步  6  Bash
      page-14 步 13  Edit
      page-09 步 20  Bash
  page-04  ✓   23 次调用    4.7 分  selfcheck  9  skill 1  已完成 `page-04.html`：实现九张情境卡的三类压力归仓小游戏，包含指针拖放、键盘操作、即时反馈、完成态、重置
      page-19 步  7  Bash
      page-18 步  9  Edit
      page-21 步  5  Bash
      page-22 步  3  Bash Bash
      page-01 步 26  Bash
      page-23 步  1  Read Read Read Read Read Skill
      page-16 步  7  Bash
      page-09 步 21  Edit
      page-14 步 14  Bash
      page-18 步 10  Edit
      page-22 步  4  Read Bash
      page-19 步  8  Edit
      page-16 步  8  Bash
      page-17 步  5  Edit
      page-23 步  2  Bash
      page-09 步 22  Edit
      page-18 步 11  Bash
      page-19 步  9  Bash
      page-17 步  6  Bash
      page-01 步 27  Edit
      page-23 步  3  Bash
      page-09 步 23  Bash
      page-21 步  6  Edit
      page-22 步  5  Bash
      page-20 步  5  Write
      page-14 步 15  Edit
      page-21 步  7  Edit
      page-01 步 28  Edit
      page-22 步  6  Bash
      page-09 步 24  Bash
      page-14 步 16  Edit
  page-17  ✓    7 次调用    3.3 分  selfcheck  2  skill 2  已完成 `page-17.html`，并通过初态、完整交互态与重置态 selfcheck。
      page-19 步 10  Edit
      page-23 步  4  Read
      page-01 步 29  Bash
      page-16 步  9  Edit
      page-22 步  7  Bash
      page-21 步  8  Edit
      page-10 步  3  Write
      page-14 步 17  Edit
      page-20 步  6  Bash
      page-18 步 12  Edit
      page-16 步 10  Edit
      page-24 步  1  Read Read Read Read Read Skill
      page-09 步 25  Edit
      page-10 步  4  Bash
  page-01  ✓   30 次调用    5.4 分  selfcheck  9  skill 2  已完成 `page-01.html`，并通过 selfcheck：无报错、无加载失败、无越界或裁切，画面占用 50%，文
      page-18 步 13  Bash
      page-19 步 11  Bash
      page-16 步 11  Bash
      page-22 步  8  Bash
      page-21 步  9  Edit
      page-09 步 26  Bash
      page-24 步  2  Read Read
      page-21 步 10  Bash Bash
      page-20 步  7  Edit
      page-14 步 18  Bash
      page-22 步  9  Bash
      page-10 步  5  Edit
      page-25 步  1  Read Read Read Read Read Skill
      page-18 步 14  Edit
      page-19 步 12  Edit
      page-09 步 27  Edit
      page-16 步 12  Bash
      page-20 步  8  Bash
      page-23 步  5  Write
      page-25 步  2  Read Read
      page-14 步 19  Edit
      page-19 步 13  Bash
      page-22 步 10  Bash
  page-16  ✓   13 次调用    4.0 分  selfcheck  5  skill 2  已完成 `page-16.html`，并通过初态、碰撞交互态与布局自检。
      page-10 步  6  Edit
      page-09 步 28  Bash
      page-18 步 15  Edit
      page-14 步 20  Bash
  page-21  ✓   11 次调用    3.1 分  selfcheck  3  skill 2  已完成第 21 页：构建手斧真实标本的对称轴拖动与旋转交互、镜像轮廓揭示及差异带，并按统一维度比较简单石片与阿舍利手斧。
      page-27 步  1  Read Read Read Read Read Skill
      page-10 步  7  Edit
      page-18 步 16  Bash
      page-26 步  1  Read Read Read Read Read Skill Skill
      page-20 步  9  Edit
  page-14  ✓   21 次调用    4.3 分  selfcheck  6  skill 1  已完成 `page-14.html`，并通过 selfcheck。
      page-27 步  2  Read Read Bash
      page-19 步 14  Bash
      page-23 步  6  Bash
      page-26 步  2  Read Read Bash
      page-09 步 29  Edit
      page-28 步  1  Read Read Read Read Read Skill Read
      page-10 步  8  Edit
      page-20 步 10  Edit
  page-19  ✓   15 次调用    3.6 分  selfcheck  6  skill 1  已完成 `page-19.html`，实现四种握法拖拽分类小游戏、即时冲突反馈、键盘操作、完成态与重置，并通过初态和完成
      page-18 步 17  Edit
      page-28 步  2  Bash
      page-10 步  9  Bash
      page-29 步  1  Read Read Read Read Read Skill Skill Skill
      page-18 步 18  Bash
      page-26 步  3  Bash
      page-24 步  3  Write
      page-20 步 11  Bash
      page-23 步  7  Edit
      page-25 步  3  Write
      page-29 步  2  Read Bash
      page-09 步 30  Edit
      page-26 步  4  Read
      page-24 步  4  Bash
      page-23 步  8  Edit
      page-22 步 11  Write
      page-29 步  3  Read
      page-25 步  4  Bash
      page-09 步 31  Edit
      page-23 步  9  Edit
      page-10 步 10  Edit
      page-28 步  3  Write
      page-24 步  5  Edit
      page-23 步 10  Bash
      page-18 步 19  Edit
      page-27 步  3  Write
      page-22 步 12  Edit
      page-28 步  4  Bash
      page-18 步 20  Bash
      page-09 步 32  Bash
      page-10 步 11  Edit
      page-20 步 12  Edit
      page-25 步  5  Bash Bash Bash
      page-27 步  4  Bash
      page-22 步 13  Bash
      page-10 步 12  Bash
      page-24 步  6  Edit
      page-18 步 21  Edit
      page-28 步  5  Edit
      page-23 步 11  Bash
      page-26 步  5  Write
      page-22 步 14  Bash Bash Bash
      page-09 步 33  Edit
      page-24 步  7  Edit
  page-25  ✓    6 次调用    1.4 分  selfcheck  4  skill 1  已完成 `page-25.html`：实现同轴基因—文化传播竞跑、可复现离散模拟、横向接触滑块、同步读数与复位，并通过全
      page-10 步 13  Bash Bash
      page-28 步  6  Bash
      page-18 步 22  Bash
      page-20 步 13  Bash
      page-24 步  8  Edit
      page-30 步  1  Read Read Read Read Read Skill
      page-09 步 34  Edit
      page-27 步  5  Edit
      page-23 步 12  Edit
  page-28  ✓    7 次调用    1.1 分  selfcheck  2  skill 1  已完成 `page-28.html`，并通过 selfcheck 全部检查。
      page-24 步  9  Bash
      page-27 步  6  Bash
      page-29 步  4  Write
      page-23 步 13  Edit
  page-10  ✓   14 次调用    7.0 分  selfcheck  5  skill 1  已完成 `page-10.html`：构建了基于 Matter.js 的侧视双足步态交互，包含重心拖动与键盘操作、支撑脚
      page-30 步  2  Read Read Bash
      page-18 步 23  Bash
      page-20 步 14  Bash
  page-22  ✓   15 次调用    3.7 分  selfcheck  4  skill 2  已完成 `page-22.html`：实现四步能量流程、统一 kcal 标尺的动态桑基图、加热程度滑块、净收益联动读数、
      page-26 步  6  Bash
      page-32 步  1  Read Read Read Read Read Skill Skill
      page-31 步  1  Read Read Read Read Read Skill Skill
      page-09 步 35  Edit
      page-23 步 14  Edit
      page-24 步 10  Edit Edit Edit Edit
      page-30 步  3  Read
      page-29 步  5  Bash
      page-23 步 15  Edit
      page-33 步  1  Read Read Read Read Read Skill Skill
      page-31 步  2  Read Read Bash
      page-27 步  7  Edit
      page-18 步 24  Edit
      page-32 步  2  Read Read
      page-30 步  4  Read
      page-29 步  6  Bash
      page-20 步 15  Edit
      page-31 步  3  Read
      page-27 步  8  Bash
      page-18 步 25  Bash
      page-33 步  2  Read Read Bash
      page-24 步 11  Bash
      page-20 步 16  Edit
      page-31 步  4  Bash
      page-29 步  7  Bash
      page-30 步  5  Bash
      page-26 步  7  Edit
      page-31 步  5  Read
      page-20 步 17  Bash
      page-23 步 16  Bash
      page-24 步 12  Edit
      page-09 步 36  Edit
      [page-24] RateLimitError 等 5s 重试 1/8
      [page-09] RateLimitError 等 5s 重试 1/8
      [page-23] RateLimitError 等 6s 重试 1/8
      page-27 步  9  Edit
      [page-27] RateLimitError 等 6s 重试 1/8
      page-18 步 26  Edit
      [page-18] RateLimitError 等 6s 重试 1/8
      [page-09] RateLimitError 等 11s 重试 2/8
      page-20 步 18  Edit
      [page-20] RateLimitError 等 5s 重试 1/8
      page-26 步  8  Edit
      [page-26] RateLimitError 等 4s 重试 1/8
      [page-23] RateLimitError 等 19s 重试 2/8
      [page-27] RateLimitError 等 16s 重试 2/8
      [page-24] RateLimitError 等 14s 重试 2/8
      [page-20] RateLimitError 等 17s 重试 2/8
      page-29 步  8  Edit
      [page-29] RateLimitError 等 6s 重试 1/8
      [page-26] RateLimitError 等 13s 重试 2/8
      [page-18] RateLimitError 等 12s 重试 2/8
      [page-29] RateLimitError 等 15s 重试 2/8
      [page-09] RateLimitError 等 50s 重试 3/8
      [page-24] RateLimitError 等 50s 重试 3/8
      [page-26] RateLimitError 等 35s 重试 3/8
      [page-27] RateLimitError 等 30s 重试 3/8
      page-32 步  3  Write
      [page-32] RateLimitError 等 6s 重试 1/8
      [page-20] RateLimitError 等 31s 重试 3/8
      page-30 步  6  Write
      [page-30] RateLimitError 等 6s 重试 1/8
      [page-23] RateLimitError 等 32s 重试 3/8
      [page-18] RateLimitError 等 41s 重试 3/8
      page-33 步  3  Write
      page-31 步  6  Write
      [page-33] RateLimitError 等 5s 重试 1/8
      [page-29] RateLimitError 等 30s 重试 3/8
      [page-31] RateLimitError 等 5s 重试 1/8
      [page-32] RateLimitError 等 11s 重试 2/8
      [page-30] RateLimitError 等 18s 重试 2/8
      [page-31] RateLimitError 等 11s 重试 2/8
      [page-33] RateLimitError 等 17s 重试 2/8
      [page-32] RateLimitError 等 48s 重试 3/8
      [page-31] RateLimitError 等 45s 重试 3/8
      [page-30] RateLimitError 等 39s 重试 3/8
      [page-27] RateLimitError 等 69s 重试 4/8
      [page-20] RateLimitError 等 71s 重试 4/8
      [page-33] RateLimitError 等 31s 重试 3/8
      [page-26] RateLimitError 等 104s 重试 4/8
      page-29 步  9  Edit
      page-23 步 17  Edit
      page-09 步 37  Bash
      page-24 步 13  Bash
      page-29 步 10  Edit
      page-18 步 27  Edit
      page-23 步 18  Edit
      page-29 步 11  Edit
      page-18 步 28  Bash
      page-09 步 38  Edit
      page-29 步 12  Edit
      page-24 步 14  Edit
      page-23 步 19  Edit
      page-30 步  7  Bash
      page-29 步 13  Bash
      page-24 步 15  Bash
      page-33 步  4  Bash
      page-23 步 20  Bash
      page-18 步 29  Edit
      page-09 步 39  Edit
      page-32 步  4  Bash
      page-31 步  7  Bash
      page-30 步  8  Bash Bash Bash
      page-18 步 30  Bash
      page-09 步 40  Edit
      page-32 步  5  Edit
      page-31 步  8  Bash Bash Bash
      page-29 步 14  Edit
      page-23 步 21  Edit
      page-18 步 31  Edit
      page-33 步  5  Edit
      page-09 步 41  Bash
  page-30  ✓    9 次调用    2.6 分  selfcheck  4  skill 1  已完成 `page-30.html`，并通过初态、滑块端点、低压补偿与复位状态的 selfcheck。
      page-24 步 16  Edit
      page-32 步  6  Edit
      page-23 步 22  Edit
      page-29 步 15  Edit
      page-33 步  6  Bash
      page-18 步 32  Bash
  page-31  ✓    9 次调用    2.5 分  selfcheck  4  skill 2  已完成第 31 页构建，并通过初态、交互终态与复位状态自检。
      page-34 步  1  Read Read Read Read Read Skill Skill
      page-32 步  7  Bash
      page-29 步 16  Bash
      page-23 步 23  Bash
      page-09 步 42  Edit
      page-24 步 17  Bash
      page-35 步  1  Read Read Read Read Read Skill Skill
      page-34 步  2  Read Read Bash
  page-18  ✓   33 次调用    7.5 分  selfcheck 12  skill 1  已完成 `page-18.html`，并通过 selfcheck 全部检查。
      page-29 步 17  Bash
  page-33  ✓    7 次调用    2.6 分  selfcheck  2  skill 2  已完成 `page-33.html`，并通过初态与重置交互态 selfcheck。
      page-09 步 43  Edit
      page-35 步  2  Read Read
      page-32 步  8  Bash Bash Bash
      page-36 步  1  Read Read Read Read Read Skill Skill
      page-34 步  3  Read
      page-27 步 10  Bash
      page-24 步 18  Edit
      page-23 步 24  Edit
      page-37 步  1  Read Read Read Read Read Skill Skill
      page-20 步 19  Edit
      page-09 步 44  Bash
      page-24 步 19  Bash
      page-23 步 25  Bash
      page-29 步 18  Edit
      page-20 步 20  Bash
      page-27 步 11  Edit
      page-35 步  3  Bash
      page-36 步  2  Read Bash
  page-09  ✓   45 次调用    9.9 分  selfcheck 16  skill 1  已完成 `page-09.html`，并通过初态、复位态及键盘操作状态的 selfcheck。
      page-29 步 19  Edit
  page-32  ✓    9 次调用    2.9 分  selfcheck  5  skill 2  已完成第 32 页：三维牛顿炮轨道模拟、速度控制、发射状态判定、复位与无障碍支持均已实现，并通过全部 selfcheck
      page-34 步  4  Bash
      page-35 步  4  Read
      page-23 步 26  Edit
      page-39 步  1  Read Read Read Read Read Skill Skill
      page-27 步 12  Bash
      page-38 步  1  Read Read Read Read Read Skill Skill
      page-36 步  3  Bash
      page-24 步 20  Edit
      page-29 步 20  Edit
      page-37 步  2  Read Read Bash
      page-23 步 27  Bash
      page-20 步 21  Edit
      page-24 步 21  Bash
      page-39 步  2  Read Read Bash
      page-36 步  4  Bash
      page-37 步  3  Bash
      page-29 步 21  Bash
      page-20 步 22  Edit
      page-38 步  2  Read Read Bash
      page-36 步  5  Bash
      page-37 步  4  Bash
      page-39 步  3  Bash
      page-20 步 23  Bash
      page-27 步 13  Edit
      page-37 步  5  Read
      page-24 步 22  Edit
      page-23 步 28  Edit
      page-39 步  4  Bash
      page-26 步  9  Bash
      page-24 步 23  Edit
      page-27 步 14  Bash
      page-23 步 29  Edit
      page-29 步 22  Edit
      page-24 步 24  Edit
      page-23 步 30  Edit
      page-38 步  3  Bash
      page-37 步  6  Bash
      page-34 步  5  Write
      page-27 步 15  Edit
      page-20 步 24  Edit
      page-24 步 25  Bash
      page-23 步 31  Bash
      page-29 步 23  Bash
      page-35 步  5  Write
      page-38 步  4  Bash
  page-26  ✓   10 次调用    4.8 分  selfcheck  2  skill 2  已完成第 26 页构建，并通过初态、完整接力态及重置态自检。
      page-34 步  6  Bash
      page-35 步  6  Bash
      page-40 步  1  Skill
      page-27 步 16  Edit
      page-36 步  6  Write
      page-24 步 26  Edit
      page-34 步  7  Bash
      page-20 步 25  Bash
      page-27 步 17  Bash
      page-40 步  2  Read Read Read Read Read
      page-24 步 27  Bash
      page-34 步  8  Bash
      page-23 步 32  Edit
      page-36 步  7  Bash
      page-35 步  7  Edit
      page-29 步 24  Edit
      page-20 步 26  Edit
      page-35 步  8  Edit
      page-40 步  3  Bash
      page-36 步  8  Edit
      page-24 步 28  Edit
      page-23 步 33  Edit
      page-34 步  9  Edit
      page-29 步 25  Edit
      page-40 步  4  Read Read
      page-36 步  9  Bash
      page-39 步  5  Write
      page-35 步  9  Edit
      page-23 步 34  Edit
      page-27 步 18  Edit
      page-34 步 10  Edit
      page-20 步 27  Bash
      page-24 步 29  Edit Edit
      page-39 步  6  Bash
  page-36  ✓   10 次调用    1.4 分  selfcheck  2  skill 2  已完成 `page-36.html`：构建了可键盘操作的 EMU 宇航服分层拆解技术图版，并通过 selfcheck。
      page-27 步 19  Edit
      page-34 步 11  Bash
      page-24 步 30  Bash
      page-29 步 26  Edit
      page-23 步 35  Edit
      page-37 步  7  Write
      page-41 步  1  Read Read Read Read Read Skill Read
      page-35 步 10  Edit
      page-38 步  5  Write
      page-27 步 20  Bash
      page-39 步  7  Edit
      page-29 步 27  Bash
      page-35 步 11  Edit
      page-20 步 28  Edit
      page-24 步 31  Edit
      page-41 步  2  Bash
      page-39 步  8  Bash
      page-40 步  5  Write
      page-37 步  8  Bash
      page-23 步 36  Bash
      page-38 步  6  Bash
      page-27 步 21  Bash Bash
      page-41 步  3  Bash
      page-35 步 12  Bash
      page-34 步 12  Edit
      page-29 步 28  Edit
      page-24 步 32  Bash
      page-39 步  9  Bash
      page-40 步  6  Bash
      page-41 步  4  Read
      page-38 步  7  Edit
      page-37 步  9  Edit
      page-20 步 29  Edit
      page-29 步 29  Bash
      page-23 步 37  Edit
  page-27  ✓   22 次调用    5.7 分  selfcheck 10  skill 1  已完成第 27 页构建，并通过初态、完成态、错误匹配与重置态的 selfcheck。
      page-35 步 13  Bash Bash Bash
      page-37 步 10  Edit
      page-34 步 13  Edit
      page-20 步 30  Bash
      page-41 步  5  Bash
      page-23 步 38  Bash
      page-24 步 33  Edit
      [page-24] RateLimitError 等 6s 重试 1/8
      [page-35] RateLimitError 等 6s 重试 1/8
      page-42 步  1  Skill Skill Skill Read Read Read Read Read
      [page-34] RateLimitError 等 4s 重试 1/8
      [page-23] RateLimitError 等 6s 重试 1/8
      [page-42] RateLimitError 等 5s 重试 1/8
      [page-20] RateLimitError 等 6s 重试 1/8
      page-37 步 11  Edit
      [page-37] RateLimitError 等 5s 重试 1/8
      [page-34] RateLimitError 等 16s 重试 2/8
      page-29 步 30  Edit
      [page-29] RateLimitError 等 5s 重试 1/8
      [page-42] RateLimitError 等 11s 重试 2/8
      [page-24] RateLimitError 等 18s 重试 2/8
      [page-35] RateLimitError 等 17s 重试 2/8
      [page-20] RateLimitError 等 14s 重试 2/8
      [page-37] RateLimitError 等 18s 重试 2/8
      [page-23] RateLimitError 等 12s 重试 2/8
      [page-29] RateLimitError 等 11s 重试 2/8
      page-40 步  7  Edit
      [page-40] RateLimitError 等 4s 重试 1/8
      [page-42] RateLimitError 等 37s 重试 3/8
      [page-40] RateLimitError 等 18s 重试 2/8
      [page-39] RateLimitError 等 4s 重试 1/8
      [page-20] RateLimitError 等 29s 重试 3/8
      [page-29] RateLimitError 等 51s 重试 3/8
      [page-34] RateLimitError 等 29s 重试 3/8
      [page-23] RateLimitError 等 44s 重试 3/8
      [page-39] RateLimitError 等 13s 重试 2/8
      [page-37] RateLimitError 等 42s 重试 3/8
      [page-35] RateLimitError 等 45s 重试 3/8
      [page-24] RateLimitError 等 48s 重试 3/8
      page-41 步  6  Write
      [page-41] RateLimitError 等 5s 重试 1/8
      [page-40] RateLimitError 等 45s 重试 3/8
      [page-39] RateLimitError 等 28s 重试 3/8
      [page-41] RateLimitError 等 19s 重试 2/8
      [page-20] RateLimitError 等 90s 重试 4/8
      [page-34] RateLimitError 等 67s 重试 4/8
      page-41 步  7  Bash
      page-42 步  2  Read Read Bash
      page-42 步  3  Bash
      page-41 步  8  Bash
      page-39 步 10  Bash
      page-42 步  4  Read
      page-41 步  9  Bash
      page-37 步 12  Bash
      page-29 步 31  Bash
  page-35  ✓   14 次调用    3.6 分  selfcheck  5  skill 2  已完成 `page-35.html`，并通过初态、满层、达标及重置状态自检。
      page-23 步 39  Edit
      page-39 步 11  Bash
      page-40 步  8  Bash
      page-42 步  5  Bash
      page-29 步 32  Bash
      page-43 步  1  Read Read Read Read Read Skill Skill
      page-24 步 34  Edit
      page-23 步 40  Edit
      page-41 步 10  Edit
      page-37 步 13  Edit
      page-39 步 12  Edit
      page-23 步 41  Edit
      page-43 步  2  Read Read Bash
      page-24 步 35  Edit
      page-37 步 14  Bash
      page-29 步 33  Edit
      page-39 步 13  Edit
      page-41 步 11  Edit
      page-24 步 36  Bash
      page-29 步 34  Edit
      page-40 步  9  Edit
      page-39 步 14  Bash
      page-41 步 12  Bash
      page-23 步 42  Bash
  page-37  ✓   15 次调用    3.9 分  selfcheck  3  skill 2  已完成 `page-37.html`，并通过初态、开始态与复位态 selfcheck。
  page-24  ✓   37 次调用    8.3 分  selfcheck 12  skill 1  已完成 `page-24.html`，并通过初态与游戏终局 selfcheck，自检无报错、越界、裁切或文字叠压。
      page-39 步 15  Bash Bash
      page-40 步 10  Edit
      page-29 步 35  Edit
      page-44 步  1  Read Read Read Read Read Skill
      page-45 步  1  Read Read Read Read Read Skill Read
      page-29 步 36  Edit
      page-42 步  6  Write
      page-45 步  2  Read
      page-23 步 43  Edit
      page-40 步 11  Bash
      page-41 步 13  Edit
      page-34 步 14  Bash
      page-29 步 37  Edit
      page-41 步 14  Bash
  page-39  ✓   16 次调用    3.9 分  selfcheck  5  skill 2  已完成 `page-39.html`，并通过初态、均衡覆盖态和复位态 selfcheck，自检无报错、无加载失败、无越界
  page-40  ✓   12 次调用    3.2 分  selfcheck  3  skill 1  已完成第 40 页，并通过 selfcheck 全部检查。
      page-44 步  2  Read Read
      page-45 步  3  Bash
      page-29 步 38  Bash
      page-46 步  1  Read Read Read Read Read Skill Skill
      page-47 步  1  Read Read Read Read Read Skill Skill
      page-34 步 15  Edit
      page-41 步 15  Bash
      page-42 步  7  Edit
      page-43 步  3  Write
      page-44 步  3  Bash
      page-45 步  4  Read
      page-23 步 44  Edit
      page-34 步 16  Bash
      page-43 步  4  Bash
      page-44 步  4  Read
      page-42 步  8  Edit
      page-46 步  2  Read Bash
      page-47 步  2  Read Read Bash
      page-23 步 45  Bash
      page-45 步  5  Read
      page-29 步 39  Edit
      page-42 步  9  Bash
      page-44 步  5  Read
      page-45 步  6  Bash
      page-43 步  5  Edit
      page-46 步  3  Bash
  page-34  ✓   17 次调用    4.8 分  selfcheck  6  skill 2  已完成 `page-34.html`：构建连续任务时间轴、在轨月份滑块、骨量证据区间、肌力与心血管定性轨迹，以及同步变化
      page-20 步 31  Bash Bash Bash
      page-29 步 40  Bash
      page-23 步 46  Edit
      page-46 步  4  Read
      page-42 步 10  Bash
      page-41 步 16  Edit
      page-43 步  6  Edit
      page-46 步  5  Read
      page-42 步 11  Bash
      page-23 步 47  Edit
      page-41 步 17  Edit
      page-43 步  7  Bash
      page-46 步  6  Bash
  page-20  ✓   32 次调用   11.7 分  selfcheck 13  skill 2  已完成 `page-20.html`，并通过初态、正确排程、跳过换刃和依赖断点状态的 selfcheck。
      page-29 步 41  Edit
      page-48 步  1  Read Read Read Read Read Skill
      page-41 步 18  Bash
      page-43 步  8  Bash
      page-42 步 12  Edit Edit
      page-23 步 48  Edit
      page-29 步 42  Bash
      page-48 步  2  Read Read Bash
      page-49 步  1  Read Read Read Read Read Skill Skill
      page-42 步 13  Bash
      page-23 步 49  Bash
      page-41 步 19  Bash
      page-43 步  9  Edit
      page-49 步  2  Read Read
      page-44 步  6  Write
      page-43 步 10  Bash
      page-47 步  3  Write
      page-23 步 50  Edit
      page-29 步 43  Edit
      page-45 步  7  Write
      page-44 步  7  Bash
      page-42 步 14  Bash
      page-23 步 51  Bash
      page-43 步 11  Bash
      page-47 步  4  Bash
      page-41 步 20  Edit
      page-43 步 12  Edit
      page-45 步  8  Bash
      page-42 步 15  Edit
      page-48 步  3  Write
      page-44 步  8  Bash Bash Bash
      page-29 步 44  Bash
      page-48 步  4  Bash
      page-43 步 13  Edit
      page-23 步 52  Edit
      page-41 步 21  Bash
      page-46 步  7  Write
      page-43 步 14  Bash
      page-42 步 16  Bash
      page-23 步 53  Bash
      page-47 步  5  Edit
      page-46 步  8  Bash
      page-45 步  9  Edit
  page-44  ✓    9 次调用    1.6 分  selfcheck  4  skill 1  已完成 `page-44.html`：实现三项质量滑块、共轴成对条形图、动态质量换算、总账与复位功能，并通过全部初态、端
  page-48  ✓    5 次调用    1.0 分  selfcheck  1  skill 1  已完成 `page-48.html`，并通过 selfcheck：无报错、无资源加载失败、无越界或裁切。
      page-41 步 22  Bash
      page-29 步 45  Edit
      page-43 步 15  Bash
      page-47 步  6  Bash
      page-50 步  1  Read Read Read Read Read Skill
      page-45 步 10  Edit
      page-41 步 23  Read
  page-42  ✓   17 次调用    3.7 分  selfcheck  6  skill 3  已完成 `page-42.html`：实现 CO₂ 故障恶化反馈模拟、共享时间轴曲线、D3 返回箭头、分步维修与胜负/复
      page-43 步 16  Bash
      page-23 步 54  Bash
      page-50 步  2  Read Bash
      page-49 步  3  Write
      page-46 步  9  Edit
      page-29 步 46  Bash
      page-45 步 11  Bash
      page-43 步 17  Bash
      page-49 步  4  Bash
  page-23  ✓   55 次调用   10.7 分  selfcheck 17  skill 1  已完成 `page-23.html`，并通过初态、完成态与压力态自检。
      page-46 步 10  Bash
      page-47 步  7  Edit
      page-41 步 24  Edit
      page-43 步 18  Bash
      page-29 步 47  Edit
      page-47 步  8  Bash
      page-50 步  3  Write
      page-29 步 48  Bash
      page-45 步 12  Edit
      page-50 步  4  Bash
      page-43 步 19  Bash
      page-49 步  5  Edit
      page-41 步 25  Edit
      page-49 步  6  Bash
      page-46 步 11  Edit
      page-41 步 26  Edit
      page-43 步 20  Bash
      page-45 步 13  Edit
      page-41 步 27  Bash
      page-29 步 49  Edit
      page-46 步 12  Bash
      page-45 步 14  Bash
      page-43 步 21  Bash
      page-49 步  7  Edit
      page-29 步 50  Bash
      page-47 步  9  Edit
      page-49 步  8  Bash
      page-50 步  5  Edit
      page-45 步 15  Edit
      page-47 步 10  Edit
      page-50 步  6  Edit
      [page-50] RateLimitError 等 4s 重试 1/8
      [page-45] RateLimitError 等 5s 重试 1/8
      [page-47] RateLimitError 等 6s 重试 1/8
      page-41 步 28  Edit
      [page-50] RateLimitError 等 14s 重试 2/8
      [page-41] RateLimitError 等 6s 重试 1/8
      page-29 步 51  Bash
      [page-45] RateLimitError 等 19s 重试 2/8
      page-43 步 22  Bash
      page-46 步 13  Edit
      page-49 步  9  Edit
      [page-46] RateLimitError 等 4s 重试 1/8
      [page-29] RateLimitError 等 4s 重试 1/8
      [page-49] RateLimitError 等 5s 重试 1/8
      [page-43] RateLimitError 等 6s 重试 1/8
      [page-47] RateLimitError 等 12s 重试 2/8
      [page-41] RateLimitError 等 15s 重试 2/8
      [page-29] RateLimitError 等 13s 重试 2/8
      [page-46] RateLimitError 等 11s 重试 2/8
      [page-49] RateLimitError 等 18s 重试 2/8
      [page-43] RateLimitError 等 15s 重试 2/8
      [page-50] RateLimitError 等 37s 重试 3/8
      [page-47] RateLimitError 等 42s 重试 3/8
      [page-46] RateLimitError 等 42s 重试 3/8
      [page-45] RateLimitError 等 50s 重试 3/8
      [page-29] RateLimitError 等 48s 重试 3/8
      [page-41] RateLimitError 等 43s 重试 3/8
      [page-43] RateLimitError 等 39s 重试 3/8
      [page-49] RateLimitError 等 37s 重试 3/8
      page-38 步  8  Edit
      [page-38] RateLimitError 等 4s 重试 1/8
      page-38 步  9  Bash
      page-38 步 10  Bash
      page-38 步 11  Bash
      page-50 步  7  Edit
      page-47 步 11  Bash
      page-50 步  8  Edit
      page-38 步 12  Edit
      page-49 步 10  Edit
      page-46 步 14  Edit
      page-43 步 23  Bash
      page-50 步  9  Bash
      page-49 步 11  Edit
      page-38 步 13  Bash
      page-41 步 29  Edit
      page-45 步 16  Edit
      page-29 步 52  Edit
      page-49 步 12  Edit
      page-47 步 12  Edit
      page-46 步 15  Bash
      page-41 步 30  Edit
      page-43 步 24  Edit
      page-29 步 53  Bash
      page-45 步 17  Edit
  page-38  ✓   14 次调用    7.6 分  selfcheck  5  skill 2  已完成第 38 页构建，并通过初态、连接、全部接通与重置状态的 selfcheck。
      page-49 步 13  Edit
      page-47 步 13  Edit
      page-43 步 25  Edit
      page-41 步 31  Bash
      page-50 步 10  Edit
      page-49 步 14  Bash
      page-43 步 26  Bash
      page-45 步 18  Bash
      page-47 步 14  Edit
      page-41 步 32  Bash
      page-46 步 16  Edit
      page-50 步 11  Edit
      page-49 步 15  Edit
      page-50 步 12  Edit
      page-47 步 15  Edit
  page-43  ✓   27 次调用    4.8 分  selfcheck  8  skill 2  已完成 `page-43.html`，并通过初态、成功切换态与共同供电故障态自检。
      page-46 步 17  Bash
      page-45 步 19  Edit
      page-41 步 33  Edit
      page-50 步 13  Edit
      page-47 步 16  Edit
      page-49 步 16  Edit
      page-29 步 54  Edit
      page-45 步 20  Bash
      page-47 步 17  Bash
      page-49 步 17  Bash
      page-41 步 34  Bash
      page-50 步 14  Edit
      page-46 步 18  Edit
      page-45 步 21  Edit
      page-50 步 15  Edit
      page-47 步 18  Edit
      page-46 步 19  Edit
      page-45 步 22  Edit
      page-29 步 55  Bash
      page-41 步 35  Edit
      page-47 步 19  Edit
      page-50 步 16  Bash
      page-45 步 23  Edit
      page-46 步 20  Bash
      page-49 步 18  Edit
      page-41 步 36  Bash
      page-29 步 56  Edit
      page-47 步 20  Bash
      page-49 步 19  Edit
      page-45 步 24  Edit
      page-29 步 57  Edit
  page-41  ✓   37 次调用    7.5 分  selfcheck 15  skill 1  已完成 `page-41.html`，并通过 selfcheck 自检。
      page-49 步 20  Bash
      page-46 步 21  Edit
      page-50 步 17  Edit
      page-45 步 25  Bash
      page-50 步 18  Bash
      page-29 步 58  Bash
      page-47 步 21  Edit
      page-46 步 22  Edit
      page-49 步 21  Edit
      page-50 步 19  Edit
      page-46 步 23  Edit
      page-46 步 24  Bash
      page-45 步 26  Edit
      page-47 步 22  Edit
      page-49 步 22  Edit
      page-50 步 20  Bash
      page-47 步 23  Bash
      page-45 步 27  Edit
      page-49 步 23  Bash
      page-46 步 25  Edit
      page-45 步 28  Bash
      page-50 步 21  Edit
  page-29  ✓   59 次调用   13.2 分  selfcheck 23  skill 3  已完成 `page-29.html`，并通过初态、阀门全开态及失败终态自检。
      page-49 步 24  Bash
      page-47 步 24  Edit
      page-50 步 22  Bash
      page-47 步 25  Bash
      page-45 步 29  Edit
      page-50 步 23  Edit
      page-49 步 25  Edit
      page-46 步 26  Edit
      page-46 步 27  Bash
      page-49 步 26  Edit
      page-45 步 30  Bash
      page-50 步 24  Read
      page-47 步 26  Edit Edit
      page-49 步 27  Edit
      page-50 步 25  Edit
      page-45 步 31  Edit
      page-46 步 28  Edit
      page-47 步 27  Bash
      page-45 步 32  Bash
      page-46 步 29  Bash
      page-50 步 26  Bash
      page-49 步 28  Edit
      page-49 步 29  Bash
  page-46  ✓   30 次调用    6.3 分  selfcheck  9  skill 2  已完成 `page-46.html`。
      page-47 步 28  Edit
      page-50 步 27  Edit
      page-45 步 33  Edit
      page-47 步 29  Bash
      page-49 步 30  Edit
  page-50  ✓   28 次调用    5.2 分  selfcheck  7  skill 1  已完成 `page-50.html`。版面预算超限：按 30 秒收束页规格完整呈现后，自检仅剩画面占用率 19%（要求 
      page-45 步 34  Edit
      page-49 步 31  Edit
      page-47 步 30  Edit
      page-49 步 32  Edit
      page-47 步 31  Edit
      page-45 步 35  Bash
      page-49 步 33  Edit
      page-47 步 32  Edit
      page-49 步 34  Bash
      page-47 步 33  Bash
      page-45 步 36  Bash
      page-45 步 37  Read
      page-49 步 35  Edit
      page-47 步 34  Bash
      page-45 步 38  Read
      page-49 步 36  Bash
      page-47 步 35  Edit
      page-45 步 39  Edit
      page-49 步 37  Edit
      page-47 步 36  Bash
      page-49 步 38  Bash
      page-45 步 40  Edit
      page-47 步 37  Edit
      page-47 步 38  Edit
      page-45 步 41  Edit
      page-47 步 39  Bash
      page-49 步 39  Edit
      page-45 步 42  Edit
      page-49 步 40  Edit
      page-45 步 43  Edit
      page-47 步 40  Edit
      page-49 步 41  Edit
      page-47 步 41  Bash
      page-45 步 44  Bash
      page-49 步 42  Edit
      page-47 步 42  Edit
      page-45 步 45  Edit
      page-45 步 46  Edit
      page-47 步 43  Edit
      page-49 步 43  Edit
      page-45 步 47  Bash
      page-47 步 44  Bash
      page-49 步 44  Edit
      page-45 步 48  Edit
      page-49 步 45  Edit
      page-45 步 49  Edit
      page-49 步 46  Bash
      page-47 步 45  Edit
      page-45 步 50  Edit
      page-47 步 46  Bash
      page-45 步 51  Bash
      page-49 步 47  Edit
      page-45 步 52  Read
      page-49 步 48  Bash
      page-47 步 47  Edit
      page-45 步 53  Read
      page-47 步 48  Edit
      page-47 步 49  Bash
      page-45 步 54  Edit
  page-49  ✓   49 次调用    9.1 分  selfcheck 14  skill 2  已完成 `page-49.html`。
      page-45 步 55  Bash
      page-47 步 50  Edit
      page-45 步 56  Bash
      page-47 步 51  Edit
      page-45 步 57  Edit
      page-47 步 52  Bash
      page-45 步 58  Bash
      page-45 步 59  Edit
      page-45 步 60  Edit
      page-47 步 53  Edit
      page-45 步 61  Bash
      page-47 步 54  Bash
  page-45  ✓   62 次调用   11.5 分  selfcheck 18  skill 1  已完成 `page-45.html`，并通过自检的渲染、资源、边界、裁切、字号、文本量与画面密度检查。
      page-47 步 55  Bash Bash
  page-47  ✓   56 次调用   11.5 分  selfcheck 21  skill 2  已完成 `page-47.html`，并通过初态、单项归仓及全部归仓状态的 selfcheck。

  50/50 页交付   墙钟 25.3 分
  每页调用数 5–62,中位 15   合计 1006
  selfcheck 合计 348   Skill 合计 77
  指派 skill 77 项,实际读到 77 项
  读取次数(前 6):CONTRACT.md 50  deck.md 50  theme.css 50  CHASSIS.md 50  LIBS.md 36  lec.js 29
