
▸ builder · ape-g8
  44 页,并发 50,effort=low,skill 清单 9,221 字符

      page-20 步  1  Read Read Read Read Read Skill
      page-15 步  1  Bash Skill Skill
      page-33 步  1  Read Read Read Read Read Read
      page-14 步  1  Bash Read Read Read Read Read Read
      page-22 步  1  Read Read Read Read Read Read Skill Skill Skill
      page-25 步  1  Read Read Read Read Read Read
      page-09 步  1  Bash Skill Skill Skill
      page-35 步  1  Read Read Read Read Read Read Skill Skill Skill
      page-17 步  1  Read Read Read Read Read Read Skill Skill Skill
      page-31 步  1  Read Read Read Read Read Read Skill Skill
      page-23 步  1  Read Read Read Read Read Skill Read
      page-39 步  1  Read Read Read Read Read Read
      page-13 步  1  Read Read Read Read Read Read Skill
      page-43 步  1  Read Read Read Read Read Read
      page-08 步  1  Bash Read Read Read Read Read Read
      page-02 步  1  Read Read Read Read Read Skill
      page-10 步  1  Read Read Read Read Read Read
      page-19 步  1  Bash Skill Skill
      page-44 步  1  Read Read Read Read Read Read
      page-18 步  1  Read Read Read Read Read Read
      page-30 步  1  Read Read Read Read Read Read Skill
      page-11 步  1  Bash Skill
      page-32 步  1  Read Read Read Read Read Skill Skill
      page-26 步  1  Read Read Read Read Read
      page-42 步  1  Read Read Read Read Read Read
      page-04 步  1  Read Read Read Read Read Read Skill Skill Skill
      page-39 步  2  Skill Read
      page-16 步  1  Read Read Read Read Read Skill
      page-08 步  2  Skill Skill Skill Skill Read
      page-23 步  2  Read
      page-09 步  2  Read Read Read Read Read
      page-38 步  1  Bash Skill Skill
      page-12 步  1  Read Read Read Read Read Skill Skill Skill
      page-31 步  2  Read Bash
      page-34 步  1  Read Read Read Read Read Skill Skill
      page-24 步  1  Read Read Read Read Read Skill Skill
      page-20 步  2  Read Read
      page-22 步  2  Read Bash Bash
      page-02 步  2  Read Read
      page-37 步  1  Read Read Read Read Read Skill Skill
      page-15 步  2  Read Read Read Read Read Read Read Read
      page-03 步  1  Read Read Read Read Read Read
      page-05 步  1  Read Read Read Read Read Read
      page-33 步  2  Skill Skill Read
      page-36 步  1  Read Read Read Read Read Read
      page-07 步  1  Read Read Read Read Read Read Skill Skill Skill
      page-19 步  2  Read Read Read Read Read Read Read Read
      page-16 步  2  Read Read
      page-28 步  1  Read Read Read Read Read Read Skill Skill Skill
      page-01 步  1  Read Read Read Read Read Read Skill Skill
      page-17 步  2  Read Bash Bash
      page-26 步  2  Skill Skill Read Read
      page-27 步  1  Bash Read Read Read
      page-08 步  3  Bash
      page-37 步  2  Read Read
      page-11 步  2  Read Read Read Read Read Read Read Read Read
      page-03 步  2  Skill Skill Skill Read
      page-08 步  4  Read
      page-31 步  3  Read Read
      page-32 步  2  Read Read
      page-28 步  2  Read Bash
      page-41 步  1  Read Read Read Read Read Read
      page-33 步  3  Bash
      page-21 步  1  Read Read Read Read Read Skill Skill Read
      page-11 步  3  Read
      page-15 步  3  Read
      page-29 步  1  Read Read Read Read Read Skill Skill
      page-27 步  2  Read Read Read Read Read
      page-21 步  2  Read
      page-07 步  2  Skill Read
      page-41 步  2  Skill Skill Read
      page-30 步  2  Read
      page-40 步  1  Read Read Read Read Read Skill Skill
      page-38 步  2  Read Read Read Read Read Read Read Read Read
      page-32 步  3  Bash
      page-24 步  2  Read Read
      page-33 步  4  Bash Bash
      page-19 步  3  Read Bash
      page-05 步  2  Skill Skill Read
      page-03 步  3  Skill
      page-32 步  4  Bash
      page-09 步  3  Read Read Read Read Read
      page-12 步  2  Read Read
      page-04 步  2  Bash Bash
      page-35 步  2  Read Bash
      page-40 步  2  Read Read
      page-03 步  4  Bash Bash
      page-32 步  5  Bash
      page-07 步  3  Bash
      page-06 步  1  Read Read Read Read Read Read Skill Skill Skill
      page-34 步  2  Read Read Bash
      page-33 步  5  Read
      page-32 步  6  Bash
      page-04 步  3  Read Read
      page-35 步  3  Bash Bash
      page-07 步  4  Bash
      page-17 步  3  Read Bash Bash Bash Bash
      page-35 步  4  Read
      page-35 步  5  Bash
      page-42 步  2  Write
      page-34 步  3  Bash
      page-28 步  3  Read
      page-35 步  6  Read
      page-06 步  2  Read Bash
      page-42 步  3  Bash
      page-03 步  5  Bash Bash
      page-07 步  5  Bash
      page-34 步  4  Bash
      page-02 步  3  Write
      page-13 步  2  Read Bash
      page-34 步  5  Bash
      page-03 步  6  Bash Bash
      page-44 步  2  Write
      page-10 步  2  Write
      page-43 步  2  Write
      page-29 步  2  Read Read
      page-02 步  4  Bash
      page-17 步  4  Bash Bash Bash Bash
      page-10 步  3  Bash
      page-03 步  7  Bash Bash
      page-42 步  4  Edit
      page-38 步  3  Read Skill
      page-29 步  3  Bash
      page-44 步  3  Bash
      page-07 步  6  Bash
      page-29 步  4  Bash
      page-18 步  2  Write
      page-02 步  5  Edit
      page-25 步  2  Write
      page-29 步  5  Bash
      page-38 步  4  Bash Bash Bash
      page-43 步  3  Bash Bash
      page-42 步  5  Edit
      page-07 步  7  Bash
      page-36 步  2  Write
      page-03 步  8  Bash Bash
      page-07 步  8  Read
      page-29 步  6  Read
      page-42 步  6  Bash
      page-23 步  3  Write
      page-10 步  4  Edit
      page-25 步  3  Bash Bash Bash Bash
      page-07 步  9  Read
      page-18 步  3  Bash Bash
      page-10 步  5  Edit
      page-37 步  3  Write
      page-39 步  3  Write
      page-44 步  4  Edit
      page-42 步  7  Edit
      page-27 步  3  Write
      page-14 步  2  Write
      page-03 步  9  Bash
      page-23 步  4  Bash Bash Bash
      page-10 步  6  Bash
      page-39 步  4  Bash Bash Bash
      page-03 步 10  Read Read Read Read
      page-38 步  5  Bash Bash Bash
      page-27 步  4  Bash
      page-42 步  8  Edit
      page-44 步  5  Edit
      page-37 步  4  Bash Bash Bash Bash Bash
      page-14 步  3  Bash Bash Bash Bash
      page-25 步  4  Edit
      page-15 步  4  Write
      page-17 步  5  Bash Bash Bash Bash
      page-23 步  5  Edit
      page-44 步  6  Edit
      page-31 步  4  Write
      page-20 步  3  Write
      page-36 步  3  Bash
      page-25 步  5  Edit
      page-16 步  3  Write
      page-44 步  7  Bash
      page-15 步  5  Bash Bash Bash
      page-11 步  4  Write
      page-14 步  4  Bash
      page-23 步  6  Bash Bash Bash Bash Bash
      page-37 步  5  Bash
      page-25 步  6  Edit
      page-18 步  4  Edit
      page-39 步  5  Edit
      page-31 步  5  Bash
      page-02 步  6  Edit
      page-03 步 11  Bash Bash
      page-04 步  4  Write
      page-44 步  8  Edit
      page-01 步  2  Write
      page-18 步  5  Edit
      page-42 步  9  Edit
      page-27 步  5  Edit
      page-16 步  4  Bash Bash Bash Bash
      page-02 步  7  Edit
      page-10 步  7  Edit
      page-44 步  9  Bash
      page-38 步  6  Bash Bash Bash
      page-25 步  7  Edit
      page-40 步  3  Write
      page-24 步  3  Write
      page-20 步  4  Bash Bash Bash
      page-04 步  5  Bash Bash Bash Bash
      page-21 步  3  Write
      page-17 步  6  Bash Bash Bash Bash
      page-43 步  4  Edit
      page-25 步  8  Edit
      page-31 步  6  Bash
  page-44  ✓   10 次调用    3.4 分  selfcheck  3  skill 0  已完成 `page-44.html`。静态收束画面、四项 enumeration 结构、连续轮廓与 reduced-mo
      page-42 步 10  Bash
      page-14 步  5  Bash Bash Bash
      page-18 步  6  Edit
      page-39 步  6  Bash Bash Bash Bash
      page-37 步  6  Edit
      page-21 步  4  Bash
      page-01 步  3  Bash
      page-22 步  3  Write
      page-26 步  3  Write
      page-40 步  4  Bash Bash Bash Bash
      page-38 步  7  Bash
      page-43 步  5  Edit
      page-42 步 11  Bash Bash
      page-10 步  8  Edit
      page-25 步  9  Edit
      page-36 步  4  Edit
      page-15 步  6  Bash Bash
      page-27 步  6  Edit
      page-18 步  7  Bash Bash
      page-11 步  5  Bash Bash Bash
      page-24 步  4  Bash Bash Bash Bash Bash
      page-22 步  4  Bash Bash Bash
      page-31 步  7  Bash
      page-27 步  7  Edit
      page-17 步  7  Bash Bash
      page-02 步  8  Edit
      page-41 步  3  Write
  page-23  ✓    7 次调用    3.6 分  selfcheck  8  skill 1  已完成 [page-23.html](/data1/home/zhuyifan/ws2/Notale/notale-v2
      page-26 步  4  Bash
      page-36 步  5  Edit
      page-19 步  4  Write
      page-10 步  9  Edit
      page-43 步  6  Edit
      page-13 步  3  Write
      page-37 步  7  Edit
      page-14 步  6  Read Read
      page-25 步 10  Bash Bash Bash
      page-02 步  9  Bash
      page-10 步 10  Bash
      page-30 步  3  Write
      page-27 步  8  Edit
  page-39  ✓    7 次调用    3.7 分  selfcheck  7  skill 1  已完成 [page-39.html](/data1/home/zhuyifan/ws2/Notale/notale-v2
      page-05 步  3  Write
      page-43 步  7  Edit
      page-37 步  8  Bash Bash
      page-38 步  8  Bash Read Read Read
      page-19 步  5  Bash
      page-36 步  6  Edit
      page-12 步  3  Write
      page-04 步  6  Edit
  page-14  ✓    7 次调用    3.8 分  selfcheck  8  skill 0  已完成并通过全部 selfcheck。
      page-35 步  7  Write
      page-20 步  5  Edit
      page-13 步  4  Bash Bash
      page-43 步  8  Bash Bash
      page-36 步  7  Edit
      page-11 步  6  Bash
      page-27 步  9  Edit
  page-15  ✓    7 次调用    3.8 分  selfcheck  5  skill 2  已完成 `page-15.html`。三维手部夹持模型、六步过程链、键盘可用控件、重置与 reduced-motion 
      page-18 步  8  Edit
      page-22 步  5  Edit
      page-08 步  5  Write
      page-16 步  5  Edit
      page-09 步  4  Write
      page-21 步  5  Bash
      page-33 步  6  Bash
      page-05 步  4  Bash Bash Bash Bash
      page-27 步 10  Bash
      page-03 步 12  Bash
      page-41 步  4  Bash
      page-20 步  6  Edit
      page-10 步 11  Edit
      page-12 步  4  Bash Bash
      page-35 步  8  Bash Bash Bash
      page-18 步  9  Edit
      page-25 步 11  Edit
      page-42 步 12  Edit
      page-20 步  7  Edit
      page-09 步  5  Bash Bash Bash Bash
      page-28 步  4  Write
      page-36 步  8  Edit
      page-22 步  6  Bash Bash Bash Bash
      page-30 步  4  Bash
      page-25 步 12  Edit
      page-36 步  9  Bash
      page-10 步 12  Edit
      page-18 步 10  Edit
      page-08 步  6  Bash Bash Bash
      page-21 步  6  Bash
      page-24 步  5  Edit
      page-42 步 13  Edit
      page-19 步  6  Edit
      page-31 步  8  Edit
      page-05 步  5  Bash
      page-07 步 10  Bash
      page-18 步 11  Bash Bash
      page-05 步  6  Bash
      page-24 步  6  Edit
      page-16 步  6  Bash Bash Bash Bash
      page-10 步 13  Edit
      page-01 步  4  Edit
      page-26 步  5  Edit
      page-02 步 10  Edit
      page-34 步  6  Write
      page-20 步  8  Edit
      page-35 步  9  Edit
      page-36 步 10  Edit
      page-40 步  5  Edit
      page-18 步 12  Bash
      page-28 步  5  Bash Bash Bash Bash
      page-31 步  9  Edit
      page-20 步  9  Edit
      page-24 步  7  Edit
      page-12 步  5  Edit
      page-41 步  5  Edit
      page-35 步 10  Edit
      page-13 步  5  Edit Edit
      page-42 步 14  Edit
      page-43 步  9  Edit
      page-32 步  7  Write
      page-09 步  6  Edit Edit
      page-24 步  8  Bash
      page-41 步  6  Edit
      page-40 步  6  Edit
  page-16  ✓    7 次调用    4.6 分  selfcheck  8  skill 1  已完成 `page-16.html`，所有关键交互状态均通过 selfcheck。
      page-12 步  6  Edit
      page-20 步 10  Edit
      page-25 步 13  Edit
      page-37 步  9  Edit
      page-32 步  8  Bash
      page-13 步  6  Bash Bash
      page-42 步 15  Edit
      page-21 步  7  Edit
      page-30 步  5  Edit
      page-18 步 13  Bash
      page-12 步  7  Edit
      page-08 步  7  Edit
      page-31 步 10  Edit
      page-10 步 14  Edit
      page-19 步  7  Edit
      page-41 步  7  Edit Edit Edit
      page-42 步 16  Bash Bash
      page-22 步  7  Bash
      page-40 步  7  Bash Bash Bash
      page-02 步 11  Edit
      page-35 步 11  Edit
      page-20 步 11  Edit
      page-28 步  6  Edit
      page-09 步  7  Bash Bash Bash Bash Bash
  page-22  ✓    8 次调用    4.8 分  selfcheck  8  skill 3  已完成并通过所有关键状态的 selfcheck。
      page-26 步  6  Bash Bash Bash Bash
      page-37 步 10  Bash Bash
      page-21 步  8  Bash Bash Bash Bash
      page-19 步  8  Edit
      page-29 步  7  Write
      page-31 步 11  Edit
      page-43 步 10  Edit
      page-35 步 12  Edit
      page-34 步  7  Bash Bash
      page-25 步 14  Edit
      page-02 步 12  Edit
      page-08 步  8  Edit
      page-20 步 12  Bash Bash Bash
      page-27 步 11  Edit
      page-31 步 12  Edit
      page-02 步 13  Bash
      page-19 步  9  Edit
      page-05 步  7  Edit
      page-06 步  3  Write
      page-28 步  7  Edit
      page-32 步  9  Edit
      page-43 步 11  Bash Bash
      page-25 步 15  Edit
      page-12 步  8  Edit
      page-31 步 13  Edit
      page-10 步 15  Bash
      page-11 步  7  Bash Bash
  page-40  ✓    8 次调用    5.0 分  selfcheck  7  skill 2  已完成 [page-40.html](/data1/home/zhuyifan/ws2/Notale/notale-v2
      page-19 步 10  Bash
      page-42 步 17  Edit
      page-31 步 14  Bash
      page-37 步 11  Bash
      page-25 步 16  Edit
      page-29 步  8  Bash
      page-34 步  8  Bash Bash
  page-09  ✓    8 次调用    5.1 分  selfcheck  9  skill 3  已完成 `page-09.html`：实现林地与开阔地连续过渡的 Three.js 地景、身体策略判断、四维对齐比较、错
      page-41 步  8  Bash
      page-35 步 13  Edit
      page-32 步 10  Edit
      page-04 步  7  Edit
      page-27 步 12  Edit
      page-26 步  7  Edit
      page-42 步 18  Edit
      page-30 步  6  Edit
      page-08 步  9  Edit
      page-28 步  8  Edit
      page-25 步 17  Edit
      page-13 步  7  Edit Edit
      page-12 步  9  Bash Bash Bash Bash
      page-34 步  9  Bash
      page-06 步  4  Bash Bash Bash
      page-11 步  8  Read
      page-18 步 14  Bash
      page-42 步 19  Edit
      page-26 步  8  Bash Bash Bash Bash
      page-19 步 11  Edit
      page-35 步 14  Edit
      page-04 步  8  Edit
      page-37 步 12  Read
      page-36 步 11  Edit Edit Edit
      page-10 步 16  Edit
      page-20 步 13  Edit
      page-24 步  9  Edit
      page-27 步 13  Edit
      page-32 步 11  Bash
      page-25 步 18  Bash Bash Bash Bash Bash
      page-43 步 12  Edit
      page-19 步 12  Edit
      page-10 步 17  Edit
      page-13 步  8  Bash Bash Bash
      page-42 步 20  Read
      page-28 步  9  Edit
      page-20 步 14  Edit
      page-30 步  7  Bash
      page-01 步  5  Edit
      page-08 步 10  Edit
      page-31 步 15  Edit
      page-29 步  9  Edit
      page-21 步  9  Edit
      page-10 步 18  Edit
      page-04 步  9  Bash Bash Bash Bash
      page-36 步 12  Edit
      page-03 步 13  Bash
      page-43 步 13  Edit
      page-29 步 10  Edit
      page-36 步 13  Bash
      page-01 步  6  Bash
      page-10 步 19  Edit
      page-05 步  8  Edit
      page-32 步 12  Bash Bash
      page-26 步  9  Edit
      page-21 步 10  Bash Bash Bash
      page-24 步 10  Edit
      page-19 步 13  Edit
  page-13  ✓    9 次调用    5.6 分  selfcheck  7  skill 1  已完成 `page-13.html`，并通过初始态、错误反馈态和完整账本展开态的 selfcheck：JS 报错、加载失
      page-28 步 10  Bash Bash Bash Bash
      page-43 步 14  Edit
      page-31 步 16  Edit
      page-10 步 20  Edit
      page-07 步 11  Write
      page-35 步 15  Bash Bash Bash
      page-27 步 14  Edit
      page-05 步  9  Edit
      page-06 步  5  Bash Bash
      page-20 步 15  Bash
      page-18 步 15  Edit
      page-01 步  7  Bash
      page-26 步 10  Edit
      page-02 步 14  Edit
      page-37 步 13  Edit
      page-34 步 10  Edit
      page-41 步  9  Edit
      page-29 步 11  Bash Bash Bash Bash Bash
      page-42 步 21  Bash Bash
      page-05 步 10  Edit
      page-31 步 17  Edit
      page-27 步 15  Edit
      page-07 步 12  Bash
      page-02 步 15  Edit
      page-01 步  8  Bash Bash
      page-43 步 15  Edit
      page-12 步 10  Edit Edit
      page-24 步 11  Edit
      page-30 步  8  Edit
      page-27 步 16  Edit
      page-25 步 19  Edit
      page-02 步 16  Bash
  page-21  ✓   11 次调用    5.8 分  selfcheck 10  skill 2  已完成 `page-21.html`：实现 Matter.js 合作搬运模拟、四类功能接口的拖放与键盘分配、错误反馈、完
      page-34 步 11  Edit
      page-20 步 16  Bash Bash
      page-18 步 16  Edit
      page-04 步 10  Bash Bash
      page-27 步 17  Edit
      page-12 步 11  Bash
      page-41 步 10  Edit
      page-25 步 20  Edit
      page-33 步  7  Write
      page-37 步 14  Edit
      page-43 步 16  Bash Bash
      page-05 步 11  Bash Bash Bash Bash
      page-30 步  9  Edit
      page-20 步 17  Read
      page-28 步 11  Bash
      page-08 步 11  Edit
      page-24 步 12  Bash
      page-18 步 17  Edit
      page-10 步 21  Bash
      page-31 步 18  Bash
      page-34 步 12  Edit
      page-19 步 14  Edit
      page-28 步 12  Bash
      page-27 步 18  Edit
      page-32 步 13  Bash
      page-41 步 11  Edit
      page-11 步  9  Edit
      page-18 步 18  Bash Bash
      page-42 步 22  Edit
      page-33 步  8  Bash Bash Bash Bash
      page-25 步 21  Edit
      page-08 步 12  Bash Bash Bash Bash
      page-27 步 19  Edit
      page-19 步 15  Edit
      page-42 步 23  Edit
      page-01 步  9  Read
      page-41 步 12  Edit
      page-26 步 11  Edit
      page-27 步 20  Edit
      page-37 步 15  Bash Bash Bash Bash
      page-11 步 10  Edit
      page-19 步 16  Bash
      page-32 步 14  Bash
      page-42 步 24  Edit
      page-04 步 11  Read
      page-27 步 21  Edit
      page-24 步 13  Edit
      page-34 步 13  Edit
      page-43 步 17  Edit
      page-07 步 13  Edit Edit Edit Edit Edit Edit Edit
      page-35 步 16  Edit
      page-26 步 12  Read
      page-31 步 19  Edit
      page-25 步 22  Bash Bash Bash Bash Bash
      page-06 步  6  Bash
      page-27 步 22  Bash
      page-34 步 14  Edit
      page-11 步 11  Edit
      page-43 步 18  Edit
      page-24 步 14  Edit
      page-41 步 13  Edit
      page-20 步 18  Edit
      page-28 步 13  Edit
      page-18 步 19  Edit
      page-02 步 17  Edit
      page-41 步 14  Bash
      page-01 步 10  Edit
      page-12 步 12  Edit
      page-43 步 19  Edit
      page-11 步 12  Edit
      page-07 步 14  Bash
      page-33 步  9  Edit
      page-02 步 18  Bash
      page-43 步 20  Bash Bash
      page-18 步 20  Bash Bash Bash
      page-28 步 14  Edit
      page-31 步 20  Bash
      page-24 步 15  Edit
      page-34 步 15  Bash Bash
      page-35 步 17  Edit
      page-10 步 22  Edit
      page-19 步 17  Edit
      page-20 步 19  Edit
      page-33 步 10  Edit
      page-24 步 16  Edit
      page-12 步 13  Edit
      page-36 步 14  Edit
      page-02 步 19  Bash
      page-35 步 18  Edit
      page-26 步 13  Bash Bash Bash Bash
      page-19 步 18  Bash
      page-20 步 20  Edit
      page-24 步 17  Bash
      page-11 步 13  Bash Bash Bash
      page-27 步 23  Edit
      page-08 步 13  Edit
      page-17 步  8  Bash
      page-32 步 15  Edit
      page-33 步 11  Bash Bash Bash Bash
      page-36 步 15  Edit
      page-37 步 16  Bash Bash Bash
      page-34 步 16  Read
      page-43 步 21  Edit
      page-35 步 19  Edit
      page-27 步 24  Edit
      page-25 步 23  Edit
      page-20 步 21  Bash Bash
  page-26  ✓   14 次调用    6.9 分  selfcheck 13  skill 2  已完成 `page-26.html`。实现了可拖拽、点击及键盘操作的分类交互、D3 动态证据连线、错误反馈、保存链完成态
      page-32 步 16  Bash Bash Bash
      page-38 步  9  Write
      page-36 步 16  Edit
      page-31 步 21  Bash Bash
      page-43 步 22  Edit
      page-08 步 14  Edit
      page-01 步 11  Bash
      page-35 步 20  Edit
      page-02 步 20  Read
      page-19 步 19  Edit
      page-03 步 14  Write
      page-29 步 12  Edit
      page-06 步  7  Edit
      page-24 步 18  Bash
  page-32  ✓   17 次调用    7.1 分  selfcheck  9  skill 2  已完成并覆盖 `page-32.html`。Matter.js 碰撞模拟、四步过程反馈、键盘操作、重置与 reduced
      page-18 步 21  Edit
      page-43 步 23  Bash Bash
  page-37  ✓   17 次调用    7.1 分  selfcheck 18  skill 2  已完成 [page-37.html](/data1/home/zhuyifan/ws2/Notale/notale-v2
      page-24 步 19  Bash
      page-19 步 20  Edit
      page-35 步 21  Bash Bash
      page-08 步 15  Edit
      page-28 步 15  Edit
      page-18 步 22  Bash Bash
      page-38 步 10  Bash
      page-30 步 10  Edit
      page-06 步  8  Edit
      page-03 步 15  Bash
      page-07 步 15  Edit
  page-31  ✓   22 次调用    7.2 分  selfcheck  8  skill 2  已完成 `page-31.html`：按 classification 原语构建任务、资源分配与四类负担矩阵，并接入 D
      page-05 步 12  Bash
      page-10 步 23  Edit
      page-25 步 24  Edit
      page-19 步 21  Edit
      page-06 步  9  Edit
      page-29 步 13  Edit
      page-42 步 25  Edit
      page-36 步 17  Bash
      page-20 步 22  Edit Edit Edit
  page-18  ✓   23 次调用    7.3 分  selfcheck 15  skill 0  已完成第 18 页并通过 selfcheck，初始态与动画完成态均无报错、加载失败、溢出、裁切或文字叠压。
      page-12 步 14  Edit
      page-28 步 16  Bash Bash Bash Bash
      page-33 步 12  Edit
      page-11 步 14  Edit
      page-08 步 16  Bash Bash Bash Bash
      page-05 步 13  Read
      page-42 步 26  Edit
      page-29 步 14  Edit
      page-30 步 11  Edit
      page-10 步 24  Edit
      page-06 步 10  Edit
      page-20 步 23  Bash Bash Bash
      page-11 步 15  Edit
      page-07 步 16  Edit
      page-04 步 12  Bash
      page-33 步 13  Edit
      page-25 步 25  Edit
      page-19 步 22  Edit
      page-30 步 12  Edit
      page-02 步 21  Edit
      page-43 步 24  Edit
      page-27 步 25  Edit
      page-29 步 15  Edit
      page-11 步 16  Edit
      page-06 步 11  Edit
      page-19 步 23  Bash
      page-01 步 12  Bash
      page-30 步 13  Bash
      page-25 步 26  Bash Bash Bash Bash
      page-08 步 17  Bash
      page-36 步 18  Edit
      page-11 步 17  Bash
      page-43 步 25  Edit
      page-29 步 16  Edit
      page-07 步 17  Bash
      page-05 步 14  Edit
      page-34 步 17  Edit
      page-35 步 22  Edit
      page-06 步 12  Bash Bash Bash Bash
      page-02 步 22  Edit
      page-08 步 18  Read
      page-03 步 16  Edit
      page-41 步 15  Edit
      page-29 步 17  Edit
      page-28 步 17  Edit
  page-01  ✓   13 次调用    7.8 分  selfcheck  7  skill 2  已完成 `page-01.html`：构建了脚印、人体与航天器由连续青绿色轮廓线贯通的静态开场，并加入克制的入场描线动画
      page-43 步 26  Edit
      page-10 步 25  Bash
      page-27 步 26  Bash
      page-20 步 24  Bash
      page-36 步 19  Edit
      page-35 步 23  Edit
      page-34 步 18  Edit
      page-27 步 27  Bash
  page-20  ✓   25 次调用    7.9 分  selfcheck 15  skill 1  已完成 `page-20.html`。文化传递链小游戏、错误反馈、六代完成对照、键盘操作、减少动态适配和重置流程均已实现
      page-43 步 27  Edit
      page-36 步 20  Bash
      page-35 步 24  Edit
      page-33 步 14  Bash Bash Bash
      page-05 步 15  Edit
      page-24 步 20  Bash
      page-19 步 24  Edit
      page-12 步 15  Edit
      page-08 步 19  Edit
      page-04 步 13  Edit
      page-43 步 28  Bash Bash
      page-11 步 18  Edit
  page-10  ✓   26 次调用    8.1 分  selfcheck  6  skill 0  已完成 `page-10.html`，并通过 selfcheck：JS 与资源错误 0、溢出与裁切 0、文本块 38、画
      page-35 步 25  Edit
      page-07 步 18  Bash
      page-25 步 27  Edit
      page-34 步 19  Bash Bash Bash
      page-42 步 27  Bash Bash
      page-29 步 18  Edit
      page-02 步 23  Bash
      page-06 步 13  Edit
      page-08 步 20  Edit
      page-30 步 14  Edit
      page-03 步 17  Bash
      page-25 步 28  Edit
      page-05 步 16  Bash Bash
      page-41 步 16  Bash
      page-28 步 18  Edit
      page-12 步 16  Edit
      page-06 步 14  Edit
      page-30 步 15  Edit
      page-07 步 19  Edit
      page-35 步 26  Bash Bash
      page-11 步 19  Edit
      page-08 步 21  Edit
      page-25 步 29  Bash
      page-29 步 19  Bash Bash Bash Bash Bash
      page-12 步 17  Edit
      page-42 步 28  Edit
      page-28 步 19  Edit
      page-38 步 11  Bash
      page-17 步  9  Write
      page-42 步 29  Edit
      page-19 步 25  Edit
      page-33 步 15  Edit
      page-04 步 14  Edit
      page-11 步 20  Bash
      page-08 步 22  Bash Bash Bash Bash
      page-02 步 24  Bash
      page-12 步 18  Edit
      page-07 步 20  Edit
      page-35 步 27  Bash
      page-03 步 18  Bash Bash Bash Bash
      page-19 步 26  Edit
      page-33 步 16  Edit
      page-28 步 20  Edit
      page-24 步 21  Edit
  page-02  ✓   25 次调用    8.6 分  selfcheck  8  skill 1  已完成 `page-02.html`。初始态与动画完成态均通过 selfcheck：JS 报错、加载失败、溢出、裁切和文
      page-05 步 17  Edit
      page-04 步 15  Bash Bash Bash Bash
      page-34 步 20  Edit
      page-41 步 17  Edit
      page-33 步 17  Bash Bash Bash Bash
      page-42 步 30  Edit
      page-30 步 16  Edit
      page-43 步 29  Edit
      page-19 步 27  Bash
      page-28 步 21  Bash Bash Bash Bash
      page-27 步 28  Read
      page-34 步 21  Bash Bash
      page-43 步 30  Edit
      page-38 步 12  Edit
  page-03  ✓   19 次调用    8.8 分  selfcheck  6  skill 4  已完成 `page-03.html`，并通过初始态、三步对齐完成态及复位态的 selfcheck；JS、资源加载、溢出、
      page-24 步 22  Edit
      page-05 步 18  Edit
      page-06 步 15  Edit
      page-35 步 28  Bash
      page-17 步 10  Bash
      page-24 步 23  Edit
      page-41 步 18  Edit Edit Edit Edit
      page-43 步 31  Edit
      page-38 步 13  Edit
      page-06 步 16  Edit
      page-04 步 16  Bash
  page-34  ✓   22 次调用    9.0 分  selfcheck 12  skill 2  已完成并覆盖 [page-34.html](/data1/home/zhuyifan/ws2/Notale/notale
  page-08  ✓   23 次调用    9.0 分  selfcheck 15  skill 4  已完成 `page-08.html`：实现 Matter.js 步态循环模拟、四阶段过程轴、三项关节控制、稳定判据、角度
      page-35 步 29  Read
      page-05 步 19  Edit
      page-33 步 18  Edit
      page-30 步 17  Bash
      page-25 步 30  Edit
      page-24 步 24  Edit
      page-43 步 32  Edit
      page-41 步 19  Bash
      page-17 步 11  Edit
      page-42 步 31  Edit
      page-35 步 30  Bash
      page-33 步 19  Edit
      page-25 步 31  Edit
      page-28 步 22  Edit
      page-05 步 20  Bash Bash Bash Bash
      page-11 步 21  Edit
      page-36 步 21  Edit
      page-12 步 19  Bash Bash Bash Bash
      page-43 步 33  Edit
      page-27 步 29  Edit
      page-24 步 25  Edit
      page-27 步 30  Edit
      page-06 步 17  Bash Bash Bash
      page-28 步 23  Edit
      page-07 步 21  Edit
      page-43 步 34  Edit
      page-30 步 18  Edit
      page-38 步 14  Edit
      page-33 步 20  Edit
      page-24 步 26  Bash
      page-27 步 31  Edit
      page-11 步 22  Bash
      page-43 步 35  Bash Bash
      page-12 步 20  Bash
      page-25 步 32  Edit
      page-35 步 31  Edit
      page-28 步 24  Edit
      page-05 步 21  Edit
      page-07 步 22  Edit
      page-36 步 22  Edit
      page-42 步 32  Bash Bash
      page-12 步 21  Bash
      page-33 步 21  Bash Bash Bash
      page-41 步 20  Edit
      page-28 步 25  Edit
      page-30 步 19  Edit
      page-36 步 23  Bash
      page-07 步 23  Bash
      page-06 步 18  Read
      page-04 步 17  Edit
      page-05 步 22  Bash Bash Bash Bash
      page-27 步 32  Edit
      page-19 步 28  Edit
      page-41 步 21  Edit
      page-28 步 26  Bash Bash Bash Bash
  page-29  ✓   20 次调用    9.8 分  selfcheck 11  skill 2  已完成 [page-29.html](/data1/home/zhuyifan/ws2/Notale/notale-v2
      page-19 步 29  Edit
      page-04 步 18  Bash Bash Bash Bash
      page-12 步 22  Edit Edit
      page-41 步 22  Edit Edit Edit Edit
      page-36 步 24  Bash Bash
      page-06 步 19  Bash
      page-42 步 33  Bash
      page-25 步 33  Edit
      page-07 步 24  Edit
      page-11 步 23  Edit
      page-30 步 20  Bash
  page-04  ✓   19 次调用   10.1 分  selfcheck 20  skill 3  已完成 [page-04.html](/data1/home/zhuyifan/ws2/Notale/notale-v2
      page-41 步 23  Bash
      page-33 步 22  Edit
      page-19 步 30  Bash
      page-25 步 34  Bash Bash Bash Bash Bash
      page-17 步 12  Bash
      page-05 步 23  Bash
      page-43 步 36  Edit
      page-33 步 23  Edit
      page-11 步 24  Edit
      page-06 步 20  Bash
      page-28 步 27  Bash
      page-11 步 25  Bash
  page-36  ✓   25 次调用   10.4 分  selfcheck  8  skill 0  已完成并通过 selfcheck。
      page-19 步 31  Edit
      page-17 步 13  Bash
  page-25  ✓   35 次调用   10.4 分  selfcheck 27  skill 0  已完成 `page-25.html`，实现两轮出发准备交互、操作轨迹与四维度对照。初始态、错误态、第二轮、完成态和重置态
      page-12 步 23  Bash
      page-24 步 27  Edit
      page-06 步 21  Read
      page-33 步 24  Edit
      page-24 步 28  Edit
      page-17 步 14  Bash
      page-24 步 29  Edit
      page-43 步 37  Edit
      page-19 步 32  Bash
      page-24 步 30  Edit
      page-07 步 25  Edit
      page-33 步 25  Edit
      page-28 步 28  Edit
      page-38 步 15  Edit
      page-42 步 34  Edit
      page-43 步 38  Edit
      page-24 步 31  Edit
      page-17 步 15  Read Bash
      page-07 步 26  Edit
      page-43 步 39  Bash Bash
      page-42 步 35  Edit
      page-38 步 16  Edit
      page-19 步 33  Edit
      page-06 步 22  Edit
      page-35 步 32  Edit
      page-41 步 24  Edit
      page-42 步 36  Bash Bash
      page-06 步 23  Edit
      page-11 步 26  Edit Edit Edit Edit Edit Edit
      page-19 步 34  Bash
      page-12 步 24  Edit Edit
      page-35 步 33  Edit
      page-41 步 25  Edit
      page-33 步 26  Edit
      page-11 步 27  Bash
      page-05 步 24  Edit
      page-35 步 34  Bash Bash Bash
      page-41 步 26  Bash
      page-30 步 21  Edit
      page-12 步 25  Bash
      page-05 步 25  Edit
      page-27 步 33  Edit
      page-19 步 35  Edit
      page-24 步 32  Bash
      page-30 步 22  Edit
      page-27 步 34  Edit
      page-38 步 17  Bash Bash Bash Bash
      page-28 步 29  Edit
      page-30 步 23  Bash
      page-33 步 27  Bash Bash Bash
      page-28 步 30  Edit
      page-05 步 26  Edit
      page-43 步 40  Edit
      page-17 步 16  Edit
      page-06 步 24  Edit
      page-42 步 37  Edit
      page-28 步 31  Edit
      page-07 步 27  Bash
      page-06 步 25  Edit
      page-11 步 28  Edit
      page-05 步 27  Bash Bash Bash Bash
      page-43 步 41  Edit
      page-19 步 36  Bash
      page-27 步 35  Bash
      page-33 步 28  Bash
      page-42 步 38  Edit
      page-17 步 17  Edit
      page-35 步 35  Edit
      page-06 步 26  Edit
      page-07 步 28  Bash Bash
      page-28 步 32  Bash Bash Bash Bash
      page-11 步 29  Bash
      page-42 步 39  Bash
      page-24 步 33  Bash
      page-38 步 18  Bash Bash Bash
      page-12 步 26  Edit Edit Edit
      page-07 步 29  Read
      page-43 步 42  Bash Bash
      page-30 步 24  Edit
      page-38 步 19  Bash
      page-27 步 36  Bash
      page-41 步 27  Edit
      page-33 步 29  Read
      page-06 步 27  Bash Bash Bash
      page-05 步 28  Edit
      page-35 步 36  Edit
      page-17 步 18  Edit
      page-19 步 37  Edit
      page-38 步 20  Bash
      page-05 步 29  Bash Bash
      page-41 步 28  Edit
      page-19 步 38  Edit
      page-38 步 21  Read
      page-33 步 30  Edit
      page-35 步 37  Edit
      page-28 步 33  Bash
      page-41 步 29  Bash
      page-17 步 19  Edit
      page-33 步 31  Edit
      page-28 步 34  Read
      page-12 步 27  Edit
      page-30 步 25  Bash
      page-43 步 43  Edit
      page-33 步 32  Edit
      page-06 步 28  Bash Bash Bash Bash Bash
      page-19 步 39  Edit
      page-24 步 34  Edit
      page-35 步 38  Bash Bash
      page-12 步 28  Edit
      page-19 步 40  Bash
      page-41 步 30  Edit
      page-12 步 29  Bash
      page-24 步 35  Edit
  page-06  ✓   29 次调用   12.8 分  selfcheck 19  skill 3  已完成 `page-06.html`：实现可拖拽、键盘操作与重置的谱系分叉小游戏，并通过初始态、中间态、完成态、重置态及
      page-19 步 41  Edit
      page-43 步 44  Bash Bash
      page-30 步 26  Edit
      page-41 步 31  Edit
      page-33 步 33  Edit
      page-38 步 22  Edit
      page-30 步 27  Bash
      page-11 步 30  Edit Edit Edit Edit
      page-05 步 30  Edit
      page-42 步 40  Edit
      page-41 步 32  Bash
      page-19 步 42  Edit
      page-33 步 34  Edit
      page-35 步 39  Edit
      page-11 步 31  Bash
      page-12 步 30  Edit
      page-27 步 37  Edit
      page-17 步 20  Bash
      page-19 步 43  Edit
      page-07 步 30  Edit
      page-30 步 28  Bash
      page-05 步 31  Edit
      page-27 步 38  Edit
      page-28 步 35  Edit
      page-19 步 44  Edit
      page-12 步 31  Edit
      page-27 步 39  Bash
      page-07 步 31  Edit
      page-30 步 29  Bash
      page-43 步 45  Edit
      page-42 步 41  Edit
      page-05 步 32  Bash Bash
      page-12 步 32  Edit
      page-42 步 42  Bash
      page-07 步 32  Edit
      page-38 步 23  Edit
      page-19 步 45  Bash
      page-27 步 40  Bash
      page-43 步 46  Edit
      page-38 步 24  Bash
      page-07 步 33  Edit
      page-12 步 33  Bash
      page-41 步 33  Edit
      page-05 步 33  Bash
      page-35 步 40  Edit
      page-11 步 32  Bash Bash Bash
      page-24 步 36  Bash
      page-07 步 34  Edit
      page-19 步 46  Bash
      page-30 步 30  Edit
      page-41 步 34  Edit
      page-17 步 21  Edit
      page-35 步 41  Edit
      page-30 步 31  Bash
      page-27 步 41  Edit
      page-41 步 35  Bash
      page-07 步 35  Bash
      page-19 步 47  Bash
      page-28 步 36  Edit
      page-05 步 34  Edit
      page-43 步 47  Bash Bash
      page-35 步 42  Bash Bash Bash
      page-12 步 34  Edit Edit
      page-11 步 33  Bash Bash
  page-19  ✓   48 次调用   13.9 分  selfcheck 14  skill 2  已完成并通过 `selfcheck`：初始态、错误回弹、三段完成及重置状态均无报错、加载失败、溢出、裁切或文字叠压。
      page-41 步 36  Edit
      page-07 步 36  Read
      page-30 步 32  Edit
      page-38 步 25  Edit
      page-30 步 33  Bash
      page-28 步 37  Bash Bash Bash Bash
      page-17 步 22  Edit
      page-41 步 37  Edit
      page-33 步 35  Bash Bash Bash Bash
      page-24 步 37  Edit
      page-12 步 35  Bash
      page-42 步 43  Edit
  page-11  ✓   34 次调用   14.1 分  selfcheck 21  skill 1  已完成并覆盖 [page-11.html](/data1/home/zhuyifan/ws2/Notale/notale
      page-27 步 42  Edit
      page-17 步 23  Edit
      page-05 步 35  Edit
      page-24 步 38  Edit
      page-27 步 43  Bash
      page-17 步 24  Bash
      page-42 步 44  Edit
      page-43 步 48  Edit
      page-05 步 36  Edit
      page-12 步 36  Edit Edit
      page-42 步 45  Edit
  page-27  ✓   44 次调用   14.4 分  selfcheck 10  skill 0  已完成并覆盖 `page-27.html`。页面按 enumeration 结构呈现五项群体能力，通过技术通道共同汇入“
      page-35 步 43  Edit
      page-24 步 39  Edit
      page-38 步 26  Edit
      page-05 步 37  Bash Bash
      page-42 步 46  Edit
      page-07 步 37  Edit
      page-12 步 37  Edit
      page-24 步 40  Bash
      page-33 步 36  Bash
      page-41 步 38  Edit
      page-35 步 44  Edit
      page-17 步 25  Edit
      page-12 步 38  Bash
      page-42 步 47  Edit
      page-35 步 45  Edit
      page-07 步 38  Edit
      page-30 步 34  Edit
      page-28 步 38  Edit
      page-17 步 26  Edit
      page-42 步 48  Edit
      page-41 步 39  Bash
      page-07 步 39  Edit
      page-35 步 46  Edit
      page-33 步 37  Edit
      page-30 步 35  Edit
      page-24 步 41  Edit
      page-35 步 47  Edit
      page-42 步 49  Edit
      page-17 步 27  Edit
      page-12 步 39  Bash Bash Bash Bash Bash
      page-33 步 38  Bash Bash Bash Bash
      page-43 步 49  Edit
      page-07 步 40  Edit
      page-30 步 36  Edit
      page-07 步 41  Bash
      page-35 步 48  Edit
      page-05 步 38  Edit
      page-28 步 39  Edit
      page-41 步 40  Edit Edit Edit
  page-12  ✓   40 次调用   15.2 分  selfcheck 24  skill 3  已完成 `page-12.html`：实现 Matter.js 受力断裂交互、六步 process 因果链、成功与两类失
      page-24 步 42  Edit
      page-42 步 50  Edit
      page-30 步 37  Edit
      page-33 步 39  Edit
      page-17 步 28  Edit
      page-41 步 41  Edit
      page-24 步 43  Edit
      page-30 步 38  Bash
      page-33 步 40  Bash Bash Bash Bash
      page-24 步 44  Edit
      page-17 步 29  Edit
      page-35 步 49  Edit
      page-07 步 42  Edit Edit
      page-30 步 39  Bash
      page-42 步 51  Edit
      page-17 步 30  Edit
      page-24 步 45  Edit
      page-07 步 43  Bash
      page-41 步 42  Bash
      page-28 步 40  Edit
      page-35 步 50  Bash Bash
      page-07 步 44  Edit
      page-42 步 52  Edit
      page-05 步 39  Edit
      page-33 步 41  Bash
      page-28 步 41  Edit
      page-17 步 31  Edit
      page-43 步 50  Bash Bash
      page-41 步 43  Edit Edit Edit Edit
      page-05 步 40  Bash Bash
      page-42 步 53  Bash Bash
      page-28 步 42  Bash
      page-41 步 44  Bash
      page-30 步 40  Edit
      page-38 步 27  Edit
      page-33 步 42  Bash
      page-17 步 32  Edit
      page-43 步 51  Edit
      page-35 步 51  Edit
      page-17 步 33  Bash
      page-38 步 28  Edit
      page-43 步 52  Edit
      page-24 步 46  Bash
      page-33 步 43  Bash
      page-38 步 29  Bash
      page-30 步 41  Edit
      page-17 步 34  Bash
      page-43 步 53  Edit
      page-41 步 45  Edit
      page-42 步 54  Edit
      page-35 步 52  Edit
      page-43 步 54  Edit
  page-33  ✓   44 次调用   16.5 分  selfcheck 34  skill 2  已完成 `page-33.html`。三维旋转舱、旋转强度交互、实时加速度反馈、目标带/过高/重置状态及风险边界均已实现
      page-07 步 45  Bash
      page-24 步 47  Bash Bash Bash Bash
      page-41 步 46  Edit
      page-30 步 42  Bash
      page-43 步 55  Bash Bash
      page-42 步 55  Edit
      page-35 步 53  Edit
      page-41 步 47  Bash
      page-42 步 56  Bash Bash
      page-38 步 30  Edit
      page-38 步 31  Bash
      page-35 步 54  Edit
      page-41 步 48  Bash
  page-42  ✓   57 次调用   17.0 分  selfcheck 22  skill 0  已完成 `page-42.html`，并通过初始态与动画结束态 selfcheck：JS 报错、资源失败、溢出、裁切均为
      page-41 步 49  Read
      page-38 步 32  Bash
      page-07 步 46  Edit
      page-17 步 35  Read
      page-43 步 56  Edit
      page-24 步 48  Bash
      page-05 步 41  Edit
      page-07 步 47  Bash
      page-35 步 55  Edit
      page-43 步 57  Edit
      page-05 步 42  Edit
      page-41 步 50  Edit
      page-30 步 43  Edit
  page-24  ✓   49 次调用   17.5 分  selfcheck 22  skill 2  已完成 [page-24.html](/data1/home/zhuyifan/ws2/Notale/notale-v2
  page-07  ✓   48 次调用   17.5 分  selfcheck 12  skill 4  已完成 [page-07.html](/data1/home/zhuyifan/ws2/Notale/notale-v2
      page-30 步 44  Edit
      page-41 步 51  Edit
      page-35 步 56  Edit
      page-38 步 33  Read
      page-30 步 45  Bash
      page-28 步 43  Edit
      page-41 步 52  Bash
      page-43 步 58  Edit
      page-05 步 43  Edit
      page-43 步 59  Edit
      page-28 步 44  Bash Bash Bash Bash
      page-05 步 44  Edit
      page-30 步 46  Bash
      page-43 步 60  Bash Bash
      page-38 步 34  Edit
      page-41 步 53  Bash Bash Bash Bash
  page-28  ✓   45 次调用   18.2 分  selfcheck 37  skill 3  已完成 `page-28.html`。实现 Matter.js 轨道模拟、高度与切向速度探索、动态轨迹及矢量、状态反馈、
      page-38 步 35  Edit
      page-17 步 36  Edit
      page-05 步 45  Edit
      page-35 步 57  Edit
      page-30 步 47  Edit
      page-05 步 46  Edit
      page-30 步 48  Edit
      page-30 步 49  Bash
      page-41 步 54  Edit
      page-41 步 55  Bash Bash Bash
      page-43 步 61  Edit
      page-38 步 36  Edit
      page-05 步 47  Bash Bash
      page-43 步 62  Edit
      page-35 步 58  Edit
      page-17 步 37  Edit
      page-30 步 50  Edit
      page-35 步 59  Edit
      page-17 步 38  Edit
      page-38 步 37  Edit
      page-05 步 48  Edit
      page-43 步 63  Bash Bash
      page-17 步 39  Edit
      page-38 步 38  Bash
      page-35 步 60  Bash Bash Bash Bash
      page-05 步 49  Edit
      page-05 步 50  Edit
      page-30 步 51  Edit
      page-17 步 40  Edit
  page-41  ✓   56 次调用   20.0 分  selfcheck 23  skill 2  已完成并覆盖 `page-41.html`。实现了四层支撑管线的单变量故障推演、拖拽与键盘操作、错误叠加反馈、完成进度、
      page-35 步 61  Bash
      page-05 步 51  Edit
      page-38 步 39  Edit
      page-05 步 52  Bash Bash
      page-38 步 40  Edit
      page-43 步 64  Edit
      page-30 步 52  Edit
      page-17 步 41  Edit
      page-05 步 53  Edit
      page-43 步 65  Edit
      page-38 步 41  Edit
      page-30 步 53  Edit
      page-05 步 54  Edit
      page-30 步 54  Bash
  page-35  ✓   62 次调用   20.7 分  selfcheck 28  skill 3  已完成 [page-35.html](/data1/home/zhuyifan/ws2/Notale/notale-v2
      page-43 步 66  Edit
      page-05 步 55  Edit
      page-38 步 42  Edit
      page-43 步 67  Bash Bash
      page-38 步 43  Edit
      page-05 步 56  Edit
      page-38 步 44  Bash
      page-17 步 42  Edit
      page-30 步 55  Edit
      page-38 步 45  Bash Bash Bash Bash Bash
      page-30 步 56  Edit
      page-17 步 43  Edit
      page-30 步 57  Edit
      page-05 步 57  Bash Bash Bash Bash
      page-30 步 58  Bash
      page-38 步 46  Edit
      page-43 步 68  Bash Edit
      page-43 步 69  Read
      page-17 步 44  Edit
      page-05 步 58  Bash
      page-30 步 59  Edit
      page-38 步 47  Edit
      page-17 步 45  Edit
  page-05  ✓   59 次调用   22.3 分  selfcheck 43  skill 2  已完成 `page-05.html`：构建了可键盘操作的 D3 谱系分叉判读、分类层级反馈、错误提示、完成状态与重置功能
      page-43 步 70  Edit
      page-30 步 60  Edit
      page-38 步 48  Bash Bash Bash
      page-30 步 61  Bash
      page-17 步 46  Edit
      page-43 步 71  Edit
  page-38  ✓   49 次调用   22.6 分  selfcheck 20  skill 3  已完成 `page-38.html`：构建三地真实影像与 Three.js 系统视线、九格对齐审计矩阵，以及支持拖放、触
      page-43 步 72  Edit
      page-43 步 73  Bash Bash
      page-17 步 47  Edit
      page-17 步 48  Bash
      page-43 步 74  Edit
      page-43 步 75  Edit
      page-43 步 76  Edit
      page-43 步 77  Edit
      page-43 步 78  Bash Bash
      page-17 步 49  Edit
      page-30 步 62  Bash
      page-43 步 79  Edit
      page-17 步 50  Edit
      page-30 步 63  Read
      page-43 步 80  Edit
      page-30 步 64  Edit
      page-17 步 51  Bash
      page-43 步 81  Edit
      page-30 步 65  Edit
      page-43 步 82  Edit
      page-30 步 66  Edit
      page-17 步 52  Edit
      page-43 步 83  Edit
      page-17 步 53  Edit
      page-17 步 54  Edit
      page-43 步 84  Edit
      page-30 步 67  Edit
      page-43 步 85  Bash Bash
      page-17 步 55  Edit
      page-17 步 56  Edit
      page-30 步 68  Bash
      page-17 步 57  Edit
      page-43 步 86  Edit
      page-30 步 69  Edit
      page-30 步 70  Edit
      page-30 步 71  Bash
      page-43 步 87  Edit
      page-30 步 72  Bash
      page-30 步 73  Edit
      page-17 步 58  Bash
      page-30 步 74  Bash Bash Bash Bash Bash
      page-17 步 59  Edit
  page-30  ✓   75 次调用   28.2 分  selfcheck 30  skill 1  已完成 `page-30.html`：构建六项环境条件拖拽接线、键盘操作、错误反馈、完成状态与重置，并呈现载人舱技术线框
      page-17 步 60  Edit
      page-43 步 88  Edit
      page-17 步 61  Edit
      page-43 步 89  Edit
      page-43 步 90  Bash Bash
      page-43 步 91  Edit
      page-43 步 92  Edit
      page-43 步 93  Bash Bash
      page-43 步 94  Edit
      page-17 步 62  Edit
      page-43 步 95  Edit
      page-17 步 63  Edit
      page-43 步 96  Bash Bash
      page-43 步 97  Edit
      page-17 步 64  Edit
      page-43 步 98  Edit
      page-43 步 99  Edit
      page-43 步100  Bash Bash
  page-43  ✗  100 次调用   32.9 分  selfcheck 49  skill 0  打到步数上限 100
      page-17 步 65  Edit
      page-17 步 66  Edit
      page-17 步 67  Bash
      page-17 步 68  Edit
      page-17 步 69  Edit
      page-17 步 70  Edit
      page-17 步 71  Bash
      page-17 步 72  Edit
      page-17 步 73  Edit
      page-17 步 74  Bash
      page-17 步 75  Edit
      page-17 步 76  Edit
      page-17 步 77  Bash
      page-17 步 78  Bash
      page-17 步 79  Bash
      page-17 步 80  Read Read
      page-17 步 81  Edit
      page-17 步 82  Bash
  page-17  ✓   83 次调用   38.0 分  selfcheck 17  skill 3  已完成 `page-17.html`：构建三行共享时间轴比较、四件真实器物拖放与键盘定位、即时反馈、纵向对照游标及重置功

  43/44 页交付   墙钟 38.0 分
  每页调用数 7–100,中位 25   合计 1356
  selfcheck 合计 703   Skill 合计 77
  指派 skill 74 项,实际读到 74 项
  读取次数(前 6):theme.css 59  CONTRACT.md 44  deck.md 44  CHASSIS.md 44  LIBS.md 33  selfcheck.py 15
  ✗ page-43: 打到步数上限 100
