
▸ planner · ape-g8
  Apeman – Spaceman  /  90 分钟

  seed         底盘已就位,库 20 个
  lec.js       已存在,跳过         13,699 字符
  mount DOM     9 个类名
  PLAN.md      已存在,跳过          8,797 字符
  验页表       44 行  停留合计 5343/5400 秒  [33m⚠ 差 -57[0m   无交互 9 页
  验证据链     声明 5 条,页表用到 5 条,承担论证的页 35/44
  验幕结构     6 幕,页序连续 ✓
  [33m  以上 1 项都没有判死 —— 页表是个小文本文件,改完重跑 PLAN.md 这一步即可(后面几步命中缓存)。[0m
  验视觉世界   4 个 hex、6 条母题  ✓
  验页表       44 行,知识结构 5 种: classification comparison enumeration generalization process
      上游 EmptyReply,等 5s 重试 (1/8)  已累计死等 22s
  展开 p44     ✗ 第 1 次不是有效规格:开头不是 `# page-NN · …` 那一行
  展开 p12     ✗ 第 1 次不是有效规格:开头不是 `# page-NN · …` 那一行
  展开 p44     ✗ 第 2 次不是有效规格:开头不是 `# page-NN · …` 那一行
      ⚠ chat 响应里正文为空,finish_reason=stop —— 产物缺内容先查这里,不要先怀疑模型。
      上游 EmptyReply,等 5s 重试 (1/8)  已累计死等 3s
  展开 p32     ✗ 第 1 次不是有效规格:开头不是 `# page-NN · …` 那一行
  展开 p26     ✗ 第 1 次不是有效规格:开头不是 `# page-NN · …` 那一行
  展开 p22     ✗ 第 1 次不是有效规格:开头不是 `# page-NN · …` 那一行
  展开 p44     ✗ 第 3 次不是有效规格:开头不是 `# page-NN · …` 那一行
  展开 p44     ⚠ 3 次都不合格,**保留最后一次**继续往下走(最后一次:开头不是 `# page-NN · …` 那一行)
  展开规格     44 份(15 新建/29 复用)  177s  out=15,649 tok  2,003–4,020B
  theme.css     140.9s  out= 7,224 tok   21,903 字符
  接口交接     theme.css 的 INTERFACE 块 23 行 → CHASSIS.md
  验样式       mount 的 9 个类名,theme.css 覆盖 9 个
  CONTRACT.md   130.9s  out= 3,238 tok    5,763 字符
  skeletons    44 个骨架,已接 base/theme/lec,data-total=44
  briefs       44 份,3106–3162 字符,中位 3135

  合计 449s  →  /data1/home/zhuyifan/ws2/Notale/notale-v2/runs/ape-g8
