
▸ planner · ape-g7
  Apeman – Spaceman  /  90 分钟

  seed         底盘已就位,库 20 个
      上游 RateLimitError,等 5s 重试 (1/8)  已累计死等 1s
      上游 RateLimitError,等 15s 重试 (2/8)  已累计死等 14s
  lec.js         99.3s  out= 5,235 tok   18,110 字符
  mount DOM     3 个类名
  PLAN.md       109.6s  out= 6,978 tok   10,304 字符
  验页表       45 行  停留合计 5400/5400 秒  ✓   无交互 6 页
  验证据链     声明 5 条,页表用到 5 条,承担论证的页 39/45
  验幕结构     5 幕,页序连续 ✓
  验页表       45 行,知识结构 5 种: classification comparison enumeration generalization process
  展开规格     45 份(45 新建/0 复用)  113s  out=40,337 tok  1,621–2,665B
  theme.css      60.7s  out= 5,859 tok   15,761 字符
  接口交接     theme.css 的 INTERFACE 块 22 行 → CHASSIS.md
  验样式       mount 的 3 个类名,theme.css 覆盖 3 个
  CONTRACT.md    59.6s  out= 3,426 tok    5,346 字符
  skeletons    45 个骨架,已接 base/theme/lec,data-total=45
  briefs       45 份,3104–3147 字符,中位 3122

  合计 443s  →  /data1/home/zhuyifan/ws2/Notale/notale-v2/runs/ape-g7
