
▸ builder · ape-ml
  45 页,并发 50,effort=low,skill 清单 9,221 字符

      page-22 步  1  Read Read Read Read Read Skill Skill Skill      page-31 步  1  Read Read Read Read Read Skill Skill      page-08 步  1  Read Read Read Read Read Skill Skill


      page-43 步  1  Read Read Read Read Read Read
      page-45 步  1  Read Read Read Read Read Skill Skill
      page-40 步  1  Read Read Read Read Read Skill Skill
      page-11 步  1  Read Read Read Read Read Skill Skill
      page-04 步  1  Read Read Read Read Read Skill Skill
      page-29 步  1  Read Read Read Read Read Skill Skill
      page-32 步  1  Read Read Read Read Read Skill Skill
      page-41 步  1  Read Read Read Read Read Skill Skill
      page-18 步  1  Read Read Read Read Read Read
      page-23 步  1  Read Read Read Read Read Skill Skill Read
      page-37 步  1  Read Read Read Read Read Skill Skill Skill
      page-39 步  1  Read Read Read Read Read Skill Skill
      page-07 步  1  Read Read Read Read Read Skill Skill Skill
      page-28 步  1  Read Read Read Read Read Skill Skill Skill
      page-05 步  1  Read Read Read Read Read Skill Skill Skill
      page-30 步  1  Read Read Read Read Read Skill Skill
      page-25 步  1  Read Read Read Read Read Skill Skill Skill
      page-16 步  1  Read Read Read Read Read Skill Skill Skill
      page-14 步  1  Read Read Read Read Read Skill Skill Skill
      page-35 步  1  Read Read Read Read Read Skill Skill
      page-09 步  1  Read Read Read Read Read Skill Skill
      page-10 步  1  Read Read Read Read Read Skill Read
      page-01 步  1  Read Read Read Read Read Skill
      page-20 步  1  Read Read Read Read Read Skill Skill Skill Skill
      page-03 步  1  Read Read Read Read Read Skill Skill Skill
      page-24 步  1  Read Read Read Read Read Skill Skill
      page-12 步  1  Read Read Read Read Read Skill Skill      page-34 步  1  Read Read Read Read Read Read

      page-11 步  2  Read
      page-33 步  1  Read Read Read Read Read Skill Skill Skill
      page-41 步  2  Read Read
      page-28 步  2  Read Read
      page-22 步  2  Read Read
      page-39 步  2  Read Read
      page-25 步  2  Read Read
      page-30 步  2  Read Read Bash
      page-09 步  2  Read Read
      page-08 步  2  Read Read
      page-20 步  2  Read
      page-32 步  2  Read Bash
      page-31 步  2  Read Read Bash
      page-07 步  2  Read Bash Bash
      page-03 步  2  Read Bash Bash
      page-35 步  2  Read Read
      page-01 步  2  Read
      page-38 步  1  Read Read Read Read Read Skill Skill
      page-15 步  1  Read Read Read Read Read Skill Skill Skill
      page-19 步  1  Read Read Read Read Read Skill Read
      page-14 步  2  Read Bash Bash
      page-34 步  2  Bash
      page-17 步  1  Read Read Read Read Read Skill Skill
      page-44 步  1  Read Read Read Read Read Skill Skill
      page-13 步  1  Read Read Read Read Read Skill Skill
      page-31 步  3  Bash
      page-02 步  1  Read Read Read Read Read Read
      page-26 步  1  Read Read Read Read Read Skill Skill
      page-36 步  1  Read Read Read Read Read Skill Skill Skill
      page-27 步  1  Read Read Read Read Read Skill Skill
      page-16 步  2  Read Read
      page-06 步  1  Read Read Read Read Read Skill Skill Skill Skill
      page-21 步  1  Read Read Read Read Read Skill Skill
      page-42 步  1  Read Read Read Read Read Skill Skill Skill
      page-33 步  2  Read Read Bash
      page-37 步  2  Read Read
      page-29 步  2  Read
      page-14 步  3  Bash
      page-05 步  2  Bash Read
      page-04 步  2  Read Read
      page-33 步  3  Read
      page-31 步  4  Bash
      page-12 步  2  Read
      page-07 步  3  Bash Bash
      page-19 步  2  Bash
      page-45 步  2  Read Read
      page-29 步  3  Bash
      page-40 步  2  Read Read
      page-14 步  4  Bash Bash Bash
      page-42 步  2  Read Bash
      page-34 步  3  Read
      page-03 步  3  Bash
      page-24 步  2  Read Read
      page-09 步  3  Bash
      page-38 步  2  Read
      page-17 步  2  Read Read
      page-06 步  2  Read
      page-40 步  3  Bash
      page-29 步  4  Skill
      page-44 步  2  Read Read
      page-36 步  2  Read Read
      page-26 步  2  Read Read
      page-34 步  4  Bash
      page-05 步  3  Bash
      page-15 步  2  Read Read
      page-07 步  4  Bash
      page-24 步  3  Bash
      page-21 步  2  Read Read
      page-10 步  2  Write
      page-03 步  4  Bash Bash Bash
      page-13 步  2  Read Read
      page-34 步  5  Read
      page-26 步  3  Bash
      page-01 步  3  Write
      page-02 步  2  Write
      page-27 步  2  Read
      page-24 步  4  Read
      page-04 步  3  Bash
      page-43 步  2  Write
      page-02 步  3  Bash
      page-10 步  3  Bash
      page-11 步  3  Write
      page-20 步  3  Write
      page-14 步  5  Bash Bash Bash
      page-04 步  4  Read
      page-19 步  3  Bash
      page-18 步  2  Write
      page-15 步  3  Bash
      page-11 步  4  Bash
      page-24 步  5  Bash
      page-05 步  4  Bash
      page-40 步  4  Bash
      page-20 步  4  Bash
      page-23 步  2  Write
      page-07 步  5  Bash
  page-10  ✓    4 次调用    1.0 分  selfcheck  1  skill 1  已完成 `page-10.html`，并通过 selfcheck：无报错、无加载失败、无越界或裁切，字号、文本量与画面密
      page-15 步  4  Read
      page-02 步  4  Edit
      page-22 步  3  Write
      page-29 步  5  Bash
      page-26 步  4  Bash
      page-03 步  5  Bash Bash
      page-28 步  3  Write
      page-18 步  3  Bash
      page-32 步  3  Bash
      page-30 步  3  Write
      page-45 步  3  Write
      page-29 步  6  Bash
      page-43 步  3  Bash
      page-01 步  4  Bash
      page-25 步  3  Write
      page-20 步  5  Bash Bash
      page-38 步  3  Write
      page-28 步  4  Bash
      page-24 步  6  Read
      page-19 步  4  Bash
      page-23 步  3  Bash
      page-07 步  6  Bash
      page-29 步  7  Bash
      page-41 步  3  Write
      page-38 步  4  Bash
      page-39 步  3  Write
      page-26 步  5  Bash
      page-33 步  4  Write
      page-05 步  5  Bash
      page-11 步  5  Edit
      page-37 步  3  Write
      page-07 步  7  Read
      page-42 步  3  Write
      page-31 步  5  Write
      page-35 步  3  Write
      page-43 步  4  Edit
      page-29 步  8  Bash
      page-02 步  5  Edit
      page-36 步  3  Write
      page-33 步  5  Bash
      page-26 步  6  Read
      page-30 步  4  Bash
      page-11 步  6  Bash
      page-18 步  4  Edit
      page-16 步  3  Write
      page-13 步  3  Write
      page-43 步  5  Bash
      page-35 步  4  Bash
  page-38  ✓    5 次调用    1.4 分  selfcheck  1  skill 2  已完成 `page-38.html`，并通过 selfcheck：无 JS 报错、加载失败、越界、裁切或文字叠压。
      page-03 步  6  Bash Bash
      page-07 步  8  Bash
      page-36 步  4  Bash
      page-22 步  4  Bash
      page-14 步  6  Bash Read Read Read
      page-27 步  3  Write
      page-41 步  4  Edit
      page-24 步  7  Bash
      page-18 步  5  Bash
      page-29 步  9  Bash
      page-23 步  4  Edit
      page-09 步  4  Write
      page-45 步  4  Bash
      page-39 步  4  Bash
      page-27 步  4  Bash
      page-28 步  5  Bash
      page-44 步  3  Write
      page-02 步  6  Edit
      page-41 步  5  Bash
      page-37 步  4  Bash
      page-09 步  5  Bash
      page-14 步  7  Bash Bash
      page-34 步  6  Write
      page-25 步  4  Bash
      page-17 步  3  Write
      page-42 步  4  Bash
      page-44 步  4  Bash
  page-20  ✓    6 次调用    1.5 分  selfcheck  3  skill 4  已完成第 20 页互动人体环境控制台，并通过初始、全部关闭及重置状态自检。
      page-05 步  6  Bash
      page-22 步  5  Bash Bash Bash
      page-03 步  7  Bash
      page-13 步  4  Bash
      page-35 步  5  Bash
      page-11 步  7  Edit
      page-23 步  5  Bash
      page-39 步  5  Edit
      page-28 步  6  Bash      page-31 步  6  Bash

      page-16 步  4  Bash
      page-30 步  5  Edit
      page-37 步  5  Edit
      page-01 步  5  Edit
      page-02 步  7  Edit
      page-27 步  5  Edit
      page-35 步  6  Bash
      page-05 步  7  Bash
      page-07 步  9  Read
      page-34 步  7  Bash
      page-25 步  5  Bash
      page-39 步  6  Bash
      page-36 步  5  Bash
      page-32 步  4  Write
      page-18 步  6  Edit
      page-17 步  4  Bash
      page-03 步  8  Bash
      page-37 步  6  Bash
      page-28 步  7  Read
      page-27 步  6  Bash
      page-02 步  8  Edit
      page-33 步  6  Edit
      page-12 步  3  Write
      page-07 步 10  Bash
      page-21 步  3  Write
      page-31 步  7  Edit
      page-42 步  5  Edit
      page-36 步  6  Bash
  page-25  ✓    6 次调用    1.8 分  selfcheck  2  skill 3  已完成第 25 页构建，并通过初始态及完整键盘交互态 selfcheck。
      page-23 步  6  Edit
      page-21 步  4  Bash
      page-42 步  6  Edit
      page-17 步  5  Edit
      page-33 步  7  Edit
      page-45 步  5  Edit
      page-04 步  5  Write
      page-09 步  6  Edit
      page-19 步  5  Bash
      page-41 步  6  Bash Bash Bash Bash
      page-11 步  8  Bash
  page-22  ✓    6 次调用    1.9 分  selfcheck  4  skill 3  已完成 `page-22.html`，并通过初始、预测分支、中间及最终状态的 selfcheck，自检无报错、溢出或裁切
      page-40 步  5  Write
      page-30 步  6  Edit
      page-04 步  6  Bash
      page-18 步  7  Bash
      page-29 步 10  Write
      page-09 步  7  Bash
      page-33 步  8  Bash
      page-16 步  5  Bash
      page-21 步  5  Edit
      page-28 步  8  Bash
      page-45 步  6  Edit
      page-42 步  7  Edit
      page-23 步  7  Edit
      page-01 步  6  Edit
      page-32 步  5  Bash
      page-12 步  4  Bash
      page-08 步  3  Write
      page-29 步 11  Bash
      page-13 步  5  Edit
      page-34 步  8  Edit
      page-17 步  6  Edit
      page-39 步  7  Bash
      page-24 步  8  Write
      page-02 步  9  Bash
      page-45 步  7  Edit
      page-04 步  7  Bash
      page-23 步  8  Bash
      page-40 步  6  Bash
      page-19 步  6  Edit
  page-37  ✓    7 次调用    2.1 分  selfcheck  2  skill 3  已完成第 37 页构建，并通过初始态、故障传播态与恢复态 selfcheck。
      page-03 步  9  Bash
      page-15 步  5  Write
      page-34 步  9  Bash
  page-41  ✓    7 次调用    2.1 分  selfcheck  5  skill 2  已完成第 41 页构建，并通过初始态、参数极值、检查点完成与错误反馈状态的 selfcheck。
      page-17 步  7  Edit
      page-24 步  9  Bash
      page-28 步  9  Edit
      page-01 步  7  Edit
      page-43 步  6  Edit
      page-06 步  3  Write
      page-45 步  8  Bash
      page-36 步  7  Bash
      page-42 步  8  Bash
      page-12 步  5  Edit
      page-30 步  7  Bash Bash Bash
      page-11 步  9  Edit
      page-09 步  8  Edit
      page-16 步  6  Edit
      page-32 步  6  Edit
      page-31 步  8  Edit
      page-33 步  9  Bash Bash Bash
      page-08 步  4  Bash
      page-23 步  9  Bash Bash Bash
      page-40 步  7  Bash
      page-02 步 10  Bash
      page-03 步 10  Bash
      page-06 步  4  Bash
      page-14 步  8  Read Read Bash
      page-15 步  6  Bash
      page-17 步  8  Bash
      page-09 步  9  Edit
      page-01 步  8  Edit
      page-32 步  7  Edit
      page-31 步  9  Edit
      page-26 步  7  Write
      page-21 步  6  Bash
      page-16 步  7  Edit
      page-27 步  7  Edit
      page-18 步  8  Edit
      page-01 步  9  Bash
      page-28 步 10  Edit
      page-09 步 10  Bash
      page-35 步  7  Read
      page-44 步  5  Edit
      page-36 步  8  Edit
  page-30  ✓    8 次调用    2.3 分  selfcheck  4  skill 2  已完成 `page-30.html`，并通过默认、最低速度及最高速度关键状态的 selfcheck。
      page-12 步  6  Edit
      page-24 步 10  Edit
      page-13 步  6  Edit
      page-15 步  7  Bash Bash
      page-18 步  9  Edit
      page-12 步  7  Bash
      page-29 步 12  Edit
      page-43 步  7  Edit
      page-11 步 10  Bash
      page-36 步  9  Bash
      page-19 步  7  Edit
      page-08 步  5  Bash
      page-04 步  8  Read
      page-16 步  8  Bash
      page-13 步  7  Edit
      page-24 步 11  Bash
      page-39 步  8  Bash
      page-27 步  8  Bash
      page-43 步  8  Edit
      page-32 步  8  Edit
      page-08 步  6  Bash
      page-18 步 10  Edit
      page-07 步 11  Bash
      page-31 步 10  Bash
      page-05 步  8  Write
      page-06 步  5  Edit
      page-02 步 11  Bash
      page-17 步  9  Edit
  page-33  ✓   10 次调用    2.5 分  selfcheck  5  skill 3  已完成 `page-33.html`，并通过初始态、点燃态、三级配置及参数最大值状态的 selfcheck。
      page-29 步 13  Edit
      page-45 步  9  Edit
      page-28 步 11  Edit
      page-42 步  9  Edit
      page-40 步  8  Bash
      page-32 步  9  Bash
      page-11 步 11  Edit
  page-21  ✓    7 次调用    2.6 分  selfcheck  2  skill 2  已完成 `page-21.html`：包含 Matter.js 加速度座椅模拟、方向与大小调节、接触区预测、四步因果链、
      page-34 步 10  Edit
      page-26 步  8  Bash
      page-04 步  9  Bash
      page-44 步  6  Bash
      page-42 步 10  Edit
      page-06 步  6  Bash
      page-01 步 10  Edit
      page-35 步  8  Edit
      page-08 步  7  Read
      page-09 步 11  Bash
      page-40 步  9  Bash
      page-18 步 11  Edit
      page-23 步 10  Bash
      page-45 步 10  Edit
      page-39 步  9  Edit
      page-36 步 10  Edit
      page-11 步 12  Bash
      page-28 步 12  Bash
      page-34 步 11  Bash
      page-13 步  8  Bash
      page-17 步 10  Edit
      page-08 步  8  Bash
      page-35 步  9  Edit
  page-31  ✓   11 次调用    2.7 分  selfcheck  2  skill 2  已完成第 31 页：构建轨道与逃逸速度对照图、天体与高度交互、同步计算反馈、比较矩阵及探索进度；全部 selfcheck
      page-32 步 10  Edit
      page-26 步  9  Edit
      page-27 步  9  Edit
      page-29 步 14  Edit
      page-36 步 11  Edit
  page-09  ✓   12 次调用    2.8 分  selfcheck  4  skill 2  已完成 `page-09.html`，并通过 selfcheck 初始态、环境切换态与第二阶段交互态检查。
      page-19 步  8  Edit
  page-06  ✓    7 次调用    2.8 分  selfcheck  2  skill 4  已完成 `page-06.html`：构建了可拖拽、可键盘操作的四模块骨架重组场景，包含关节锚点、承重链、垂线、支撑区、
      page-35 步 10  Bash
      page-45 步 11  Edit
      page-04 步 10  Bash
      page-32 步 11  Edit
      page-26 步 10  Edit
      page-34 步 12  Bash
      page-05 步  9  Bash
  page-16  ✓    9 次调用    2.8 分  selfcheck  3  skill 3  已完成 `page-16.html`：构建了可拖拽与键盘操作的 D3 协作网络，包含技能覆盖、单点故障检测、线路限制、完
      page-08 步  9  Edit
      page-42 步 11  Bash
  page-24  ✓   12 次调用    2.9 分  selfcheck  2  skill 2  已完成 `page-24.html`：构建了月份与训练负荷联动的 D3 骨量趋势比较图、不确定区间、对齐比较矩阵、分步反
      page-19 步  9  Edit
      page-29 步 15  Bash
      page-34 步 13  Read
      page-44 步  7  Edit
  page-23  ✓   11 次调用    2.9 分  selfcheck  7  skill 2  已完成 `page-23.html`：实现六轮旋转舱内定位小游戏、方向错误与反应时间记录、结果汇总、键盘操作及 redu
      page-40 步 10  Read
      page-02 步 12  Read
      page-07 步 12  Edit
      page-18 步 12  Bash
      page-01 步 11  Edit
      page-05 步 10  Bash Bash Bash
      page-36 步 12  Edit
      page-12 步  8  Edit
      page-19 步 10  Edit
      page-17 步 11  Bash
      page-07 步 13  Bash
      page-01 步 12  Bash
      page-27 步 10  Edit
      page-13 步  9  Edit
      page-39 步 10  Bash
      page-14 步  9  Write
      page-34 步 14  Edit
      page-15 步  8  Edit
      page-19 步 11  Bash
      page-08 步 10  Bash
      page-42 步 12  Edit
      page-11 步 13  Edit
      page-28 步 13  Edit
      page-32 步 12  Edit
      page-35 步 11  Edit
      page-43 步  9  Edit
      page-45 步 12  Bash
      page-40 步 11  Edit
  page-05  ✓   11 次调用    3.1 分  selfcheck  4  skill 3  已完成并通过全部状态自检。
      page-44 步  8  Bash
      page-42 步 13  Bash
      page-35 步 12  Bash
      page-11 步 14  Edit
      page-28 步 14  Bash
      page-03 步 11  Bash
      page-12 步  9  Edit
  page-29  ✓   16 次调用    3.2 分  selfcheck  2  skill 3  已完成 `page-29.html`，并通过 selfcheck：无 JS 错误、资源失败、画布溢出或裁切。
  page-08  ✓   11 次调用    3.2 分  selfcheck  2  skill 2  已完成并通过 selfcheck。
      page-40 步 12  Edit
      page-07 步 14  Edit
      page-01 步 13  Edit
      page-13 步 10  Edit
      page-36 步 13  Bash Bash Bash
  page-44  ✓    9 次调用    3.3 分  selfcheck  3  skill 2  已完成第 44 页构建，并通过 selfcheck 全部检查。
      page-17 步 12  Edit
      page-11 步 15  Bash
      page-32 步 13  Edit
      page-18 步 13  Edit
      page-26 步 11  Edit
      page-02 步 13  Edit
      page-14 步 10  Bash
      page-12 步 10  Edit
      page-13 步 11  Edit
      page-45 步 13  Edit
  page-39  ✓   11 次调用    3.3 分  selfcheck  5  skill 2  已完成第 39 页互动分支分类图，并通过初始态与完成态 selfcheck。
      page-27 步 11  Edit
      page-18 步 14  Bash
      page-15 步  9  Edit
      page-35 步 13  Bash
      page-03 步 12  Edit
      page-07 步 15  Bash
      page-26 步 12  Edit
      page-34 步 15  Bash
      page-43 步 10  Bash
  page-36  ✓   14 次调用    3.4 分  selfcheck  5  skill 3  已完成第 36 页构建并通过初始态、远距离通信态及完成态自检。
      page-42 步 14  Edit
      page-12 步 11  Bash
      page-04 步 11  Edit
      page-40 步 13  Bash
      page-14 步 11  Bash Bash
      page-03 步 13  Edit
      page-01 步 14  Edit
      page-32 步 14  Edit
      page-19 步 12  Edit
      page-26 步 13  Edit
      page-43 步 11  Edit
      page-28 步 15  Bash
      page-03 步 14  Bash
      page-17 步 13  Bash
      page-27 步 12  Bash
      page-13 步 12  Bash
      page-45 步 14  Bash
      page-43 步 12  Bash
      page-12 步 12  Edit
      page-02 步 14  Edit
      page-07 步 16  Edit
      page-35 步 14  Edit
      page-14 步 12  Bash
      page-42 步 15  Bash
      page-11 步 16  Edit
      page-40 步 14  Edit
      page-07 步 17  Bash
      page-12 步 13  Edit
      page-01 步 15  Bash
      page-18 步 15  Bash
      page-35 步 15  Bash Bash Bash Bash
      page-11 步 17  Bash
      page-40 步 15  Edit
      page-15 步 10  Edit
      page-43 步 13  Bash Bash
      page-12 步 14  Bash
      page-19 步 13  Bash
  page-01  ✓   16 次调用    3.8 分  selfcheck  4  skill 1  已完成 `page-01.html`，并通过 selfcheck 全部检查。
      page-45 步 15  Edit
      page-32 步 15  Bash
      page-26 步 14  Bash
      page-02 步 15  Edit
      page-28 步 16  Read
      page-04 步 12  Bash
  page-43  ✓   14 次调用    3.9 分  selfcheck  6  skill 0  已完成第 43 页构建，并通过初始态及两种完整立场组合的 selfcheck。
      page-27 步 13  Edit
      page-03 步 15  Edit
      page-17 步 14  Edit
      page-45 步 16  Edit
      page-28 步 17  Read
      page-34 步 16  Edit
  page-18  ✓   16 次调用    4.0 分  selfcheck  6  skill 0  已完成 `page-18.html`：构建了“脑内 / 工具 / 群体”嵌套分类交互，支持点击、拖放和键盘操作，并包含即
  page-14  ✓   13 次调用    4.0 分  selfcheck  4  skill 3  已完成 `page-14.html`：构建了三种真实石器的对齐比较界面，支持指针拖动/扫过与键盘揭示敲击顺序、轴线和完成
      page-40 步 16  Bash
      page-45 步 17  Bash
      page-03 步 16  Edit
      page-17 步 15  Bash
      page-11 步 18  Edit
  page-19  ✓   14 次调用    4.1 分  selfcheck  3  skill 1  已完成第 19 页构建，并通过 selfcheck 全部检查。
      page-13 步 13  Edit
      page-12 步 15  Edit
      page-27 步 14  Edit
      page-15 步 11  Edit
      page-02 步 16  Edit
  page-35  ✓   16 次调用    4.1 分  selfcheck  8  skill 2  已完成第 35 页构建，并通过初始、最小值、最大值、切换及重置状态的 selfcheck。
      page-42 步 16  Edit
      page-12 步 16  Bash
      page-03 步 17  Bash
      page-26 步 15  Bash Bash Bash
      page-11 步 19  Bash
      page-04 步 13  Bash
      page-28 步 18  Edit
      page-34 步 17  Bash
      page-42 步 17  Edit
      page-13 步 14  Edit
      page-15 步 12  Edit
      page-28 步 19  Bash
      page-07 步 18  Edit
      page-27 步 15  Bash
      page-45 步 18  Edit
      page-34 步 18  Edit
  page-26  ✓   16 次调用    4.3 分  selfcheck  5  skill 2  已完成 `page-26.html`，并通过初始、满载、最长暴露及超预算状态的 selfcheck。
      page-02 步 17  Edit
      page-13 步 15  Bash
      page-12 步 17  Edit
      page-17 步 16  Edit
      page-11 步 20  Bash Bash Bash
      page-45 步 19  Edit
      page-04 步 14  Bash
      page-03 步 18  Edit
      page-32 步 16  Edit
      page-07 步 19  Bash
      page-42 步 18  Edit
      page-12 步 18  Bash
      page-32 步 17  Edit
      page-15 步 13  Edit
      page-40 步 17  Edit
      page-04 步 15  Edit
      page-34 步 19  Bash
      page-17 步 17  Bash
      page-42 步 19  Bash
      page-32 步 18  Edit
      page-15 步 14  Bash
      page-40 步 18  Bash
      page-02 步 18  Edit
      page-27 步 16  Edit
      page-13 步 16  Edit
      page-27 步 17  Bash
      page-04 步 16  Edit
      page-07 步 20  Edit
      page-03 步 19  Edit
  page-11  ✓   21 次调用    4.9 分  selfcheck 11  skill 2  已完成第 11 页构建，并通过初始态、成功态与错误反馈态 selfcheck。
      page-13 步 17  Edit
      page-12 步 19  Edit
      page-45 步 20  Edit
  page-15  ✓   15 次调用    5.0 分  selfcheck  4  skill 3  已完成第 15 页互动时间—能量账本，并通过初始态、风险态与达标态 selfcheck。
      page-02 步 19  Edit
      page-42 步 20  Bash
      page-04 步 17  Edit
      page-28 步 20  Edit
      page-34 步 20  Edit
      page-40 步 19  Edit
      page-32 步 19  Bash
      page-17 步 18  Bash
      page-13 步 18  Bash
      page-45 步 21  Bash
      page-07 步 21  Edit
      page-02 步 20  Edit
      page-42 步 21  Read
      page-03 步 20  Edit
      page-04 步 18  Bash
      page-28 步 21  Edit
      page-12 步 20  Edit
      page-34 步 21  Edit
      page-03 步 21  Bash
      page-02 步 21  Edit
      page-27 步 18  Edit
      page-13 步 19  Edit
      page-32 步 20  Edit
      page-28 步 22  Bash
      page-02 步 22  Bash
      page-42 步 22  Edit
  page-04  ✓   19 次调用    5.3 分  selfcheck  5  skill 2  已完成 `page-04.html`，并通过初始态、对数端与重置态自检。
      page-40 步 20  Bash
      page-42 步 23  Edit
      page-12 步 21  Bash
  page-17  ✓   19 次调用    5.4 分  selfcheck  7  skill 2  已完成第 17 页构建，并通过初始、最小值、最大值及重置状态的 selfcheck。
      page-32 步 21  Bash
      page-28 步 23  Bash
      page-07 步 22  Edit
      page-34 步 22  Bash
  page-28  ✓   24 次调用    5.5 分  selfcheck 10  skill 3  已完成 `page-28.html`，并通过初始态、错误配对、全部完成及重置状态的 selfcheck。
      page-45 步 22  Edit
      page-13 步 20  Edit
      page-27 步 19  Edit
      page-42 步 24  Edit
      page-02 步 23  Bash
      page-40 步 21  Bash
      page-07 步 23  Edit
      page-03 步 22  Edit
      page-27 步 20  Bash
      page-42 步 25  Bash
      page-12 步 22  Edit
      page-32 步 22  Edit
  page-34  ✓   23 次调用    5.7 分  selfcheck  8  skill 0  已完成第 34 页互动生命支持账本，并通过 selfcheck 全部检查。
      page-02 步 24  Edit
      page-45 步 23  Edit
      page-12 步 23  Edit
      page-13 步 21  Bash
      page-02 步 25  Edit
      page-03 步 23  Bash
      page-02 步 26  Edit
      page-07 步 24  Edit
      page-02 步 27  Edit
      page-27 步 21  Edit
      page-12 步 24  Bash
      page-32 步 23  Edit
      page-42 步 26  Edit
      page-03 步 24  Edit
      page-02 步 28  Edit
  page-40  ✓   22 次调用    6.1 分  selfcheck  6  skill 2  已完成 `page-40.html`：包含可旋转三维环形栖居舱、半径与转速联动计算、同等模拟重力对照、条件反馈、风险提示
      page-45 步 24  Edit
      page-12 步 25  Edit
      page-45 步 25  Bash
      page-02 步 29  Bash
      page-07 步 25  Bash
      page-13 步 22  Edit
      page-12 步 26  Edit
      page-27 步 22  Edit
      page-32 步 24  Bash
      page-42 步 27  Edit
      page-13 步 23  Edit
      page-03 步 25  Edit
      page-32 步 25  Edit
      page-42 步 28  Edit
      page-32 步 26  Bash
      page-13 步 24  Bash
      page-27 步 23  Edit
      page-12 步 27  Edit
  page-07  ✓   26 次调用    6.6 分  selfcheck  6  skill 3  已完成 `page-07.html`：构建三时期证据配对互动、真实头骨照片、即时反馈、完成态动画、键盘操作与重置功能；s
  page-45  ✓   26 次调用    6.6 分  selfcheck  7  skill 2  已完成 `page-45.html`，并通过 selfcheck：无 JS 错误、加载失败、越界、裁切或字号违规。
      page-12 步 28  Bash
      page-03 步 26  Edit
      page-32 步 27  Edit
      page-42 步 29  Bash
      page-13 步 25  Edit
      page-03 步 27  Edit
      page-42 步 30  Edit
      page-27 步 24  Bash
      page-12 步 29  Edit
      page-42 步 31  Edit
      page-32 步 28  Bash
      page-12 步 30  Edit
      page-02 步 30  Edit
      page-13 步 26  Bash
      page-03 步 28  Bash
      page-02 步 31  Edit
  page-27  ✓   25 次调用    7.1 分  selfcheck  8  skill 2  已完成第 27 页互动小游戏，并通过 selfcheck 全部检查。
      page-42 步 32  Bash
      page-02 步 32  Bash
  page-32  ✓   29 次调用    7.4 分  selfcheck  8  skill 2  已完成 `page-32.html`：实现火箭载荷装载小游戏、质量连锁过程、推进剂调节、任务条件判定、发射与复位反馈，并
      page-13 步 27  Edit
      page-12 步 31  Edit
      page-42 步 33  Edit
      page-02 步 33  Edit
      page-12 步 32  Bash
      page-02 步 34  Bash
      page-03 步 29  Edit
      page-42 步 34  Edit
      page-13 步 28  Bash
      page-42 步 35  Bash
      page-03 步 30  Edit
      page-12 步 33  Edit
      page-02 步 35  Edit
  page-13  ✓   29 次调用    7.9 分  selfcheck  9  skill 2  已完成 `page-13.html`。
      page-42 步 36  Edit
      page-03 步 31  Edit
      page-12 步 34  Edit
      page-02 步 36  Edit
      page-12 步 35  Bash
      page-03 步 32  Edit
      page-02 步 37  Bash
      page-42 步 37  Bash
      page-03 步 33  Edit
      page-42 步 38  Bash
      page-12 步 36  Edit
      page-02 步 38  Edit
      page-03 步 34  Bash
  page-42  ✓   39 次调用    8.6 分  selfcheck 12  skill 3  已完成 `page-42.html`，并通过初始态及听证完成态 selfcheck。
      page-12 步 37  Bash
      page-03 步 35  Bash
      page-02 步 39  Edit
      page-03 步 36  Read
      page-02 步 40  Bash
      page-12 步 38  Edit
  page-02  ✓   41 次调用    9.2 分  selfcheck 11  skill 0  已完成 `page-02.html`，并通过 selfcheck。
      page-03 步 37  Edit
      page-12 步 39  Edit
      page-12 步 40  Bash
      page-03 步 38  Edit
      page-12 步 41  Edit
      page-03 步 39  Edit
      page-03 步 40  Edit
      page-12 步 42  Edit
      page-12 步 43  Bash
      page-03 步 41  Edit
      page-12 步 44  Edit
      page-12 步 45  Edit
      page-03 步 42  Bash
      page-12 步 46  Bash
      page-03 步 43  Edit
      page-03 步 44  Edit
      page-12 步 47  Edit
      page-03 步 45  Bash
      page-12 步 48  Edit
      page-03 步 46  Edit
      page-12 步 49  Edit
      page-03 步 47  Bash
  page-03  ✓   48 次调用   11.8 分  selfcheck 11  skill 3  已完成 `page-03.html`：构建图像鉴证分类交互、键盘操作、即时反馈、完成与重置状态，并通过全部 selfch
      page-12 步 50  Bash
      page-12 步 51  Edit
      page-12 步 52  Edit
      page-12 步 53  Bash
      page-12 步 54  Edit
  page-12  ✓   55 次调用   12.9 分  selfcheck 17  skill 2  已完成 `page-12.html`：实现四轮制绳信息传递小游戏、累计损耗反馈、键盘可操作模式选择、最终对照与重置，并支

  45/45 页交付   墙钟 12.9 分
  每页调用数 4–55,中位 14   合计 766
  selfcheck 合计 246   Skill 合计 97
  指派 skill 96 项,实际读到 96 项
  读取次数(前 6):CONTRACT.md 45  deck.md 45  theme.css 45  CHASSIS.md 45  LIBS.md 24  lec.js 14
