
▸ planner · ape-dspro2
  Apeman – Spaceman  /  90 分钟

  seed         底盘已就位,库 20 个
  lec.js        116.8s  out= 6,315 tok    7,288 字符
  lec.js       ✗ 第 1 次产物不是有效的 lec.js:mount() 没有返回内容容器(只有裸 return 或没有 return)—— 它必须 `return` 那个 <main>,否则页面拿不到容器、只能自己往 body 里塞,内容会压在页眉页脚带上(实测一轮 40 页里 70 处)
      上游 EmptyReply,等 5s 重试 (1/8)  已累计死等 152s
  lec.js        273.3s  out= 6,315 tok    8,318 字符
  lec.js       ✗ 第 2 次产物不是有效的 lec.js:mount() 没有返回内容容器(只有裸 return 或没有 return)—— 它必须 `return` 那个 <main>,否则页面拿不到容器、只能自己往 body 里塞,内容会压在页眉页脚带上(实测一轮 40 页里 70 处)
      上游 EmptyReply,等 5s 重试 (1/8)  已累计死等 135s
      上游 EmptyReply,等 15s 重试 (2/8)  已累计死等 260s
  lec.js        445.7s  out= 8,724 tok    8,958 字符
  lec.js       ✗ 第 3 次产物不是有效的 lec.js:mount() 没有返回内容容器(只有裸 return 或没有 return)—— 它必须 `return` 那个 <main>,否则页面拿不到容器、只能自己往 body 里塞,内容会压在页眉页脚带上(实测一轮 40 页里 70 处)
Traceback (most recent call last):
  File "<frozen runpy>", line 198, in _run_module_as_main
  File "<frozen runpy>", line 88, in _run_code
  File "/data1/home/zhuyifan/ws2/Notale/notale-v2/core/planner.py", line 743, in <module>
    main()
  File "/data1/home/zhuyifan/ws2/Notale/notale-v2/core/planner.py", line 738, in main
    plan_run(Run(n.query, n.minutes, n.audience, n.label, n.scenario),
  File "/data1/home/zhuyifan/ws2/Notale/notale-v2/core/planner.py", line 620, in plan_run
    lec = cached(run, "lec.js", run.assets / "lec.js", run.prompt("lec", query=run.query))
          ^^^^^^^^^^^^^^^^^^^^^^^^^^^^^^^^^^^^^^^^^^^^^^^^^^^^^^^^^^^^^^^^^^^^^^^^^^^^^^^^
  File "/data1/home/zhuyifan/ws2/Notale/notale-v2/core/planner.py", line 371, in cached
    raise RuntimeError(
RuntimeError: lec.js 连续 3 次产出的都不是有效内容(最后一次:mount() 没有返回内容容器(只有裸 return 或没有 return)—— 它必须 `return` 那个 <main>,否则页面拿不到容器、只能自己往 body 里塞,内容会压在页眉页脚带上(实测一轮 40 页里 70 处))。被拒的存在 /data1/home/zhuyifan/ws2/Notale/notale-v2/runs/ape-dspro2/pages/lec.js.rejectedN,看一眼就知道模型在写什么。
