
▸ builder · ape-g3
  48 页,并发 6,effort=low,skill 清单 9,221 字符

      page-03 步  1  Read Read Read Read Skill Skill Skill
      page-04 步  1  Read Read Read Read Skill Skill Skill
      page-05 步  1  Read Read Read Read Skill Skill
      page-02 步  1  Read Read Read Read Skill Skill Skill
      page-03 步  2  Bash
      page-06 步  1  Read Read Read Read Skill Skill
      page-01 步  1  Read Read Read Read Skill
      page-02 步  2  Read
      page-04 步  2  Read
      page-05 步  2  Read
      page-03 步  3  Read
      page-06 步  2  Read
      page-03 步  4  Bash
      page-01 步  2  Read
      page-03 步  5  Read
      page-06 步  3  Write
      page-04 步  3  Write
      page-01 步  3  Write
      page-04 步  4  Bash
      page-06 步  4  Bash
      page-01 步  4  Bash
      page-05 步  3  Write
      page-02 步  3  Write
      page-04 步  5  Bash
      page-02 步  4  Bash
      page-01 步  5  Bash
      page-05 步  4  Edit
      page-03 步  6  Write
      page-01 步  6  Bash
      page-06 步  5  Bash
      page-05 步  5  Bash
      page-04 步  6  Edit
      page-06 步  6  Bash
      page-01 步  7  Bash
      page-03 步  7  Bash
      page-04 步  7  Edit
      page-02 步  5  Edit
      page-06 步  7  Bash
      page-03 步  8  Bash
      page-01 步  8  Edit
      page-05 步  6  Bash
      page-02 步  6  Edit Edit
      page-01 步  9  Bash
      page-04 步  8  Edit
      page-06 步  8  Bash
      page-03 步  9  Read
      page-02 步  7  Bash
      page-04 步  9  Bash
      page-05 步  7  Edit
      page-06 步  9  Bash
      page-05 步  8  Edit
      page-01 步 10  Bash
      page-02 步  8  Bash
      page-04 步 10  Edit
      page-03 步 10  Read
      page-05 步  9  Read
      page-03 步 11  Bash
      page-06 步 10  Edit
      page-01 步 11  Edit
      page-04 步 11  Edit
      page-06 步 11  Edit
      page-02 步  9  Edit
      page-01 步 12  Bash
      page-05 步 10  Edit      page-03 步 12  Read

      page-02 步 10  Bash
      page-05 步 11  Bash
      page-03 步 13  Edit
      page-06 步 12  Edit
      page-04 步 12  Bash
      page-03 步 14  Edit
  page-01  ✓   13 次调用    3.0 分  selfcheck  3  skill 1  已完成 `page-01.html`，并通过 selfcheck：无 JavaScript 报错、加载失败、画布溢出或元
      page-06 步 13  Bash
      page-02 步 11  Edit
      page-05 步 12  Bash
      page-02 步 12  Bash
      page-06 步 14  Edit
      page-06 步 15  Bash
      page-07 步  1  Read Read Read Read Skill Skill
      page-05 步 13  Bash
      page-03 步 15  Edit
      page-04 步 13  Bash
      page-07 步  2  Read
      page-03 步 16  Edit
      page-06 步 16  Bash
      page-05 步 14  Edit
      page-03 步 17  Edit
      page-02 步 13  Edit
      page-03 步 18  Bash
      page-04 步 14  Bash
      page-06 步 17  Edit
      page-02 步 14  Bash
      page-05 步 15  Bash
      page-06 步 18  Bash
      page-03 步 19  Edit
      page-07 步  3  Write
      page-04 步 15  Edit
      page-02 步 15  Bash
      page-06 步 19  Edit
      page-03 步 20  Bash
      page-02 步 16  Bash
      page-04 步 16  Edit
      page-05 步 16  Edit
      page-07 步  4  Bash
      page-02 步 17  Edit
      page-04 步 17  Edit
      page-05 步 17  Bash
      page-03 步 21  Edit
      page-06 步 20  Bash
      page-07 步  5  Bash
      page-02 步 18  Bash
      page-04 步 18  Edit
      page-03 步 22  Bash
  page-06  ✓   21 次调用    4.4 分  selfcheck  5  skill 2  已完成 `page-06.html`，并通过全部交互状态自检。
      page-07 步  6  Bash
      page-04 步 19  Bash
      page-05 步 18  Edit
  page-03  ✓   23 次调用    4.4 分  selfcheck  4  skill 3  已完成 `page-03.html`：构建 D3 动态嵌套时间轴、四层连续压缩尺度、事件聚合与展开、同步读数及键盘可操作
      page-09 步  1  Read Read Read Read Skill Skill Skill
      page-02 步 19  Edit
      page-05 步 19  Bash
      page-08 步  1  Read Read Read Read Skill Skill Skill
      page-07 步  7  Bash
      page-04 步 20  Bash
      page-08 步  2  Read
      page-09 步  2  Read
      page-02 步 20  Bash
      page-04 步 21  Edit
      page-05 步 20  Edit
      page-07 步  8  Bash
  page-02  ✓   21 次调用    5.0 分  selfcheck  9  skill 3  已完成 `page-02.html`：构建三联人物比较、同步图层检视器与三个停靠状态，并通过全部代表状态的 selfch
      page-09 步  3  Bash
      page-10 步  1  Read Read Read Read Skill Skill Skill
      page-09 步  4  Bash
      page-04 步 22  Bash
      page-07 步  9  Edit
      page-10 步  2  Read
      page-05 步 21  Bash
      page-09 步  5  Bash
      page-04 步 23  Edit
      page-09 步  6  Bash
      page-07 步 10  Bash
      page-08 步  3  Write
      page-05 步 22  Edit
      page-08 步  4  Bash
      page-04 步 24  Bash
      page-05 步 23  Bash
      page-07 步 11  Edit
      page-04 步 25  Edit
      page-07 步 12  Bash
      page-05 步 24  Edit
      page-04 步 26  Bash
      page-08 步  5  Edit
      page-10 步  3  Write
      page-08 步  6  Bash
      page-05 步 25  Bash
      page-10 步  4  Bash
      page-07 步 13  Edit
      page-08 步  7  Bash
      page-04 步 27  Edit
      page-09 步  7  Write
      page-05 步 26  Bash
      page-07 步 14  Bash
      page-10 步  5  Bash
      page-08 步  8  Edit
  page-05  ✓   27 次调用    6.4 分  selfcheck  9  skill 2  已完成 `page-05.html`，并通过初始态、完成态与重置态自检。
      page-09 步  8  Bash
      page-04 步 28  Bash
      page-07 步 15  Edit
      page-08 步  9  Bash
      page-04 步 29  Edit
      page-10 步  6  Bash
      page-11 步  1  Read Read Read Read Skill Skill
      page-09 步  9  Edit
      page-07 步 16  Bash
      page-04 步 30  Bash
      page-09 步 10  Bash
  page-04  ✓   31 次调用    6.8 分  selfcheck 10  skill 3  已完成 `page-04.html`：构建 D3 可交互分枝谱系、键盘操作、动态关系高亮与同步解释卡，并通过全状态 se
      page-07 步 17  Bash
      page-09 步 11  Bash
      page-08 步 10  Edit
      page-10 步  7  Bash
      page-12 步  1  Read Read Read Read Skill Skill
      page-08 步 11  Bash
      page-12 步  2  Read
      page-10 步  8  Edit
      page-09 步 12  Bash
      page-10 步  9  Edit
      page-07 步 18  Edit
      page-08 步 12  Edit
      page-07 步 19  Edit
      page-08 步 13  Bash
      page-10 步 10  Bash
      page-11 步  2  Write
      page-07 步 20  Bash
      page-09 步 13  Bash
      page-11 步  3  Bash
      page-07 步 21  Edit
      page-08 步 14  Edit
      page-10 步 11  Bash
      page-07 步 22  Bash
      page-09 步 14  Read
      page-08 步 15  Bash
      page-10 步 12  Bash
      page-11 步  4  Edit
      page-12 步  3  Write
      page-12 步  4  Bash
      page-11 步  5  Edit
      page-07 步 23  Bash
      page-09 步 15  Bash
      page-11 步  6  Bash
      page-08 步 16  Edit
      page-10 步 13  Edit
      page-10 步 14  Bash
      page-07 步 24  Edit
      page-08 步 17  Bash
      page-11 步  7  Bash
      page-09 步 16  Edit
      page-07 步 25  Bash
      page-12 步  5  Bash
      page-09 步 17  Bash
      page-10 步 15  Edit
      page-08 步 18  Edit
      page-11 步  8  Bash
      page-12 步  6  Edit
      page-07 步 26  Edit
      page-10 步 16  Bash
      page-07 步 27  Bash
  page-07  ✓   28 次调用    5.7 分  selfcheck  9  skill 2  已完成 `page-07.html`，并通过 selfcheck：无脚本错误、加载失败、画布溢出或元素裁切。
      page-08 步 19  Bash
      page-12 步  7  Bash
      page-13 步  1  Read Read Read Read Skill Skill Skill Skill
      page-11 步  9  Bash
      page-10 步 17  Bash
      page-10 步 18  Edit
      page-08 步 20  Edit
      page-09 步 18  Edit
      page-12 步  8  Edit
      page-11 步 10  Bash
      page-08 步 21  Bash
      page-09 步 19  Bash
      page-10 步 19  Bash
  page-08  ✓   22 次调用    4.8 分  selfcheck  9  skill 3  已完成 `page-08.html`，并通过 selfcheck：无 JS 报错、加载失败、越界或裁切问题。
      page-12 步  9  Bash
      page-11 步 11  Edit
      page-09 步 20  Edit
      page-14 步  1  Read Read Read Read Skill Skill Skill Skill
      page-11 步 12  Edit
      page-09 步 21  Bash
      page-11 步 13  Edit
  page-10  ✓   20 次调用    4.5 分  selfcheck  5  skill 3  已完成第 10 页构建与自检。
      page-15 步  1  Read Read Read Read Skill Skill Skill
      page-13 步  2  Write
      page-09 步 22  Bash
      page-12 步 10  Edit
      page-11 步 14  Edit
      page-09 步 23  Bash
      page-13 步  3  Bash
      page-12 步 11  Bash
      page-11 步 15  Bash
      page-12 步 12  Edit
      page-09 步 24  Edit
      page-12 步 13  Bash
      page-11 步 16  Edit
      page-09 步 25  Bash
      page-13 步  4  Edit
  page-09  ✓   26 次调用    5.7 分  selfcheck  9  skill 3  已完成 `page-09.html`，并通过初始、参数极值、复杂地面及重置状态自检。
      page-11 步 17  Bash
      page-14 步  2  Write
      page-13 步  5  Edit
      page-15 步  2  Write
      page-11 步 18  Bash
      page-13 步  6  Bash
      page-12 步 14  Edit
      page-14 步  3  Bash
      page-16 步  1  Read Read Read Read Skill Skill
      page-15 步  3  Bash
      page-12 步 15  Bash
      page-11 步 19  Bash
      page-14 步  4  Edit
      page-13 步  7  Bash
      page-11 步 20  Edit
      page-14 步  5  Edit
      page-16 步  2  Read
      page-12 步 16  Edit
      page-11 步 21  Edit
      page-14 步  6  Edit
      page-12 步 17  Bash
      page-15 步  4  Bash
      page-13 步  8  Edit
      page-11 步 22  Bash
      page-13 步  9  Edit
      page-15 步  5  Bash
      page-12 步 18  Edit
      page-13 步 10  Edit
      page-15 步  6  Bash
      page-14 步  7  Edit
  page-11  ✓   23 次调用    4.8 分  selfcheck  7  skill 2  已完成 `page-11.html`，并通过全部代表性交互状态的 selfcheck。
      page-16 步  3  Write
      page-14 步  8  Bash
      page-12 步 19  Bash
      page-13 步 11  Edit
      page-16 步  4  Bash
      page-15 步  7  Bash
      page-13 步 12  Bash
      page-17 步  1  Read Read Read Read Skill Skill Skill
      page-12 步 20  Edit
      page-14 步  9  Bash
      page-12 步 21  Bash
      page-15 步  8  Bash
      page-16 步  5  Bash
  page-12  ✓   22 次调用    4.8 分  selfcheck  9  skill 2  已完成 `page-12.html`，并通过全部代表性交互状态的 selfcheck。
      page-14 步 10  Bash
      page-17 步  2  Read
      page-14 步 11  Edit
      page-13 步 13  Edit
      page-15 步  9  Edit
      page-16 步  6  Bash
      page-18 步  1  Read Read Read Read Skill Skill Skill
      page-14 步 12  Edit
      page-13 步 14  Bash
      page-15 步 10  Edit
      page-15 步 11  Bash
      page-14 步 13  Edit
      page-13 步 15  Edit
      page-16 步  7  Edit
      page-14 步 14  Bash
      page-15 步 12  Bash
      page-13 步 16  Bash
      page-16 步  8  Bash
  page-13  ✓   17 次调用    3.7 分  selfcheck  5  skill 4  已完成第 13 页构建，并通过 selfcheck。
      page-17 步  3  Write
      page-16 步  9  Bash
      page-14 步 15  Edit
      page-15 步 13  Bash
      page-18 步  2  Write
      page-17 步  4  Bash
      page-19 步  1  Read Read Read Read Skill Skill
      page-15 步 14  Edit
      page-18 步  3  Bash
      page-16 步 10  Bash
      page-15 步 15  Bash
      page-14 步 16  Bash
      page-16 步 11  Edit
      page-14 步 17  Edit
      page-18 步  4  Bash
      page-17 步  5  Bash
      page-15 步 16  Edit
      page-16 步 12  Bash
      page-18 步  5  Bash
      page-14 步 18  Edit
  page-16  ✓   13 次调用    3.0 分  selfcheck  3  skill 2  已完成 `page-16.html`：构建四步技术线框流程图，呈现个体能力触顶后由群体接续放大的过程，并通过最终开放箭头
      page-15 步 17  Bash
      page-14 步 19  Bash
      page-18 步  6  Bash
      page-17 步  6  Bash
      page-20 步  1  Read Read Read Read Skill Skill
      page-15 步 18  Bash
      page-19 步  2  Write
      page-20 步  2  Read
      page-18 步  7  Bash
      page-17 步  7  Bash
      page-14 步 20  Edit
      page-19 步  3  Bash
      page-15 步 19  Bash
      page-14 步 21  Bash
  page-15  ✓   20 次调用    4.3 分  selfcheck  6  skill 3  已完成 `page-15.html`，并通过初始及完整组装状态自检。
      page-17 步  8  Edit
      page-18 步  8  Edit
      page-17 步  9  Bash
      page-21 步  1  Read Read Read Read Skill Skill Skill
      page-18 步  9  Edit
      page-19 步  4  Edit
      page-14 步 22  Bash
      page-18 步 10  Edit
      page-19 步  5  Bash
      page-17 步 10  Edit
      page-17 步 11  Bash
      [page-17] InternalServerError 等 5s 重试 1/8
      page-19 步  6  Bash
      page-14 步 23  Edit
      page-20 步  3  Write
      page-18 步 11  Bash
      page-20 步  4  Bash
      page-19 步  7  Bash
      page-17 步 12  Bash
      page-14 步 24  Bash
      page-20 步  5  Edit
      page-18 步 12  Bash
      page-21 步  2  Write
      page-17 步 13  Bash
      page-19 步  8  Bash
      page-14 步 25  Bash
      page-20 步  6  Bash
      page-18 步 13  Edit
      page-17 步 14  Edit
      page-21 步  3  Bash Bash Bash
      page-19 步  9  Edit
      page-14 步 26  Bash
      page-18 步 14  Edit
      page-20 步  7  Bash
      page-17 步 15  Bash
      page-19 步 10  Bash
      page-14 步 27  Edit
      page-17 步 16  Bash
      page-21 步  4  Edit
      page-18 步 15  Edit
      page-19 步 11  Bash
      page-14 步 28  Bash
      page-18 步 16  Edit
      page-17 步 17  Bash
      page-19 步 12  Bash
      page-20 步  8  Bash
      page-18 步 17  Edit
      page-17 步 18  Read
      page-21 步  5  Bash
      page-17 步 19  Read
      page-18 步 18  Edit
      page-19 步 13  Edit
      page-20 步  9  Edit
      page-14 步 29  Bash
      page-19 步 14  Bash
  page-17  ✓   20 次调用    4.7 分  selfcheck  6  skill 3  
      page-18 步 19  Bash
      page-20 步 10  Bash
      page-21 步  6  Bash
      page-22 步  1  Read Read Read Read Skill Skill
      page-22 步  2  Read
      page-20 步 11  Edit
      page-19 步 15  Edit
      page-21 步  7  Bash
      page-14 步 30  Edit
      page-18 步 20  Edit
      page-19 步 16  Bash
      page-21 步  8  Edit
      page-18 步 21  Bash
      page-14 步 31  Bash
      page-20 步 12  Bash
      page-18 步 22  Bash
      page-14 步 32  Edit
  page-19  ✓   17 次调用    4.1 分  selfcheck  5  skill 2  已完成 `page-19.html`：构建了可拖拽、键盘可操作的 D3 合作育儿网络，并通过初始、添加贡献、移除参与者等
      page-20 步 13  Bash
      page-21 步  9  Bash
      page-18 步 23  Bash
      page-14 步 33  Bash
      page-23 步  1  Read Read Read Read Skill Skill
      page-20 步 14  Bash
  page-14  ✓   34 次调用    7.5 分  selfcheck 13  skill 4  已完成第 14 页构建，并通过 selfcheck。
      page-23 步  2  Read
      page-22 步  3  Write
      page-21 步 10  Bash
      page-18 步 24  Edit
      page-22 步  4  Bash
      page-20 步 15  Edit
      page-18 步 25  Bash
      page-24 步  1  Read Read Read Read Skill Skill Skill
      page-24 步  2  Read
      page-21 步 11  Bash
      page-22 步  5  Bash
      page-18 步 26  Edit
      page-20 步 16  Bash
      page-18 步 27  Bash
      page-21 步 12  Edit
      page-23 步  3  Write
      page-22 步  6  Bash
      page-18 步 28  Bash
      page-20 步 17  Edit
      page-23 步  4  Bash
      page-18 步 29  Bash
      page-21 步 13  Bash Bash Bash
      page-24 步  3  Write
      page-22 步  7  Edit
      page-20 步 18  Bash
      page-18 步 30  Edit
      page-22 步  8  Edit
      page-24 步  4  Bash
      page-23 步  5  Bash
      page-20 步 19  Edit
      page-18 步 31  Bash
      page-21 步 14  Bash
      page-22 步  9  Bash
      page-20 步 20  Bash
      page-21 步 15  Edit
      page-24 步  5  Bash
      page-20 步 21  Edit
      page-23 步  6  Bash
      page-21 步 16  Bash Bash Bash
      page-20 步 22  Bash
  page-18  ✓   32 次调用    6.6 分  selfcheck  9  skill 3  已完成 `page-18.html`，并通过初始、交互边界及重置状态的 selfcheck。
      page-22 步 10  Edit
  page-20  ✓   23 次调用    5.1 分  selfcheck  8  skill 2  已完成 `page-20.html`：构建六步语言传递流程、三栏通信游戏、拖拽与键盘重建、一次澄清纠错、分类反馈及重置，
      page-23 步  7  Bash
      page-26 步  1  Read Read Read Read Skill Skill
      page-22 步 11  Edit
      page-24 步  6  Bash
      page-21 步 17  Edit
      page-25 步  1  Read Read Read Read Skill
      page-21 步 18  Bash
      page-22 步 12  Bash
      page-23 步  8  Read
      page-25 步  2  Read
      page-23 步  9  Read
      page-24 步  7  Bash
      page-21 步 19  Edit
      page-22 步 13  Bash
      page-24 步  8  Edit
      page-22 步 14  Bash
      page-24 步  9  Edit
      page-23 步 10  Edit
      page-21 步 20  Bash Bash
      page-26 步  2  Write
      page-23 步 11  Bash
      page-26 步  3  Bash
      page-22 步 15  Edit
      page-24 步 10  Edit
      page-25 步  3  Write
      page-26 步  4  Bash
      page-23 步 12  Edit
      page-25 步  4  Bash
      page-22 步 16  Bash
      page-21 步 21  Edit
      page-23 步 13  Bash
      page-24 步 11  Edit
      page-24 步 12  Edit
  page-22  ✓   17 次调用    3.6 分  selfcheck  4  skill 2  已完成第 22 页构建，并通过全部代表性交互状态的 selfcheck 检查。
  page-23  ✓   14 次调用    3.0 分  selfcheck  5  skill 2  已完成 `page-23.html`：构建科研共同体台账、角色拖放与键盘分配、错置反馈、完成态及重置功能。自检已通过。
      page-24 步 13  Bash
      page-28 步  1  Read Read Read Read Skill Skill Skill
      page-26 步  5  Bash
      page-21 步 22  Bash
      page-27 步  1  Read Read Read Read Skill Skill Skill
      page-28 步  2  Bash
      page-25 步  5  Bash
      page-24 步 14  Edit
      page-27 步  2  Bash
      page-26 步  6  Bash
      page-24 步 15  Bash
  page-21  ✓   23 次调用    6.2 分  selfcheck 15  skill 3  已完成 `page-21.html`：构建双条件复刻实验、短绑带迁移检验与动态比较表，并通过初始及完成状态 selfch
      page-25 步  6  Bash
      page-28 步  3  Bash
      page-24 步 16  Bash
      page-27 步  3  Bash
      page-29 步  1  Read Read Read Read Skill Skill Skill
      page-26 步  7  Bash
      page-25 步  7  Edit
      page-24 步 17  Bash
      page-25 步  8  Edit
      page-26 步  8  Bash
      page-24 步 18  Bash
      page-26 步  9  Bash
      page-24 步 19  Edit
      page-26 步 10  Bash
      page-25 步  9  Bash
      page-28 步  4  Write
      page-27 步  4  Write
      page-24 步 20  Bash
      page-28 步  5  Bash
      page-25 步 10  Bash
      page-26 步 11  Bash
      page-29 步  2  Write
      page-24 步 21  Edit
      page-26 步 12  Bash
      page-28 步  6  Bash
      page-27 步  5  Bash
      page-29 步  3  Bash
      page-28 步  7  Bash
      page-25 步 11  Bash
      page-26 步 13  Bash
      page-24 步 22  Bash
      page-29 步  4  Bash
      page-29 步  5  Bash
  page-24  ✓   23 次调用    4.5 分  selfcheck  7  skill 3  已完成 `page-24.html`：构建四层“集体放大器”交互、定性状态反馈与键盘可操作旋钮，并通过全部代表状态自检。
      page-26 步 14  Edit
      page-25 步 12  Edit
      page-30 步  1  Read Read Read Read Skill Skill Skill
      page-25 步 13  Bash
      page-27 步  6  Bash
      page-28 步  8  Edit
      page-29 步  6  Read Read Read
      page-25 步 14  Edit
      page-28 步  9  Bash
      page-30 步  2  Read
      page-26 步 15  Edit
      page-26 步 16  Edit
      page-29 步  7  Bash
      page-27 步  7  Bash
      page-28 步 10  Bash
      page-25 步 15  Bash
      page-29 步  8  Read
      page-26 步 17  Edit
      page-28 步 11  Bash
  page-25  ✓   16 次调用    3.7 分  selfcheck  4  skill 1  已完成第 25 页构建，并通过 selfcheck：无报错、无加载失败、无越界或裁切。
      page-26 步 18  Edit
      page-31 步  1  Read Read Read Read Skill Skill Skill
      page-27 步  8  Edit
      page-26 步 19  Bash
      page-29 步  9  Edit
      page-29 步 10  Edit
      page-29 步 11  Edit
      page-27 步  9  Edit
      page-30 步  3  Write
      page-28 步 12  Edit
      page-29 步 12  Edit
      page-28 步 13  Bash
      page-30 步  4  Bash
      page-29 步 13  Edit
      page-27 步 10  Edit
      page-31 步  2  Write
      page-27 步 11  Edit
      page-28 步 14  Bash
      page-30 步  5  Bash
      page-29 步 14  Edit
      page-30 步  6  Bash
      page-31 步  3  Bash
      page-27 步 12  Edit
  page-28  ✓   15 次调用    3.6 分  selfcheck  4  skill 3  已完成 `page-28.html`，并通过初始状态与完整配对状态的 selfcheck。
      page-27 步 13  Bash
      page-31 步  4  Bash
      page-30 步  7  Bash
      page-29 步 15  Edit
      page-32 步  1  Read Read Read Read Skill Skill Skill Skill
      page-30 步  8  Bash
      page-27 步 14  Edit
      page-31 步  5  Bash
      page-26 步 20  Bash
      page-27 步 15  Bash
      page-29 步 16  Bash
      page-30 步  9  Edit
      page-27 步 16  Bash
      page-32 步  2  Bash
      page-30 步 10  Edit
      page-29 步 17  Edit
      page-32 步  3  Read
      page-27 步 17  Edit
      page-31 步  6  Edit
      page-26 步 21  Bash
      page-30 步 11  Bash
      page-29 步 18  Bash
      page-31 步  7  Edit
      page-27 步 18  Bash
      page-26 步 22  Bash
      page-29 步 19  Bash
      page-31 步  8  Bash
      page-30 步 12  Bash
      page-26 步 23  Edit
      page-30 步 13  Bash
      page-27 步 19  Edit
      page-29 步 20  Edit
      page-31 步  9  Edit
      page-26 步 24  Bash
      page-30 步 14  Edit
      page-27 步 20  Bash
      page-32 步  4  Write
      page-29 步 21  Bash
      page-31 步 10  Bash
  page-27  ✓   21 次调用    5.0 分  selfcheck  5  skill 3  已完成 `page-27.html`，并通过初始、中间及最终交互状态的 selfcheck，自检无报错、溢出或裁切。
  page-29  ✓   22 次调用    4.6 分  selfcheck  5  skill 3  已完成 `page-29.html`，并通过脚本、资源、画布边界与裁切自检。
      page-32 步  5  Bash
      page-30 步 15  Bash
      page-33 步  1  Read Read Read Read Skill Skill Skill
      page-34 步  1  Read Read Read Read Skill Skill
      page-26 步 25  Edit
      page-31 步 11  Edit
      page-34 步  2  Read
      page-26 步 26  Bash
      page-33 步  2  Read
      page-32 步  6  Edit
      page-30 步 16  Edit
  page-26  ✓   27 次调用    6.5 分  selfcheck  5  skill 2  已完成 `page-26.html`：实现六步因果链、可调横向速度的炮弹轨道模拟、发射/暂停/继续/重置、实时读数、落地
      page-35 步  1  Read Read Read Read Skill Skill Skill
      page-32 步  7  Edit
      page-31 步 12  Bash
      page-30 步 17  Bash
      page-30 步 18  Edit
      page-34 步  3  Write
      page-31 步 13  Edit
      page-32 步  8  Bash
      page-30 步 19  Bash
      page-34 步  4  Bash
      page-32 步  9  Edit
      page-31 步 14  Bash
      page-34 步  5  Edit
      page-33 步  3  Write
      page-30 步 20  Edit
      page-34 步  6  Edit
      page-33 步  4  Bash
      page-31 步 15  Edit
      page-35 步  2  Write
      page-32 步 10  Bash
      page-35 步  3  Bash
      page-30 步 21  Bash
      page-34 步  7  Bash
      page-31 步 16  Bash
      page-33 步  5  Bash
      page-32 步 11  Edit
      page-30 步 22  Edit
      page-34 步  8  Read
      page-32 步 12  Bash
      page-33 步  6  Edit
      page-35 步  4  Bash
      page-32 步 13  Edit
      page-31 步 17  Bash
      page-30 步 23  Bash
      page-34 步  9  Bash
      page-33 步  7  Bash
  page-31  ✓   18 次调用    4.3 分  selfcheck  7  skill 3  已完成并通过 selfcheck。
      page-35 步  5  Edit
      page-34 步 10  Bash
      page-32 步 14  Bash
      page-36 步  1  Read Read Read Read Skill Skill
      page-30 步 24  Edit
      page-34 步 11  Bash
      page-36 步  2  Read Bash
      page-35 步  6  Edit
      page-32 步 15  Edit
      page-34 步 12  Bash
      page-33 步  8  Bash
      page-32 步 16  Bash
      page-30 步 25  Bash
      page-36 步  3  Bash
      page-35 步  7  Edit
      page-36 步  4  Bash
      page-34 步 13  Bash
      page-36 步  5  Read
      page-33 步  9  Edit
      page-30 步 26  Edit
      page-35 步  8  Edit
      page-32 步 17  Edit
      page-36 步  6  Bash
      page-34 步 14  Edit
      page-35 步  9  Bash
      page-33 步 10  Bash
      page-34 步 15  Bash
      page-32 步 18  Bash
      page-30 步 27  Bash
      page-35 步 10  Edit
      page-34 步 16  Bash
      page-30 步 28  Edit
      page-35 步 11  Bash
      page-33 步 11  Bash
      page-32 步 19  Edit
      page-34 步 17  Edit
      page-32 步 20  Bash
      page-30 步 29  Bash
      page-32 步 21  Bash
      page-35 步 12  Edit
      page-33 步 12  Bash
      page-34 步 18  Bash
  page-34  ✓   19 次调用    3.3 分  selfcheck  4  skill 2  已完成第 34 页：静态技术线框信息板、航天员主干、四条身体依赖支撑与地球离场标记均已实现。自检通过。
      page-36 步  7  Write
  page-30  ✓   30 次调用    6.6 分  selfcheck 12  skill 3  已完成第 30 页：包含推进剂质量块拖拽与键盘操作、Matter.js 燃烧堆积模拟、实时质量比与理想速度增量比较，以及
      page-33 步 13  Bash
      page-32 步 22  Bash
      page-35 步 13  Bash
      page-33 步 14  Bash
      page-37 步  1  Read Read Read Read Skill Skill
      page-38 步  1  Read Read Read Read Skill Skill Skill
      page-36 步  8  Bash
      page-35 步 14  Edit
      page-37 步  2  Read
      page-35 步 15  Bash
      page-33 步 15  Edit
      page-36 步  9  Bash
      page-32 步 23  Edit
      page-33 步 16  Bash
      page-32 步 24  Bash
      page-38 步  2  Read
      page-33 步 17  Edit
      page-36 步 10  Bash
      page-33 步 18  Bash
  page-35  ✓   16 次调用    3.7 分  selfcheck  6  skill 3  已完成 `page-35.html`，并通过初始、火星、轨道及减少动态状态的 selfcheck 自检。
      page-39 步  1  Read Read Read Read Skill Skill Skill
  page-32  ✓   25 次调用    5.6 分  selfcheck 11  skill 4  已完成第 32 页：轨道会合时机小游戏、六步过程高亮、实时轨道计算、结果反馈与重置均已实现，并通过初始及点火状态自检。
      page-36 步 11  Edit
      page-39 步  2  Read
      page-40 步  1  Read Read Read Read Skill Skill Skill Skill
      page-37 步  3  Write
      page-33 步 19  Edit
      page-39 步  3  Bash
      page-37 步  4  Bash
      page-36 步 12  Edit
      page-33 步 20  Bash
      page-38 步  3  Write
      page-37 步  5  Bash
      page-36 步 13  Bash
      page-37 步  6  Bash
      page-33 步 21  Edit
      page-38 步  4  Bash
      page-36 步 14  Edit
      page-39 步  4  Write
      page-38 步  5  Bash
      page-40 步  2  Write
      page-37 步  7  Bash
      page-36 步 15  Bash
      page-39 步  5  Bash
      page-33 步 22  Bash
  page-36  ✓   16 次调用    3.4 分  selfcheck  3  skill 2  已完成 `page-36.html`，并通过全部代表性交互状态的 selfcheck。
      page-37 步  8  Edit
      page-40 步  3  Bash
      page-38 步  6  Bash
      page-41 步  1  Read Read Read Read Skill Skill
      page-37 步  9  Bash
      page-39 步  6  Edit
      page-33 步 23  Edit
      page-38 步  7  Bash
      page-40 步  4  Bash
      page-38 步  8  Bash
      page-37 步 10  Edit
      page-39 步  7  Bash
      page-40 步  5  Bash
      page-41 步  2  Read
      page-37 步 11  Bash
      page-33 步 24  Bash
      page-39 步  8  Edit
      page-37 步 12  Edit
      page-33 步 25  Edit
      page-38 步  9  Read
      page-40 步  6  Bash
      page-39 步  9  Bash
      page-33 步 26  Bash
      page-37 步 13  Bash
      page-38 步 10  Edit
      page-38 步 11  Edit
      page-39 步 10  Bash
      page-38 步 12  Edit
      page-40 步  7  Bash
      page-37 步 14  Edit
      page-41 步  3  Write
      page-33 步 27  Edit
      page-38 步 13  Edit
      page-37 步 15  Bash
      page-39 步 11  Edit
      page-38 步 14  Edit
      page-41 步  4  Bash
      page-33 步 28  Bash
      page-39 步 12  Bash
      page-40 步  8  Edit
      page-38 步 15  Edit
  page-33  ✓   29 次调用    6.5 分  selfcheck 10  skill 3  已完成 `page-33.html`，并通过 selfcheck：无脚本错误、加载失败、画布越界或元素裁切。
      page-37 步 16  Edit
      page-42 步  1  Read Read Read Read Skill Skill Skill Skill
      page-40 步  9  Edit
      page-41 步  5  Edit
      page-39 步 13  Bash
      page-42 步  2  Read
      page-38 步 16  Bash
      page-37 步 17  Bash
      page-41 步  6  Bash
      page-40 步 10  Bash
      page-39 步 14  Bash
      page-38 步 17  Bash
      page-41 步  7  Bash
  page-37  ✓   18 次调用    3.6 分  selfcheck  8  skill 2  已完成 `page-37.html`：构建了可拖拽、点击及键盘操作的失重反应分类诊断游戏，并通过全部代表性交互状态的 s
      page-40 步 11  Bash
      page-38 步 18  Bash
      page-43 步  1  Read Read Read Read Skill Skill
      page-41 步  8  Bash
      page-43 步  2  Read
      page-38 步 19  Read
      page-39 步 15  Bash
      page-41 步  9  Edit
      page-40 步 12  Edit
      page-38 步 20  Read
      page-41 步 10  Bash
      page-40 步 13  Edit
      page-38 步 21  Edit
      page-43 步  3  Write
      page-39 步 16  Edit
      page-40 步 14  Edit
      page-39 步 17  Bash
      page-42 步  3  Write
      page-41 步 11  Edit
      page-43 步  4  Edit
      page-42 步  4  Bash
      page-38 步 22  Bash
      page-43 步  5  Edit
      page-39 步 18  Edit
      page-41 步 12  Bash
      page-40 步 15  Bash
      page-43 步  6  Edit
      page-39 步 19  Bash
      page-38 步 23  Edit
      page-42 步  5  Bash
      page-43 步  7  Bash
      page-38 步 24  Bash
  page-39  ✓   20 次调用    3.9 分  selfcheck  7  skill 3  已完成 `page-39.html`，并通过 selfcheck：无 JavaScript 报错、加载失败、画布溢出或裁
      page-40 步 16  Bash
      page-41 步 13  Edit
      page-40 步 17  Bash
      page-43 步  8  Bash
      page-42 步  6  Bash
      page-38 步 25  Edit
      page-44 步  1  Read Read Read Read Skill Skill Skill
      page-43 步  9  Bash
      page-38 步 26  Bash
      page-42 步  7  Bash
      page-41 步 14  Edit
      page-44 步  2  Read
  page-38  ✓   27 次调用    5.2 分  selfcheck  5  skill 3  已完成 `page-38.html`，并通过自检：无 JavaScript 报错、资源加载失败、画布越界或元素裁切。
      page-42 步  8  Edit
      page-45 步  1  Read Read Read Read Skill Skill
      page-40 步 18  Edit
      page-41 步 15  Edit
      page-42 步  9  Bash
      page-43 步 10  Edit
      page-41 步 16  Edit
      page-40 步 19  Bash
      page-42 步 10  Edit
      page-41 步 17  Edit
      page-43 步 11  Edit
      page-41 步 18  Bash
      page-42 步 11  Bash
      page-40 步 20  Edit
  page-41  ✓   19 次调用    4.1 分  selfcheck  5  skill 2  已完成 `page-41.html`，并通过 selfcheck：无 JavaScript 报错、资源加载失败、画布溢出
      page-43 步 12  Bash
      page-40 步 21  Bash
      page-44 步  3  Write
      page-46 步  1  Read Read Read Read Skill Skill Skill
      page-45 步  2  Write
  page-40  ✓   22 次调用    5.2 分  selfcheck  5  skill 4  已完成第 40 页：固定种子粒子模拟、四项参数联动、六步过程带、前后态对比、双结果读数及 reduced-motion 
      page-44 步  4  Bash
      page-42 步 12  Bash
      page-43 步 13  Bash
      page-47 步  1  Read Read Read Read Skill Skill Skill
      page-42 步 13  Bash
      page-45 步  3  Bash
      page-42 步 14  Edit
      page-44 步  5  Bash
      page-43 步 14  Edit
      page-44 步  6  Edit
      page-45 步  4  Bash
      page-42 步 15  Bash
      page-43 步 15  Bash
      page-46 步  2  Write
      page-45 步  5  Bash
      page-44 步  7  Bash
      page-46 步  3  Bash
      page-42 步 16  Bash
      page-47 步  2  Write
      page-43 步 16  Bash
      page-42 步 17  Bash
      page-47 步  3  Bash
      page-45 步  6  Bash
      page-44 步  8  Bash
      page-43 步 17  Edit
      page-43 步 18  Bash
      page-46 步  4  Edit
      page-42 步 18  Edit
      page-47 步  4  Edit
      page-44 步  9  Bash
      page-46 步  5  Bash
      page-43 步 19  Edit
      page-45 步  7  Edit
      page-42 步 19  Bash
      page-47 步  5  Bash
      page-44 步 10  Bash
      page-45 步  8  Bash
      page-46 步  6  Bash
      page-43 步 20  Bash
  page-42  ✓   20 次调用    4.5 分  selfcheck  5  skill 4  已完成 `page-42.html`：实现四轮火星栖息地故障管理小游戏、生命支持网络状态传播、维护原则高亮、胜负与重置机
      page-44 步 11  Bash
      page-48 步  1  Read Read Read Read Skill Skill
      page-43 步 21  Edit
      page-47 步  6  Bash
      page-46 步  7  Edit
      page-45 步  9  Edit
      page-43 步 22  Bash
      page-45 步 10  Bash
      page-43 步 23  Edit
      page-44 步 12  Edit
      page-48 步  2  Write
      page-46 步  8  Bash
      page-47 步  7  Bash
      page-45 步 11  Bash
      page-48 步  3  Bash
      page-43 步 24  Bash
      page-44 步 13  Bash
      page-46 步  9  Edit
      page-47 步  8  Bash
      page-45 步 12  Bash
      page-46 步 10  Bash
      page-44 步 14  Bash
      page-48 步  4  Bash
  page-43  ✓   25 次调用    4.8 分  selfcheck  7  skill 2  已完成第 43 页，并通过 selfcheck：无报错、无加载失败、无越界或裁切。
      page-45 步 13  Edit
      page-44 步 15  Edit
      page-45 步 14  Bash
      page-46 步 11  Edit
      page-48 步  5  Bash
      page-46 步 12  Bash
      page-44 步 16  Bash
      page-47 步  9  Bash
      page-47 步 10  Edit
      page-44 步 17  Edit
      page-45 步 15  Bash
      page-46 步 13  Edit
      page-48 步  6  Bash
      page-47 步 11  Bash
      page-48 步  7  Bash
      page-46 步 14  Bash
      page-44 步 18  Bash
      page-45 步 16  Edit
      page-47 步 12  Bash
      page-46 步 15  Edit
      page-45 步 17  Bash
  page-44  ✓   19 次调用    4.6 分  selfcheck  5  skill 3  已完成第 44 页：构建可拖拽、可键盘操作的利益相关者分类矩阵，加入跨列关联线、分布检查、参考关系与重置功能，并通过全部
      page-48 步  8  Bash
      page-46 步 16  Bash
      page-48 步  9  Bash
      page-47 步 13  Edit
      page-47 步 14  Bash
      page-46 步 17  Bash
  page-45  ✓   18 次调用    4.4 分  selfcheck  5  skill 2  已完成 `page-45.html`，并通过初始、完整改写及中间状态自检。
      page-48 步 10  Edit
  page-46  ✓   18 次调用    3.8 分  selfcheck  8  skill 3  已完成 `page-46.html`，并通过 selfcheck：无 JS 报错、加载失败、越界或裁切。
      page-47 步 15  Edit
      page-48 步 11  Edit
      page-47 步 16  Bash
      page-48 步 12  Bash
      page-47 步 17  Edit
      page-47 步 18  Bash
      page-48 步 13  Edit
      page-48 步 14  Bash
  page-47  ✓   19 次调用    4.7 分  selfcheck  7  skill 3  已完成 `page-47.html`：实现四目标并列说明、课堂任务票、D3 实时票数分布、设备锁定、下一轮与清空计数，并
      page-48 步 15  Edit
      page-48 步 16  Bash
      page-48 步 17  Edit
      page-48 步 18  Bash
      page-48 步 19  Edit
      page-48 步 20  Bash
      page-48 步 21  Edit
      page-48 步 22  Bash
      page-48 步 23  Edit
      page-48 步 24  Bash
  page-48  ✓   25 次调用    4.7 分  selfcheck  8  skill 2  已完成 `page-48.html`：以五条等权支撑汇入核心主张，并通过暖色到冷色的水平主干完成全课收束。自检已通过。

  48/48 页交付   墙钟 40.1 分
  每页调用数 13–34,中位 21   合计 1034
  selfcheck 合计 325   Skill 合计 127
  指派 skill 127 项,实际读到 127 项
