
▸ planner · ape-ds
  Apeman – Spaceman  /  90 分钟

  seed         底盘已就位,库 20 个
  lec.js        154.5s  out=20,074 tok   66,660 字符
  lec.js       回复里夹着别的东西,已把产物取出来(66,660 → 11,360 字符)
  ⚠ lec_api 抽不出函数签名(认识两种写法都没匹配上)。退回裸名字 17 个 —— 各页会被迫去读 lec.js 源码。若这一轮慢,先来看这里。
  mount DOM     10 个类名
  PLAN.md       311.2s  out=33,213 tok   58,413 字符
Traceback (most recent call last):
  File "<frozen runpy>", line 198, in _run_module_as_main
  File "<frozen runpy>", line 88, in _run_code
  File "/data1/home/zhuyifan/ws2/Notale/notale-v2/core/planner.py", line 418, in <module>
    main()
  File "/data1/home/zhuyifan/ws2/Notale/notale-v2/core/planner.py", line 413, in main
    plan_run(Run(n.query, n.minutes, n.audience, n.label, n.scenario),
  File "/data1/home/zhuyifan/ws2/Notale/notale-v2/core/planner.py", line 350, in plan_run
    entries = parse_plan(text).entries
              ^^^^^^^^^^^^^^^^
  File "/data1/home/zhuyifan/ws2/Notale/notale-v2/core/artifacts.py", line 164, in parse_plan
    i = next(k for k, l in enumerate(lines) if l.startswith("# "))
        ^^^^^^^^^^^^^^^^^^^^^^^^^^^^^^^^^^^^^^^^^^^^^^^^^^^^^^^^^^
StopIteration
