
▸ builder · ape-g4
  50 页,并发 50,effort=low,skill 清单 9,221 字符

      page-01 步  1  Read Read Read Read Skill Skill
      page-38 步  1  Read Read Read Read Skill Skill Skill
      page-34 步  1  Read Read Read Read Skill
      page-16 步  1  Read Read Read Read Skill
      page-22 步  1  Read Read Read Read Skill
      page-25 步  1  Read Read Read Read Skill Skill
      page-09 步  1  Read Read Read Read Skill
      page-21 步  1  Read Read Read Read Read
      page-47 步  1  Read Read Read Read Skill Skill Skill
      page-26 步  1  Read Read Read Read Skill Skill
      page-50 步  1  Read Read Read Read Skill Skill
      page-29 步  1  Read Read Read Read Skill Skill
      page-28 步  1  Read Read Read Read Skill Read
      page-32 步  1  Read Read Read Read Skill Read
      page-20 步  1  Read Read Read Read Skill Skill
      page-43 步  1  Read Read Read Read Skill Skill
      page-41 步  1  Read Read Read Read Skill Skill Skill
      page-31 步  1  Read Read Read Read Read Skill Skill Skill
      page-46 步  1  Read Read Read Read Skill
      page-15 步  1  Read Read Read Read Read Skill
      page-19 步  1  Read Read Read Read Skill Skill
      page-06 步  1  Read Read Read Read Skill Read
      page-35 步  1  Read Read Read Read Skill Skill Skill
      page-42 步  1  Read Read Read Read Skill Skill
      page-40 步  1  Read Read Read Read Skill
      page-37 步  1  Read Read Read Read Skill Skill
      page-08 步  1  Read Read Read Read Skill Skill Skill
      page-14 步  1  Read Read Read Read Skill Skill
      page-24 步  1  Read Read Read Read Skill Read
      page-07 步  1  Read Read Read Read Skill Read
      page-17 步  1  Read Read Read Read Skill Skill
      page-05 步  1  Read Read Read Read Skill Skill
      page-27 步  1  Read Read Read Read Skill
      page-04 步  1  Read Read Read Read Skill Skill Read
      page-38 步  2  Read
      page-02 步  1  Read Read Read Read Skill
      page-47 步  2  Read
      page-11 步  1  Read Read Read Read Skill
      page-16 步  2  Bash
      page-49 步  1  Read Read Read Read Skill Read
      page-34 步  2  Bash
      page-39 步  1  Read Read Read Read Read Skill
      page-25 步  2  Read
      page-13 步  1  Read Read Read Read Skill
      page-44 步  1  Read Read Read Read Read
      page-30 步  1  Read Read Read Read Read
      page-48 步  1  Read Read Read Read Skill Read
      page-27 步  2  Read
      page-33 步  1  Read Read Read Read Read Skill
      page-42 步  2  Read
      page-40 步  2  Read
      page-03 步  1  Read Read Read Read Skill Read
      page-23 步  1  Read Read Read Read Skill
      page-05 步  2  Read
      page-36 步  1  Read Read Read Read Skill Skill
      page-01 步  2  Read
      page-34 步  3  Bash
      page-10 步  1  Read Read Read Read Skill
      page-18 步  1  Read Read Read Read Read Skill
      page-45 步  1  Read Read Read Read Skill
      page-12 步  1  Read Read Read Read Skill
      page-50 步  2  Read
      page-36 步  2  Read
      page-23 步  2  Read
      page-26 步  2  Read
      page-02 步  2  Read
      page-45 步  2  Read
      page-42 步  3  Bash
      page-29 步  2  Read
      page-16 步  3  Read Bash
      page-41 步  2  Read
      page-14 步  2  Read
      page-19 步  2  Read
      page-48 步  2  Bash
      page-17 步  2  Read
      page-42 步  4  Bash
      page-44 步  2  Bash
      page-32 步  2  Write
      page-30 步  2  Write
      page-28 步  2  Write
      page-02 步  3  Write
      page-42 步  5  Bash
      page-35 步  2  Write
      page-01 步  3  Write
      page-03 步  2  Write
      page-28 步  3  Bash
      page-44 步  3  Bash
      page-43 步  2  Write
      page-25 步  3  Write
      page-13 步  2  Write
      page-50 步  3  Write
      page-12 步  2  Write
      page-30 步  3  Bash
      page-46 步  2  Read
      [page-15] InternalServerError 等 4s 重试 1/8
      page-10 步  2  Write
      page-32 步  3  Bash
      page-03 步  3  Bash
      page-02 步  4  Bash
      page-44 步  4  Read
      page-49 步  2  Write
      page-07 步  2  Write
      page-12 步  3  Bash
      page-13 步  3  Bash
      page-21 步  2  Write
      page-24 步  2  Write
      page-34 步  4  Write
      page-11 步  2  Write
      page-31 步  2  Write
      page-22 步  2  Write
      page-38 步  3  Write
      page-32 步  4  Edit
      page-20 步  2  Write
      page-07 步  3  Bash
      page-09 步  2  Write
      page-23 步  3  Write
      page-27 步  3  Write
  page-02  ✓    5 次调用    1.1 分  selfcheck  1  skill 1  已完成 `page-02.html`，并通过 selfcheck：无 JS 报错、资源加载失败、画布溢出或裁切。
      page-01 步  4  Bash
      page-06 步  2  Write
      page-35 步  3  Bash
      page-11 步  3  Bash
      page-39 步  2  Write
      page-18 步  2  Write
      page-40 步  3  Write
      page-24 步  3  Bash
      page-33 步  2  Write
      page-21 步  3  Bash
      page-25 步  4  Bash
      page-44 步  5  Bash
      page-42 步  6  Read
      page-03 步  4  Edit
      page-05 步  3  Write
      page-32 步  5  Bash
      page-22 步  3  Bash
      page-23 步  4  Bash
      page-12 步  4  Edit
      page-38 步  4  Edit
      page-09 步  3  Bash
      page-17 步  3  Write
      page-47 步  3  Write
      page-10 步  3  Bash
      page-43 步  3  Bash
      page-04 步  2  Write
      page-20 步  3  Bash
      page-08 步  2  Write
      page-26 步  3  Write
      page-03 步  5  Bash
      page-30 步  4  Bash
      page-28 步  4  Edit
      page-42 步  7  Bash
      page-50 步  4  Bash
      page-33 步  3  Bash
      page-12 步  5  Edit
      page-34 步  5  Bash
      page-13 步  4  Edit
      page-29 步  3  Write
      page-16 步  4  Write
      page-26 步  4  Bash
      page-31 步  3  Bash
      page-04 步  3  Bash
      page-38 步  5  Bash
      page-22 步  4  Edit
  page-23  ✓    5 次调用    1.3 分  selfcheck  1  skill 1  已完成 `page-23.html`，并通过 selfcheck：无 JS 报错、资源加载失败、画布溢出或裁切。
      page-25 步  5  Bash
      page-28 步  5  Bash
      page-08 步  3  Bash
      page-11 步  4  Edit
      page-48 步  3  Write
      page-40 步  4  Bash
      page-39 步  3  Bash
      page-17 步  4  Bash
      page-07 步  4  Edit
      page-50 步  5  Edit
      page-35 步  4  Edit
      page-18 步  3  Bash
      page-29 步  4  Bash
      page-22 步  5  Bash
      page-16 步  5  Bash
      page-30 步  5  Bash
      page-13 步  5  Edit
      page-05 步  4  Bash
      page-44 步  6  Bash
      page-27 步  4  Bash
      page-11 步  5  Bash
      page-19 步  3  Write
      page-24 步  4  Edit
      page-48 步  4  Bash
      page-33 步  4  Edit
      page-01 步  5  Edit
      page-34 步  6  Edit
      page-07 步  5  Bash
      page-49 步  3  Bash
      page-09 步  4  Edit
      page-50 步  6  Bash
      page-21 步  4  Bash
      page-06 步  3  Bash
      page-31 步  4  Edit
      page-12 步  6  Bash
      page-47 步  4  Bash
      page-10 步  4  Edit
      page-13 步  6  Bash
      page-39 步  4  Edit
      page-35 步  5  Bash
      page-20 步  4  Edit
      page-34 步  7  Bash
      page-25 步  6  Bash
      page-04 步  4  Edit
      page-09 步  5  Bash
      page-31 步  5  Edit
      page-43 步  4  Edit
      page-27 步  5  Edit
      page-03 步  6  Edit
      page-17 步  5  Edit
      page-05 步  5  Bash
      page-22 步  6  Bash Bash
      page-18 步  4  Edit
      page-08 步  4  Edit
      page-32 步  6  Edit
  page-50  ✓    7 次调用    1.5 分  selfcheck  2  skill 2  已完成 `page-50.html`，并通过 selfcheck：无 JS 报错、资源失败、画布溢出或元素裁切。
      page-41 步  3  Write
      page-37 步  2  Write
      page-20 步  5  Bash
      page-38 步  6  Bash
      page-46 步  3  Write
      page-48 步  5  Edit
      page-07 步  6  Bash Bash Bash
      page-40 步  5  Edit
      page-11 步  6  Read
      page-43 步  5  Bash
      page-31 步  6  Edit
      page-36 步  3  Write
      page-01 步  6  Bash
      page-24 步  5  Edit
      page-30 步  6  Bash
      page-19 步  4  Edit
      page-08 步  5  Bash
      page-13 步  7  Edit
      page-18 步  5  Edit
      page-16 步  6  Edit
      page-47 步  5  Edit
      page-28 步  6  Edit
      page-33 步  5  Bash
      page-45 步  3  Write
      page-46 步  4  Bash
      page-37 步  3  Bash
      page-32 步  7  Bash
      page-21 步  5  Edit
      page-11 步  7  Edit
      page-25 步  7  Bash
      page-06 步  4  Edit
      page-29 步  5  Bash
      page-12 步  7  Read
      page-41 步  4  Bash
      page-10 步  5  Bash
      page-13 步  8  Edit
      page-20 步  6  Edit
      page-34 步  8  Edit
      page-48 步  6  Edit
      page-40 步  6  Edit
  page-22  ✓    7 次调用    1.7 分  selfcheck  4  skill 1  已完成第 22 页构建，并通过初始、交互及重置状态自检。
      page-36 步  4  Bash
      page-39 步  5  Edit
      page-30 步  7  Read
      page-28 步  7  Bash
      page-38 步  7  Edit
      page-24 步  6  Bash
      page-45 步  4  Bash
      page-35 步  6  Edit
      page-49 步  4  Edit
      page-27 步  6  Bash
      page-05 步  6  Read
      page-25 步  8  Edit
      page-46 步  5  Edit
      page-03 步  7  Bash
      page-09 步  6  Bash Bash Bash
      page-29 步  6  Read
      page-04 步  5  Edit
      page-34 步  9  Bash
      page-30 步  8  Bash
      page-44 步  7  Bash
      page-20 步  7  Edit
      page-19 步  5  Bash
      page-01 步  7  Edit
      page-49 步  5  Bash
      page-17 步  6  Edit
      page-26 步  5  Edit
      page-35 步  7  Edit
      page-16 步  7  Edit
      page-40 步  7  Edit
      page-31 步  7  Bash
      page-36 步  5  Edit
  page-45  ✓    5 次调用    1.8 分  selfcheck  1  skill 1  已完成 `page-45.html`，并通过 selfcheck：无 JS 报错、加载失败、越界或裁切。
      page-47 步  6  Edit
      page-13 步  9  Edit
      page-44 步  8  Bash
      page-32 步  8  Bash
      page-29 步  7  Bash
      page-03 步  8  Edit
      page-39 步  6  Bash
      page-21 步  6  Bash
      page-18 步  6  Bash
      page-11 步  8  Edit
      page-15 步  2  Write
      page-43 步  6  Edit
      page-40 步  8  Bash
      page-46 步  6  Bash
      page-17 步  7  Edit
  page-33  ✓    6 次调用    1.9 分  selfcheck  2  skill 1  已完成第 33 页构建：实现了以人体线框为中心的“防护／供给／协作”技术依赖拔插板，支持拖动、点击、键盘按钮与一键恢复，
      page-26 步  6  Edit
      page-25 步  9  Bash
      page-48 步  7  Bash
      page-06 步  5  Edit
      page-36 步  6  Bash
      page-41 步  5  Bash
      page-24 步  7  Edit
      page-37 步  4  Bash
      page-05 步  7  Bash
      page-12 步  8  Edit
  page-07  ✓    7 次调用    1.9 分  selfcheck  5  skill 1  已完成 `page-07.html`，并通过初始、成功、断链与重置状态自检。
      page-47 步  7  Edit
      page-31 步  8  Bash
      page-29 步  8  Read
      page-32 步  9  Read Read
      page-38 步  8  Edit
      page-27 步  7  Edit
      page-30 步  9  Read
      page-42 步  8  Write
      page-49 步  6  Edit
      page-10 步  6  Edit
      page-47 步  8  Bash
      page-16 步  8  Bash
      page-12 步  9  Edit
      page-37 步  5  Edit
  page-09  ✓    7 次调用    2.0 分  selfcheck  5  skill 1  已完成第 9 页构建，并通过初始、中间、边界及全部维度查看状态的 selfcheck。
      page-19 步  6  Edit
      page-35 步  8  Edit
      page-15 步  3  Bash
      page-08 步  6  Read
  page-34  ✓   10 次调用    2.1 分  selfcheck  3  skill 1  已完成 `page-34.html`，并通过 selfcheck：无 JS 报错、资源加载失败、画布溢出或裁切。
      page-28 步  8  Edit
      page-06 步  6  Edit
      page-17 步  8  Edit
      page-20 步  8  Bash
      page-42 步  9  Bash
      page-31 步  9  Bash
      page-05 步  8  Edit
      page-13 步 10  Edit
      page-41 步  6  Bash
      page-04 步  6  Edit
      page-49 步  7  Bash
      page-40 步  9  Edit
      page-38 步  9  Edit
      page-10 步  7  Edit
      page-24 步  8  Edit
      page-37 步  6  Edit
      page-11 步  9  Bash
      page-39 步  7  Edit
      page-26 步  7  Edit
      page-19 步  7  Edit
      page-03 步  9  Bash
      page-17 步  9  Bash
      page-12 步 10  Bash
      page-35 步  9  Edit
      page-43 步  7  Bash
      page-16 步  9  Edit
      page-38 步 10  Bash
      page-04 步  7  Bash
      page-01 步  8  Bash
      page-48 步  8  Edit
      page-21 步  7  Bash
      page-28 步  9  Bash
      page-44 步  9  Bash
      page-46 步  7  Edit
      page-49 步  8  Edit
      page-39 步  8  Bash
      page-10 步  8  Edit
      page-06 步  7  Bash
      page-47 步  9  Bash
      page-31 步 10  Edit
      page-35 步 10  Edit
      page-37 步  7  Edit
      page-21 步  8  Read
      page-25 步 10  Edit
      page-40 步 10  Bash
      page-29 步  9  Edit
      page-18 步  7  Edit
      page-17 步 10  Bash
      page-13 步 11  Edit
      page-24 步  9  Edit
      page-41 步  7  Bash
      page-20 步  9  Bash Bash Bash Bash
      page-32 步 10  Edit
  page-01  ✓    9 次调用    2.3 分  selfcheck  3  skill 2  已完成 `page-01.html`，并通过 selfcheck：无 JS 报错、资源失败、画布溢出或元素裁切。
      page-10 步  9  Bash
      page-42 步 10  Edit
      page-46 步  8  Edit
      page-31 步 11  Edit
      page-19 步  8  Bash
      page-37 步  8  Bash
      page-29 步 10  Edit
      page-26 步  8  Edit
      page-04 步  8  Edit
      page-44 步 10  Bash
      page-03 步 10  Edit
      page-27 步  8  Edit
  page-12  ✓   11 次调用    2.4 分  selfcheck  3  skill 1  已完成 `page-12.html`，并通过 selfcheck：无 JS 报错、加载失败、画布溢出或裁切。
      page-41 步  8  Bash
      page-39 步  9  Edit
      page-36 步  7  Bash
      page-05 步  9  Bash
      page-31 步 12  Edit
      page-32 步 11  Bash
      page-43 步  8  Edit
      page-13 步 12  Edit
      page-38 步 11  Read
      page-06 步  8  Bash
      page-27 步  9  Bash
      page-14 步  3  Write
      page-26 步  9  Edit
      page-03 步 11  Bash
      page-28 步 10  Edit
      page-16 步 10  Bash
      page-48 步  9  Bash
      page-36 步  8  Bash
      page-46 步  9  Bash
      page-17 步 11  Read
      page-30 步 10  Edit
      page-24 步 10  Bash
      page-49 步  9  Bash Bash Bash
      page-35 步 11  Bash
      page-08 步  7  Edit Edit Edit Edit
      page-11 步 10  Bash Bash Bash
      page-31 步 13  Bash
      page-43 步  9  Edit
      page-28 步 11  Bash
      page-21 步  9  Edit
      page-05 步 10  Bash
      page-04 步  9  Bash
      page-26 步 10  Edit
  page-47  ✓   10 次调用    2.5 分  selfcheck  3  skill 3  已完成 `page-47.html`：构建六步跨代流程、PixiJS 群体分布模拟、三组条件对照、种子切换与重置，并通过
  page-40  ✓   11 次调用    2.5 分  selfcheck  3  skill 1  已完成 `page-40.html`：构建 Matter.js 同步骨肌负荷器、逐行对照矩阵、情景切换、观察时间推进与重
      page-13 步 13  Bash
      page-41 步  9  Edit
      page-25 步 11  Bash
      page-42 步 11  Edit
      page-10 步 10  Edit
      page-15 步  4  Edit
      page-19 步  9  Edit
      page-32 步 12  Bash Bash Bash
      page-30 步 11  Edit
      page-37 步  9  Bash
      page-17 步 12  Bash
      page-36 步  9  Edit
      page-21 步 10  Edit
      page-24 步 11  Bash
      page-43 步 10  Edit
      page-46 步 10  Bash Bash Bash
      page-29 步 11  Edit
      page-39 步 10  Bash
  page-16  ✓   11 次调用    2.6 分  selfcheck  3  skill 1  已完成 `page-16.html`，并通过初始状态、完整组合及重置状态自检。
      page-18 步  8  Bash
      page-31 步 14  Bash
      page-42 步 12  Bash
      page-14 步  4  Bash
      page-19 步 10  Bash
      page-10 步 11  Bash
      page-06 步  9  Read
      page-15 步  5  Bash
  page-20  ✓   10 次调用    2.7 分  selfcheck  7  skill 2  已完成 `page-20.html`，并通过初始、错误归类、越界结论、完成及重置状态自检。
      page-37 步 10  Bash
      page-38 步 12  Bash
      page-08 步  8  Bash
  page-13  ✓   14 次调用    2.7 分  selfcheck  3  skill 1  已完成 `page-13.html`，并通过初始、重置及键盘交互状态自检。
      page-17 步 13  Read
      page-29 步 12  Edit
      page-05 步 11  Read
  page-49  ✓   10 次调用    2.7 分  selfcheck  6  skill 1  已完成 `page-49.html`，并通过初始、交互反馈与重置状态自检。
      page-06 步 10  Read
  page-32  ✓   13 次调用    2.7 分  selfcheck  7  skill 1  已完成第 32 页，并通过初始、边界、测试与重置状态自检。
  page-24  ✓   12 次调用    2.8 分  selfcheck  4  skill 1  已完成第 24 页构建，并通过初始、中间及完成状态自检。
      page-30 步 12  Bash
      page-26 步 11  Edit
      page-36 步 10  Bash
      page-48 步 10  Bash Bash Bash
      page-35 步 12  Bash
  page-42  ✓   13 次调用    2.8 分  selfcheck  3  skill 2  已完成 `page-42.html`，并通过 selfcheck：无 JS 报错、加载失败、越界或裁切。
      page-18 步  9  Bash
      page-28 步 12  Edit
      page-27 步 10  Edit
  page-11  ✓   11 次调用    2.8 分  selfcheck  6  skill 1  已完成 `page-11.html`，并通过初始、错误旁路、顺序错误及完整因果链状态自检。
      page-39 步 11  Bash Bash Bash
      page-06 步 11  Bash
      page-17 步 14  Read
      page-05 步 12  Bash
      page-41 步 10  Edit
      page-43 步 11  Bash
      page-03 步 12  Edit
      page-21 步 11  Bash
      page-31 步 15  Bash
      page-04 步 10  Edit
      page-15 步  6  Edit
      page-28 步 13  Bash
      page-14 步  5  Edit
      page-38 步 13  Read
      page-44 步 11  Write
      page-25 步 12  Edit
      page-10 步 12  Edit
      page-18 步 10  Edit
      page-03 步 13  Edit
      page-29 步 13  Edit
      page-37 步 11  Bash
      page-31 步 16  Bash
      page-15 步  7  Bash
  page-48  ✓   11 次调用    3.0 分  selfcheck  6  skill 1  已完成第 48 页构建，并通过初始及代表性交互状态自检。
      page-05 步 13  Edit
      page-30 步 13  Edit
  page-46  ✓   11 次调用    3.0 分  selfcheck  6  skill 1  已完成第 46 页构建，并通过初始、错误归位、部分归位及完成状态自检。
      page-14 步  6  Bash
      page-44 步 12  Bash
      page-26 步 12  Bash
      page-25 步 13  Edit
  page-39  ✓   12 次调用    3.0 分  selfcheck  7  skill 1  已完成第 39 页互动讲义，并通过初始、分拣中间、全部完成、错误投放与重置状态自检。
      page-17 步 15  Edit
      page-19 步 11  Edit
      page-18 步 11  Edit
      page-06 步 12  Read
      page-08 步  9  Edit Edit Edit
      page-29 步 14  Edit
      page-41 步 11  Bash
      page-30 步 14  Edit
      page-37 步 12  Bash
  page-36  ✓   11 次调用    3.1 分  selfcheck  5  skill 2  已完成第 36 页构建，并通过初始状态、回路完成状态与回收情景自检。
      page-27 步 11  Bash
      page-15 步  8  Bash
      page-38 步 14  Edit
      page-04 步 11  Edit
      page-03 步 14  Edit
      page-10 步 13  Bash
      page-43 步 12  Bash Bash Bash
      page-31 步 17  Bash
      page-29 步 15  Bash
      page-26 步 13  Edit
      page-35 步 13  Edit
      page-30 步 15  Bash Bash Bash
      page-28 步 14  Edit
      page-06 步 13  Edit
      page-41 步 12  Bash
      page-03 步 15  Edit
      page-14 步  7  Edit
      page-37 步 13  Bash
      page-18 步 12  Bash
      page-26 步 14  Bash
      page-19 步 12  Bash
      page-29 步 16  Edit
      page-17 步 16  Edit
      page-05 步 14  Edit
      page-21 步 12  Edit
      page-06 步 14  Bash
      page-08 步 10  Bash
  page-43  ✓   13 次调用    3.3 分  selfcheck  7  skill 2  已完成第 43 页构建，并通过初始、交互边界及重置状态自检。
      page-27 步 12  Bash
      page-37 步 14  Bash
      page-15 步  9  Edit
      page-38 步 15  Edit
      page-03 步 16  Edit
      page-17 步 17  Bash
      page-31 步 18  Edit
      page-04 步 12  Edit
      page-29 步 17  Bash
      page-21 步 13  Edit
      page-25 步 14  Edit
  page-19  ✓   13 次调用    3.4 分  selfcheck  4  skill 2  已完成第 19 页构建，并通过初始状态及代表性交互状态自检。
      page-06 步 15  Bash
      page-44 步 13  Edit
      page-18 步 13  Edit
      page-35 步 14  Bash
  page-27  ✓   13 次调用    3.4 分  selfcheck  5  skill 1  已完成 `page-27.html`：实现可拖动、键盘可操作的折纸传递链，支持教学、修正、保存条件切换、固定种子重跑、结
      page-31 步 19  Edit
      page-04 步 13  Bash
      page-21 步 14  Edit
      page-26 步 15  Edit
      page-25 步 15  Edit
  page-10  ✓   14 次调用    3.5 分  selfcheck  5  skill 1  已完成 `page-10.html`，并通过初始、末张及完成状态自检。
      page-15 步 10  Bash
  page-06  ✓   16 次调用    3.5 分  selfcheck  4  skill 1  已完成第 6 页构建，并通过初始及全部分支点亮状态的 selfcheck。
      page-28 步 15  Bash      page-30 步 16  Bash

      page-14 步  8  Bash
      page-37 步 15  Bash
      page-18 步 14  Bash
      page-31 步 20  Edit
      page-38 步 16  Edit
      page-03 步 17  Edit
  page-17  ✓   18 次调用    3.5 分  selfcheck  3  skill 2  已完成第 17 页构建，并通过初始与交互状态自检。
      page-05 步 15  Edit Edit Edit
      page-25 步 16  Bash
      page-35 步 15  Edit
      page-44 步 14  Edit
      page-37 步 16  Bash
      page-21 步 15  Edit
      page-30 步 17  Bash
      page-41 步 13  Edit
      page-05 步 16  Bash
      page-14 步  9  Edit
      page-44 步 15  Bash
      page-29 步 18  Edit
      page-15 步 11  Bash
      page-25 步 17  Edit
      page-28 步 16  Edit
      page-08 步 11  Edit
      page-03 步 18  Edit
      page-04 步 14  Edit
      page-18 步 15  Bash
      page-31 步 21  Bash
      page-38 步 17  Bash
      page-41 步 14  Bash
      page-08 步 12  Bash
      page-04 步 15  Bash
      page-05 步 17  Edit
      page-26 步 16  Bash
      page-03 步 19  Edit
      page-37 步 17  Edit
      page-35 步 16  Bash
      page-15 步 12  Edit
      page-30 步 18  Edit
      page-29 步 19  Bash
      page-05 步 18  Edit
      page-14 步 10  Bash
      page-25 步 18  Bash
      page-28 步 17  Bash
      page-18 步 16  Read
      page-41 步 15  Bash
      page-21 步 16  Edit
      page-04 步 16  Bash
      page-15 步 13  Bash
      page-03 步 20  Bash
      page-08 步 13  Edit
  page-29  ✓   20 次调用    4.0 分  selfcheck  4  skill 2  已完成 `page-29.html`：构建六阶段外部记忆接力流程、D3 双轨信息可视化、记录方案与失真率交互、校验反馈及
      page-44 步 16  Edit
      page-38 步 18  Bash
      page-04 步 17  Read
      page-37 步 18  Edit
      page-14 步 11  Edit
      page-31 步 22  Bash
      page-25 步 19  Bash Bash Bash Bash
      page-03 步 21  Bash
      page-30 步 19  Edit
      page-15 步 14  Bash
      page-14 步 12  Bash
  page-26  ✓   17 次调用    4.2 分  selfcheck  4  skill 2  已完成 `page-26.html`，并通过初始、击打及重置状态自检。
      page-44 步 17  Bash
      page-18 步 17  Edit
      page-35 步 17  Edit
      page-08 步 14  Edit
      page-21 步 17  Edit
      page-28 步 18  Edit
      page-41 步 16  Read
      page-03 步 22  Bash
  page-15  ✓   15 次调用    4.3 分  selfcheck  7  skill 1  已完成第 15 页构建，并通过初始、情景切换、强度边界与重置状态自检。
      page-05 步 19  Bash
      page-30 步 20  Bash
      page-38 步 19  Read
      page-28 步 19  Bash
      page-31 步 23  Bash
      page-44 步 18  Bash
  page-25  ✓   20 次调用    4.5 分  selfcheck  9  skill 2  已完成第 25 页构建，并通过初始、边界、食物切换、咀嚼与重置状态自检。
      page-08 步 15  Bash
      page-37 步 19  Edit
      page-14 步 13  Edit
      page-35 步 18  Bash
  page-30  ✓   21 次调用    4.5 分  selfcheck  8  skill 0  已完成 `page-30.html`，并通过默认、人数上限与下限状态自检。
      page-21 步 18  Bash
      page-41 步 17  Edit
      page-04 步 18  Read
      page-44 步 19  Bash
      page-18 步 18  Edit
      page-38 步 20  Bash
      page-28 步 20  Edit
      page-03 步 23  Edit
      page-37 步 20  Bash
      page-31 步 24  Edit
      page-21 步 19  Bash
      page-38 步 21  Bash
  page-05  ✓   20 次调用    4.8 分  selfcheck  4  skill 2  已完成第 5 页：实现 Konva 六卡片分类交互、键盘操作、即时反馈、重置，以及完成后的 D3 嵌套分类摘要。初始态、
      page-04 步 19  Bash
      page-28 步 21  Edit
      page-14 步 14  Edit
  page-35  ✓   19 次调用    4.8 分  selfcheck  6  skill 3  已完成 `page-35.html`，并通过初始、最大破口及重置状态自检。
      page-08 步 16  Edit
      page-31 步 25  Edit
  page-37  ✓   21 次调用    4.9 分  selfcheck  3  skill 2  已完成 `page-37.html`，并通过初始、切换舱内、切回舱外三种状态的 selfcheck。
      page-44 步 20  Edit
      page-03 步 24  Bash
      page-14 步 15  Bash
  page-21  ✓   20 次调用    4.9 分  selfcheck  5  skill 0  已完成第 21 页互动生命周期比较图、对齐维度表、动态模型结果与依赖期滑块，并通过初始、边界及重置状态自检。
      page-04 步 20  Read
      page-18 步 19  Bash
      page-28 步 22  Bash
      page-41 步 18  Edit
      page-08 步 17  Bash
      page-31 步 26  Edit
      page-44 步 21  Bash
      page-38 步 22  Read
  page-08  ✓   18 次调用    5.1 分  selfcheck  7  skill 3  已完成 `page-08.html`：构建 PixiJS 跨代群体模拟器、六步流程高亮、环境偏向与预测交互、连续繁殖和同
      page-41 步 19  Edit
      page-18 步 20  Read
      page-04 步 21  Edit
      page-18 步 21  Edit
      page-31 步 27  Bash
      page-28 步 23  Edit
      page-38 步 23  Read
      page-41 步 20  Edit
      page-44 步 22  Edit
  page-03  ✓   25 次调用    5.3 分  selfcheck  9  skill 1  已完成 `page-03.html`：构建了 D3 双尺度时间尺、共享拖动游标、键盘操作、事件节点反馈、跨度与每像素时间
      page-14 步 16  Edit
      page-18 步 22  Bash
      page-04 步 22  Edit
      page-28 步 24  Bash
      page-38 步 24  Bash
      page-04 步 23  Edit
      page-41 步 21  Bash
      page-28 步 25  Read
  page-18  ✓   23 次调用    5.6 分  selfcheck  7  skill 1  已完成第 18 页构建，并通过初始、估计、对照与重置状态自检。
      page-44 步 23  Bash
      page-04 步 24  Edit
      page-14 步 17  Bash
  page-31  ✓   28 次调用    5.7 分  selfcheck  6  skill 3  已完成第 31 页构建，并通过初始、跨季交互及重置状态自检。
      page-38 步 25  Bash
      page-28 步 26  Edit
      page-41 步 22  Bash
      page-44 步 24  Bash
      page-14 步 18  Edit
      page-04 步 25  Bash
      page-28 步 27  Bash
      page-41 步 23  Edit
      page-14 步 19  Edit
      page-38 步 26  Edit
  page-44  ✓   25 次调用    6.0 分  selfcheck  8  skill 0  已完成第 44 页互动质量账本，并通过初始、边界、情景切换与基线恢复状态自检。
      page-41 步 24  Edit
      page-14 步 20  Bash
      page-04 步 26  Edit
      page-38 步 27  Bash
      page-28 步 28  Edit
      page-04 步 27  Edit
      page-41 步 25  Bash
      page-14 步 21  Edit
      page-38 步 28  Bash
  page-41  ✓   26 次调用    6.6 分  selfcheck  6  skill 3  已完成 `page-41.html`，并通过初始、边界、换种子、暂停及复位状态自检。
      page-28 步 29  Bash
      page-04 步 28  Edit
      page-14 步 22  Bash
      page-04 步 29  Bash
  page-38  ✓   29 次调用    6.8 分  selfcheck  7  skill 3  已完成第 38 页互动轨道投球小游戏，并通过 selfcheck。
      page-28 步 30  Edit
      page-14 步 23  Bash Bash Bash
      page-04 步 30  Edit
      page-28 步 31  Bash
  page-14  ✓   24 次调用    7.2 分  selfcheck 12  skill 2  已完成 `page-14.html`：包含 Matter.js 步态重心挑战、六步同步流程、实时物理读数、键盘与指针操作
      page-04 步 31  Edit
      page-04 步 32  Bash
      page-28 步 32  Edit
      page-28 步 33  Bash
      page-04 步 33  Edit
      page-04 步 34  Edit
      page-28 步 34  Edit
      page-04 步 35  Bash
      page-28 步 35  Bash
      page-04 步 36  Bash
  page-28  ✓   36 次调用    8.6 分  selfcheck 16  skill 1  已完成 `page-28.html`，并通过 selfcheck：无 JS 报错、资源加载失败、画布溢出或元素裁切。
      page-04 步 37  Edit
      page-04 步 38  Bash
      page-04 步 39  Bash
      page-04 步 40  Edit
      page-04 步 41  Bash
  page-04  ✓   42 次调用   10.0 分  selfcheck 11  skill 2  已完成第 4 页构建，并通过初始态、中间态与末秒放大态自检。

  50/50 页交付   墙钟 10.0 分
  每页调用数 5–42,中位 13   合计 775
  selfcheck 合计 266   Skill 合计 74
  指派 skill 74 项,实际读到 74 项

[1m▸ 覆盖闸[0m  ape-g4/pages
  规划 50 页,交付 50 页  (页表)
  锚点: kicker 29/50   标题 0/50   take 0/50
  [31m✗ kicker 没出现在页面上: page-15[0m
  时长: PLAN 第 0 节没有带分钟的章表,跳过
  逐页停留: 50 页齐全,合计 5400 秒  中位 115 秒
  无交互名册 7 页: 01 02 12 23 34 45 50  [31m✗ 其中 page-34 超过 60 秒[0m
  [31m1 类硬判不过[0m
