
▸ builder · ape-gpt
  18 页,并发 6,effort=medium,skill 清单 9,221 字符

      page-04 步  1  parallel
      page-01 步  1  Skill Skill Bash
      page-05 步  1  Read Read Read Skill Read
      page-03 步  1  Read Read Read Skill
      page-01 步  2  Read Read Read Read Read Read Read
      page-06 步  1  Read Read Read Skill
      page-04 步  2  Read
      page-02 步  1  Read Read Read Read
      page-03 步  2  Bash
      page-04 步  3  Read
      page-03 步  3  Read
      page-04 步  4  Read
      page-04 步  5  Skill
      page-06 步  2  Read
      page-04 步  6  Skill
      page-03 步  4  Bash
      page-03 步  5  Read
      page-04 步  7  Read
      page-03 步  6  Read
      page-01 步  3  Write
      page-01 步  4  Bash
      page-01 步  5  Bash
      page-03 步  7  Read
      page-02 步  2  Write
      page-05 步  2  Write
      page-03 步  8  Bash
      page-01 步  6  Bash
      page-02 步  3  Bash
      page-05 步  3  Bash
      page-03 步  9  Read
      page-06 步  3  Write
      page-06 步  4  Bash Bash
      page-03 步 10  Bash
      page-05 步  4  Bash
      page-01 步  7  Edit
      page-03 步 11  Bash
      page-01 步  8  Bash
      page-05 步  5  Bash
      page-03 步 12  Read
      page-02 步  4  Bash
      page-06 步  5  Bash
      page-02 步  5  Bash
  page-01  ✓    9 次调用    2.3 分  selfcheck  2  skill 2  已完成 `page-01.html`，并通过 selfcheck。
      page-07 步  1  Read Read
      page-06 步  6  Bash
      page-04 步  8  Write
      page-05 步  6  Edit
      page-07 步  2  Read Skill
      page-05 步  7  Edit
      page-04 步  9  Bash
      page-06 步  7  Edit
      page-05 步  8  Edit
      page-02 步  6  Edit
      page-07 步  3  Read
      page-06 步  8  Bash Bash Bash
      page-04 步 10  Bash
      page-05 步  9  Edit
      page-03 步 13  Write
      page-02 步  7  Edit
      page-05 步 10  Edit
      page-04 步 11  Read
      page-05 步 11  Edit
      page-04 步 12  Bash
  page-06  ✓    9 次调用    3.2 分  selfcheck  5  skill 1  已完成 `page-06.html`，并通过 selfcheck，自检无报错、加载失败、越界或裁切。
      page-02 步  8  Edit
      page-05 步 12  Edit
      page-08 步  1  Read Read Read Skill
      page-03 步 14  Bash
      page-05 步 13  Bash Bash
      page-08 步  2  Read
      page-02 步  9  Bash
      page-04 步 13  Edit
      page-03 步 15  Bash
      page-07 步  4  Write
      page-04 步 14  Bash
      page-03 步 16  Bash
      page-07 步  5  Bash
      page-05 步 14  Bash
      page-03 步 17  Bash
  page-04  ✓   15 次调用    3.9 分  selfcheck  2  skill 2  已完成 `page-04.html`。
      page-07 步  6  Bash
      page-03 步 18  Edit
      page-09 步  1  Bash Skill Skill
      page-05 步 15  Bash
      page-03 步 19  Bash
      page-02 步 10  Edit
      page-07 步  7  Bash
      page-09 步  2  Read Read Read Read Read Read Read
      page-05 步 16  Edit
      page-03 步 20  Bash
      page-03 步 21  Bash Bash Bash Bash
      page-05 步 17  Edit
      page-02 步 11  Edit
      page-07 步  8  Edit
      page-02 步 12  Bash
      page-09 步  3  Bash
      page-07 步  9  Edit
      page-05 步 18  Edit
      page-09 步  4  Read
      page-05 步 19  Edit
      page-02 步 13  Bash
      page-07 步 10  Edit
      page-05 步 20  Edit
      page-03 步 22  Edit
      page-08 步  3  Write
      page-07 步 11  Bash
      page-08 步  4  Bash
      page-05 步 21  Edit
      page-02 步 14  Bash
  page-07  ✓   12 次调用    2.9 分  selfcheck  2  skill 1  已完成 `page-07.html`，并通过 selfcheck。
      page-05 步 22  Edit
      page-10 步  1  Bash Skill
      page-03 步 23  Edit
      page-02 步 15  Bash
      page-10 步  2  Read Read Read Read Read Read Read Read Read Read
      page-05 步 23  Bash Bash Bash
      page-08 步  5  Bash
      page-03 步 24  Edit
      page-10 步  3  Read Bash
      page-02 步 16  Edit
      page-08 步  6  Bash
      page-03 步 25  Edit
      page-05 步 24  Bash
      page-02 步 17  Edit
      page-10 步  4  Bash
  page-05  ✓   25 次调用    5.9 分  selfcheck  5  skill 1  已完成 `page-05.html`，实现三任务并排比较、姿态示意与可交互判断；自检通过。
      page-09 步  5  Write
      page-02 步 18  Edit
      page-03 步 26  Bash Bash
      page-09 步  6  Bash
      page-10 步  5  Bash
      page-08 步  7  Edit
      page-10 步  6  Read
      page-11 步  1  Read Read Read Skill
      page-02 步 19  Edit
      page-09 步  7  Bash
      page-11 步  2  Read Bash
  page-03  ✓   27 次调用    6.3 分  selfcheck  9  skill 1  已完成 `page-03.html`：包含错误阶梯辨析、可拖拽与键盘操作的分支树、实时拓扑反馈、年代区间计算及 “ape
      page-09 步  8  Read
      page-10 步  7  Read
      page-02 步 20  Edit
      page-11 步  3  Read Read
      page-08 步  8  Edit
      page-10 步  8  Bash
      page-09 步  9  Bash
      page-11 步  4  Bash
      page-12 步  1  Read Read Read Skill
      page-09 步 10  Read
      page-11 步  5  Read Read
      page-02 步 21  Edit
      page-08 步  9  Edit
      page-09 步 11  Bash
      page-12 步  2  Read
      page-02 步 22  Edit
      page-09 步 12  Read
      page-08 步 10  Bash
      page-02 步 23  Bash
      page-08 步 11  Bash
      page-11 步  6  Bash
      page-09 步 13  Edit
      page-11 步  7  Read
      page-09 步 14  Edit
      page-02 步 24  Edit
      page-12 步  3  Write
      page-08 步 12  Edit
      page-09 步 15  Bash
      page-12 步  4  Bash
      page-08 步 13  Edit
      page-08 步 14  Edit
      page-02 步 25  Edit
      page-02 步 26  Bash
      page-09 步 16  Bash Bash Bash Bash
      page-12 步  5  Bash
      page-08 步 15  Bash
      page-12 步  6  Bash
  page-08  ✓   16 次调用    4.9 分  selfcheck  4  skill 1  已完成 `page-08.html`：实现三轮跨代工具优化小游戏，包括独立试错、可靠传承、低精度复制、代际最佳与保留率计
      page-13 步  1  Read Read Read Skill Skill
      page-11 步  8  Write
      page-12 步  7  Bash
  page-09  ✓   17 次调用    4.4 分  selfcheck  6  skill 2  已完成 `page-09.html`，并通过初始、切换、边界、键盘与重置状态自检。
      page-11 步  9  Bash
      page-02 步 27  Bash
      page-14 步  1  Read Read Read Skill
      page-13 步  2  parallel
      page-12 步  8  Bash
      page-13 步  3  Read
      page-11 步 10  Bash Bash
      page-02 步 28  Edit
      page-12 步  9  Edit
      page-13 步  4  Bash
      page-14 步  2  Read Bash
      page-10 步  9  Write
      page-02 步 29  Bash
      page-11 步 11  Read
      page-13 步  5  Bash
      page-14 步  3  Read Read Bash
      page-10 步 10  Bash
      page-13 步  6  Read
      page-12 步 10  Edit
      page-11 步 12  Bash
      page-02 步 30  Edit
      page-14 步  4  Read
      page-10 步 11  Bash
      page-12 步 11  Edit
      page-11 步 13  Bash
      page-10 步 12  Read
      page-12 步 12  Bash
      page-11 步 14  Edit
      page-02 步 31  Bash
  page-12  ✓   13 次调用    3.3 分  selfcheck  2  skill 1  已完成 `page-12.html`，并通过 selfcheck。
      page-13 步  7  Bash
      page-15 步  1  Read Read Read Skill Skill
  page-02  ✓   32 次调用    9.7 分  selfcheck  8  skill 0  已完成 `page-02.html`，三栏假设投票、累计记录与选择反馈均已实现，并通过 selfcheck。
      page-11 步 15  Edit
      page-16 步  1  Bash Skill
      page-10 步 13  Bash
      page-11 步 16  Edit
      page-10 步 14  Bash
      page-15 步  2  Read Bash
      page-11 步 17  Edit
      page-16 步  2  Read Read Read Read Read Read
      page-11 步 18  Bash
      page-16 步  3  Read Read Read Read Read
      page-10 步 15  Edit
      page-15 步  3  Read Bash
      page-15 步  4  Read
      page-10 步 16  Edit
      page-11 步 19  Read
      page-16 步  4  Bash
      page-13 步  8  Write
      page-10 步 17  Bash
      page-13 步  9  Bash
      page-11 步 20  Bash
      page-16 步  5  Bash
      page-16 步  6  Bash
      page-11 步 21  Edit
      page-13 步 10  Bash
      page-16 步  7  Read
      page-11 步 22  Bash
      page-10 步 18  Edit
      page-16 步  8  Bash
      page-10 步 19  Edit
      page-14 步  5  Write
      page-10 步 20  Edit
      page-13 步 11  Edit
      page-11 步 23  Bash Bash
      page-10 步 21  Bash
      page-14 步  6  Bash
      page-13 步 12  Edit
      page-16 步  9  Bash
      page-11 步 24  Edit
      page-13 步 13  Edit
      page-10 步 22  Bash
      page-16 步 10  Read
      page-11 步 25  Edit
      page-14 步  7  Bash
      page-11 步 26  Bash
      page-13 步 14  Edit
      page-10 步 23  Bash Bash
      page-14 步  8  Bash
      page-13 步 15  Edit
  page-11  ✓   27 次调用    6.2 分  selfcheck  7  skill 1  已完成 `page-11.html`。
      page-15 步  5  Write
      page-16 步 11  Bash
      page-17 步  1  Read Read Read Skill Read
      page-13 步 16  Edit
      page-15 步  6  Bash
      page-14 步  9  Edit
      page-13 步 17  Edit
      page-14 步 10  Edit
      page-10 步 24  Edit
      page-15 步  7  Bash
      page-13 步 18  Bash
      page-14 步 11  Bash
      page-10 步 25  Edit
      page-17 步  2  Bash
      page-10 步 26  Bash
      page-14 步 12  Bash Bash Bash Bash
      page-17 步  3  Read
      page-15 步  8  Edit
      page-13 步 19  Bash
      page-10 步 27  parallel
      page-15 步  9  Edit
      page-17 步  4  Read Read Bash
      page-13 步 20  Edit
      page-17 步  5  Read
      page-13 步 21  Edit
      page-10 步 28  Bash
      page-15 步 10  Edit
      page-14 步 13  Edit
      page-17 步  6  Read
      page-13 步 22  Edit
      page-15 步 11  Bash
      page-13 步 23  Edit
      page-15 步 12  Bash
      page-16 步 12  Write
      page-10 步 29  Bash
      page-14 步 14  Edit
      page-16 步 13  Bash
      page-13 步 24  Bash
      page-15 步 13  Read
      page-14 步 15  Edit
  page-10  ✓   30 次调用    9.0 分  selfcheck  8  skill 1  已完成 `page-10.html`，并通过 selfcheck。
      page-14 步 16  Edit
      page-15 步 14  Bash
      page-16 步 14  Edit
      page-18 步  1  Read Read Read
      page-13 步 25  Bash
      page-16 步 15  Edit
      page-18 步  2  Read
      page-14 步 17  Bash Bash Bash
      page-13 步 26  Bash
      page-16 步 16  Bash
      page-15 步 15  Edit
  page-14  ✓   18 次调用    6.4 分  selfcheck  9  skill 1  已完成 `page-14.html`：实现联动资源流图、质量账本、四项调度控件及可复现设备效率下降事件，并已通过自检。
      page-15 步 16  Bash
      page-16 步 17  Bash
      page-13 步 27  Edit
      page-16 步 18  Edit
      page-18 步  3  Write
      page-16 步 19  Edit
      page-15 步 17  Bash
      page-13 步 28  Edit
      page-18 步  4  Bash
      page-16 步 20  Bash
      page-17 步  7  Write
      page-17 步  8  Bash
      page-13 步 29  Edit
      page-18 步  5  Bash
      page-15 步 18  Bash Bash Bash
      page-13 步 30  Bash
      page-15 步 19  Bash
      page-16 步 21  Edit
      page-17 步  9  Bash
      page-18 步  6  Bash
      page-15 步 20  Bash
      page-13 步 31  Edit
      page-16 步 22  Bash
      page-18 步  7  Edit
      page-18 步  8  Bash Bash Bash
      page-13 步 32  Edit
      page-15 步 21  Read Read
      page-17 步 10  Bash
      page-13 步 33  Edit
      page-16 步 23  Edit
      page-15 步 22  Edit
      page-13 步 34  Bash
      page-16 步 24  Bash Bash Bash
      page-15 步 23  Edit
      page-17 步 11  Bash
      page-18 步  9  Edit
      page-18 步 10  Edit
      page-13 步 35  Edit
      page-15 步 24  Edit
      page-18 步 11  Edit
      page-16 步 25  Edit
      page-13 步 36  Edit
      page-17 步 12  Bash
      page-15 步 25  Bash Bash Bash
      page-16 步 26  Edit
      page-13 步 37  Bash
      page-18 步 12  Bash
      page-16 步 27  Bash
  page-13  ✓   38 次调用    9.0 分  selfcheck  8  skill 2  已完成 `page-13.html`：实现火箭载荷预算小游戏、单级/两级实时质量求解、技术剖面反馈及完整键盘操作。自检通
      page-17 步 13  Bash
  page-15  ✓   26 次调用    7.7 分  selfcheck 12  skill 2  已完成第 15 页：固定质量屏蔽布局拖拽、可复现粒子穿透模拟、相对暴露读数、理由提交及键盘操作均已实现。自检通过。
      page-18 步 13  Edit
      page-18 步 14  Edit
      page-16 步 28  Edit
      page-17 步 14  Edit
      page-18 步 15  Bash
      page-16 步 29  Edit
      page-17 步 15  Edit
      page-16 步 30  Bash
      page-17 步 16  Edit
      page-17 步 17  Edit
      page-18 步 16  Edit
      page-17 步 18  Edit
      page-18 步 17  Edit
      page-17 步 19  Bash
      page-18 步 18  Edit
      page-16 步 31  Edit
      page-17 步 20  Edit
      page-18 步 19  Bash
      page-17 步 21  Bash Bash Bash
      page-16 步 32  Edit
      page-18 步 20  Bash Bash Bash
      page-18 步 21  Bash
      page-16 步 33  Bash
      page-17 步 22  Bash Bash Bash
      page-16 步 34  Edit
      page-18 步 22  Bash
      page-16 步 35  Bash Bash Bash
      page-18 步 23  Edit
      page-17 步 23  Bash
      page-18 步 24  Edit
      page-18 步 25  Edit
      page-16 步 36  Edit
      page-18 步 26  Edit
      page-16 步 37  Edit
      page-18 步 27  Edit
      page-17 步 24  Bash
      page-16 步 38  Bash
      page-18 步 28  Edit
  page-17  ✓   25 次调用    8.5 分  selfcheck 11  skill 1  已完成 `page-17.html`：实现可拖拽任务预算分配、键盘等价操作、实时物理指标、可复现事件、硬约束检查、一次重
  page-16  ✓   39 次调用   11.0 分  selfcheck 14  skill 1  已完成。
      page-18 步 29  Edit
      page-18 步 30  Bash Bash Bash
  page-18  ✓   31 次调用    6.8 分  selfcheck 12  skill 0  已完成 `page-18.html`，并通过初始及交互状态自检。

  18/18 页交付   墙钟 21.1 分
  每页调用数 9–39,中位 25   合计 409
  selfcheck 合计 126   Skill 合计 21
  指派 skill 21 项,实际读到 21 项
