
▸ builder · ape-g7
  45 页,并发 50,effort=low,skill 清单 9,221 字符

      page-12 步  1  Read Read Read Read Read Skill
      page-39 步  1  Read Read Read Read Read Skill Skill
      page-24 步  1  Read Read Read Read Read Skill Read
      page-07 步  1  Read Read Read Read Read Skill Skill
      page-15 步  1  Read Read Read Read Read Skill Skill
      page-09 步  1  Read Read Read Read Read Skill
      page-42 步  1  Read Read Read Read Read Skill Skill
      page-30 步  1  Read Read Read Read Read Skill Skill
      page-01 步  1  Read Read Read Read Read Skill Skill
      page-11 步  1  Read Read Read Read Read Skill
      page-04 步  1  Read Read Read Read Read Skill
      page-35 步  1  Read Read Read Read Read Skill Skill
      page-36 步  1  Read Read Read Read Read Read Skill
      page-25 步  1  Read Read Read Read Read Read Skill
      page-43 步  1  Read Read Read Read Read Read
      page-22 步  1  Read Read Read Read Read Skill Read
      page-34 步  1  Read Read Read Read Read Read Skill
      page-41 步  1  Read Read Read Read Read Skill Skill Read
      page-19 步  1  Read Read Read Read Read Skill Skill
      page-29 步  1  Read Read Read Read Read Read Skill
      page-08 步  1  Read Read Read Read Read Skill Skill Read
      page-45 步  1  Read Read Read Read Read Skill Read
      page-10 步  1  Read Read Read Read Read Read Skill
      page-32 步  1  Read Read Read Read Read Read Skill
      page-03 步  1  Read Read Read Read Read Skill Read
      page-38 步  1  Read Read Read Read Read Read
      page-05 步  1  Read Read Read Read Read Skill Skill
      page-12 步  2  Read
      page-42 步  2  Read Read
      page-11 步  2  Read
      page-31 步  1  Read Read Read Read Read Skill Skill
      page-39 步  2  Read Read Bash
      page-44 步  1  Read Read Read Read Read Skill Skill Read
      page-43 步  2  Read
      page-35 步  2  Read Read
      page-04 步  2  Read Read
      page-38 步  2  Read
      page-32 步  2  Read Bash
      page-02 步  1  Read Read Read Read Read Skill
      page-23 步  1  Read Read Read Read Read Skill
      page-36 步  2  Read Bash
      page-16 步  1  Read Read Read Read Read Skill Read
      page-03 步  2  Read
      page-30 步  2  Read Bash
      page-21 步  1  Read Read Read Read Read Read
      page-27 步  1  Read Read Read Read Read Skill
      page-31 步  2  Read Read Bash
      page-26 步  1  Read Read Read Read Read Skill Skill
      page-18 步  1  Read Read Read Read Read Skill
      page-20 步  1  Read Read Read Read Read Skill
      page-40 步  1  Read Read Read Read Read Skill Read
      page-14 步  1  Read Read Read Read Read Skill
      page-37 步  1  Read Read Read Read Read Skill Skill
      page-23 步  2  Read
      page-06 步  1  Read Read Read Read Read Skill Skill
      page-10 步  2  Read Bash
      [page-37] RateLimitError 等 4s 重试 1/8
      [page-06] RateLimitError 等 6s 重试 1/8
      page-02 步  2  Read
      [page-29] RateLimitError 等 6s 重试 1/8
      page-32 步  3  Bash
      [page-42] RateLimitError 等 5s 重试 1/8
      [page-36] RateLimitError 等 6s 重试 1/8
      [page-20] RateLimitError 等 4s 重试 1/8
      [page-32] RateLimitError 等 5s 重试 1/8
      page-33 步  1  Read Read Read Read Read Skill Skill
      [page-09] RateLimitError 等 4s 重试 1/8
      [page-05] RateLimitError 等 4s 重试 1/8
      [page-16] RateLimitError 等 5s 重试 1/8
      page-17 步  1  Read Read Read Read Read Skill Skill Read
      page-21 步  2  Read
      [page-19] RateLimitError 等 6s 重试 1/8
      page-28 步  1  Read Read Read Read Read Skill Skill
      [page-33] RateLimitError 等 4s 重试 1/8
      page-15 步  2  Read Read
      page-39 步  3  Bash
      [page-08] RateLimitError 等 6s 重试 1/8
      page-35 步  3  Bash
      [page-21] RateLimitError 等 6s 重试 1/8
      [page-35] RateLimitError 等 5s 重试 1/8
      [page-28] RateLimitError 等 5s 重试 1/8
      page-01 步  2  Read Bash
      [page-15] RateLimitError 等 4s 重试 1/8
      [page-39] RateLimitError 等 6s 重试 1/8
      [page-01] RateLimitError 等 6s 重试 1/8
      page-13 步  1  Read Read Read Read Read Skill
      [page-13] RateLimitError 等 6s 重试 1/8
      page-27 步  2  Bash
      [page-27] RateLimitError 等 6s 重试 1/8
      page-07 步  2  Read Read Bash
      [page-10] RateLimitError 等 6s 重试 1/8
      [page-37] RateLimitError 等 13s 重试 2/8
      [page-07] RateLimitError 等 4s 重试 1/8
      [page-05] RateLimitError 等 14s 重试 2/8
      [page-17] RateLimitError 等 6s 重试 1/8
      page-25 步  2  Read Bash
      [page-09] RateLimitError 等 19s 重试 2/8
      [page-02] RateLimitError 等 5s 重试 1/8
      [page-38] RateLimitError 等 5s 重试 1/8
      [page-32] RateLimitError 等 17s 重试 2/8
      page-18 步  2  Read Read Bash
      [page-33] RateLimitError 等 18s 重试 2/8
      [page-18] RateLimitError 等 5s 重试 1/8
      [page-15] RateLimitError 等 19s 重试 2/8
      [page-42] RateLimitError 等 18s 重试 2/8
      [page-06] RateLimitError 等 13s 重试 2/8
      [page-29] RateLimitError 等 11s 重试 2/8
      [page-35] RateLimitError 等 14s 重试 2/8
      page-44 步  2  Read
      [page-19] RateLimitError 等 12s 重试 2/8
      [page-36] RateLimitError 等 16s 重试 2/8
      [page-01] RateLimitError 等 18s 重试 2/8
      page-34 步  2  Bash
      [page-04] RateLimitError 等 4s 重试 1/8
      [page-13] RateLimitError 等 18s 重试 2/8
      [page-39] RateLimitError 等 12s 重试 2/8
      [page-07] RateLimitError 等 16s 重试 2/8
      page-31 步  3  Bash
      [page-44] RateLimitError 等 6s 重试 1/8
      [page-14] RateLimitError 等 5s 重试 1/8
      [page-30] RateLimitError 等 4s 重试 1/8
      [page-23] RateLimitError 等 5s 重试 1/8
      [page-31] RateLimitError 等 5s 重试 1/8
      [page-38] RateLimitError 等 17s 重试 2/8
      [page-20] RateLimitError 等 17s 重试 2/8
      [page-27] RateLimitError 等 11s 重试 2/8
      [page-10] RateLimitError 等 19s 重试 2/8
      [page-18] RateLimitError 等 15s 重试 2/8
      [page-16] RateLimitError 等 14s 重试 2/8
      [page-30] RateLimitError 等 16s 重试 2/8
      [page-14] RateLimitError 等 12s 重试 2/8
      [page-31] RateLimitError 等 11s 重试 2/8
      [page-44] RateLimitError 等 15s 重试 2/8
      [page-34] RateLimitError 等 5s 重试 1/8
      [page-28] RateLimitError 等 13s 重试 2/8
      [page-04] RateLimitError 等 11s 重试 2/8
      [page-25] RateLimitError 等 5s 重试 1/8
      page-26 步  2  Read Read
      [page-05] RateLimitError 等 33s 重试 3/8
      [page-06] RateLimitError 等 29s 重试 3/8
      [page-26] RateLimitError 等 5s 重试 1/8
      [page-39] RateLimitError 等 31s 重试 3/8
      [page-21] RateLimitError 等 13s 重试 2/8
      [page-17] RateLimitError 等 15s 重试 2/8
      [page-19] RateLimitError 等 33s 重试 3/8
      [page-35] RateLimitError 等 51s 重试 3/8
      [page-08] RateLimitError 等 14s 重试 2/8
      [page-02] RateLimitError 等 17s 重试 2/8
      [page-29] RateLimitError 等 34s 重试 3/8
      [page-32] RateLimitError 等 28s 重试 3/8
      [page-27] RateLimitError 等 30s 重试 3/8
      [page-25] RateLimitError 等 12s 重试 2/8
      [page-23] RateLimitError 等 16s 重试 2/8
      [page-26] RateLimitError 等 19s 重试 2/8
      [page-07] RateLimitError 等 43s 重试 3/8
      [page-15] RateLimitError 等 50s 重试 3/8
      page-24 步  2  Write
      [page-24] RateLimitError 等 6s 重试 1/8
      [page-13] RateLimitError 等 30s 重试 3/8
      [page-42] RateLimitError 等 45s 重试 3/8
      [page-31] RateLimitError 等 38s 重试 3/8
      [page-16] RateLimitError 等 41s 重试 3/8
      page-43 步  3  Write
      [page-18] RateLimitError 等 47s 重试 3/8
      [page-43] RateLimitError 等 5s 重试 1/8
      [page-36] RateLimitError 等 36s 重试 3/8
      [page-20] RateLimitError 等 37s 重试 3/8
      [page-34] RateLimitError 等 18s 重试 2/8
      [page-37] RateLimitError 等 33s 重试 3/8
      page-12 步  3  Write
      [page-04] RateLimitError 等 42s 重试 3/8
      [page-38] RateLimitError 等 47s 重试 3/8
      [page-10] RateLimitError 等 38s 重试 3/8
      [page-12] RateLimitError 等 6s 重试 1/8
      [page-44] RateLimitError 等 31s 重试 3/8
      page-03 步  3  Write
      [page-24] RateLimitError 等 11s 重试 2/8
      [page-43] RateLimitError 等 18s 重试 2/8
      [page-03] RateLimitError 等 4s 重试 1/8
      [page-14] RateLimitError 等 36s 重试 3/8
      [page-33] RateLimitError 等 35s 重试 3/8
      [page-28] RateLimitError 等 51s 重试 3/8
      page-45 步  2  Write
      page-11 步  3  Write
      [page-45] RateLimitError 等 6s 重试 1/8
      [page-12] RateLimitError 等 13s 重试 2/8
      page-40 步  2  Write
      [page-08] RateLimitError 等 31s 重试 3/8
      [page-17] RateLimitError 等 33s 重试 3/8
      [page-25] RateLimitError 等 35s 重试 3/8
      [page-01] RateLimitError 等 44s 重试 3/8
      [page-03] RateLimitError 等 14s 重试 2/8
      page-41 步  2  Write
      [page-09] RateLimitError 等 44s 重试 3/8
      [page-41] RateLimitError 等 4s 重试 1/8
      [page-02] RateLimitError 等 34s 重试 3/8
      [page-23] RateLimitError 等 49s 重试 3/8
      [page-11] RateLimitError 等 6s 重试 1/8
      [page-40] RateLimitError 等 6s 重试 1/8
      page-30 步  3  Bash
      page-12 步  4  Bash
      page-11 步  4  Bash
      page-45 步  3  Bash
      page-30 步  4  Bash
      page-43 步  4  Bash
      page-34 步  3  Bash
      page-41 步  3  Bash
      page-32 步  4  Read
      page-24 步  3  Bash
      page-03 步  4  Bash
      page-27 步  3  Bash
      page-05 步  2  Read Read Bash Bash
  page-45  ✓    4 次调用    1.3 分  selfcheck  1  skill 1  已完成第 45 页并通过 selfcheck，自检无报错、无加载失败、无溢出或裁切。
      page-11 步  5  Bash
      page-40 步  3  Bash
      page-06 步  2  Read Read Bash
      page-29 步  2  Bash
      page-27 步  4  Bash
      page-05 步  3  Bash
      page-11 步  6  Bash
      page-24 步  4  Bash
      page-39 步  4  Read
      page-19 步  2  Read Bash Bash
      page-30 步  5  Read
      page-06 步  3  Skill
      page-34 步  4  Bash
      page-36 步  3  Read
      page-20 步  2  Read Read
      page-13 步  2  Read Read
      page-24 步  5  Bash
      page-31 步  4  Bash Bash Bash
      page-16 步  2  Read
      page-37 步  2  Read Read Bash
      page-43 步  5  Edit
      page-30 步  6  Bash
      page-05 步  4  Bash
      page-11 步  7  Edit
      page-17 步  2  Read Bash
      page-08 步  2  Bash
      page-35 步  4  Bash
      page-14 步  2  Read Read
      page-37 步  3  Bash
      page-20 步  3  Bash
      page-40 步  4  Edit
      page-03 步  5  Bash Bash
      page-35 步  5  Read
      page-33 步  2  Read Read
      page-13 步  3  Bash
      page-12 步  5  Edit
      page-20 步  4  Bash
      page-07 步  3  Read
      page-40 步  5  Bash
      page-31 步  5  Bash Bash Bash
      page-08 步  3  Bash Bash Bash Bash
      page-27 步  5  Bash
      page-18 步  3  Read Read
      page-01 步  3  Bash
      page-41 步  4  Edit
      page-21 步  3  Write
      page-24 步  6  Edit
      page-29 步  3  Read
      page-09 步  2  Read Read
  page-03  ✓    6 次调用    1.8 分  selfcheck  3  skill 1  已完成 `page-03.html`，并通过初始、提交诊断与重置状态的 selfcheck。
      page-10 步  3  Read
      page-17 步  3  Read
      page-08 步  4  Bash Bash Bash Bash
      page-07 步  4  Read
      page-20 步  5  Bash
      page-38 步  3  Bash
      page-11 步  8  Edit
      page-41 步  5  Edit
      page-21 步  4  Bash
      page-35 步  6  Read
      page-12 步  6  Edit
      page-05 步  5  Bash
      page-24 步  7  Bash
      page-29 步  4  Read
      page-01 步  4  Bash
      page-31 步  6  Bash
      page-34 步  5  Bash
      page-22 步  2  Write
      page-07 步  5  Bash
      page-41 步  6  Edit
      page-11 步  9  Edit
      page-35 步  7  Read
      page-37 步  4  Bash
      page-28 步  2  Read Read
      page-08 步  5  Read Read Read Read
      page-26 步  3  Write
      page-22 步  3  Bash
      page-19 步  3  Bash Bash
      page-40 步  6  Edit
      page-41 步  7  Edit
      page-26 步  4  Bash
      page-43 步  6  Bash
      page-08 步  6  Bash
      page-32 步  5  Write
      page-25 步  3  Write
      page-24 步  8  Edit
      page-17 步  4  Read
      page-31 步  7  Bash
      page-44 步  3  Write
      page-39 步  5  Write
      page-28 步  3  Bash
      page-25 步  4  Bash
      page-38 步  4  Bash
      page-11 步 10  Bash
      page-24 步  9  Edit
      page-12 步  7  Bash
      page-39 步  6  Bash
      page-06 步  4  Write
      page-15 步  3  Write
      page-42 步  3  Write
      page-38 步  5  Read
      page-06 步  5  Bash
      page-21 步  5  Edit
      page-25 步  5  Bash
      page-37 步  5  Bash
      page-44 步  4  Bash
      page-01 步  5  Bash
      page-43 步  7  Edit
      page-02 步  3  Write
      page-34 步  6  Edit
      page-40 步  7  Edit
      page-15 步  4  Bash
      page-08 步  7  Read
      page-32 步  6  Bash
      page-04 步  3  Write
      page-05 步  6  Bash
      page-42 步  4  Bash
      page-21 步  6  Edit
      page-19 步  4  Bash
      page-27 步  6  Bash
      page-28 步  4  Bash
      page-41 步  8  Edit
      page-37 步  6  Read
      page-39 步  7  Edit
      page-36 步  4  Write
  page-11  ✓   11 次调用    2.4 分  selfcheck  4  skill 1  已完成第 11 页构建，并通过初始状态与键盘揭示状态的 selfcheck 自检。
      page-22 步  4  Edit
      page-09 步  3  Write
      page-34 步  7  Bash
      page-24 步 10  Bash
      page-32 步  7  Read
      page-30 步  7  Write
      page-16 步  3  Write
      page-15 步  5  Bash Bash Bash
      page-21 步  7  Edit
      page-14 步  3  Write
      page-40 步  8  Edit
      page-42 步  5  Edit
      page-36 步  5  Bash
      page-29 步  5  Write
      page-08 步  8  Bash Bash Bash Bash
      page-26 步  5  Edit
      page-16 步  4  Bash
      page-19 步  5  Bash
      page-02 步  4  Bash
      page-13 步  4  Write
      page-23 步  3  Write
      page-22 步  5  Edit
      page-38 步  6  Read
      page-42 步  6  Bash
      page-10 步  4  Write
      page-33 步  3  Write
      page-29 步  6  Bash Bash Bash Bash
      page-43 步  8  Edit Edit
      page-14 步  4  Bash
      page-41 步  9  Bash
      page-06 步  6  Edit
      page-26 步  6  Edit
      page-18 步  4  Write
      page-09 步  4  Bash
      page-23 步  4  Bash
      page-44 步  5  Edit
      page-24 步 11  Bash
      page-19 步  6  Bash
      page-04 步  4  Bash
      page-32 步  8  Edit
      page-30 步  8  Bash
      page-33 步  4  Bash
      page-25 步  6  Edit
      page-27 步  7  Edit
      page-43 步  9  Bash
  page-15  ✓    6 次调用    2.6 分  selfcheck  4  skill 2  已完成 `page-15.html`，并通过初始、控制边界及重置状态自检。
      page-34 步  8  Bash
      page-13 步  5  Bash
      page-44 步  6  Edit
      page-36 步  6  Edit
      page-05 步  7  Bash
      page-01 步  6  Bash
      page-39 步  8  Edit
      page-40 步  9  Bash
      page-21 步  8  Bash
      page-22 步  6  Edit
      page-35 步  8  Write
      page-09 步  5  Edit
      page-38 步  7  Bash
      page-06 步  7  Edit
      page-08 步  9  Bash
      page-24 步 12  Edit
      page-26 步  7  Bash
      page-33 步  5  Edit
      page-10 步  5  Bash
      page-32 步  9  Bash
      page-08 步 10  Bash
      page-16 步  5  Edit
      page-13 步  6  Bash Bash
      page-33 步  6  Bash
      page-25 步  7  Bash
      page-18 步  5  Bash
      page-22 步  7  Edit
      page-24 步 13  Edit
      page-09 步  6  Edit
      page-31 步  8  Bash
      page-20 步  6  Write
      page-27 步  8  Edit
      page-17 步  5  Write
      page-10 步  6  Bash
      page-34 步  9  Bash
      page-14 步  5  Bash Bash Bash
      page-12 步  8  Edit
      page-42 步  7  Bash
      page-19 步  7  Bash
      page-23 步  5  Edit
      page-02 步  5  Edit
      page-43 步 10  Edit Edit
      page-41 步 10  Edit
      page-29 步  7  Edit
      page-16 步  6  Edit
  page-34  ✓   10 次调用    3.0 分  selfcheck  2  skill 1  已完成第 34 页构建，并通过 selfcheck：无报错、无加载失败、无溢出或裁切，字号、文本块与画面占用均合格。
      page-22 步  8  Bash
      page-44 步  7  Edit
      page-35 步  9  Bash
      page-26 步  8  Edit
      page-05 步  8  Bash
      page-04 步  5  Edit
      page-36 步  7  Bash Bash Bash Bash
      page-17 步  6  Bash
      page-24 步 14  Bash
      page-30 步  9  Edit
      page-06 步  8  Edit
      page-39 步  9  Bash
      page-19 步  8  Bash
  page-13  ✓    7 次调用    3.0 分  selfcheck  3  skill 1  已完成 `page-13.html`：包含三步过程轴、可拖动及键盘旋转的三维骨盆模型、动态视角提示和关键视角重置。所有 
      page-20 步  7  Bash
      page-33 步  7  Edit
      page-32 步 10  Bash
      page-40 步 10  Edit
      page-21 步  9  Bash
      page-10 步  7  Bash
      page-25 步  8  Edit
  page-42  ✓    8 次调用    3.1 分  selfcheck  3  skill 2  已完成第 42 页生命保障循环交互，并通过初始、连接、错接、完成及重置状态自检。
      page-09 步  7  Edit
      page-02 步  6  Edit
      page-30 步 10  Edit
  page-14  ✓    6 次调用    3.1 分  selfcheck  4  skill 1  已完成第 14 页构建，并通过初始、边界及重置状态 selfcheck，自检无报错、无溢出或裁切。
      page-22 步  9  Edit
      page-32 步 11  Bash
      page-35 步 10  Bash Bash Bash
      page-29 步  8  Bash
      page-37 步  7  Write
      page-18 步  6  Edit
      page-41 步 11  Edit
      page-39 步 10  Edit
      page-12 步  9  Edit
      page-25 步  9  Bash
      page-27 步  9  Edit
      page-37 步  8  Bash
      page-40 步 11  Edit
      page-24 步 15  Edit
      page-33 步  8  Edit
      page-30 步 11  Edit
      page-23 步  6  Edit
      page-43 步 11  Bash
  page-36  ✓    8 次调用    3.2 分  selfcheck  5  skill 1  已完成第 36 页，并通过初始状态及各速度边界状态的 selfcheck。
      page-31 步  9  Edit
      page-44 步  8  Bash
      page-41 步 12  Bash
      page-04 步  6  Edit
      page-40 步 12  Bash
      page-05 步  9  Bash
      page-06 步  9  Bash
      page-16 步  7  Edit
      page-17 步  7  Edit
      page-38 步  8  Write
      page-12 步 10  Bash
      page-32 步 12  Edit
      page-33 步  9  Bash Bash
      page-20 步  8  Edit
      page-31 步 10  Edit
      page-27 步 10  Edit
      page-09 步  8  Bash
      page-22 步 10  Bash
      page-16 步  8  Edit
      page-21 步 10  Read
      page-29 步  9  Edit
      page-28 步  5  Write
      page-01 步  7  Bash
      page-26 步  9  Edit
      page-02 步  7  Bash
      page-31 步 11  Bash
      page-44 步  9  Edit
      page-32 步 13  Edit
      page-30 步 12  Bash
  page-35  ✓   11 次调用    3.5 分  selfcheck  4  skill 2  已完成第 35 页构建，并通过初始、边界力度与重置状态自检。
      page-17 步  8  Edit
      page-39 步 11  Edit
      page-20 步  9  Edit
      page-08 步 11  Bash
      page-28 步  6  Bash
      page-10 步  8  Edit
      page-05 步 10  Bash
      page-29 步 10  Bash
      page-06 步 10  Edit
      page-23 步  7  Bash
      page-04 步  7  Bash
      page-27 步 11  Bash
      page-18 步  7  Edit
      page-24 步 16  Bash
      page-41 步 13  Edit
      page-17 步  9  Bash
      page-20 步 10  Bash
      page-38 步  9  Bash
      page-37 步  9  Edit
      page-06 步 11  Edit
      page-33 步 10  Edit
      page-26 步 10  Bash
      page-07 步  6  Write
      page-29 步 11  Edit
  page-23  ✓    8 次调用    3.6 分  selfcheck  2  skill 1  已完成第 23 页构建，并通过 selfcheck 自检。
      page-22 步 11  Edit
      page-16 步  9  Edit
      page-31 步 12  Edit
      page-01 步  8  Edit
      page-37 步 10  Bash
      page-40 步 13  Edit
      page-12 步 11  Edit
      page-25 步 10  Edit
      page-06 步 12  Edit
      page-22 步 12  Edit
      page-27 步 12  Edit
      page-02 步  8  Edit
      page-07 步  7  Bash
      page-09 步  9  Edit
      page-29 步 12  Edit
      page-20 步 11  Bash
      page-21 步 11  Edit
      page-24 步 17  Edit
      page-43 步 12  Edit
      page-32 步 14  Bash
      page-39 步 12  Edit
      page-40 步 14  Edit
      page-44 步 10  Bash
      page-10 步  9  Edit
  page-04  ✓    8 次调用    3.8 分  selfcheck  2  skill 1  已完成 `page-04.html`：实现五步可展开共同祖先树、逐步反馈、键盘可达操作与重置，并通过初始、完全展开及重置
      page-09 步 10  Edit
      page-41 步 14  Edit
      page-30 步 13  Bash
      page-12 步 12  Bash
      page-05 步 11  Bash
      page-26 步 11  Edit
      page-40 步 15  Bash
      page-38 步 10  Bash
      page-19 步  9  Bash
      page-28 步  7  Edit
      page-18 步  8  Bash
      page-07 步  8  Bash
      page-30 步 14  Read
      page-08 步 12  Edit
      page-17 步 10  Edit
      page-27 步 13  Bash
      page-20 步 12  Bash
      page-25 步 11  Bash
      page-21 步 12  Edit
      page-32 步 15  Edit
      page-31 步 13  Edit
      page-38 步 11  Read
      page-41 步 15  Bash
      page-22 步 13  Bash
      page-29 步 13  Bash
      page-44 步 11  Edit
      page-33 步 11  Bash
      page-01 步  9  Edit
      page-10 步 10  Edit
      page-16 步 10  Edit
      page-06 步 13  Edit
      page-43 步 13  Bash
      page-31 步 14  Bash
      page-08 步 13  Bash
      page-28 步  8  Edit
      page-24 步 18  Edit
      page-38 步 12  Edit
      page-06 步 14  Bash
      page-22 步 14  Bash
      page-09 步 11  Edit
      page-17 步 11  Bash
      page-02 步  9  Edit
      page-21 步 13  Edit
      page-32 步 16  Bash
      page-01 步 10  Edit
      page-39 步 13  Edit
      page-19 步 10  Edit
      page-07 步  9  Bash
      page-37 步 11  Edit
  page-12  ✓   13 次调用    4.1 分  selfcheck  4  skill 1  已完成 `page-12.html`，并通过 selfcheck：无报错、无加载失败、无越界或裁切，密度与文本块数量合格
      page-08 步 14  Edit
      page-20 步 13  Edit
      page-40 步 16  Edit
      page-24 步 19  Edit
      page-17 步 12  Edit
      page-38 步 13  Bash
      page-31 步 15  Edit
      page-44 步 12  Bash
      page-19 步 11  Bash
      page-40 步 17  Bash
      page-30 步 15  Edit
      page-20 步 14  Bash
      page-10 步 11  Edit
      page-43 步 14  Edit
      page-16 步 11  Edit
      page-33 步 12  Edit
      page-18 步  9  Edit
      page-25 步 12  Edit
      page-01 步 11  Bash
      page-31 步 16  Bash
      page-07 步 10  Edit
      page-29 步 14  Edit
      page-27 步 14  Edit      page-22 步 15  Read

      page-02 步 10  Bash
      page-39 步 14  Bash
      page-10 步 12  Bash
      [page-02] RateLimitError 等 5s 重试 1/8
      page-28 步  9  Bash
      page-30 步 16  Edit
      page-37 步 12  Bash
      [page-10] RateLimitError 等 6s 重试 1/8
      page-21 步 14  Bash
  page-20  ✓   15 次调用    4.3 分  selfcheck  5  skill 1  已完成 `page-20.html`：实现八张特征年代卡的拖拽排序、键盘操作、两轮方向提示、重置与提交反馈，并在完成后显
      page-09 步 12  Edit
      [page-33] RateLimitError 等 4s 重试 1/8
      [page-16] RateLimitError 等 4s 重试 1/8
      [page-24] RateLimitError 等 4s 重试 1/8
      [page-09] RateLimitError 等 6s 重试 1/8
      page-27 步 15  Edit
      [page-27] RateLimitError 等 6s 重试 1/8
      page-32 步 17  Edit
      [page-37] RateLimitError 等 6s 重试 1/8
      page-38 步 14  Bash
      page-07 步 11  Edit
      page-08 步 15  Edit
      page-41 步 16  Edit
      [page-32] RateLimitError 等 5s 重试 1/8
      page-06 步 15  Edit
  page-19  ✓   12 次调用    4.4 分  selfcheck  2  skill 2  已完成第 19 页构建，并通过初始、正确选择、错误选择及重置状态的 selfcheck。
      [page-06] RateLimitError 等 4s 重试 1/8
      [page-41] RateLimitError 等 6s 重试 1/8
      page-17 步 13  Bash
      [page-17] RateLimitError 等 5s 重试 1/8
      page-01 步 12  Edit
      [page-07] RateLimitError 等 6s 重试 1/8
      [page-39] RateLimitError 等 6s 重试 1/8
      page-25 步 13  Bash
      [page-02] RateLimitError 等 11s 重试 2/8
      [page-18] RateLimitError 等 6s 重试 1/8
      [page-01] RateLimitError 等 6s 重试 1/8
      [page-38] RateLimitError 等 4s 重试 1/8
      [page-25] RateLimitError 等 5s 重试 1/8
      [page-06] RateLimitError 等 19s 重试 2/8
      [page-22] RateLimitError 等 4s 重试 1/8
      [page-43] RateLimitError 等 6s 重试 1/8
      [page-28] RateLimitError 等 6s 重试 1/8
      [page-27] RateLimitError 等 15s 重试 2/8
      [page-09] RateLimitError 等 17s 重试 2/8
      [page-31] RateLimitError 等 5s 重试 1/8
      [page-24] RateLimitError 等 16s 重试 2/8
      [page-16] RateLimitError 等 17s 重试 2/8
      [page-41] RateLimitError 等 14s 重试 2/8
      [page-39] RateLimitError 等 13s 重试 2/8
      page-26 步 12  Edit
      [page-22] RateLimitError 等 13s 重试 2/8
      [page-30] RateLimitError 等 4s 重试 1/8
      [page-25] RateLimitError 等 12s 重试 2/8
      page-44 步 13  Edit
      page-40 步 18  Edit
      [page-01] RateLimitError 等 17s 重试 2/8
      [page-17] RateLimitError 等 18s 重试 2/8
      [page-38] RateLimitError 等 11s 重试 2/8
      [page-07] RateLimitError 等 18s 重试 2/8
      [page-44] RateLimitError 等 6s 重试 1/8
      [page-40] RateLimitError 等 5s 重试 1/8
      [page-28] RateLimitError 等 17s 重试 2/8
      page-29 步 15  Bash
      [page-31] RateLimitError 等 17s 重试 2/8
      [page-08] RateLimitError 等 6s 重试 1/8
      [page-10] RateLimitError 等 17s 重试 2/8
      [page-29] RateLimitError 等 4s 重试 1/8
      [page-30] RateLimitError 等 17s 重试 2/8
      [page-43] RateLimitError 等 17s 重试 2/8
      [page-37] RateLimitError 等 12s 重试 2/8
      [page-32] RateLimitError 等 17s 重试 2/8
      [page-33] RateLimitError 等 11s 重试 2/8
      [page-21] RateLimitError 等 4s 重试 1/8
      [page-44] RateLimitError 等 18s 重试 2/8
      [page-29] RateLimitError 等 15s 重试 2/8
      [page-08] RateLimitError 等 12s 重试 2/8
      [page-26] RateLimitError 等 6s 重试 1/8
      [page-18] RateLimitError 等 18s 重试 2/8
      [page-39] RateLimitError 等 31s 重试 3/8
      [page-41] RateLimitError 等 30s 重试 3/8
      [page-38] RateLimitError 等 47s 重试 3/8
      [page-25] RateLimitError 等 41s 重试 3/8
      [page-22] RateLimitError 等 33s 重试 3/8
      [page-09] RateLimitError 等 51s 重试 3/8
      [page-24] RateLimitError 等 42s 重试 3/8
      [page-02] RateLimitError 等 49s 重试 3/8
      page-05 步 12  Bash
      [page-16] RateLimitError 等 40s 重试 3/8
      [page-26] RateLimitError 等 14s 重试 2/8
      [page-40] RateLimitError 等 18s 重试 2/8      [page-06] RateLimitError 等 34s 重试 3/8

      [page-33] RateLimitError 等 36s 重试 3/8
      [page-01] RateLimitError 等 39s 重试 3/8
      [page-28] RateLimitError 等 33s 重试 3/8
      [page-37] RateLimitError 等 46s 重试 3/8
      [page-10] RateLimitError 等 36s 重试 3/8
      [page-17] RateLimitError 等 51s 重试 3/8
      [page-21] RateLimitError 等 12s 重试 2/8
      [page-08] RateLimitError 等 32s 重试 3/8
      [page-43] RateLimitError 等 33s 重试 3/8
      [page-30] RateLimitError 等 52s 重试 3/8
      [page-27] RateLimitError 等 31s 重试 3/8
      [page-29] RateLimitError 等 29s 重试 3/8
      [page-07] RateLimitError 等 42s 重试 3/8
      [page-05] RateLimitError 等 4s 重试 1/8
      [page-44] RateLimitError 等 30s 重试 3/8
      [page-18] RateLimitError 等 45s 重试 3/8
      [page-26] RateLimitError 等 34s 重试 3/8
      [page-05] RateLimitError 等 14s 重试 2/8
      [page-21] RateLimitError 等 43s 重试 3/8
      [page-31] RateLimitError 等 47s 重试 3/8
      [page-40] RateLimitError 等 31s 重试 3/8
      [page-32] RateLimitError 等 40s 重试 3/8
      page-41 步 17  Edit
      page-06 步 16  Bash
      page-27 步 16  Bash
      page-41 步 18  Bash
      page-28 步 10  Edit
      page-08 步 16  Bash
      page-43 步 15  Edit
      page-22 步 16  Read
      page-39 步 15  Edit
      page-44 步 14  Edit
      page-05 步 13  Edit
      page-25 步 14  Edit
      page-10 步 13  Bash
      page-25 步 15  Bash
      page-38 步 15  Edit
      page-43 步 16  Bash
      page-24 步 20  Edit
      page-29 步 16  Edit
      page-28 步 11  Bash
      page-01 步 13  Edit
      page-33 步 13  Edit
      page-09 步 13  Bash
      page-40 步 19  Bash
      page-16 步 12  Edit
  page-06  ✓   17 次调用    5.8 分  selfcheck  4  skill 3  已完成第 6 页构建，并通过 selfcheck：无报错、无加载失败、无溢出或裁切。
      page-27 步 17  Edit
      page-39 步 16  Edit
      page-17 步 14  Read
      page-44 步 15  Edit
      page-16 步 13  Edit
      page-22 步 17  Edit
      page-05 步 14  Edit
  page-10  ✓   14 次调用    5.9 分  selfcheck  5  skill 1  已完成 `page-10.html`，并通过初始、完成布局与重置状态的 selfcheck。
      page-02 步 11  Edit
      page-27 步 18  Bash
      page-38 步 16  Edit
      page-39 步 17  Bash
      page-08 步 17  Edit
      page-33 步 14  Bash
      page-22 步 18  Edit
      page-37 步 13  Edit
      page-05 步 15  Bash
      page-24 步 21  Edit
      page-41 步 19  Edit
      page-25 步 16  Edit
      page-01 步 14  Bash
      page-09 步 14  Bash Bash Bash
      page-08 步 18  Edit
      page-26 步 13  Edit
      page-40 步 20  Edit
      page-22 步 19  Edit
      page-25 步 17  Edit
      page-37 步 14  Bash
      page-38 步 17  Bash
      page-44 步 16  Bash
      page-07 步 12  Bash
      page-33 步 15  Edit
      page-02 步 12  Bash
      page-08 步 19  Bash
      page-39 步 18  Edit
      page-29 步 17  Edit
      page-30 步 17  Bash
      page-41 步 20  Edit
      page-18 步 10  Edit
      page-25 步 18  Bash
      page-28 步 12  Edit
      page-33 步 16  Bash
      page-32 步 18  Edit
      page-43 步 17  Edit Edit Edit
      page-21 步 15  Edit
      page-31 步 17  Edit
      page-44 步 17  Edit
      page-24 步 22  Bash
      page-27 步 19  Edit
      page-30 步 18  Edit
      page-02 步 13  Edit
      page-41 步 21  Bash
      page-22 步 20  Edit
      page-32 步 19  Bash
      page-16 步 14  Edit
      page-39 步 19  Edit
      page-05 步 16  Edit
      page-29 步 18  Bash
      page-40 步 21  Edit
  page-09  ✓   15 次调用    6.3 分  selfcheck  6  skill 1  已完成 `page-09.html`，并通过初始、警告、完成及点击交互状态的 selfcheck。
      page-28 步 13  Edit
      page-17 步 15  Edit
      page-33 步 17  Bash Bash
      page-30 步 19  Edit
      page-27 步 20  Edit
  page-01  ✓   15 次调用    6.4 分  selfcheck  3  skill 2  已完成 `page-01.html`，并通过 selfcheck：无报错、加载失败、溢出或裁切问题。
      page-26 步 14  Bash
      page-40 步 22  Bash
      page-02 步 14  Edit
      page-43 步 18  Bash
      page-18 步 11  Bash
      page-39 步 20  Bash
      page-21 步 16  Edit
      page-32 步 20  Bash
      page-17 步 16  Edit
      page-02 步 15  Bash
      page-37 步 15  Edit
      page-07 步 13  Edit
      page-05 步 17  Edit
      page-44 步 18  Edit
  page-38  ✓   18 次调用    6.5 分  selfcheck  4  skill 0  已完成 `page-38.html`：实现四天体逃逸速度 SVG 比较图、双天体逐维对照、三组比较后核心结论揭示及重置功
      page-27 步 21  Bash
      page-25 步 19  Edit
      page-28 步 14  Bash
      page-22 步 21  Edit
      page-31 步 18  Edit
      page-08 步 20  Edit
      page-37 步 16  Edit
      page-05 步 18  Edit
      page-21 步 17  Bash
      page-37 步 17  Bash
      page-22 步 22  Edit
      page-17 步 17  Bash
      page-41 步 22  Edit
      page-39 步 21  Edit
      page-40 步 23  Edit
      page-16 步 15  Edit
      page-27 步 22  Edit
      page-30 步 20  Bash
      page-05 步 19  Bash
  page-33  ✓   18 次调用    6.7 分  selfcheck  9  skill 2  已完成 `page-33.html`：构建可拖拽、支持键盘操作的群体知识连线网络，并通过初始、完成与重置状态自检。
      page-26 步 15  Edit
      page-24 步 23  Edit
      page-29 步 19  Edit
      page-02 步 16  Edit
      page-28 步 15  Edit
      page-25 步 20  Edit
      page-07 步 14  Bash
      page-16 步 16  Edit
      page-44 步 19  Bash
      page-43 步 19  Edit
      page-28 步 16  Bash
      page-41 步 23  Edit
      page-37 步 18  Edit
      page-16 步 17  Edit
      page-05 步 20  Edit
      page-40 步 24  Edit
      [page-16] InternalServerError 等 6s 重试 1/8
      page-25 步 21  Edit
      page-32 步 21  Edit
      page-31 步 19  Edit
      page-08 步 21  Edit
      page-22 步 23  Bash
      page-18 步 12  Edit
      page-26 步 16  Edit
      page-41 步 24  Bash
      page-02 步 17  Bash
      page-39 步 22  Edit
      page-31 步 20  Bash
      page-18 步 13  Edit
      page-17 步 18  Edit
      page-27 步 23  Bash
      page-16 步 18  Bash
      page-37 步 19  Edit
      page-32 步 22  Bash
      page-29 步 20  Edit
      page-18 步 14  Edit
      page-07 步 15  Edit
      page-24 步 24  Edit
      page-05 步 21  Edit
      page-44 步 20  Edit
      page-40 步 25  Bash
      page-17 步 19  Bash
      page-37 步 20  Bash
      page-31 步 21  Edit
      page-21 步 18  Edit
      page-27 步 24  Edit
      page-28 步 17  Edit
      page-43 步 20  Bash
      page-26 步 17  Bash
      page-08 步 22  Edit
  page-02  ✓   18 次调用    7.2 分  selfcheck  6  skill 1  已完成第 2 页五站路线图，并通过 selfcheck 全部检查。
      page-25 步 22  Edit
      page-07 步 16  Bash
      page-24 步 25  Bash
      page-39 步 23  Bash
      page-31 步 22  Edit
      page-28 步 18  Edit
      page-16 步 19  Edit
      page-27 步 25  Edit
      page-41 步 25  Edit
      page-21 步 19  Bash
  page-17  ✓   20 次调用    7.3 分  selfcheck  5  skill 2  已完成第 17 页构建，并通过初始、边界交互与重置状态自检。
      page-32 步 23  Edit
      page-22 步 24  Edit
      page-27 步 26  Bash
      page-16 步 20  Edit
      page-28 步 19  Bash
      page-37 步 21  Bash
      page-05 步 22  Edit
      page-32 步 24  Edit
      page-08 步 23  Edit
      page-25 步 23  Edit
      page-29 步 21  Bash
      page-40 步 26  Edit
      page-44 步 21  Edit
      page-16 步 21  Edit
      page-18 步 15  Edit
      page-27 步 27  Edit
      page-24 步 26  Edit
      page-26 步 18  Edit
      page-25 步 24  Edit
      page-40 步 27  Bash
      page-44 步 22  Bash
      page-31 步 23  Edit
      page-27 步 28  Bash
      page-25 步 25  Bash
      page-41 步 26  Edit
      page-22 步 25  Edit
      page-26 步 19  Bash
      page-43 步 21  Edit
      page-30 步 21  Edit
  page-37  ✓   22 次调用    7.5 分  selfcheck  7  skill 2  已完成 `page-37.html`：三联 3D 场景、受力原因分类交互、即时反馈、重置与轨道数据计算均已实现，并通过全
      page-24 步 27  Bash
  page-07  ✓   17 次调用    7.6 分  selfcheck  4  skill 2  已完成第 7 页互动时间压缩尺，并通过初始、边界与中间状态 selfcheck。
      page-39 步 24  Edit
      page-22 步 26  Bash
      page-44 步 23  Edit
      page-30 步 22  Edit
      page-28 步 20  Edit
      page-43 步 22  Bash
      page-32 步 25  Bash
      page-29 步 22  Edit
      page-18 步 16  Edit
      page-05 步 23  Edit
      page-08 步 24  Bash
      page-31 步 24  Bash
      page-26 步 20  Edit
      page-27 步 29  Edit
      page-39 步 25  Bash
      page-41 步 27  Edit
      page-16 步 22  Edit
      page-40 步 28  Bash
      page-18 步 17  Bash
      page-16 步 23  Bash
      page-44 步 24  Edit
      page-28 步 21  Edit
      page-24 步 28  Edit
      page-41 步 28  Bash
      page-39 步 26  Edit
      page-27 步 30  Edit
      page-21 步 20  Edit
      page-30 步 23  Bash
      page-05 步 24  Bash
      page-29 步 23  Edit
      page-31 步 25  Bash
  page-43  ✓   23 次调用    8.0 分  selfcheck  9  skill 0  已完成 `page-43.html`：构建了可交互资源账本、三类资源对齐比较、累计需求曲线、补给断点计算、键盘可用控件与
      page-25 步 26  Bash
      page-26 步 21  Edit
      page-16 步 24  Edit
      page-21 步 21  Edit
      page-32 步 26  Edit
      page-40 步 29  Bash
      page-22 步 27  Edit
      page-18 步 18  Edit
      page-28 步 22  Bash
      page-31 步 26  Read
      page-32 步 27  Bash
      page-21 步 22  Bash
      page-05 步 25  Edit
      page-30 步 24  Edit
      page-39 步 27  Bash
      page-44 步 25  Bash
      page-24 步 29  Edit
      page-40 步 30  Bash
      page-18 步 19  Bash
      page-31 步 27  Read
      page-29 步 24  Edit
      page-41 步 29  Edit
      page-08 步 25  Bash
      page-27 步 31  Edit
      page-05 步 26  Bash
      page-26 步 22  Bash
      page-30 步 25  Edit
      page-24 步 30  Edit
      page-16 步 25  Edit
      page-41 步 30  Bash
  page-39  ✓   28 次调用    8.3 分  selfcheck  8  skill 2  已完成 `page-39.html`：包含分级火箭装配、燃烧、空级拖累、Matter.js 分离坠落、质量与速度增量反馈
      page-29 步 25  Edit
      page-25 步 27  Read
  page-21  ✓   23 次调用    8.3 分  selfcheck  7  skill 0  已完成 `page-21.html`，并通过初始、滑杆两端及复位状态的 selfcheck。
      page-24 步 31  Bash
      page-30 步 26  Bash
      page-32 步 28  Edit
      page-22 步 28  Bash
      page-27 步 32  Bash
      page-18 步 20  Edit
      page-28 步 23  Edit
      page-26 步 23  Edit
      page-29 步 26  Bash
      page-40 步 31  Edit
      page-32 步 29  Edit
      page-05 步 27  Edit
      page-28 步 24  Bash
      page-41 步 31  Edit
      page-26 步 24  Bash
      page-24 步 32  Edit
      page-44 步 26  Edit
      page-40 步 32  Edit
      page-32 步 30  Bash
      page-30 步 27  Edit
      page-16 步 26  Edit
      page-24 步 33  Bash
      page-18 步 21  Bash
      page-31 步 28  Edit
      page-41 步 32  Edit
      [page-27] RateLimitError 等 5s 重试 1/8
      page-16 步 27  Bash
      page-44 步 27  Edit
      page-31 步 29  Edit
      page-25 步 28  Edit
      page-08 步 26  Edit
      page-22 步 29  Edit
      page-44 步 28  Bash
      page-31 步 30  Bash
      page-24 步 34  Edit
      page-05 步 28  Edit
      [page-31] RateLimitError 等 6s 重试 1/8
      page-28 步 25  Edit
      [page-08] RateLimitError 等 4s 重试 1/8
      page-25 步 29  Edit
      page-26 步 25  Edit
      page-29 步 27  Edit
  page-18  ✓   22 次调用    8.8 分  selfcheck  6  skill 1  已完成 `page-18.html`：构建共享时间游标的双轨时间图、证据对齐与重置交互，并通过全部 selfcheck 
      page-41 步 33  Bash
      page-32 步 31  Edit
      page-24 步 35  Bash
      page-40 步 33  Edit
      page-22 步 30  Bash
      page-05 步 29  Bash
      page-25 步 30  Bash
      page-30 步 28  Edit
      page-26 步 26  Edit
      page-16 步 28  Edit
      page-40 步 34  Bash
      page-08 步 27  Edit
      page-32 步 32  Bash
      page-28 步 26  Edit
      page-27 步 33  Edit
      page-26 步 27  Bash
      page-30 步 29  Bash
      page-44 步 29  Edit
      page-31 步 31  Edit
      page-29 步 28  Bash
      page-16 步 29  Edit
      page-25 步 31  Edit
      page-27 步 34  Edit
      page-24 步 36  Bash
      page-40 步 35  Edit
      page-31 步 32  Edit
      page-41 步 34  Edit
      page-29 步 29  Edit
      page-05 步 30  Edit
      page-08 步 28  Bash
      page-28 步 27  Edit
      page-44 步 30  Bash
      page-22 步 31  Edit
      [page-08] RateLimitError 等 5s 重试 1/8
      page-40 步 36  Edit
      [page-40] RateLimitError 等 4s 重试 1/8
      [page-27] RateLimitError 等 4s 重试 1/8
  page-30  ✓   30 次调用    9.3 分  selfcheck  8  skill 2  已完成第 30 页互动燃烧状态模型，并通过初始、边界操作与重置状态自检。
      page-31 步 33  Bash
      page-22 步 32  Bash
      page-29 步 30  Edit
      page-05 步 31  Edit
      page-16 步 30  Bash
      page-25 步 32  Edit
      page-26 步 28  Edit
      page-28 步 28  Bash
  page-24  ✓   37 次调用    9.4 分  selfcheck 13  skill 1  已完成 `page-24.html`：实现三轮折纸复制小游戏、六步传递过程轴、即时路径反馈、纠错提示与重置操作。
      page-44 步 31  Edit
      page-27 步 35  Bash
      page-41 步 35  Edit
      page-32 步 33  Edit
      page-44 步 32  Bash
      page-08 步 29  Bash
      page-26 步 29  Edit
      page-22 步 33  Edit
      page-40 步 37  Bash
      page-41 步 36  Edit
      page-05 步 32  Edit
      page-29 步 31  Bash
      page-25 步 33  Edit
      page-32 步 34  Edit
      page-05 步 33  Edit
      page-31 步 34  Bash Bash Bash
      page-41 步 37  Edit
      page-22 步 34  Bash
      page-32 步 35  Edit
  page-40  ✓   38 次调用    9.8 分  selfcheck 15  skill 1  已完成 `page-40.html`，并通过初始、放置、故障传播及重置状态的 selfcheck。
      page-16 步 31  Edit
      page-08 步 30  Bash
      page-25 步 34  Bash
      page-44 步 33  Edit
      page-27 步 36  Edit
      page-28 步 29  Edit
      page-26 步 30  Edit
      page-41 步 38  Bash
      page-31 步 35  Read
      page-16 步 32  Edit
      page-44 步 34  Bash
      page-28 步 30  Edit
      page-05 步 34  Bash
      page-25 步 35  Bash
      page-28 步 31  Edit
      page-32 步 36  Bash
      page-22 步 35  Edit
      page-08 步 31  Bash
      page-41 步 39  Edit
      page-31 步 36  Edit
      page-16 步 33  Edit
      page-27 步 37  Edit
      page-31 步 37  Bash
      page-28 步 32  Bash
      page-29 步 32  Edit
      page-27 步 38  Bash
      page-22 步 36  Edit
      page-05 步 35  Edit
      page-26 步 31  Edit
      page-32 步 37  Edit
      page-41 步 40  Edit
      page-22 步 37  Edit
      page-44 步 35  Edit
  page-25  ✓   36 次调用   10.4 分  selfcheck 12  skill 1  已完成第 25 页，并通过初始、运行与重置状态的 selfcheck。
      page-16 步 34  Edit
      page-28 步 33  Edit
      page-05 步 36  Edit
      page-29 步 33  Edit
      page-26 步 32  Bash
      page-08 步 32  Edit
  page-31  ✓   38 次调用   10.5 分  selfcheck 13  skill 2  已完成 `page-31.html`，并通过初始、权重边界、四案提交及重审状态自检。
      page-29 步 34  Bash
      page-28 步 34  Edit
      page-41 步 41  Bash
      page-27 步 39  Bash
      page-32 步 38  Bash
      page-05 步 37  Bash
      page-22 步 38  Edit
      page-26 步 33  Edit
      page-16 步 35  Bash
      page-44 步 36  Bash
      page-27 步 40  Read
      page-22 步 39  Bash
      page-08 步 33  Edit
      page-28 步 35  Edit
      page-41 步 42  Edit
      page-44 步 37  Edit
      page-26 步 34  Edit
      page-16 步 36  Edit
      page-27 步 41  Edit
      page-22 步 40  Edit
      page-08 步 34  Bash
      page-05 步 38  Edit
      page-27 步 42  Bash
      page-32 步 39  Edit
      page-28 步 36  Edit
      page-29 步 35  Edit
      page-44 步 38  Edit
      page-41 步 43  Edit
      page-05 步 39  Edit
      page-16 步 37  Edit
      page-22 步 41  Edit
  page-44  ✓   39 次调用   11.2 分  selfcheck 13  skill 2  已完成 `page-44.html`。
      page-26 步 35  Bash
      page-32 步 40  Edit
      page-27 步 43  Edit
      page-29 步 36  Edit
      page-08 步 35  Edit
      page-32 步 41  Bash
      page-28 步 37  Bash
      page-29 步 37  Edit
      page-27 步 44  Edit
      page-26 步 36  Bash
      page-05 步 40  Bash
      page-16 步 38  Bash
      page-41 步 44  Edit
      page-22 步 42  Bash
      page-08 步 36  Edit
      page-27 步 45  Bash
      page-29 步 38  Edit
      page-41 步 45  Edit
      page-22 步 43  Edit
      page-28 步 38  Edit
      page-26 步 37  Bash
      page-32 步 42  Edit
      page-29 步 39  Bash
      page-05 步 41  Bash
      page-41 步 46  Edit
      page-28 步 39  Edit
      page-41 步 47  Bash
      page-27 步 46  Edit
      page-26 步 38  Edit
      page-22 步 44  Bash
      page-08 步 37  Bash
      page-27 步 47  Edit
      page-16 步 39  Edit
      page-22 步 45  Edit
      page-32 步 43  Bash
      page-08 步 38  Edit
      page-29 步 40  Edit
      page-05 步 42  Read
      page-16 步 40  Edit
      page-28 步 40  Bash
      page-26 步 39  Bash
      page-16 步 41  Bash
      page-28 步 41  Edit
      page-29 步 41  Bash
      page-32 步 44  Edit
      page-08 步 39  Bash
      page-27 步 48  Edit
      page-28 步 42  Edit
      page-05 步 43  Edit
      page-22 步 46  Bash
  page-32  ✓   45 次调用   12.4 分  selfcheck 17  skill 1  已完成 `page-32.html`：构建双尺度历史时间带、D3 动态缩放滑杆、四时代逐行比较及边界状态反馈。
      page-41 步 48  Edit
  page-26  ✓   40 次调用   12.5 分  selfcheck 14  skill 2  已完成 `page-26.html`：构建了可拖动推进把手、可装卸保存棘爪、回滑/锁定反馈、有限推动目标及重置功能，并通
      page-16 步 42  Edit
      page-08 步 40  Edit
      page-27 步 49  Edit
      page-22 步 47  Edit
      page-41 步 49  Edit
      page-08 步 41  Edit
      page-29 步 42  Edit
      page-05 步 44  Edit
      page-27 步 50  Bash
      page-16 步 43  Bash
      page-22 步 48  Edit
      page-28 步 43  Edit
      page-41 步 50  Edit
      page-28 步 44  Edit
      page-41 步 51  Edit
      page-08 步 42  Bash
      page-22 步 49  Bash
      page-29 步 43  Bash
      page-05 步 45  Bash
      page-27 步 51  Bash
      page-41 步 52  Bash
      page-16 步 44  Edit
      page-08 步 43  Bash
      page-16 步 45  Edit
      page-05 步 46  Edit
  page-28  ✓   45 次调用   13.2 分  selfcheck 12  skill 2  已完成 `page-28.html`：包含 Matter.js 二维碰撞近似、可调打击点与角度、按住蓄力敲击、裂纹及轮廓
      page-22 步 50  Edit
      page-41 步 53  Edit
      page-08 步 44  Edit
  page-27  ✓   52 次调用   13.3 分  selfcheck 17  skill 1  已完成 `page-27.html`，并通过初始状态及两种主要交互状态的 selfcheck。
      page-22 步 51  Edit
      page-05 步 47  Bash
      page-29 步 44  Edit
      page-08 步 45  Bash
      page-16 步 46  Bash
      page-41 步 54  Edit
      page-29 步 45  Edit
      page-22 步 52  Edit
      page-05 步 48  Edit
      page-16 步 47  Bash
      page-16 步 48  Read
      page-22 步 53  Bash
      page-08 步 46  Bash
      page-41 步 55  Bash
      page-29 步 46  Edit
      page-05 步 49  Edit
      page-16 步 49  Bash
      page-41 步 56  Edit
      page-29 步 47  Bash
      page-16 步 50  Read
      page-22 步 54  Edit
      page-41 步 57  Bash
      page-05 步 50  Bash
      page-22 步 55  Edit
      page-08 步 47  Bash
      page-29 步 48  Edit
      page-22 步 56  Bash
      page-29 步 49  Edit
      page-16 步 51  Edit
      page-05 步 51  Edit
      page-41 步 58  Edit
  page-08  ✓   48 次调用   14.6 分  selfcheck 17  skill 2  已完成 `page-08.html`，并通过 selfcheck：无 JS 错误、资源失败、溢出、裁切或文字叠压。
      page-22 步 57  Edit
      page-29 步 50  Edit
      page-22 步 58  Edit
      page-41 步 59  Bash
      page-22 步 59  Edit
      page-05 步 52  Bash
      page-16 步 52  Edit
      page-22 步 60  Edit
  page-41  ✓   60 次调用   15.1 分  selfcheck 17  skill 2  已完成 `page-41.html`。
      page-29 步 51  Bash Bash Bash Bash
      page-22 步 61  Bash
  page-05  ✓   53 次调用   15.2 分  selfcheck 14  skill 2  已完成第 5 页互动分类讲义，并通过初始、完成及重置状态自检。
      page-22 步 62  Bash
      page-16 步 53  Edit
      page-16 步 54  Bash
  page-29  ✓   52 次调用   15.5 分  selfcheck 22  skill 1  已完成第 29 页互动协作任务，并通过初始、第二轮、完成及重置状态的 selfcheck。
  page-22  ✓   63 次调用   15.6 分  selfcheck 20  skill 1  已完成第 22 页互动因果排序与目的论句式改写，并通过初始、错误反馈、完成及重置状态的 selfcheck。
      page-16 步 55  Edit
      page-16 步 56  Edit
      page-16 步 57  Bash
      page-16 步 58  Bash
      page-16 步 59  Edit
      page-16 步 60  Bash
      page-16 步 61  Edit
      page-16 步 62  Edit
      page-16 步 63  Edit
      page-16 步 64  Bash
      page-16 步 65  Edit
      page-16 步 66  Bash
  page-16  ✓   67 次调用   18.2 分  selfcheck 18  skill 1  已完成第 16 页互动足部结构配置模型，并通过初始与交互状态自检。

  45/45 页交付   墙钟 18.2 分
  每页调用数 4–67,中位 18   合计 1146
  selfcheck 合计 373   Skill 合计 62
  指派 skill 61 项,实际读到 61 项
  读取次数(前 6):CONTRACT.md 45  deck.md 45  theme.css 45  CHASSIS.md 45  LIBS.md 29  lec.js 21
