
▸ planner · ape-g2
  Apeman – Spaceman  /  90 分钟

  seed         底盘已就位,库 20 个
  lec.js        159.8s  out=10,824 tok   32,155 字符
  mount DOM     14 个类名
  PLAN.md       218.8s  out=14,109 tok   21,364 字符
  验规划       41 页,骨架齐全 41/41
  版式         7 种: canvas-full focus ledger split-lr split-tb stage-cards triptych
  theme.css      75.4s  out= 5,877 tok   14,616 字符
  验样式       mount 的 14 个类名,theme.css 覆盖 14 个
  CONTRACT.md   152.6s  out=11,584 tok   16,585 字符
  skeletons    41 个骨架,已接 base/theme/lec,data-total=41
  briefs       41 份,2275–2472 字符,中位 2316

  合计 607s  →  /data1/home/zhuyifan/ws2/Notale/notale-v2/runs/ape-g2

[1m▸ 覆盖闸[0m  ape-g2/pages
  规划 41 页,交付 0 页
  [31m✗ 空页 41(<1000B): page-01 page-02 page-03 page-04 page-05 page-06 page-07 page-08 page-09 page-10 page-11 page-12 page-13 page-14 page-15 page-16 page-17 page-18 page-19 page-20 page-21 page-22 page-23 page-24 page-25 page-26 page-27 page-28 page-29 page-30 page-31 page-32 page-33 page-34 page-35 page-36 page-37 page-38 page-39 page-40 page-41[0m
  锚点: kicker 0/0   标题 0/0   take 0/0
  时长: PLAN 第 0 节没有带分钟的章表,跳过
  逐页停留: 41 页齐全,合计 90 分钟  中位 2.25 分
  [31m1 类硬判不过[0m
