
▸ builder · ape-g6
  48 页,并发 50,effort=low,skill 清单 9,221 字符

      page-44 步  1  Read Read Read Read Skill
      page-16 步  1  Read Read Read Read Skill Skill
      page-10 步  1  Read Read Read Read Skill Skill
      page-36 步  1  Read Read Read Read Skill Skill Skill
      page-18 步  1  Read Read Read Read Skill
      page-38 步  1  Read Read Read Read Skill Skill Skill
      page-05 步  1  Read Read Read Read Skill Skill
      page-39 步  1  Read Read Read Read Skill
      page-43 步  1  Read Read Read Read Read Skill Skill
      page-25 步  1  Read Read Read Read Skill
      page-23 步  1  Read Read Read Read Read
      page-22 步  1  Read Read Read Read Skill
      page-41 步  1  Read Read Read Read Skill Skill
      page-14 步  1  Read Read Read Read Skill Skill
      page-19 步  1  Read Read Read Read Skill
      page-08 步  1  Read Read Read Read Read
      page-27 步  1  Read Read Read Read Skill Read
      page-01 步  1  Read Read Read Read Skill Skill
      page-30 步  1  Read Read Read Read Skill Skill
      page-10 步  2  Read
      page-48 步  1  Read Read Read Read Read Skill
      page-12 步  1  Read Read Read Read Skill Skill      page-09 步  1  Read Read Read Read Skill Skill

      page-38 步  2  Read
      page-13 步  1  Read Read Read Read Skill
      page-06 步  1  Read Read Read Read Skill Skill
      page-47 步  1  Read Read Read Read Skill Read
      page-31 步  1  Read Read Read Read Skill
      page-17 步  1  Read Read Read Read Read
      page-19 步  2  Read
      page-44 步  2  Read
      page-45 步  1  Read Read Read Read Skill Skill
      page-42 步  1  Read Read Read Read Read Skill Skill
      page-14 步  2  Read Read
      page-03 步  1  Read Read Read Read Skill
      page-33 步  1  Read Read Read Read Skill
      page-34 步  1  Read Read Read Read Skill Skill
      page-37 步  1  Read Read Read Read Skill
      page-02 步  1  Read Read Read Read Skill Skill
      page-40 步  1  Read Read Read Read Skill
      page-35 步  1  Read Read Read Read Skill
      page-22 步  2  Read
      page-36 步  2  Read Read
      page-20 步  1  Read Read Read Read Skill Read
      page-21 步  1  Read Read Read Read Skill
      page-24 步  1  Read Read Read Read Skill
      page-13 步  2  Read
      page-25 步  2  Read
      page-04 步  1  Read Read Read Read Skill Read
      page-46 步  1  Read Read Read Read Read Skill Skill
      page-15 步  1  Read Read Read Read Skill Skill
      page-01 步  2  Read
      page-32 步  1  Read Read Read Read Skill Read
      page-26 步  1  Read Read Read Read Skill Skill
      page-28 步  1  Read Read Read Read Skill Skill
      page-08 步  2  Read
      page-34 步  2  Read
      page-07 步  1  Read Read Read Read Skill
      page-33 步  2  Read
      page-29 步  1  Read Read Read Read Read
      page-02 步  2  Read
      page-37 步  2  Read
      page-05 步  2  Skill Bash
      page-18 步  2  Read
      page-21 步  2  Read
      page-46 步  2  Bash
      page-24 步  2  Read
      page-40 步  2  Read
      page-09 步  2  Read Bash
      page-16 步  2  Read Read
      page-30 步  2  Read Read
      page-15 步  2  Bash
      page-27 步  2  Read
      page-31 步  2  Read
      page-45 步  2  Read
      page-03 步  2  Read
      page-07 步  2  Read
      page-12 步  2  Read
      page-46 步  3  Bash
      page-42 步  2  Bash
      page-05 步  3  Bash
      page-06 步  2  Read Read
      page-02 步  3  Read
      page-28 步  2  Read
      page-09 步  3  Bash
      page-35 步  2  Read
      page-42 步  3  Bash
      page-13 步  3  Write
      page-26 步  2  Read
      page-46 步  4  Bash
      page-48 步  2  Write
      [page-11] InternalServerError 等 4s 重试 1/8
      page-05 步  4  Bash
      page-22 步  3  Write
      page-15 步  3  Bash
      page-13 步  4  Bash
      page-46 步  5  Bash
      page-48 步  3  Bash
      page-05 步  5  Bash
      page-09 步  4  Bash
      page-47 步  2  Write
      page-42 步  4  Bash
      page-39 步  2  Write
      page-04 步  2  Write
      page-29 步  2  Write
      page-43 步  2  Write
      page-05 步  6  Bash
      page-47 步  3  Bash
      page-31 步  3  Write
      page-10 步  3  Write
      page-22 步  4  Bash
      page-04 步  3  Bash
      page-09 步  5  Bash Bash
      page-40 步  3  Write
      page-11 步  1  Read Read Read Read Skill Read
      page-29 步  3  Bash
      page-31 步  4  Bash
      page-01 步  3  Write
      page-15 步  4  Bash
      page-38 步  3  Write
      [page-24] InternalServerError 等 5s 重试 1/8
      page-48 步  4  Edit
      page-42 步  5  Bash
      page-44 步  3  Write
      page-40 步  4  Bash
      page-17 步  2  Write
      page-14 步  3  Write
      page-34 步  3  Write
      page-33 步  3  Write
      page-19 步  3  Write
      page-41 步  2  Write
      page-47 步  4  Edit
      page-15 步  5  Bash
      page-10 步  4  Bash
      page-25 步  3  Write
      page-43 步  3  Bash
      page-21 步  3  Write
      page-13 步  5  Edit
      page-04 步  4  Edit
      page-14 步  4  Bash
      page-34 步  4  Bash
      page-18 步  3  Write
      page-20 步  2  Write
      page-46 步  6  Bash
      page-47 步  5  Edit
      page-36 步  3  Write
      page-39 步  3  Bash
      page-25 步  4  Bash
      page-41 步  3  Bash
      page-17 步  3  Bash
      page-21 步  4  Bash
      page-13 步  6  Bash
      page-43 步  4  Edit
      page-42 步  6  Bash
      page-44 步  4  Bash
      page-29 步  4  Edit
      page-19 步  4  Bash
      page-05 步  7  Bash
      page-22 步  5  Edit
      page-47 步  6  Bash
      page-40 步  5  Edit
      page-27 步  3  Write
      page-01 步  4  Bash
      page-10 步  5  Edit
      page-38 步  4  Bash
      page-48 步  5  Edit
      page-46 步  7  Bash
      page-34 步  5  Bash
      page-02 步  4  Write
      page-37 步  3  Write
      page-33 步  4  Bash
      page-44 步  5  Bash
      page-43 步  5  Bash
      page-30 步  3  Write
      page-29 步  5  Edit
      page-10 步  6  Edit
      page-16 步  3  Write
      page-12 步  3  Write
      page-04 步  5  Bash
      page-37 步  4  Bash
      page-31 步  5  Edit
      page-34 步  6  Bash
      page-25 步  5  Edit
      page-32 步  2  Write
      page-18 步  4  Bash
      page-30 步  4  Bash
      page-10 步  7  Edit
      page-08 步  3  Write
      page-27 步  4  Bash
      page-23 步  2  Write
      page-36 步  4  Bash
      page-26 步  3  Write
      page-20 步  3  Bash
      page-14 步  5  Bash
      page-29 步  6  Edit
      page-03 步  3  Write
      page-33 步  5  Edit
      page-35 步  3  Write
      page-28 步  3  Write
      page-10 步  8  Edit
      page-41 步  4  Edit
      page-22 步  6  Bash
      page-13 步  7  Edit
      page-46 步  8  Bash
      page-19 步  5  Edit
      page-25 步  6  Edit
      page-02 步  5  Bash
      page-40 步  6  Edit
      page-48 步  6  Bash
      page-06 步  3  Write
      page-47 步  7  Edit
      page-43 步  6  Edit
      page-39 步  4  Edit
      page-26 步  4  Bash
      page-21 步  5  Edit
      page-04 步  6  Edit
      page-14 步  6  Read
      page-38 步  5  Edit
      page-37 步  5  Edit
      page-35 步  4  Bash
      page-07 步  3  Write
      page-45 步  3  Write
      page-29 步  7  Bash
      page-17 步  4  Edit
      page-12 步  4  Bash
      page-20 步  4  Edit
      page-30 步  5  Edit
      page-10 步  9  Bash
      page-28 步  4  Bash
      page-31 步  6  Bash
      page-44 步  6  Edit
      page-06 步  4  Bash
      page-33 步  6  Edit Edit Edit Edit Edit
      page-05 步  8  Bash
      page-47 步  8  Edit
      page-04 步  7  Bash
      page-34 步  7  Edit
      page-16 步  4  Edit
      page-14 步  7  Edit
      page-45 步  4  Bash
      page-09 步  6  Bash
      page-48 步  7  Bash
      page-22 步  7  Edit
      page-18 步  5  Bash
      page-43 步  7  Bash
      page-01 步  5  Edit
      page-32 步  3  Bash
      page-25 步  7  Edit
      page-47 步  9  Bash
      page-20 步  5  Bash
      page-42 步  7  Bash
      page-22 步  8  Bash
      page-23 步  3  Bash
      page-36 步  5  Edit
      page-17 步  5  Edit
      page-37 步  6  Edit
      page-18 步  6  Read
      page-44 步  7  Edit
      page-01 步  6  Edit
      page-27 步  5  Edit
      page-29 步  8  Edit
  page-43  ✓    8 次调用    1.9 分  selfcheck  3  skill 2  已完成第 43 页并通过 selfcheck 全部检查。
      page-21 步  6  Edit
      page-16 步  5  Bash
      page-46 步  9  Read
      page-12 步  5  Edit
      [page-29] InternalServerError 等 5s 重试 1/8
      page-30 步  6  Edit
      page-34 步  8  Edit
      page-19 步  6  Bash
      page-41 步  5  Bash
      page-14 步  8  Edit
      page-36 步  6  Edit
      page-15 步  6  Bash
      page-01 步  7  Bash
      page-03 步  4  Bash
      page-08 步  4  Edit
      page-39 步  5  Bash
  page-22  ✓    9 次调用    2.0 分  selfcheck  3  skill 1  已完成 `page-22.html`：构建了静态三列四行 ledger，以清晰箭头和汇流主干呈现“当下行为 → 留存痕迹
      page-40 步  7  Edit
      page-21 步  7  Edit
      page-46 步 10  Read
      page-04 步  8  Edit
      page-13 步  8  Edit
      page-32 步  4  Bash
      page-38 步  6  Edit
      page-33 步  7  Edit
      page-14 步  9  Bash
      page-18 步  7  Edit
      page-10 步 10  Edit
      page-02 步  6  Edit
      page-26 步  5  Edit
      page-12 步  6  Edit
      page-27 步  6  Edit
      page-48 步  8  Edit
      page-35 步  5  Edit
      page-24 步  3  Write
      page-04 步  9  Bash
      page-13 步  9  Bash
      page-21 步  8  Edit
      page-07 步  4  Bash
      page-29 步  9  Bash
      page-38 步  7  Edit
      page-37 步  7  Bash
      page-18 步  8  Edit
      page-26 步  6  Edit
      page-45 步  5  Edit
      page-28 步  5  Edit
      page-40 步  8  Bash
      page-17 步  6  Bash
      page-05 步  9  Bash
      page-10 步 11  Bash
      page-36 步  7  Bash
      page-34 步  9  Edit
      page-12 步  7  Bash
      page-09 步  7  Edit
      page-48 步  9  Edit
      page-42 步  8  Edit
      page-26 步  7  Bash
      page-44 步  8  Bash
      page-06 步  5  Edit
      page-21 步  9  Bash
      page-25 步  8  Edit
      page-18 步  9  Bash
      page-07 步  5  Bash
  page-29  ✓   10 次调用    2.2 分  selfcheck  3  skill 0  已完成 `page-29.html`，实现工业能力与外部代价的镜像比较图、可拖动及键盘操作的代价秤，并通过全部 self
      page-31 步  7  Edit
      page-08 步  5  Bash
      page-30 步  7  Edit
      page-27 步  7  Bash
      page-02 步  7  Edit
      page-20 步  6  Edit
      page-41 步  6  Edit
      page-47 步 10  Edit
      page-11 步  2  Write
  page-04  ✓   10 次调用    2.3 分  selfcheck  4  skill 1  已完成 `page-04.html`，并通过 selfcheck：无 JS 报错、资源失败、越界或裁切。
      page-14 步 10  Edit
      page-34 步 10  Edit
      page-25 步  9  Bash
      page-38 步  8  Edit
      page-48 步 10  Bash
      page-36 步  8  Edit
      page-10 步 12  Edit
      page-19 步  7  Edit
      page-07 步  6  Read
      page-35 步  6  Edit
      page-39 步  6  Edit
      page-32 步  5  Edit
      page-17 步  7  Edit
      page-20 步  7  Bash
      page-02 步  8  Edit
      page-23 步  4  Edit
      page-45 步  6  Edit Edit Edit Edit
      page-42 步  9  Edit
      page-15 步  7  Edit
      page-33 步  8  Bash
      page-36 步  9  Bash
      page-11 步  3  Bash
      page-24 步  4  Bash
      page-16 步  6  Edit
      page-28 步  6  Edit
      page-34 步 11  Edit
      page-39 步  7  Bash
      page-01 步  8  Edit
      page-35 步  7  Edit
      page-23 步  5  Edit
      page-13 步 10  Edit
      page-09 步  8  Bash
      page-19 步  8  Edit
      page-32 步  6  Bash
      page-45 步  7  Bash
      page-02 步  9  Edit
      page-16 步  7  Edit
      page-12 步  8  Edit      page-06 步  6  Edit

      page-18 步 10  Edit
      page-20 步  8  Edit
      page-34 步 12  Bash
      page-42 步 10  Bash
      page-24 步  5  Bash
      page-01 步  9  Bash
      page-08 步  6  Edit
      page-28 步  7  Edit
      page-47 步 11  Edit
      page-23 步  6  Edit
      page-33 步  9  Edit
      page-31 步  8  Edit
      page-37 步  8  Edit
      page-19 步  9  Edit
      page-11 步  4  Bash
      page-21 步 10  Edit
      page-02 步 10  Edit
      page-48 步 11  Edit
      page-30 步  8  Bash
      page-41 步  7  Edit
      page-06 步  7  Edit
      page-44 步  9  Edit
      page-18 步 11  Edit
      page-38 步  9  Bash
      page-10 步 13  Bash
      page-47 步 12  Bash
      page-14 步 11  Edit
      page-40 步  9  Edit
      page-26 步  8  Edit
      page-16 步  8  Edit
      page-17 步  8  Edit
      page-13 步 11  Bash
      page-20 步  9  Bash
      page-46 步 11  Bash
      page-33 步 10  Bash
      page-23 步  7  Bash
      page-45 步  8  Edit
      page-03 步  5  Edit
      page-18 步 12  Bash
      page-11 步  5  Read
      page-31 步  9  Bash
      page-48 步 12  Bash
      page-15 步  8  Edit
      page-06 步  8  Edit
      page-35 步  8  Edit
      page-19 步 10  Edit
      page-12 步  9  Edit
      page-02 步 11  Bash
      page-27 步  8  Edit
      page-25 步 10  Edit
      page-07 步  7  Edit
      page-34 步 13  Edit
  page-47  ✓   13 次调用    2.7 分  selfcheck  4  skill 1  已完成 `page-47.html`，并通过 selfcheck：无报错、无加载失败、无越界或裁切。
      page-44 步 10  Bash
  page-10  ✓   14 次调用    2.7 分  selfcheck  4  skill 2  已完成 `page-10.html`，并通过 selfcheck。
      page-36 步 10  Edit
      page-08 步  7  Bash
      page-41 步  8  Edit
      page-16 步  9  Edit
      page-45 步  9  Bash
      page-30 步  9  Edit
      page-17 步  9  Bash
      page-06 步  9  Edit
      page-14 步 12  Bash
      page-27 步  9  Bash
      page-19 步 11  Bash
      page-24 步  6  Read
  page-13  ✓   12 次调用    2.8 分  selfcheck  4  skill 1  已完成第 13 页构建，并通过 selfcheck：无报错、无加载失败、无越界或裁切。
      page-33 步 11  Edit
      page-35 步  9  Bash
      page-38 步 10  Edit
      page-21 步 11  Bash
      page-25 步 11  Bash
  page-31  ✓   10 次调用    2.8 分  selfcheck  3  skill 1  已完成 `page-31.html`，并通过 selfcheck：无脚本错误、资源加载失败、越界或裁切。
      page-42 步 11  Bash
      page-15 步  9  Edit
      page-32 步  7  Edit
  page-48  ✓   13 次调用    2.8 分  selfcheck  5  skill 1  已完成 `page-48.html`，并通过 selfcheck：无 JS 错误、资源加载失败、画布越界或裁切。
      page-37 步  9  Edit
      page-06 步 10  Bash
      page-23 步  8  Edit
      page-40 步 10  Bash
      page-39 步  8  Edit
      page-01 步 10  Edit
      page-33 步 12  Bash
      page-36 步 11  Bash
      page-11 步  6  Read
      page-41 步  9  Edit
      page-24 步  7  Edit
      page-08 步  8  Edit
      page-34 步 14  Bash
      page-45 步 10  Edit
      page-26 步  9  Edit
      page-15 步 10  Bash
      page-20 步 10  Bash
      page-25 步 12  Edit
      page-05 步 10  Bash
      page-09 步  9  Edit
      page-28 步  8  Bash
  page-21  ✓   12 次调用    2.9 分  selfcheck  3  skill 1  已完成 `page-21.html`，实现 D3 文化棘轮交互、三项调节器、动态因果流与趋势反馈，并通过 selfche
      page-03 步  6  Edit
      page-41 步 10  Edit
      page-23 步  9  Bash
      page-18 步 13  Edit
      page-42 步 12  Bash
      page-01 步 11  Bash
      page-16 步 10  Bash
      page-40 步 11  Edit
      page-26 步 10  Bash
      page-08 步  9  Bash
      page-12 步 10  Bash
      page-38 步 11  Bash
      page-34 步 15  Edit
      page-09 步 10  Bash
      page-37 步 10  Edit
      page-19 步 12  Edit
      page-11 步  7  Read
      page-14 步 13  Edit
      page-30 步 10  Edit
      page-07 步  8  Edit Edit
      page-24 步  8  Edit
      page-41 步 11  Bash
      page-18 步 14  Bash
      page-35 步 10  Edit
      page-36 步 12  Edit
      page-15 步 11  Edit
      page-27 步 10  Edit
      page-02 步 12  Edit
      page-32 步  8  Edit
      page-33 步 13  Edit
      page-25 步 13  Bash
      page-07 步  9  Bash
      page-05 步 11  Edit
      page-14 步 14  Bash
      page-39 步  9  Edit
      page-45 步 11  Bash
      page-17 步 10  Edit
  page-08  ✓   10 次调用    3.2 分  selfcheck  3  skill 0  已完成 `page-08.html`，并通过 selfcheck：无 JS 报错、加载失败、越界或裁切。
      page-27 步 11  Bash
      page-23 步 10  Edit
      page-20 步 11  Edit
      page-46 步 12  Bash
      page-16 步 11  Edit
      page-38 步 12  Bash
  page-01  ✓   12 次调用    3.2 分  selfcheck  4  skill 2  已完成 `page-01.html`，并通过 selfcheck：无脚本错误、资源失败、越界或裁切。
      page-03 步  7  Edit
      page-06 步 11  Edit
      page-34 步 16  Bash
      page-44 步 11  Edit
      page-17 步 11  Edit
      page-39 步 10  Bash
      page-42 步 13  Edit
      page-20 步 12  Bash
      page-45 步 12  Edit
      page-09 步 11  Edit
      page-30 步 11  Bash
      page-15 步 12  Edit
      page-33 步 14  Bash
      page-16 步 12  Bash
      page-35 步 11  Bash
      page-36 步 13  Bash
      page-12 步 11  Edit
  page-34  ✓   17 次调用    3.3 分  selfcheck  4  skill 2  已完成 `page-34.html`，并通过 selfcheck：无 JavaScript 报错、资源加载失败、画布溢出
      page-28 步  9  Edit
      page-41 步 12  Edit
      page-11 步  8  Edit
      page-40 步 12  Bash
      page-02 步 13  Bash
      page-44 步 12  Edit
      page-26 步 11  Edit
      page-19 步 13  Edit
      page-07 步 10  Edit Edit
      page-14 步 15  Edit
      page-05 步 12  Edit
      page-17 步 12  Edit
      page-45 步 13  Bash
      page-24 步  9  Bash
      page-06 步 12  Bash
      page-28 步 10  Bash
      page-12 步 12  Bash
  page-36  ✓   14 次调用    3.4 分  selfcheck  5  skill 3  已完成第 36 页构建，并通过 selfcheck：无 JavaScript 报错、资源加载失败、越界或裁切。
      page-32 步  9  Edit
      page-37 步 11  Bash
  page-20  ✓   13 次调用    3.4 分  selfcheck  6  skill 1  已完成并通过 selfcheck。
      page-44 步 13  Edit
      page-15 步 13  Bash
      page-26 步 12  Edit
      page-16 步 13  Edit
      page-23 步 11  Bash
      page-07 步 11  Bash
  page-25  ✓   14 次调用    3.5 分  selfcheck  4  skill 1  已完成 `page-25.html`，并通过 selfcheck：无 JS 报错、加载失败、越界或裁切。
      page-42 步 14  Bash
      page-46 步 13  Bash
  page-27  ✓   12 次调用    3.5 分  selfcheck  4  skill 1  已完成并通过 selfcheck。
      page-41 步 13  Edit
      page-02 步 14  Edit
  page-18  ✓   15 次调用    3.5 分  selfcheck  4  skill 1  已完成 `page-18.html`，实现四棒信息接力小游戏、固定种子题组、键盘操作、最终保真度与逐步变化揭示。自检已通
  page-38  ✓   13 次调用    3.5 分  selfcheck  4  skill 3  已完成 `page-38.html`，并通过初始、中间及边界交互状态自检。
      page-19 步 14  Bash
      page-11 步  9  Edit
      page-17 步 13  Bash
      page-33 步 15  Edit
      page-16 步 14  Bash
      page-09 步 12  Bash
      page-39 步 11  Edit
      page-12 步 13  Bash
      page-06 步 13  Edit
      page-03 步  8  Edit
      page-42 步 15  Edit
      page-35 步 12  Edit
      page-44 步 14  Edit
      page-19 步 15  Edit
      page-40 步 13  Edit
      page-14 步 16  Bash
      page-33 步 16  Bash
      page-41 步 14  Edit
      page-28 步 11  Edit
      page-03 步  9  Bash
      page-02 步 15  Bash
      page-30 步 12  Bash
  page-23  ✓   12 次调用    3.7 分  selfcheck  4  skill 0  已完成 `page-23.html`：构建了采集与种植的四维对照矩阵、投入配平滑块，以及随比例实时更新的 ECharts
      page-24 步 10  Edit
      page-07 步 12  Edit
      page-42 步 16  Bash
      page-26 步 13  Edit
      page-35 步 13  Bash
      page-05 步 13  Edit
      page-19 步 16  Bash
  page-16  ✓   15 次调用    3.7 分  selfcheck  4  skill 2  已完成 `page-16.html`，并通过初始、交互中间及结算状态的 selfcheck 自检。
      page-28 步 12  Bash
  page-45  ✓   14 次调用    3.7 分  selfcheck  5  skill 2  已完成 `page-45.html`：实现固定种子的 PixiJS 轨道碎片清理模拟、六步因果流程、实时计数、风险反馈、
      page-32 步 10  Bash
      page-15 步 14  Edit
      page-37 步 12  Edit
      page-11 步 10  Edit
      page-39 步 12  Bash
      page-33 步 17  Edit
      page-05 步 14  Bash
      page-44 步 15  Edit
  page-30  ✓   13 次调用    3.8 分  selfcheck  4  skill 2  已完成第 30 页构建，并通过初始、中间及全部接入状态的 selfcheck。
  page-17  ✓   14 次调用    3.8 分  selfcheck  4  skill 0  已完成 `page-17.html`，并通过 selfcheck：无 JS 报错、加载失败、越界或裁切。
      page-15 步 15  Bash
      page-09 步 13  Edit
  page-42  ✓   17 次调用    3.8 分  selfcheck  4  skill 2  已完成 `page-42.html`：包含真实 NASA 舷窗照片、可拖拽与键盘操作的擦拭交互、逐行同步高亮的比较结构，
      page-41 步 15  Edit
      page-37 步 13  Bash
      page-06 步 14  Bash
      page-44 步 16  Bash
      page-41 步 16  Bash
  page-35  ✓   14 次调用    3.9 分  selfcheck  4  skill 1  已完成 `page-35.html`：实现可拖拽、键盘可操作的速度向量，实时计算并绘制轨迹，将结果分类为坠落、椭圆轨道、
  page-33  ✓   18 次调用    3.9 分  selfcheck  6  skill 1  已完成 `page-33.html`：实现双环境 Matter.js 反冲实验、同步点火/复位、五步过程高亮、动量账本及
      page-32 步 11  Edit
      page-46 步 14  Edit
      page-40 步 14  Bash
  page-12  ✓   14 次调用    4.0 分  selfcheck  5  skill 2  已完成 `page-12.html`，并通过初始、中间及全部展开状态的 selfcheck。
      page-24 步 11  Edit
      page-02 步 16  Edit
      page-15 步 16  Edit
      page-07 步 13  Bash
  page-19  ✓   17 次调用    4.0 分  selfcheck  5  skill 1  已完成 `page-19.html`：构建了模仿与互动式教学的对齐比较、Konva 装配演示及键盘可用的模式切换。全部主
      page-14 步 17  Edit
      page-11 步 11  Edit
      page-09 步 14  Bash
  page-37  ✓   14 次调用    4.0 分  selfcheck  4  skill 1  已完成 `page-37.html`，并通过 selfcheck 全部检查。
      page-32 步 12  Bash
      page-15 步 17  Bash
      page-46 步 15  Bash
      page-28 步 13  Edit
  page-40  ✓   15 次调用    4.1 分  selfcheck  5  skill 1  已完成第 40 页构建，并通过 selfcheck 自检。
      page-24 步 12  Edit
      page-05 步 15  Edit
      page-39 步 13  Edit
      page-03 步 10  Edit
  page-06  ✓   15 次调用    4.1 分  selfcheck  4  skill 2  已完成 `page-06.html`：构建三维步态骨架、六阶段过程轴、骨盆与落脚点联动控制、重心轨迹及键盘操作，并通过 
      page-44 步 17  Edit
      page-11 步 12  Bash
      page-41 步 17  Edit
      page-26 步 14  Bash
      page-14 步 18  Bash
      page-02 步 17  Bash
      page-03 步 11  Edit
      page-09 步 15  Edit
      page-28 步 14  Bash
      page-11 步 13  Edit
      page-41 步 18  Bash
      page-24 步 13  Bash
      page-07 步 14  Edit
      page-03 步 12  Bash
      page-32 步 13  Edit
      page-15 步 18  Edit
      page-39 步 14  Edit
      page-44 步 18  Bash
      page-14 步 19  Edit
      page-02 步 18  Edit
  page-24  ✓   14 次调用    4.5 分  selfcheck  3  skill 1  已完成第 24 页构建，并通过 selfcheck：无 JS 报错、资源失败、越界或裁切。
      page-28 步 15  Edit
      page-46 步 16  Edit
      page-07 步 15  Bash
      page-14 步 20  Bash
      page-05 步 16  Bash
      page-09 步 16  Bash
      page-02 步 19  Bash
      page-46 步 17  Bash
  page-26  ✓   15 次调用    4.6 分  selfcheck  4  skill 2  已完成 `page-26.html`，实现可叠加的外部记忆层与 D3 流程反馈，并通过 selfcheck。
  page-41  ✓   19 次调用    4.6 分  selfcheck  5  skill 2  已完成 `page-41.html`，并通过初始、中间及边界状态自检。
      page-39 步 15  Edit
      page-32 步 14  Bash
      page-11 步 14  Bash
      page-03 步 13  Edit
      page-07 步 16  Edit
      page-46 步 18  Bash
  page-14  ✓   21 次调用    4.7 分  selfcheck  7  skill 2  已完成 `page-14.html`：构建了 Matter.js 石核敲击模拟、六步制造流程、目标轮廓与结果叠层、指针及
      page-15 步 19  Bash
      page-39 步 16  Bash
  page-32  ✓   15 次调用    4.8 分  selfcheck  5  skill 1  已完成第 32 页构建，并通过 selfcheck 自检。
  page-05  ✓   17 次调用    4.8 分  selfcheck  3  skill 3  已完成第 5 页构建，并通过 selfcheck 全部检查。
      page-07 步 17  Bash
      page-46 步 19  Edit
      page-44 步 19  Edit
      page-15 步 20  Edit
  page-39  ✓   17 次调用    4.9 分  selfcheck  6  skill 1  已完成 `page-39.html`，并通过多状态 selfcheck：无 JS 报错、资源加载失败、越界或裁切。
      page-11 步 15  Edit
      page-46 步 20  Bash
  page-02  ✓   20 次调用    5.0 分  selfcheck  6  skill 2  已完成 `page-02.html`：实现六张匿名人物卡的拖拽与键盘排列、队列到分支历史的原位转换，以及三维度对齐比较。
      page-44 步 20  Bash
      page-03 步 14  Bash
      page-15 步 21  Bash
      page-11 步 16  Bash
  page-46  ✓   21 次调用    5.1 分  selfcheck  6  skill 2  已完成 `page-46.html`，并通过 selfcheck 自检。
      page-28 步 16  Bash
  page-07  ✓   18 次调用    5.2 分  selfcheck  6  skill 1  已完成 `page-07.html`：构建了可点击、键盘可操作的 D3 分支谱系树，并通过全部 selfcheck 检查
  page-11  ✓   17 次调用    5.2 分  selfcheck  4  skill 1  已完成 `page-11.html`：实现六步能量流程、D3 动态流带、ECharts SVG 预算条、食物质量切换与脑
  page-15  ✓   22 次调用    5.2 分  selfcheck  7  skill 2  已完成第 15 页构建，并通过 selfcheck 自检。
  page-09  ✓   17 次调用    5.2 分  selfcheck  6  skill 2  已完成 `page-09.html`：构建真实足迹现场板、六步证据推理链，以及支持拖放和键盘操作的证据拼合交互。所有代表
      page-28 步 17  Edit
      page-03 步 15  Edit
      page-44 步 21  Bash
      page-03 步 16  Bash
  page-44  ✓   22 次调用    5.5 分  selfcheck  7  skill 1  已完成第 44 页互动讲义，并通过 selfcheck。
  page-03  ✓   17 次调用    5.5 分  selfcheck  5  skill 1  已完成 `page-03.html`，并通过 selfcheck：无 JavaScript 错误、资源加载失败、画布越界
      page-28 步 18  Bash
  page-28  ✓   19 次调用    5.8 分  selfcheck  7  skill 2  已完成 `page-28.html`，并通过 selfcheck：无 JS 报错、资源失败、越界或裁切。

  48/48 页交付   墙钟 5.8 分
  每页调用数 8–22,中位 14   合计 714
  selfcheck 合计 219   Skill 合计 68
  指派 skill 67 项,实际读到 67 项
