
▸ builder · ape-g18
  3 页,并发 3,effort=low,skill 块 258–516 字符/页(中位 398,全清单是 9,221)

      page-01 步  1  Read Read Read Read Read Skill Skill
      page-28 步  1  Read Read Read Read Read Skill Read
      page-16 步  1  Read Read Read Read Read Skill Skill
      page-28 步  2  Bash
      page-01 步  2  Read Read Bash
      page-16 步  2  Read Read Bash
      page-01 步  3  Bash
      page-16 步  3  Bash
      page-28 步  3  Read
      page-01 步  4  Read
      page-28 步  4  Edit
      page-16 步  4  Bash
      page-28 步  5  Bash
      page-16 步  5  Read
      page-16 步  6  Bash
      page-01 步  5  Write
      page-01 步  6  Bash
      page-28 步  6  Edit
      page-28 步  7  Bash
      page-16 步  7  Read Read
  page-28  ✓    8 次调用    1.3 分  selfcheck  3  skill 1  已完成 `page-28.html`，并通过截图检查与最终 selfcheck。
      page-01 步  7  Edit
      page-01 步  8  Bash
      page-16 步  8  Edit
      page-16 步  9  Bash
      page-01 步  9  Edit
      page-16 步 10  Read
      page-01 步 10  Bash
      page-16 步 11  Bash
      page-01 步 11  Edit
      [page-01] RateLimitError 等 4s 重试 1/8
  page-16  ✓   12 次调用    2.1 分  selfcheck  4  skill 2  已完成 `page-16.html`。
      page-01 步 12  Bash
      [page-01] RateLimitError 等 5s 重试 1/8
      [page-01] RateLimitError 等 17s 重试 2/8
      page-01 步 13  Read
      page-01 步 14  Edit
      page-01 步 15  Bash
      page-01 步 16  Edit
      page-01 步 17  Bash
      page-01 步 18  Read
      page-01 步 19  Bash
  page-01  ✓   20 次调用    4.2 分  selfcheck  8  skill 2  已完成 `page-01.html`，并通过最终 selfcheck。

  3/3 页交付   墙钟 4.2 分
  每页调用数 8–20,中位 12   合计 40
  selfcheck 合计 15   Skill 合计 5
  指派 skill 5 项,实际读到 5 项
  读取次数(前 6):CONTRACT.md 3  deck.md 3  theme.css 3  CHASSIS.md 3  page-01.png 3  LIBS.md 2
