
▸ builder · orbit-02
  20 页,并发 12,effort=medium,skill 清单 9,160 字符

      page-02 步  1  Read Read      page-11 步  1  Read Read Read Read Skill Skill

      page-03 步  1  Bash Skill Skill
      page-06 步  1  Read Read Read Read
      page-05 步  1  Read Read Read Read Skill Skill
      page-01 步  1  Read Read
      page-10 步  1  Read Read Read Read Skill
      page-07 步  1  Read Read Read Read Skill
      page-08 步  1  Read Read Read Read Skill Skill
      page-12 步  1  Read Read Read Read Skill
      page-09 步  1  Read Read Read Read Skill
      page-04 步  1  Read Read Read Read Skill Skill
      page-01 步  2  Read Read Skill
      page-02 步  2  Read Read Read Skill
      page-11 步  2  Read Read Read
      page-07 步  2  Read Read Read
      page-10 步  2  Read Read Read
      page-08 步  2  Read Read Read
      page-03 步  2  Read Read Read Read Read
      page-05 步  2  Read Read
      page-09 步  2  Read Read Read
      page-12 步  2  Read Read Read
      page-07 步  3  Read
      page-01 步  3  Read Read
      page-05 步  3  Read
      page-02 步  3  Read Read
      page-03 步  3  Read Read Read Read Read
      page-06 步  2  Read Read
      page-01 步  4  Read
      page-04 步  2  Read Read Read
      page-03 步  4  Read Read Read Read
      page-06 步  3  Skill Skill
      page-02 步  4  Bash
      page-06 步  4  Read
      page-03 步  5  Read
      page-12 步  3  Write
      page-12 步  4  Bash
      page-05 步  4  Write
      page-11 步  3  Write
      page-04 步  3  Write
      page-12 步  5  Edit
      page-05 步  5  Bash
      page-12 步  6  Edit
      page-11 步  4  Bash
      page-04 步  4  Bash
      page-01 步  5  Write
      page-08 步  3  Write
      page-07 步  4  Write
      page-12 步  7  Edit
      page-03 步  6  Write
      page-07 步  5  Bash
      page-01 步  6  Bash
      page-08 步  4  Bash
      page-05 步  6  Edit
      page-06 步  5  Write
      page-03 步  7  Bash
      page-11 步  5  Edit
  page-04  ✓    5 次调用    2.1 分  selfcheck  1  skill 2  已完成 `page-04.html`，并通过 selfcheck：无 JS 错误、资源加载失败、画布溢出或裁切，最小字号
      page-12 步  8  Bash
      page-13 步  1  Read Read
      page-02 步  5  Write
      page-11 步  6  Edit
      page-01 步  7  Edit
      page-06 步  6  Edit
      page-09 步  3  Write
      page-02 步  6  Bash
  page-08  ✓    5 次调用    2.3 分  selfcheck  1  skill 2  已完成。
      page-13 步  2  Read Read Skill
      page-10 步  3  Write
      page-07 步  6  Edit
      page-01 步  8  Edit
      page-05 步  7  Edit
      page-03 步  8  Edit
      page-11 步  7  Bash
      page-14 步  1  Read Read
      page-06 步  7  Bash
      page-09 步  4  Bash
      page-10 步  4  Bash
      page-12 步  9  Edit
      page-13 步  3  Read Read
      page-02 步  7  Edit
      page-07 步  7  Edit
      page-14 步  2  Read Read Skill Skill
      page-05 步  8  Edit
      page-03 步  9  Edit
      page-01 步  9  Edit
      page-13 步  4  Read
      page-11 步  8  Edit
      page-12 步 10  Bash
      page-02 步  8  Edit
      page-14 步  3  Read Read Read
      page-09 步  5  Edit
      page-05 步  9  Bash
      page-01 步 10  Edit
      page-03 步 10  Edit
  page-06  ✓    8 次调用    2.6 分  selfcheck  1  skill 2  已完成 `page-06.html`，并通过 selfcheck：JS、资源加载、画布溢出与元素裁切均为 0。
      page-07 步  8  Edit
      page-11 步  9  Edit
      page-03 步 11  Edit
      page-15 步  1  Read Read Read Read
  page-12  ✓   11 次调用    2.7 分  selfcheck  3  skill 1  已完成 `page-12.html`：实现可拖拽弹射、出发高度调节、实时轨道能量与轨迹分类，并支持键盘操作和重置。自检通
      page-09 步  6  Edit
      page-07 步  9  Edit
      page-05 步 10  Bash
      page-11 步 10  Bash
      page-10 步  5  Edit
      page-15 步  2  Read Read Skill
      page-02 步  9  Edit
      page-16 步  1  Read Read Read Read Read Skill
      page-01 步 11  Edit
      page-03 步 12  Bash
      page-07 步 10  Bash
  page-05  ✓   11 次调用    2.8 分  selfcheck  2  skill 2  已完成 `page-05.html`：实现可拖拽/键盘操作的质量块装配、Matter.js 发射台物理、实时推重比与燃烧
      page-09 步  7  Bash
  page-11  ✓   11 次调用    2.9 分  selfcheck  3  skill 2  已完成第 11 页互动讲义并通过 selfcheck。
      page-16 步  2  Read Read
      page-10 步  6  Edit
      page-15 步  3  Read
      page-01 步 12  Edit
      page-17 步  1  Read Read Skill
      page-18 步  1  Read Read Read Read Skill Skill
  page-03  ✓   13 次调用    2.9 分  selfcheck  2  skill 2  已完成 `page-03.html`。
      page-02 步 10  Edit
      page-09 步  8  Edit
      page-01 步 13  Bash
      page-07 步 11  Bash
      page-19 步  1  Read Read Read Read Skill
      page-02 步 11  Edit
      page-09 步  9  Bash
      page-18 步  2  Bash Read
      page-17 步  2  Read Read Read
      page-10 步  7  Edit
      page-19 步  2  Read Read Read
      page-10 步  8  Read
      page-02 步 12  Bash
      page-17 步  3  Read Read
  page-09  ✓   10 次调用    3.2 分  selfcheck  3  skill 1  已完成 `page-09.html`，并通过 selfcheck：无 JS 错误、加载失败、溢出、裁切或字号问题。
  page-01  ✓   14 次调用    3.3 分  selfcheck  2  skill 1  已完成 `page-01.html`，并通过 selfcheck。
      page-10 步  9  Read
      page-19 步  3  Read Read
      page-17 步  4  Read Read Read Read
      page-07 步 12  Edit
      page-20 步  1  Read Read Read Read Skill
      page-10 步 10  Edit
      page-20 步  2  Read Read Read
      page-07 步 13  Edit
      page-10 步 11  Edit
      page-02 步 13  Edit
      page-07 步 14  Bash
      page-02 步 14  Bash
  page-02  ✓   15 次调用    3.8 分  selfcheck  3  skill 1  已完成 `page-02.html`：构建了可旋转三维地球剖层、径向拖拽飞船、卡门线与近地轨道壳层，以及支持力／自由落体
      page-10 步 12  Edit
      page-10 步 13  Bash
      page-13 步  5  Write
      page-14 步  4  Write
      page-13 步  6  Bash
      page-14 步  5  Bash
      page-07 步 15  Bash
  page-10  ✓   14 次调用    4.1 分  selfcheck  2  skill 1  已完成 `page-10.html`：实现可拖拽近/远地点与卫星、实时开普勒运动、速度尾迹及能量联动，并通过 selfc
      page-14 步  6  Edit
      page-16 步  3  Write
      page-13 步  7  Edit
      page-16 步  4  Bash
      page-13 步  8  Edit
      page-14 步  7  Bash
      page-07 步 16  Edit
  page-16  ✓    5 次调用    1.8 分  selfcheck  1  skill 1  已完成 `page-16.html`：构建了可操作三维地球、轨道高度/倾角/圆度/方向控制、地面波束与轨迹、同步状态判定
      page-13 步  9  Edit
      page-17 步  5  Write
      page-18 步  3  Write
      page-07 步 17  Bash
      page-18 步  4  Bash
      page-17 步  6  Bash
      page-13 步 10  Edit
      page-19 步  4  Write
      page-14 步  8  Edit Edit
      page-13 步 11  Edit
      page-18 步  5  Bash
      page-19 步  5  Bash
      page-07 步 18  Bash
      page-13 步 12  Bash
      page-14 步  9  Edit
      page-17 步  7  Edit
      page-14 步 10  Edit
      page-18 步  6  Bash
  page-13  ✓   13 次调用    2.9 分  selfcheck  2  skill 1  已完成 `page-13.html`，并通过 selfcheck：无 JS 错误、加载失败、溢出或裁切问题。
      page-07 步 19  Edit
      page-14 步 11  Edit
      page-17 步  8  Bash
      page-20 步  3  Write
      page-07 步 20  Bash
      page-19 步  6  Edit
      page-18 步  7  Edit Edit Edit Edit
  page-17  ✓    9 次调用    2.4 分  selfcheck  2  skill 1  已完成第 17 页互动轨道寿命实验室，并通过 selfcheck。
      page-20 步  4  Bash
      page-15 步  4  Write
      page-14 步 12  Bash
      page-19 步  7  Edit Edit
      page-18 步  8  Edit Edit
      page-19 步  8  Bash
      page-20 步  5  Edit
      page-15 步  5  Bash
      page-14 步 13  Bash
  page-07  ✓   21 次调用    5.5 分  selfcheck  6  skill 1  已完成 `page-07.html`：实现三栏分级搭建与同步试飞挑战，支持载荷选择、手动分离、早分离/晚分离反馈、实时质
      page-20 步  6  Bash
      page-18 步  9  Bash
  page-19  ✓    9 次调用    2.7 分  selfcheck  2  skill 1  已完成 `page-19.html`，并通过 selfcheck：无 JS 错误、加载失败、溢出或裁切问题。
      page-15 步  6  Edit
      page-18 步 10  Bash
      page-15 步  7  Edit
      page-14 步 14  Edit
      page-20 步  7  Bash
      page-15 步  8  Edit
      page-14 步 15  Bash
      page-18 步 11  Edit
  page-20  ✓    8 次调用    2.7 分  selfcheck  2  skill 1  已完成 `page-20.html`，并通过 selfcheck：无 JS 错误、资源加载失败、画布溢出或元素裁切。
      page-14 步 16  Bash
      page-18 步 12  Bash
      page-15 步  9  Bash
  page-14  ✓   17 次调用    3.9 分  selfcheck  3  skill 2  已完成第 14 页：双脉冲霍曼转移谜题支持相位等待、自由 Δv 与点火方向、实时二体积分、交会圆化判定及燃料/误差/等待
      page-15 步 10  Edit
      page-18 步 13  Edit
      page-18 步 14  Bash
      page-15 步 11  Edit
      page-15 步 12  Edit
      page-18 步 15  Edit Edit
      page-18 步 16  Bash
      page-15 步 13  Edit
      page-15 步 14  Edit
      page-15 步 15  Bash
      page-18 步 17  Bash
  page-15  ✓   16 次调用    4.9 分  selfcheck  3  skill 1  已完成 `page-15.html`：构建三维轨道平面变轨工作台，支持节点拖拽、速度矢量旋转、近远地点代价比较、合并点火
  page-18  ✓   18 次调用    4.7 分  selfcheck  3  skill 2  已完成第 18 页：再入走廊驾驶小游戏、实时物理积分、热流/动压/过载反馈、等离子尾迹、落点判定及历史轨迹比较。自检通过

  20/20 页交付   墙钟 7.5 分
  每页调用数 5–21,中位 11   合计 233
  selfcheck 合计 47   Skill 合计 28
  指派 skill 28 项,实际读到 28 项
