  跳过已建好的 1 页: page-01

▸ builder · orbit-01
  19 页,并发 12,effort=medium,skill 清单 9,160 字符

      page-05 步  1  Read Read Read Read
      page-02 步  1  Read Read Read Read
      page-09 步  1  Read Read
      page-06 步  1  Read Read Read Read Read
      page-04 步  1  Read Read Read Read Read
      page-03 步  1  Bash Skill Skill
      page-10 步  1  Read Read Read Read
      page-11 步  1  Read Read Read Read Read
      page-13 步  1  Read Read Read Read
      page-08 步  1  Read Read Read Read Skill Skill
      page-12 步  1  Read Read Read Read Read
      page-07 步  1  Bash Read Read Read Read Read
      page-12 步  2  Read
      page-09 步  2  Read Read Read
      page-13 步  2  Read Read
      page-05 步  2  Bash Read Read Read
      page-02 步  2  Read Read Read Read
      page-10 步  2  Bash
      page-03 步  2  Read Read Read Read Read Read
      page-11 步  2  Read Read Read
      page-07 步  2  Read
      page-06 步  2  Read Read Read Read
      page-08 步  2  Read Read Read Read
      page-04 步  2  Read Read Read Read
      page-09 步  3  Read Read Read Read
      page-10 步  3  Read Read Read Read
      page-13 步  3  Read Read
      page-12 步  3  Read Read
      page-03 步  3  Read Read Read Read Read Read Read Read Read
      page-06 步  3  Bash
      page-07 步  3  Read Read
      page-11 步  3  Bash
      page-08 步  3  Bash
      page-04 步  3  Bash
      page-10 步  4  Read Read
      page-12 步  4  Bash
      page-03 步  4  Read Bash Bash
      page-10 步  5  Bash
      page-05 步  3  Read
      page-05 步  4  Bash
      page-12 步  5  Bash
      page-03 步  5  Bash
      page-03 步  6  Read
      page-09 步  4  Write
      page-11 步  4  Write
      page-09 步  5  Edit
      page-11 步  5  Bash
      page-09 步  6  Bash
      page-08 步  4  Write
      page-11 步  6  Edit
      page-08 步  5  Bash
      page-02 步  3  Write
      page-04 步  4  Write
      page-11 步  7  Bash
      page-05 步  5  Write
      page-04 步  5  Bash
      page-09 步  7  Edit
      page-06 步  4  Write
      page-02 步  4  Edit
      page-05 步  6  Bash
      page-13 步  4  Write
      page-06 步  5  Bash
      page-02 步  5  Edit
  page-11  ✓    8 次调用    2.0 分  selfcheck  2  skill 0  已完成 `page-11.html`：实现可拖拽推进剂质量秤、实时火箭方程曲线、反向目标速度挑战，以及轻/重结构对比。自
      page-08 步  6  Edit
      page-13 步  5  Edit
      page-10 步  6  Write
      page-04 步  6  Edit
      page-14 步  1  Read Read Read Read Read
      page-02 步  6  Bash
      page-09 步  8  Bash
      page-05 步  7  Edit
      page-08 步  7  Edit
      page-07 步  4  Write
      page-14 步  2  Read Read Read
      page-10 步  7  Bash
      page-12 步  6  Write
      page-04 步  7  Edit Edit Edit Edit Edit
      page-06 步  6  Edit
      page-13 步  6  Edit
      page-08 步  8  Bash
      page-12 步  7  Bash
      page-05 步  8  Edit
      page-02 步  7  Edit
      page-04 步  8  Edit
      page-07 步  5  Bash
      page-06 步  7  Edit Edit Edit Edit
      page-13 步  7  Bash
      page-14 步  3  Read Read Skill
      page-06 步  8  Bash
      page-10 步  8  Edit
      page-02 步  8  Bash
  page-08  ✓    9 次调用    2.4 分  selfcheck  2  skill 2  已完成第 8 页：包含可旋转、缩放的 Three.js 三维地球与轨道平面、倾角调节、地面轨迹、速度操作对比及平面变轨代
      page-03 步  7  Write
      page-05 步  9  Bash
      page-04 步  9  Edit
      page-07 步  6  Edit
      page-10 步  9  Edit
      page-09 步  9  Edit
      page-15 步  1  Bash Read Read Read Read Read
      page-03 步  8  Bash
      page-14 步  4  Bash
      page-04 步 10  Edit
      page-09 步 10  Edit
  page-06  ✓    9 次调用    2.5 分  selfcheck  2  skill 0  已完成 `page-06.html`，并通过 selfcheck：JS 报错、加载失败、溢出与裁切均为 0，最小字号 1
      page-07 步  7  Bash
      page-04 步 11  Edit
      page-16 步  1  Read Read Read Read
      page-10 步 10  Bash
      page-02 步  9  Edit
      page-09 步 11  Bash
      page-15 步  2  Read Read Read Read Read Read
  page-05  ✓   10 次调用    2.7 分  selfcheck  2  skill 0  已完成 `page-05.html`，并通过 selfcheck：JS 错误、加载失败、画布溢出和元素裁切均为 0。
      page-13 步  8  Edit
      page-15 步  3  Bash Read Read
      page-17 步  1  Read Read Read Read
      page-16 步  2  Read Skill Bash
      page-04 步 12  Bash
      page-02 步 10  Edit
      page-03 步  9  Edit
      page-12 步  8  Edit
      page-07 步  8  Edit Edit Edit Edit
      page-13 步  9  Edit
      page-10 步 11  Edit
      page-16 步  3  Read Read Read
      page-17 步  2  Read
      page-15 步  4  Bash
      page-09 步 12  Edit
      page-07 步  9  Bash
      page-03 步 10  Edit
      page-12 步  9  Edit
      page-02 步 11  Bash
      page-16 步  4  Bash
      page-10 步 12  Edit
      page-17 步  3  Read Read Read
      page-13 步 10  Edit
      page-09 步 13  Edit
      page-03 步 11  Edit
      page-12 步 10  Edit
  page-02  ✓   12 次调用    3.0 分  selfcheck  3  skill 0  已完成 `page-02.html`：构建可旋转的 Three.js 牛顿炮地球场景、实时二体积分、球面碰撞与撞击点、平
      page-10 步 13  Bash
      page-09 步 14  Edit
      page-07 步 10  Edit
      page-04 步 13  Edit Edit
      page-18 步  1  Read Read Read Read
      page-03 步 12  Edit
      page-13 步 11  Edit
      page-09 步 15  Bash
      page-12 步 11  Edit
      page-04 步 14  Bash
      page-18 步  2  Read Read
      page-07 步 11  Edit Edit Edit Edit Edit
      page-03 步 13  Edit
      page-12 步 12  Bash
      page-13 步 12  Bash
      page-10 步 14  Edit
  page-09  ✓   16 次调用    3.2 分  selfcheck  4  skill 0  已完成 `page-09.html`：构建可调推力时序、迎风面积、姿态与动压警戒值的二维火箭上升模拟，并通过最终自检。
  page-04  ✓   15 次调用    3.3 分  selfcheck  3  skill 0  已完成 `page-04.html`：包含可拖拽卫星高度、切向速度调节、二体轨道模拟、圆轨道速度与周期实时计算、速度—高
      page-18 步  3  Read
      page-19 步  1  Read Read Read Read
      page-07 步 12  Bash
      page-03 步 14  Edit
      page-20 步  1  Read Read Read Read Read
      page-10 步 15  Edit
      page-19 步  2  Read Read Read
      page-18 步  4  Bash
      page-20 步  2  Read Read
      page-10 步 16  Edit
  page-07  ✓   13 次调用    3.4 分  selfcheck  4  skill 0  已完成第 7 页二维逃逸边界模拟、二分试探交互、远方余速反推与动态轨迹分类，并通过 selfcheck 全部检查。
      page-03 步 15  Edit
      page-19 步  3  Read Skill Read Read
      page-10 步 17  Bash
      page-12 步 13  Edit
      page-03 步 16  Edit
      page-13 步 13  Edit
      page-12 步 14  Bash
      page-03 步 17  Edit
  page-10  ✓   18 次调用    3.7 分  selfcheck  4  skill 0  已完成 `page-10.html`，互动预算工作台与实时计算均已实现；selfcheck 全部通过。
      page-20 步  3  Read
      page-13 步 14  Edit
      page-03 步 18  Bash
  page-12  ✓   15 次调用    3.8 分  selfcheck  3  skill 0  已完成 `page-12.html`：实现多级火箭拼装、拖拽换级、燃烧与分离模拟、实时质量/速度反馈、失败原因判断及任务
      page-13 步 15  Edit
      page-14 步  5  Write
      page-03 步 19  Read
      page-13 步 16  Edit
      page-14 步  6  Bash
      page-13 步 17  Bash
      page-18 步  5  Bash
      page-03 步 20  Edit
      page-17 步  4  Write
      page-18 步  6  Read
      page-16 步  5  Write
  page-13  ✓   18 次调用    4.2 分  selfcheck  3  skill 0  已完成第 13 页：可编辑俯仰曲线、三种转弯程序、二维实时积分飞行、轨迹与速度分量显示、参考结果比较及键盘等价控件。自检
      page-03 步 21  Edit
      page-17 步  5  Bash
      page-14 步  7  Edit
      page-16 步  6  Bash
      page-03 步 22  Edit
      page-14 步  8  Edit
      page-03 步 23  Bash
      page-17 步  6  Edit
      page-14 步  9  Edit
      page-16 步  7  Read Read
      page-15 步  5  Write
      page-17 步  7  Bash
      page-14 步 10  Edit
      page-16 步  8  Edit
      page-15 步  6  Bash
      page-14 步 11  Bash
      page-16 步  9  Bash
      page-20 步  4  Write
  page-03  ✓   24 次调用    4.8 分  selfcheck  3  skill 2  已完成 `page-03.html`：包含可旋转透明三维舱体、三种飞行状态、小球释放实验、实时重力与弹簧秤读数，以及拖拽
      page-17 步  8  Edit
  page-16  ✓   10 次调用    2.4 分  selfcheck  2  skill 1  已完成第 16 页：构建了可旋转三维地球、二体积分卫星轨道、地面站与投影轨迹，并提供高度、倾角、偏心率交互。自检通过，无
      page-19 步  4  Write
      page-14 步 12  Edit
      page-17 步  9  Bash
      page-20 步  5  Bash
      page-15 步  7  Edit
      page-14 步 13  Bash
  page-17  ✓   10 次调用    2.4 分  selfcheck  3  skill 0  已完成 page-17.html：三维旋转地球、可拖拽发射场、纬度与方向控制、自转速度向量及速度预算实时联动均已实现。自
      page-19 步  5  Bash
      page-15 步  8  Edit
      page-18 步  7  Write
  page-14  ✓   14 次调用    3.2 分  selfcheck  3  skill 1  已完成第 14 页：三维霍曼转移模拟、目标高度与点火位置拖动、二体积分动画、两次点火及轨道周期/转移时间读数均已实现。自
      page-18 步  8  Bash
      page-19 步  6  Edit
      page-15 步  9  Edit
      page-20 步  6  Edit
      page-15 步 10  Edit
      page-20 步  7  Edit
      page-15 步 11  Edit
      page-19 步  7  Bash
      page-18 步  9  Edit
      page-20 步  8  Edit
      page-15 步 12  Edit
      page-18 步 10  Edit
      page-20 步  9  Bash
      page-15 步 13  Edit
      page-18 步 11  Edit
      page-19 步  8  Edit
      page-15 步 14  Edit
      page-20 步 10  Read
      page-18 步 12  Bash
      page-19 步  9  Edit
      page-15 步 15  Edit
      page-19 步 10  Bash
      page-15 步 16  Bash
      page-20 步 11  Edit
      page-18 步 13  Edit
  page-19  ✓   11 次调用    3.0 分  selfcheck  3  skill 1  已完成 `page-19.html`，并通过 selfcheck：无 JS 错误、加载失败、画布溢出或元素裁切。
      page-20 步 12  Edit
      page-20 步 13  Bash
      page-18 步 14  Edit
  page-15  ✓   17 次调用    3.9 分  selfcheck  2  skill 0  已完成 `page-15.html`：实现双卫星二体动力学交会小游戏、目标相位拖拽/键盘控制、三种轨道策略、实时相位与距
      page-18 步 15  Bash
      page-18 步 16  Edit
  page-20  ✓   14 次调用    3.3 分  selfcheck  3  skill 0  已完成 `page-20.html`：包含随机任务卡、行动卡排序、完整解释输入、实时轨道与速度预算验证，以及四类物理证据
      page-18 步 17  Bash
  page-18  ✓   18 次调用    3.8 分  selfcheck  4  skill 0  已完成第 18 页互动任务规划器，并通过 selfcheck：无 JS 错误、加载失败、画布溢出或元素裁切。

  19/19 页交付   墙钟 6.8 分
  每页调用数 8–24,中位 14   合计 261
  selfcheck 合计 55   Skill 合计 7
