
▸ planner · cof-t1
  一杯咖啡的全球旅程：从种子到杯子  /  30 分钟

  seed         底盘已就位,库 20 个（真拷贝,非软链接）
      上游 EmptyReply,等 5s 重试 (1/8)  已累计死等 49s
  lec.js         95.7s  out= 3,579 tok    7,889 字符
  PLAN.md        79.6s  out= 6,940 tok    7,829 字符
  验页表       22 行  停留合计 1800/1800 秒  ✓   无交互 5 页
  验证据链     声明 4 条,页表用到 4 条,承担论证的页 11/22
  验幕结构     5 幕,页序连续 ✓
  验视觉世界   3 个 hex、12 条母题、有现实参照、28 条形状语言  ✓
  验页表       22 行,知识结构 4 种: classification comparison generalization process；版式 7 种: canvas-full focus ledger split-lr split-tb stage-cards triptych
/data1/home/zhuyifan/ws2/Notale/notale-v2/core/planner.py:1025: DeprecationWarning: Image.Image.getdata is deprecated and will be removed in Pillow 14 (2027-10-15). Use get_flattened_data instead.
  px = list(im.getdata()); n = len(px)
/data1/home/zhuyifan/ws2/Notale/notale-v2/core/planner.py:1133: DeprecationWarning: Image.Image.getdata is deprecated and will be removed in Pillow 14 (2027-10-15). Use get_flattened_data instead.
  px = list(im.getdata())
/data1/home/zhuyifan/ws2/Notale/notale-v2/core/planner.py:1128: DeprecationWarning: Image.Image.getdata is deprecated and will be removed in Pillow 14 (2027-10-15). Use get_flattened_data instead.
  px = [c[:3] for c in im.getdata() if c[3] > 128]
  图池         4/7 张就位，3 张没取到  → img/IMG.md
  theme.css      42.0s  out= 4,932 tok   13,939 字符
  接口交接     theme.css 的 INTERFACE 块 32 行 → CHASSIS.md
  接口交接     已知陷阱（Deck.fmt 带符号）→ CHASSIS.md
  CONTRACT.md    35.5s  out= 2,741 tok    4,355 字符
  展开规格     22 份(22 新建/0 复用)  49s  out=31,534 tok  1,975–4,431B
  skeletons    22 个骨架,已接 base/theme/lec,data-total=22
  briefs       22 份,1060–1067 字符,中位 1066

  合计 364s  →  /data1/home/zhuyifan/ws2/Notale/notale-v2/runs/cof-t1

  判据                                 cof-t1     目标
  ───────────────────────────────────────────────────
  规格份数                                   22     
  规格中位字符                               1606     ≤1300
  表格真数值格(每份有表)                         10.4     ≥8
  表格真数值格合计                              228     
  点名底盘类的规格数                         23/61 类     ≥30%
  有「核对」的份                              9/22     ≥40%
  有「交给下一页」的份                           0/22     ≥90%
  还有「场景构图」的份                           0/22     0
  有「交互」节的份                            17/22     <n
    交互节字符中位                             219     ≥200
    有「正确状态」的比率                          17%     ≤40%
    说清「什么跟着变」                            5%     ≥80%
    有复位/重来                              47%     ≥70%
  theme.css 字符                       13,929     ≤13000
    其中 utility 类                          2     0
    仪表类齐几样(共 8)                         8/8     8
    INTERFACE 块字符                      1477     ≥2000
  PLAN.md 字符                          7,829     ≤10000
    版式种类 / 缺失 / 相邻重复              7 / 0 / 0     ≥4 / 0 / 0
    split-lr 页数                           3     ≤总页数 1/3
    数字口径里的真实数值                           12     ≥20
    页表一句话带数                            0/22     ≥20%
  lec.js 字符 / P 函数数               7,880 / 8     函数数↓
  theme.css 填色的容器类                        6     ≤2
  规格点名图池文件的份数                             6     ≥6


  ✓ #stage 有 padding                有   要求 有

  [32m✓ plan 层硬判全过[0m
