
▸ style director · dir-photo-09062100-v2
  画廊 204 条  分布 {'n': 204, 'dark': 43, 'mid': 13, 'light': 44, 'median': 52}

  选参照 第1次   2.2s in=13,941 out=239 → ['prism-light', 'DoubleSlideshow', 'fluffygrass.vercel.app', 'SmoothScrollingImageEffects', 'future-climate-analogy']
  写主题 第1次   8.8s in=9,055 out=1,517 → 2649 字符  ✗ 语义色明度极差只有 12pp,平均分色;要一个主色扛整页 + 一个小面积锐利强调
  写主题 第2次   6.1s in=9,097 out=1,209 → 2103 字符  ✗ 语义色明度极差只有 17pp,平均分色;要一个主色扛整页 + 一个小面积锐利强调
  写主题 第3次   8.0s in=9,140 out=1,440 → 2541 字符  ✗ 语义色明度极差只有 17pp,平均分色;要一个主色扛整页 + 一个小面积锐利强调
Traceback (most recent call last):
  File "<frozen runpy>", line 198, in _run_module_as_main
  File "<frozen runpy>", line 88, in _run_code
  File "/data1/home/zhuyifan/ws2/Notale/notale-v2/core/director.py", line 299, in <module>
    main()
  File "/data1/home/zhuyifan/ws2/Notale/notale-v2/core/director.py", line 295, in main
    print(json.dumps(direct(run, effort), ensure_ascii=False))
                     ^^^^^^^^^^^^^^^^^^^
  File "/data1/home/zhuyifan/ws2/Notale/notale-v2/core/director.py", line 266, in direct
    css = theme(run, picks, effort, workflow_root)
          ^^^^^^^^^^^^^^^^^^^^^^^^^^^^^^^^^^^^^^^^
  File "/data1/home/zhuyifan/ws2/Notale/notale-v2/core/director.py", line 255, in theme
    raise RuntimeError(f"主题不合格({TRIES} 次): {'; '.join(bad)}")
RuntimeError: 主题不合格(3 次): 语义色明度极差只有 17pp,平均分色;要一个主色扛整页 + 一个小面积锐利强调
