
▸ style director · dir-shiji-09062100-v2
  画廊 204 条  分布 {'n': 204, 'dark': 43, 'mid': 13, 'light': 44, 'median': 52}

  选参照 第1次   2.9s in=13,971 out=282 → ['grid-to-preview', 'DistortedLinkEffects', 'BackgroundScaleHoverEffect', 'rain-paths', 'ScrollPanels']
  写主题 第1次   8.1s in=9,073 out=1,522 → 2505 字符  ✗ 语义色明度极差只有 2pp,平均分色;要一个主色扛整页 + 一个小面积锐利强调
  写主题 第2次   8.1s in=9,114 out=1,451 → 2447 字符  ✗ 底色 #F1EFEA 命中奶油纸张判据; 语义色明度极差只有 13pp,平均分色;要一个主色扛整页 + 一个小面积锐利强调
  写主题 第3次   7.6s in=9,173 out=1,403 → 2465 字符  ✗ 语义色明度极差只有 8pp,平均分色;要一个主色扛整页 + 一个小面积锐利强调
Traceback (most recent call last):
  File "<frozen runpy>", line 198, in _run_module_as_main
  File "<frozen runpy>", line 88, in _run_code
  File "/data1/home/zhuyifan/ws2/Notale/notale-v2/core/director.py", line 299, in <module>
    main()
  File "/data1/home/zhuyifan/ws2/Notale/notale-v2/core/director.py", line 295, in main
    print(json.dumps(direct(run, effort), ensure_ascii=False))
                     ^^^^^^^^^^^^^^^^^^^
  File "/data1/home/zhuyifan/ws2/Notale/notale-v2/core/director.py", line 266, in direct
    css = theme(run, picks, effort, workflow_root)
          ^^^^^^^^^^^^^^^^^^^^^^^^^^^^^^^^^^^^^^^^
  File "/data1/home/zhuyifan/ws2/Notale/notale-v2/core/director.py", line 255, in theme
    raise RuntimeError(f"主题不合格({TRIES} 次): {'; '.join(bad)}")
RuntimeError: 主题不合格(3 次): 语义色明度极差只有 8pp,平均分色;要一个主色扛整页 + 一个小面积锐利强调
