
▸ planner · gpt-full-20260827
  神经网络是怎么学会的：从一个神经元到反向传播  /  30 分钟

  seed         底盘已就位,库 20 个（真拷贝,非软链接）
  lec.js         92.3s  in=    438                  out= 6,921 tok   19,755 字符
  PLAN.md       157.3s  in=  6,483                  out= 8,752 tok    7,429 字符
  验页表       22 行  停留合计 1800/1800 秒  ✓   无交互 7 页
  验证据链     声明 5 条,页表用到 5 条,承担论证的页 11/22
  验幕结构     5 幕,页序连续 ✓
  验视觉世界   5 个 hex、18 条母题、有现实参照、39 条形状语言  ✓
  验页表       22 行,知识结构 4 种: classification comparison generalization process；版式 7 种: canvas-full focus ledger split-lr split-tb stage-cards triptych
  图池         PLAN.md 声明本套无需图池 —— 跳过取图
  theme.css      86.9s  in=  2,697                  out= 7,377 tok   16,842 字符
  接口交接     theme.css 的 INTERFACE 块 43 行 → CHASSIS.md
  接口交接     已知陷阱（Deck.fmt 带符号）→ CHASSIS.md
  CONTRACT.md    59.5s  in=  6,881                  out= 3,341 tok    4,106 字符
  展开规格     22 份(22 新建/0 复用)  77s  out=45,713 tok  1,544–4,079B
  skeletons    22 个骨架,已接 base/theme/lec,data-total=22
  briefs       22 份,972–980 字符,中位 979

  合计 473s  →  /data1/home/zhuyifan/ws2/Notale/notale-v2/runs/gpt-full-20260827

  判据                        gpt-full-20260827     目标
  ───────────────────────────────────────────────────
  规格份数                                   22     
  规格中位字符                               1530     ≤1300
  表格真数值格(每份有表)                         12.3     ≥8
  表格真数值格合计                              270     
  点名底盘类的规格数                         36/71 类     ≥30%
  有「核对」的份                             15/22     ≥40%
  有「交给下一页」的份                          22/22     ≥90%
  还有「场景构图」的份                           0/22     0
  有「交互」节的份                            15/22     <n
    交互节字符中位                             205     ≥200
    有「正确状态」的比率                           6%     ≤40%
    说清「什么跟着变」                           86%     ≥80%
    有复位/重来                              66%     ≥70%
  theme.css 字符                       16,832     ≤13000
    其中 utility 类                          2     0
    仪表类齐几样(共 8)                         8/8     8
    INTERFACE 块字符                      1921     ≥2000
  PLAN.md 字符                          7,429     ≤10000
    版式种类 / 缺失 / 相邻重复              7 / 0 / 0     ≥4 / 0 / 0
    split-lr 页数                           5     ≤总页数 1/3
    数字口径里的真实数值                            0     ≥20
    页表一句话带数                            0/22     ≥20%
  lec.js 字符 / P 函数数              19,746 / 0     函数数↓
  theme.css 填色的容器类                        2     ≤2
  规格点名图池文件的份数                             0     ≥6


  ✓ #stage 有 padding                有   要求 有

  [32m✓ plan 层硬判全过[0m
planner 墙钟 473.46 秒
