
▸ builder · gpt-nn
  24 页,并发 10,effort=medium,skill 清单 9,160 字符

      page-10 步  1  Read Read
      page-05 步  1  Read Read Read Read Read
      page-02 步  1  Read Read Read Read Skill Skill
      page-04 步  1  Read Read Read Read Skill
      page-03 步  1  Read Read Read Read Skill
      page-07 步  1  Read Read Read Read Skill
      page-09 步  1  Read Read
      page-08 步  1  Read Read Read Read Skill
      page-06 步  1  Read Read Read Read Skill Skill
      page-10 步  2  Read Read Skill
      page-01 步  1  Read Read Read Read Skill
      page-05 步  2  Read Read Read Skill
      page-07 步  2  Read Read Read Read
      page-03 步  2  Read Read Read
      page-02 步  2  Bash Read
      page-06 步  2  Read Read
      page-09 步  2  Read Read Skill Skill
      page-04 步  2  Read Read Read Read
      page-10 步  3  Bash
      page-02 步  3  Read
      page-03 步  3  Read
      page-05 步  3  Read
      page-08 步  2  Read Read Read Read Read
      page-04 步  3  Read
      page-09 步  3  Bash
      page-06 步  3  Read
      page-01 步  2  Bash
      page-09 步  4  Read Read
      page-02 步  4  Bash
      page-01 步  3  Read Read
      page-03 步  4  Read
      page-10 步  4  Read Read Read
      page-04 步  4  Read
      page-07 步  3  Read
      page-08 步  3  Read
      page-09 步  5  Read
      page-02 步  5  Read
      page-10 步  5  Bash Read Read
      page-02 步  6  Bash
      page-09 步  6  Read
      page-01 步  4  Bash
      page-01 步  5  Read
      page-10 步  6  Bash
      page-01 步  6  Bash
      page-09 步  7  Read
      page-09 步  8  Bash
      page-10 步  7  Bash
      page-04 步  5  Write
      page-10 步  8  Read
      page-04 步  6  Bash
      page-05 步  4  Write
      page-08 步  4  Write
      page-10 步  9  Bash
      page-06 步  4  Write
      page-05 步  5  Bash
      page-08 步  5  Bash
  page-04  ✓    7 次调用    1.9 分  selfcheck  1  skill 1  已完成 `page-04.html`，并通过 selfcheck：JS、资源加载、画布溢出、元素裁切均为 0，最小字号 
      page-06 步  5  Bash
      page-11 步  1  Bash Skill
  page-05  ✓    6 次调用    2.0 分  selfcheck  1  skill 1  已完成。
      page-08 步  6  Edit
      page-12 步  1  Read Read
      page-11 步  2  Read Read Read Read Read Read Read Read Read Read Re
  page-06  ✓    6 次调用    2.1 分  selfcheck  1  skill 2  完成。
      page-08 步  7  Bash
      page-12 步  2  Read Read Skill
      page-13 步  1  Read Read Read Read Skill Skill
      page-07 步  4  Write
      page-11 步  3  Read Read Read Read Read Read Read Read Read Read Re
      page-12 步  3  Bash
  page-08  ✓    8 次调用    2.3 分  selfcheck  2  skill 1  完成。
      page-07 步  5  Bash
      page-13 步  2  Bash
      page-12 步  4  Read Read
      page-14 步  1  Skill Read Read Read Read Read
      page-07 步  6  Edit
      page-13 步  3  Read Read
      page-14 步  2  Bash
      page-12 步  5  Read
      page-02 步  7  Write
      page-07 步  7  Edit
      page-10 步 10  Write
      page-02 步  8  Bash
      page-07 步  8  Bash
      page-10 步 11  Bash
      page-14 步  3  Read Read Read Read Read
  page-07  ✓    9 次调用    2.9 分  selfcheck  2  skill 1  已完成 `page-07.html`，并通过 selfcheck：JS、加载、溢出、裁切均为 0，最小字号 17px。
      page-10 步 12  Edit
      page-15 步  1  Read Read Skill
  page-02  ✓    9 次调用    3.0 分  selfcheck  1  skill 2  已完成 `page-02.html`：构建可调权重与偏置的阈值神经元逻辑门挑战，包含真值表逐项验证、随机可行/不可行任务
      page-10 步 13  Edit
      page-15 步  2  Read Read Read
      page-16 步  1  Read Read Read Read Skill
      page-10 步 14  Bash
      page-16 步  2  Bash
      page-15 步  3  Bash
      page-03 步  5  Write
  page-10  ✓   15 次调用    3.3 分  selfcheck  2  skill 1  已完成第 10 页：三联实时 MLP 训练台，支持暂停、单步、重置与交换学习率，并实时更新决策边界、损失、准确率和权重范
      page-03 步  6  Bash
      page-16 步  3  Read Read
      page-15 步  4  Read
      page-17 步  1  Skill Bash
      page-12 步  6  Write
      page-15 步  5  Bash
      page-11 步  4  Write
      page-17 步  2  Read Read Read Read Read Read Read Read Read Read
      page-12 步  7  Bash
      page-03 步  7  Edit
      page-11 步  5  Bash
      page-17 步  3  Read
  page-12  ✓    8 次调用    1.7 分  selfcheck  1  skill 1  已完成。
      page-13 步  4  Write
      page-18 步  1  Read Read Read Read Skill Skill
      page-03 步  8  Edit
      page-13 步  5  Bash
      page-11 步  6  Edit
      page-03 步  9  Bash
      page-18 步  2  Read Read Read Read
      page-11 步  7  Edit
      page-14 步  4  Write
      page-18 步  3  Read
      page-14 步  5  Bash
      page-13 步  6  Edit Edit
      page-11 步  8  Bash
  page-03  ✓   10 次调用    4.2 分  selfcheck  2  skill 1  已完成 `page-03.html`：构建 Matter.js 突触工作台、三种 Hebb 活动经验、可拖拽与键盘操作、
  page-11  ✓    9 次调用    2.3 分  selfcheck  2  skill 1  已完成 `page-11.html`：实现可编辑像素记忆、噪声破坏、异步恢复、过载存储、实时能量轨迹与容量指标。自检通过
  page-14  ✓    6 次调用    2.0 分  selfcheck  1  skill 1  已完成 `page-14.html`，并通过 selfcheck：无报错、无加载失败、无越界或裁切，最小字号 15px。
      page-13 步  7  Bash
      page-18 步  4  Read
      page-19 步  1  Read Read Read Read Skill
      page-20 步  1  Read Read Read Read
      page-21 步  1  Read Read Read Read Skill
      page-19 步  2  Bash
  page-13  ✓    8 次调用    2.3 分  selfcheck  2  skill 2  已完成第 13 页互动讲义，并通过 selfcheck：无 JS 错误、加载失败、越界或裁切问题。
      page-01 步  7  Write
      page-20 步  2  Skill Skill Bash Read
      page-22 步  1  Read Read Read Read Skill
      page-21 步  2  Bash
      page-19 步  3  Read Read Read
      page-01 步  8  Bash
      page-15 步  6  Write
      page-22 步  2  Read Read Read
      page-21 步  3  Read
      page-20 步  3  Bash Read
      page-15 步  7  Bash
      page-22 步  3  Read
      page-19 步  4  Read
      page-22 步  4  Bash
      page-20 步  4  Read
      page-17 步  4  Write
      page-16 步  4  Write
      page-15 步  8  Bash
      page-16 步  5  Bash
      page-01 步  9  Edit
      page-17 步  5  Bash
      page-01 步 10  Edit
      page-16 步  6  Edit
      page-09 步  9  Write
      page-15 步  9  Edit
      page-01 步 11  Edit
      page-09 步 10  Bash
      page-22 步  5  Read
      page-21 步  4  Read
      page-16 步  7  Bash Bash
      page-01 步 12  Bash
      page-15 步 10  Bash
  page-17  ✓    6 次调用    2.0 分  selfcheck  1  skill 1  已完成 `page-17.html`，并通过 selfcheck：JS 错误、加载失败、画布溢出、元素裁切均为 0，最小
      page-21 步  5  Read
      page-23 步  1  Read Read Read Read Skill
      page-09 步 11  Bash
      page-18 步  5  Write
  page-15  ✓   11 次调用    2.6 分  selfcheck  2  skill 1  已完成第 15 页：三联控制变量实验台、D3 实时图表、历史标签、指标联动与组合效应反馈均已实现，并通过 selfche
      page-16 步  8  Bash
  page-01  ✓   13 次调用    5.5 分  selfcheck  2  skill 1  已完成 `page-01.html`：实现可拖动时间游标、可移除/恢复节点、依赖可达性重算及键盘操作的全幅历史网络，并通
      page-18 步  6  Bash
      page-23 步  2  Bash
      page-24 步  1  Read Read Read Read Skill Skill
  page-16  ✓    9 次调用    2.6 分  selfcheck  2  skill 1  已完成 `page-16.html`，并通过 selfcheck 与实际交互运行检查。
      page-23 步  3  Read Read Read
      page-24 步  2  Read Read Bash
  page-18  ✓    7 次调用    2.1 分  selfcheck  1  skill 2  已完成 `page-18.html`，并通过 selfcheck：无 JS 错误、资源加载失败、越界、裁切或字号问题。
      page-09 步 12  Edit
      page-24 步  3  Read Read Bash
      page-09 步 13  Read
      page-19 步  5  Write
      page-09 步 14  Edit
      page-20 步  5  Write
      page-19 步  6  Bash
      page-21 步  6  Write
      page-20 步  6  Bash
      page-21 步  7  Bash
      page-09 步 15  Edit
      page-09 步 16  Bash
      page-19 步  7  Edit
      page-21 步  8  Read
  page-20  ✓    7 次调用    2.4 分  selfcheck  1  skill 2  已完成 `page-20.html`。
      page-09 步 17  Edit
      page-19 步  8  Edit
      page-21 步  9  Edit
      page-09 步 18  Bash
      page-21 步 10  Bash
      page-19 步  9  Edit
  page-21  ✓   11 次调用    2.7 分  selfcheck  2  skill 1  已完成第 21 页：规模化训练账本、历史索引、预算配比核算、BPE 分词与成本联动均已实现，并通过 selfcheck。
      page-09 步 19  Bash
      page-24 步  4  Write
  page-09  ✓   20 次调用    7.1 分  selfcheck  4  skill 2  已完成 `page-09.html`。
      page-23 步  4  Write
      page-24 步  5  Bash
      page-19 步 10  Edit
      page-23 步  5  Bash
      page-19 步 11  Bash
      page-22 步  6  Write
  page-23  ✓    6 次调用    2.1 分  selfcheck  1  skill 1  已完成 `page-23.html`，并通过 selfcheck。
  page-24  ✓    6 次调用    2.0 分  selfcheck  1  skill 2  已完成 `page-24.html`，并通过 selfcheck：无 JS 错误、加载失败、越界或裁切问题。
      page-19 步 12  Edit
      page-22 步  7  Bash
      page-19 步 13  Bash
  page-19  ✓   14 次调用    3.6 分  selfcheck  3  skill 1  已完成 `page-19.html`，并通过 selfcheck：无 JS 错误、加载失败、画布溢出、裁切或字号问题。
      page-22 步  8  Bash
      page-22 步  9  Bash
      page-22 步 10  Edit
      page-22 步 11  Bash
  page-22  ✓   12 次调用    4.5 分  selfcheck  2  skill 1  已完成 `page-22.html`，并通过 selfcheck：无 JS 错误、加载失败、越界、裁切或字号问题。

  24/24 页交付   墙钟 8.9 分
  每页调用数 6–20,中位 9   合计 223
  selfcheck 合计 40   Skill 合计 31
  指派 skill 31 项,实际读到 31 项
