
▸ planner · net-s1
  神经网络是怎么学会的：从一个神经元到反向传播  /  45 分钟

  seed         底盘已就位,库 20 个（真拷贝,非软链接）
  lec.js         91.9s  out=10,783 tok    7,253 字符
  PLAN.md       438.9s  out= 9,480 tok    7,070 字符
  验页表       22 行  停留合计 1915/2700 秒  [33m⚠ 差 -785[0m   无交互 14 页
  [33m⚠ 相邻同结构 4 处: page-02 page-15 page-16 page-22[0m
  验证据链     声明 5 条,页表用到 5 条,承担论证的页 13/22
  验幕结构     7 幕,页序连续 ✓
  [33m  以上 1 项都没有判死 —— 页表是个小文本文件,改完重跑 PLAN.md 这一步即可(后面几步命中缓存)。[0m
  验视觉世界   5 个 hex、12 条母题、有现实参照、33 条形状语言  ✓
  验页表       22 行,知识结构 4 种: classification comparison generalization process；版式 7 种: canvas-full focus ledger split-lr split-tb stage-cards triptych
  图池         PLAN.md 声明本套无需图池 —— 跳过取图
  theme.css     197.8s  out=20,046 tok   15,922 字符
  接口交接     theme.css 的 INTERFACE 块 43 行 → CHASSIS.md
  接口交接     已知陷阱（Deck.fmt 带符号）→ CHASSIS.md
  CONTRACT.md    57.5s  out= 4,022 tok    4,705 字符
  展开 p16     ✗ 第 1 次不是有效规格:表格里有 1 个格子写的是指针不是值(`Lec.K…`、「中对应条目」这类) —— 规格里要写**实际数值**让建页照抄;写指针等于把查值这件事推给每一个并行的建页 agent 各做一遍
  展开 p13     ✗ 第 1 次不是有效规格:缺必填小节 表征形式
  展开 p07     ✗ 第 1 次不是有效规格:缺必填小节 表征形式
  展开 p08     ✗ 第 1 次不是有效规格:表格里有 4 个格子写的是指针不是值(`Lec.K…`、「中对应条目」这类) —— 规格里要写**实际数值**让建页照抄;写指针等于把查值这件事推给每一个并行的建页 agent 各做一遍
  展开 p11     ✗ 第 1 次不是有效规格:表格里有 3 个格子写的是指针不是值(`Lec.K…`、「中对应条目」这类) —— 规格里要写**实际数值**让建页照抄;写指针等于把查值这件事推给每一个并行的建页 agent 各做一遍
  展开 p09     ✗ 第 1 次不是有效规格:表格里有 2 个格子写的是指针不是值(`Lec.K…`、「中对应条目」这类) —— 规格里要写**实际数值**让建页照抄;写指针等于把查值这件事推给每一个并行的建页 agent 各做一遍
  展开 p16     ✗ 第 2 次不是有效规格:表格里有 5 个格子写的是指针不是值(`Lec.K…`、「中对应条目」这类) —— 规格里要写**实际数值**让建页照抄;写指针等于把查值这件事推给每一个并行的建页 agent 各做一遍
  展开 p09     ✗ 第 2 次不是有效规格:表格里有 3 个格子写的是指针不是值(`Lec.K…`、「中对应条目」这类) —— 规格里要写**实际数值**让建页照抄;写指针等于把查值这件事推给每一个并行的建页 agent 各做一遍
  展开 p09     ✗ 第 3 次不是有效规格:表格里有 1 个格子写的是指针不是值(`Lec.K…`、「中对应条目」这类) —— 规格里要写**实际数值**让建页照抄;写指针等于把查值这件事推给每一个并行的建页 agent 各做一遍
  展开 p09     ⚠ 3 次都不合格,**保留最后一次**继续往下走(最后一次:表格里有 1 个格子写的是指针不是值(`Lec.K…`、「中对应条目」这类) —— 规格里要写**实际数值**让建页照抄;写指针等于把查值这件事推给每一个并行的建页 agent 各做一遍)
  展开规格     22 份(22 新建/0 复用)  400s  out=129,316 tok  2,145–3,777B
  skeletons    22 个骨架,已接 base/theme/lec,data-total=22
  briefs       22 份,1166–1175 字符,中位 1174

  合计 1186s  →  /data1/home/zhuyifan/ws2/Notale/notale-v2/runs/net-s1

  判据                                 net-s1     目标
  ───────────────────────────────────────────────────
  规格份数                                   22     
  规格中位字符                               1504     ≤1300
  表格真数值格(每份有表)                          8.7     ≥8
  表格真数值格合计                              192     
  表格指针格                                   1     0
  点名底盘类的规格数                         54/91 类     ≥30%
  有「核对」的份                             11/22     ≥40%
  有「交给下一页」的份                           0/22     ≥90%
  还有「场景构图」的份                           0/22     0
  有「交互」节的份                             8/22     <n
    交互节字符中位                             221     ≥200
    有「正确状态」的比率                          25%     ≤40%
    说清「什么跟着变」                            0%     ≥80%
    有复位/重来                             100%     ≥70%
  theme.css 字符                       15,912     ≤13000
    其中 utility 类                          2     0
    仪表类齐几样(共 8)                         8/8     8
    INTERFACE 块字符                      2313     ≥2000
  PLAN.md 字符                          7,070     ≤10000
    版式种类 / 缺失 / 相邻重复              7 / 0 / 0     ≥4 / 0 / 0
    split-lr 页数                           5     ≤总页数 1/3
    数字口径里的真实数值                            0     ≥20
    页表一句话带数                            0/22     ≥20%
  lec.js 字符 / P 函数数               7,244 / 0     函数数↓
  theme.css 填色的容器类                        6     ≤2
  规格点名图池文件的份数                             0     ≥6


  ✓ #stage 有 padding                有   要求 有
  ✗ 规格表格里的指针格                       1   要求 0

  [31m✗ plan 层有 1 条不合格:规格表格里的指针格[0m
    产物都在,改完提示词重跑对应那一步即可（cached() 会跳过已好的）
