
▸ planner · net-t1
  神经网络是怎么学会的：从一个神经元到反向传播  /  30 分钟

  seed         底盘已就位,库 20 个（真拷贝,非软链接）
  lec.js         56.3s  out= 5,565 tok   10,226 字符
  PLAN.md        94.7s  out= 7,411 tok    6,475 字符
  验页表       20 行  停留合计 1800/1800 秒  ✓   无交互 6 页
  验证据链     声明 4 条,页表用到 4 条,承担论证的页 12/20
  验幕结构     4 幕,页序连续 ✓
  验视觉世界   3 个 hex、14 条母题、有现实参照、35 条形状语言  ✓
  验页表       20 行,知识结构 4 种: classification comparison generalization process；版式 7 种: canvas-full focus ledger split-lr split-tb stage-cards triptych
  图池         PLAN.md 声明本套无需图池 —— 跳过取图
  theme.css      90.9s  out= 6,240 tok   14,619 字符
  接口交接     theme.css 的 INTERFACE 块 32 行 → CHASSIS.md
  接口交接     已知陷阱（Deck.fmt 带符号）→ CHASSIS.md
  CONTRACT.md    34.8s  out= 3,620 tok    4,586 字符
  展开规格     20 份(20 新建/0 复用)  71s  out=33,523 tok  1,818–4,280B
  skeletons    20 个骨架,已接 base/theme/lec,data-total=20
  briefs       20 份,1066–1073 字符,中位 1073

  合计 348s  →  /data1/home/zhuyifan/ws2/Notale/notale-v2/runs/net-t1

  判据                                 net-t1     目标
  ───────────────────────────────────────────────────
  规格份数                                   20     
  规格中位字符                               1573     ≤1300
  表格真数值格(每份有表)                         12.3     ≥8
  表格真数值格合计                              247     
  点名底盘类的规格数                         21/64 类     ≥30%
  有「核对」的份                             11/20     ≥40%
  有「交给下一页」的份                           0/20     ≥90%
  还有「场景构图」的份                           0/20     0
  有「交互」节的份                            14/20     <n
    交互节字符中位                             204     ≥200
    有「正确状态」的比率                           0%     ≤40%
    说清「什么跟着变」                           14%     ≥80%
    有复位/重来                              71%     ≥70%
  theme.css 字符                       14,609     ≤13000
    其中 utility 类                          2     0
    仪表类齐几样(共 8)                         8/8     8
    INTERFACE 块字符                      1481     ≥2000
  PLAN.md 字符                          6,475     ≤10000
    版式种类 / 缺失 / 相邻重复              7 / 0 / 0     ≥4 / 0 / 0
    split-lr 页数                           3     ≤总页数 1/3
    数字口径里的真实数值                            0     ≥20
    页表一句话带数                            0/20     ≥20%
  lec.js 字符 / P 函数数              10,217 / 0     函数数↓
  theme.css 填色的容器类                        1     ≤2
  规格点名图池文件的份数                             0     ≥6


  ✓ #stage 有 padding                有   要求 有

  [32m✓ plan 层硬判全过[0m
