
▸ planner · net-s2
  神经网络是怎么学会的：从一个神经元到反向传播  /  30 分钟

  seed         底盘已就位,库 20 个（真拷贝,非软链接）
  lec.js        162.3s  out=17,389 tok    7,789 字符
  PLAN.md       504.0s  out=39,966 tok    7,193 字符
  验页表       19 行  停留合计 1800/1800 秒  ✓   无交互 8 页
  验证据链     声明 5 条,页表用到 5 条,承担论证的页 9/19
  验幕结构     5 幕,页序连续 ✓
  验视觉世界   3 个 hex、16 条母题、有现实参照、28 条形状语言  ✓
  验页表       19 行,知识结构 4 种: classification comparison generalization process；版式 7 种: canvas-full focus ledger split-lr split-tb stage-cards triptych
/data1/home/zhuyifan/ws2/Notale/notale-v2/core/planner.py:1025: DeprecationWarning: Image.Image.getdata is deprecated and will be removed in Pillow 14 (2027-10-15). Use get_flattened_data instead.
  px = list(im.getdata()); n = len(px)
/data1/home/zhuyifan/ws2/Notale/notale-v2/core/planner.py:1133: DeprecationWarning: Image.Image.getdata is deprecated and will be removed in Pillow 14 (2027-10-15). Use get_flattened_data instead.
  px = list(im.getdata())
  图池         1/4 张就位，3 张没取到  → img/IMG.md
  theme.css     227.5s  out=20,973 tok   14,398 字符
  接口交接     theme.css 的 INTERFACE 块 32 行 → CHASSIS.md
  接口交接     已知陷阱（Deck.fmt 带符号）→ CHASSIS.md
  CONTRACT.md    69.0s  out= 4,455 tok    5,161 字符
  展开 p01     ✗ 第 1 次不是有效规格:缺必填小节 主工作流
  展开 p13     ✗ 第 1 次不是有效规格:缺必填小节 主工作流
  展开 p04     ✗ 第 1 次不是有效规格:缺必填小节 主工作流
  展开 p13     ✗ 第 2 次不是有效规格:缺必填小节 主工作流
  展开 p13     ✗ 第 3 次不是有效规格:缺必填小节 主工作流
  展开 p13     ⚠ 3 次都不合格,**保留最后一次**继续往下走(最后一次:缺必填小节 主工作流)
  展开规格     19 份(19 新建/0 复用)  200s  out=101,972 tok  1,901–4,527B
  skeletons    19 个骨架,已接 base/theme/lec,data-total=19
  briefs       19 份,1058–1073 字符,中位 1066

  合计 1195s  →  /data1/home/zhuyifan/ws2/Notale/notale-v2/runs/net-s2

  判据                                 net-s2     目标
  ───────────────────────────────────────────────────
  规格份数                                   19     
  规格中位字符                               1480     ≤1300
  表格真数值格(每份有表)                          8.3     ≥8
  表格真数值格合计                              158     
  点名底盘类的规格数                         40/67 类     ≥30%
  有「核对」的份                             11/19     ≥40%
  有「交给下一页」的份                           0/19     ≥90%
  还有「场景构图」的份                           0/19     0
  有「交互」节的份                            11/19     <n
    交互节字符中位                             151     ≥200
    有「正确状态」的比率                           0%     ≤40%
    说清「什么跟着变」                           18%     ≥80%
    有复位/重来                             100%     ≥70%
  theme.css 字符                       14,388     ≤13000
    其中 utility 类                          2     0
    仪表类齐几样(共 8)                         8/8     8
    INTERFACE 块字符                      1677     ≥2000
  PLAN.md 字符                          7,193     ≤10000
    版式种类 / 缺失 / 相邻重复              7 / 0 / 0     ≥4 / 0 / 0
    split-lr 页数                           4     ≤总页数 1/3
    数字口径里的真实数值                            0     ≥20
    页表一句话带数                            0/19     ≥20%
  lec.js 字符 / P 函数数              7,780 / 24     函数数↓
  theme.css 填色的容器类                        4     ≤2
  规格点名图池文件的份数                             1     ≥6


  ✓ #stage 有 padding                有   要求 有

  [32m✓ plan 层硬判全过[0m
