
▸ builder · nn11-low
  44 页,并发 50,effort=low,skill 清单 9,221 字符

      page-11 步  1  Read Read Read Read Read      page-33 步  1  Read Read Read Read Read
      page-16 步  1  Read Read Read Read Read

      page-14 步  1  Read Read Read Read Read
      page-27 步  1  Read Read Read Read Read
      page-31 步  1  Read Read Read Read Read
      page-18 步  1  Read Read Read Read Read
      page-07 步  1  Read Read Read Read Read Read
      page-40 步  1  Read Read Read Read Read
      page-43 步  1  Read Read Read Read Read
      page-06 步  1  Read Read Read Read Read Read
      page-30 步  1  Read Read Read Read Read Read
      page-12 步  1  Read Read Read Read Read Read
      page-20 步  1  Read Read Read Read Read Read
      page-13 步  1  Read Read Read Read Read
      page-11 步  2  Read Bash
      page-16 步  2  Read Bash
      page-10 步  1  Read Read Read Read Read
      page-21 步  1  Read Read Read Read Read
      page-27 步  2  Skill Skill Read
      page-20 步  2  Skill
      page-02 步  1  Read Read Read Read Read
      page-09 步  1  Read Read Read Read Read
      page-32 步  1  Read Read Read Read Read
      page-15 步  1  Read Read Read Read Read
      page-43 步  2  Skill Read
      page-29 步  1  Bash Skill Skill
      page-03 步  1  Read Read Read Read Read
      page-21 步  2  Skill
      page-05 步  1  Read Read Read Read Read
      page-24 步  1  Read Read Read Read Read Read
      page-22 步  1  Read Read Read Read Read
      page-08 步  1  Read Read Read Read Read
      page-19 步  1  Read Read Read Read Read
      page-13 步  2  Skill
      page-26 步  1  Read Read Read Read Read
      page-07 步  2  Bash
      page-12 步  2  Skill
      page-34 步  1  Read Read Read Read Read
      [page-26] InternalServerError 等 5s 重试 1/8
      page-04 步  1  Read Read Read Read Read Read
      page-42 步  1  Read Read Read Read Read
      page-25 步  1  Read Read Read Read Read
      page-15 步  2  Skill Skill Read
      page-36 步  1  Read Read Read Read Read Read
      page-01 步  1  Read Read Read Read Read Read
      page-05 步  2  Skill
      page-17 步  1  Read Read Read Read Read
      page-37 步  1  Read Read Read Read Read
      page-35 步  1  Read Read Read Read Read Read
      page-32 步  2  Skill
      page-23 步  1  Read Read Read Read Read
      page-38 步  1  Read Read Read Read Read
      page-39 步  1  Read Read Read Read Read
      page-18 步  2  Skill Skill
      page-34 步  2  Read
      page-41 步  1  Read Read Read Read Read
      page-44 步  1  Read Read Read Read Read
      page-42 步  2  Skill
      page-37 步  2  Skill
      page-04 步  2  Skill Skill Skill
      page-12 步  3  Bash
      page-29 步  2  Read Read Read Read Read Read
      page-23 步  2  Bash
      page-33 步  2  Skill
      page-36 步  2  Bash
      page-03 步  2  Skill
      page-39 步  2  Skill
      page-35 步  2  Skill
      page-25 步  2  Skill Skill Skill
      page-06 步  2  Skill
      page-25 步  3  Read Bash
      page-15 步  3  Bash
      page-11 步  3  Write
      page-02 步  2  Write
      page-27 步  3  Write
      page-17 步  2  Skill
      page-22 步  2  Skill Skill Bash
      page-20 步  3  Write
      page-26 步  2  Skill
      page-43 步  3  Write
      page-21 步  3  Write
      page-11 步  4  Bash
      page-08 步  2  Write
      page-20 步  4  Bash
      page-03 步  3  Write
      page-19 步  2  Write
      page-21 步  4  Bash
      page-41 步  2  Write
      page-13 步  3  Write
      page-10 步  2  Write
      page-08 步  3  Bash
      page-24 步  2  Write
      page-19 步  3  Bash
      page-11 步  5  Bash
      page-37 步  3  Write
      page-31 步  2  Write
      page-28 步  1  Read Read Read Read Read
      page-41 步  3  Bash
      page-36 步  3  Write
      page-07 步  3  Write
      page-02 步  3  Bash
      page-13 步  4  Bash
      page-24 步  3  Bash
      page-34 步  3  Write
      page-23 步  3  Write
      page-31 步  3  Bash
      page-37 步  4  Edit
      page-27 步  4  Bash
      page-44 步  2  Write
      page-04 步  3  Write
      page-34 步  4  Bash
      page-09 步  2  Write
      page-05 步  3  Write
      page-16 步  3  Write
      page-32 步  3  Write
      page-20 步  5  Edit
  page-11  ✓    6 次调用    1.1 分  selfcheck  2  skill 0  
      page-43 步  4  Bash
      page-23 步  4  Bash
      page-30 步  2  Write
      page-08 步  4  Edit
      page-31 步  4  Bash
      page-37 步  5  Edit
      page-04 步  4  Bash
  page-02  ✓    4 次调用    1.2 分  selfcheck  1  skill 0  
      page-09 步  3  Bash
      page-32 步  4  Bash
      page-42 步  3  Write
      page-01 步  2  Write
      page-12 步  4  Write
  page-43  ✓    5 次调用    1.2 分  selfcheck  1  skill 1  
      page-18 步  3  Write
      page-15 步  4  Write
      page-16 步  4  Bash
      page-07 步  4  Bash
      page-27 步  5  Edit
      page-36 步  4  Bash
      page-28 步  2  Skill
      page-42 步  4  Bash
      page-03 步  4  Bash
      page-29 步  3  Write
      page-10 步  3  Bash
      page-09 步  4  Bash
      page-35 步  3  Write
      [page-04] InternalServerError 等 4s 重试 1/8
      page-37 步  6  Bash
      page-31 步  5  Bash
      page-39 步  3  Write
      page-15 步  5  Bash
      page-06 步  3  Bash
      page-12 步  5  Bash
      page-24 步  4  Bash
      page-33 步  3  Write
  page-13  ✓    5 次调用    1.4 分  selfcheck  1  skill 1  
      page-40 步  2  Write
      page-21 步  5  Edit
      page-23 步  5  Bash
      page-19 步  4  Bash
      page-05 步  4  Bash
      page-08 步  5  Bash
      page-01 步  3  Bash
      page-35 步  4  Bash
      page-33 步  4  Bash
      page-38 步  2  Write
      page-17 步  3  Write
      page-27 步  6  Edit
      page-30 步  3  Bash
      page-39 步  4  Bash
      page-20 步  6  Edit
  page-24  ✓    5 次调用    1.5 分  selfcheck  2  skill 0  
      page-29 步  4  Bash
      page-34 步  5  Bash
      page-04 步  5  Bash
      page-12 步  6  Bash
      page-03 步  5  Edit
      page-22 步  3  Write
  page-19  ✓    5 次调用    1.5 分  selfcheck  2  skill 0  
      page-15 步  6  Bash
      page-18 步  4  Bash
      page-16 步  5  Bash
      page-17 步  4  Bash
      page-32 步  5  Edit
      page-05 步  5  Edit
      page-12 步  7  Bash
      page-34 步  6  Bash
      page-35 步  5  Edit
      page-07 步  5  Bash
      page-30 步  4  Bash
      [page-21] InternalServerError 等 6s 重试 1/8
      page-26 步  3  Write
  page-17  ✓    5 次调用    1.6 分  selfcheck  1  skill 1  
  page-15  ✓    7 次调用    1.6 分  selfcheck  2  skill 2  
      page-36 步  5  Bash
  page-16  ✓    6 次调用    1.7 分  selfcheck  2  skill 0  
      page-38 步  3  Bash
      page-33 步  5  Bash
      page-09 步  5  Bash
      page-35 步  6  Bash
      page-05 步  6  Bash
      page-39 步  5  Bash
      page-44 步  3  Bash
      page-42 步  5  Edit
  page-30  ✓    5 次调用    1.7 分  selfcheck  2  skill 0  
      page-37 步  7  Bash
      page-40 步  3  Bash
      page-32 步  6  Edit
      page-25 步  4  Write
      page-18 步  5  Bash
  page-23  ✓    6 次调用    1.8 分  selfcheck  2  skill 0  
      page-03 步  6  Bash
      page-27 步  7  Bash
      page-41 步  4  Edit
      page-14 步  2  Write
      page-42 步  6  Edit
      page-31 步  6  Edit
  page-05  ✓    7 次调用    1.8 分  selfcheck  2  skill 1  
      page-12 步  8  Edit
      page-29 步  5  Bash
  page-37  ✓    8 次调用    1.8 分  selfcheck  2  skill 1  
      page-22 步  4  Bash
      page-20 步  7  Edit
      page-07 步  6  Bash
      page-25 步  5  Bash
      page-28 步  3  Write
      page-38 步  4  Edit
      page-26 步  4  Bash
      page-14 步  3  Bash
      page-01 步  4  Edit
  page-18  ✓    6 次调用    1.9 分  selfcheck  2  skill 2  
  page-04  ✓    6 次调用    1.9 分  selfcheck  2  skill 3  
  page-27  ✓    8 次调用    1.9 分  selfcheck  2  skill 2  
      page-21 步  6  Edit
  page-36  ✓    6 次调用    1.9 分  selfcheck  2  skill 0  
      page-20 步  8  Edit
      page-38 步  5  Bash
      page-22 步  5  Bash
      page-01 步  5  Bash
      page-26 步  5  Bash
      page-29 步  6  Bash
  page-39  ✓    6 次调用    2.0 分  selfcheck  2  skill 1  
      page-32 步  7  Bash
      page-35 步  7  Edit
  page-33  ✓    6 次调用    2.0 分  selfcheck  2  skill 1  
      page-10 步  4  Bash
      [page-29] InternalServerError 等 6s 重试 1/8
      page-25 步  6  Bash
      page-09 步  6  Edit
      page-44 步  4  Bash
      page-41 步  5  Edit
      page-34 步  7  Edit
      page-40 步  4  Edit
  page-25  ✓    7 次调用    2.2 分  selfcheck  2  skill 3  
  page-10  ✓    5 次调用    2.2 分  selfcheck  2  skill 0  
      page-42 步  7  Edit
      page-41 步  6  Bash
      page-08 步  6  Edit
      page-38 步  6  Bash
      page-21 步  7  Bash
      page-28 步  4  Bash
      page-20 步  9  Bash
      page-31 步  7  Edit
      page-32 步  8  Bash
  page-14  ✓    4 次调用    2.2 分  selfcheck  1  skill 0  
      page-03 步  7  Edit
      page-08 步  7  Bash
  page-32  ✓    9 次调用    2.3 分  selfcheck  3  skill 1  
      page-44 步  5  Edit
      page-35 步  8  Bash
  page-22  ✓    6 次调用    2.4 分  selfcheck  2  skill 2  
      page-28 步  5  Bash
      page-07 步  7  Edit
      page-20 步 10  Bash
      page-12 步  9  Bash
  page-01  ✓    6 次调用    2.4 分  selfcheck  2  skill 0  
  page-26  ✓    6 次调用    2.4 分  selfcheck  2  skill 1  
  page-41  ✓    7 次调用    2.4 分  selfcheck  2  skill 0  
  page-38  ✓    7 次调用    2.4 分  selfcheck  3  skill 0  
      page-29 步  7  Edit
      page-09 步  7  Bash
      page-40 步  5  Bash
      page-34 步  8  Edit
      page-07 步  8  Edit
      page-44 步  6  Edit
  page-28  ✓    6 次调用    2.5 分  selfcheck  2  skill 1  
      page-31 步  8  Edit
      page-42 步  8  Bash
  page-35  ✓    9 次调用    2.5 分  selfcheck  3  skill 1  
      page-34 步  9  Edit
  page-21  ✓    8 次调用    2.5 分  selfcheck  2  skill 1  
  page-09  ✓    8 次调用    2.6 分  selfcheck  4  skill 0  
      page-06 步  4  Write
      page-29 步  8  Edit
  page-20  ✓   11 次调用    2.6 分  selfcheck  3  skill 1  
      page-44 步  7  Bash
  page-12  ✓   10 次调用    2.6 分  selfcheck  4  skill 1  
      page-03 步  8  Bash
      page-31 步  9  Bash
  page-08  ✓    8 次调用    2.8 分  selfcheck  3  skill 0  
      page-34 步 10  Edit
  page-31  ✓   10 次调用    2.8 分  selfcheck  4  skill 0  
      page-07 步  9  Bash
  page-44  ✓    8 次调用    2.8 分  selfcheck  3  skill 0  
      page-06 步  5  Bash
  page-42  ✓    9 次调用    2.9 分  selfcheck  2  skill 1  
      page-29 步  9  Bash
      page-40 步  6  Edit
      page-34 步 11  Bash
      page-40 步  7  Bash
  page-03  ✓    9 次调用    3.1 分  selfcheck  3  skill 1  
      page-07 步 10  Edit
      page-06 步  6  Bash
  page-40  ✓    8 次调用    3.3 分  selfcheck  3  skill 0  
      page-07 步 11  Edit
      page-34 步 12  Edit
  page-29  ✓   10 次调用    3.5 分  selfcheck  4  skill 2  
      page-34 步 13  Bash
  page-06  ✓    7 次调用    3.7 分  selfcheck  2  skill 1  
  page-34  ✓   14 次调用    3.7 分  selfcheck  5  skill 0  
      page-07 步 12  Edit
      page-07 步 13  Bash
  page-07  ✓   14 次调用    4.7 分  selfcheck  5  skill 0  

  44/44 页交付   墙钟 4.7 分
  每页调用数 4–14,中位 7   合计 318
  selfcheck 合计 105   Skill 合计 33
  指派 skill 0 项,实际读到 0 项
  读取次数(前 6):CONTRACT.md 44  deck.md 44  CHASSIS.md 44  deck.css 44  p01.md 1  page-01.html 1
