
▸ builder · nn11-med
  44 页,并发 50,effort=medium,skill 清单 9,221 字符

      page-03 步  1  Read Read Read Read Read
      page-31 步  1  Bash Skill Skill
      page-07 步  1  Read Read Read Read Read Read
      page-30 步  1  Read Read Read Read Read
      page-01 步  1  Read Read Read Read Read
      page-11 步  1  Read Read Read Read Read Read
      page-28 步  1  Read Read Read Read Read Read
      page-17 步  1  Read Read Read Read Read Read
      page-33 步  1  Read Read Read Read Read Read
      page-34 步  1  Read Read Read Read Read Read
      page-18 步  1  Read Read Read Read Read
      page-02 步  1  Read Read Read Read Read Read
      page-13 步  1  Read Read Read Read Read Read
      page-04 步  1  Bash Bash
      page-09 步  1  Read Read Read Read Read Read
      page-40 步  1  Bash Skill Skill
      page-14 步  1  Bash Skill Skill
      page-18 步  2  Skill Skill
      page-10 步  1  Read Read Read Read Read Read
      page-34 步  2  Skill Skill
      page-07 步  2  Skill
      page-06 步  1  Read Read Read Read Read
      page-12 步  1  Bash Read Read Read Read
      page-24 步  1  Read Read Read Read Read
      page-30 步  2  Skill Skill
      page-35 步  1  Read Read Read Read Read Read
      page-11 步  2  Skill
      page-33 步  2  Skill Skill
      page-09 步  2  Skill Skill Skill
      page-29 步  1  Read Read Read Read Read Read
      page-06 步  2  Skill
      page-16 步  1  Read Read Read Read Read
      page-31 步  2  Read Read Read Read Read Read
      page-42 步  1  Bash Skill Skill
      page-20 步  1  Bash Bash
      page-24 步  2  Skill
      page-25 步  1  Read Read Read Read Read Read
      page-44 步  1  Read Read Read Read Read Read
      page-35 步  2  Skill Skill
      page-11 步  3  Bash
      page-07 步  3  Bash
      page-38 步  1  Read Read Read Read Read
      page-21 步  1  Read Read Read Read Read Read
      page-23 步  1  Read Read Read Read Read Read
      page-01 步  2  Skill Skill
      page-37 步  1  Read Read Read Read Read Read
      page-36 步  1  Read Read Read Read Read
      page-27 步  1  Read Read Read Read Read Read
      page-08 步  1  Read Read Read Read Read Read
      page-05 步  1  Bash Read Read Read
      page-43 步  1  Read Read Read Read Read Read
      page-19 步  1  Read Read Read Read Read Read
      page-15 步  1  Read Read Read Read Read Read
      page-22 步  1  Read Read Read Read Read
      page-26 步  1  Read Read Read Read Read Read
      page-32 步  1  Read Read Read Read Read Read
      page-41 步  1  Read Read Read Read Read Read
      page-18 步  3  Read
      page-25 步  2  Skill Skill Bash
      page-38 步  2  Read Bash
      page-20 步  2  Read
      page-13 步  2  Skill Skill
      page-05 步  2  Read Read Read
      page-12 步  2  Skill Read Bash
      page-17 步  2  Bash
      page-33 步  3  Bash
      page-23 步  2  Skill
      page-03 步  2  Read
      page-10 步  2  Skill Skill
      page-15 步  2  Skill
      page-28 步  2  Skill
      page-40 步  2  Read Read Read Read Read Read
      [page-06] InternalServerError 等 4s 重试 1/8
      page-38 步  3  Skill
      page-14 步  2  Read Read Read Read Read Read
      page-26 步  2  Skill Skill
      page-41 步  2  Skill
      page-05 步  3  Skill Skill
      page-36 步  2  Read Bash
      page-21 步  2  Skill Skill
      page-24 步  3  Read
      page-27 步  2  Skill Skill
      page-22 步  2  Skill Skill Read
      page-16 步  2  Skill Skill
      page-01 步  3  Read Bash
      page-32 步  2  Skill Skill
      page-37 步  2  Skill Skill
      page-06 步  3  Read Bash
      page-15 步  3  Bash
      page-42 步  2  Read Read Read Read Read Read
      page-23 步  3  Bash
      page-08 步  2  Skill
      page-44 步  2  Skill
      page-02 步  2  Write
      page-26 步  3  Bash
      page-19 步  2  Bash
      page-16 步  3  Read
      page-02 步  3  Bash
      page-03 步  3  Skill Skill
  page-39  ✓    1 次调用    0.9 分  selfcheck  0  skill 0  
      page-20 步  3  Write
      page-34 步  3  Write
      page-31 步  3  Write
      page-22 步  3  Bash
      page-43 步  2  Write
      page-20 步  4  Bash
      page-34 步  4  Bash
      page-31 步  4  Bash
      page-02 步  4  Bash
      page-01 步  4  Write
      page-40 步  3  Bash
      page-25 步  3  Write
      page-21 步  3  Write
      page-13 步  3  Write
      page-02 步  5  Bash
      page-41 步  3  Write
      page-44 步  3  Write
      page-04 步  2  Write
      page-07 步  4  Write
      page-11 步  4  Write
      page-43 步  3  Bash
      page-21 步  4  Bash
      page-38 步  4  Write
      page-04 步  3  Bash
      page-35 步  3  Write
      page-27 步  3  Write
      page-44 步  4  Bash
      page-07 步  5  Bash
      page-38 步  5  Bash
      page-25 步  4  Bash
      page-35 步  4  Bash
      page-41 步  4  Bash
      page-04 步  4  Bash
      page-29 步  2  Write
      page-27 步  4  Bash
      page-06 步  4  Write
      page-03 步  4  Write
      page-20 步  5  Edit
      page-31 步  5  Bash
      page-29 步  3  Bash
      page-15 步  4  Write
      page-09 步  3  Write
      page-12 步  3  Write
      page-08 步  3  Write
      page-03 步  5  Bash
      page-01 步  5  Bash
      page-26 步  4  Write
      page-20 步  6  Edit
      page-17 步  3  Write
      page-28 步  3  Write
      page-23 步  4  Write
      page-09 步  4  Bash
      page-27 步  5  Bash
      page-19 步  3  Write
  page-04  ✓    5 次调用    1.8 分  selfcheck  2  skill 0  
      page-08 步  4  Bash
      page-35 步  5  Bash Bash
      page-26 步  5  Bash
      page-02 步  6  Edit
      page-32 步  3  Write
      page-15 步  5  Bash
      page-20 步  7  Bash
      page-11 步  5  Bash
      page-25 步  5  Bash
      page-10 步  3  Write
      page-19 步  4  Bash
      page-07 步  6  Bash
  page-41  ✓    5 次调用    1.8 分  selfcheck  1  skill 1  
      page-17 步  4  Bash
      page-38 步  6  Bash
      page-34 步  5  Edit
      page-23 步  5  Bash
      page-43 步  4  Bash
      page-36 步  3  Write
      page-42 步  3  Write
      page-13 步  4  Bash
      page-29 步  4  Bash
      page-24 步  4  Write
      page-05 步  4  Write
      page-37 步  3  Write
      page-28 步  4  Bash
      page-06 步  5  Bash
  page-35  ✓    6 次调用    1.9 分  selfcheck  3  skill 2  
      page-19 步  5  Bash
      page-02 步  7  Bash
      page-38 步  7  Bash
      page-10 步  4  Bash
      page-16 步  4  Write
      page-26 步  6  Bash
      page-17 步  5  Bash
      page-11 步  6  Bash
      page-15 步  6  Bash
      page-22 步  4  Write
      page-12 步  4  Bash
      page-24 步  5  Bash
      page-29 步  5  Bash
      page-31 步  6  Bash
      page-19 步  6  Bash
      page-14 步  3  Write
      page-22 步  5  Bash
  page-25  ✓    6 次调用    2.0 分  selfcheck  2  skill 2  
      page-42 步  4  Bash
      page-37 步  4  Bash
  page-02  ✓    8 次调用    2.1 分  selfcheck  4  skill 0  
      page-03 步  6  Edit
      page-01 步  6  Edit
      page-09 步  5  Bash Bash
      page-30 步  3  Write
  page-20  ✓    8 次调用    2.1 分  selfcheck  2  skill 0  
      page-38 步  8  Edit
      page-34 步  6  Edit Edit Edit Edit
      page-16 步  5  Bash
      page-13 步  5  Bash
      page-05 步  5  Bash
      page-33 步  4  Write
      page-32 步  4  Bash
      page-23 步  6  Bash
      page-21 步  5  Edit
      page-12 步  5  Bash
      page-26 步  7  Bash
      page-43 步  5  Bash
      page-44 步  5  Bash
      page-28 步  5  Bash Bash
      page-10 步  5  Edit
      page-29 步  6  Edit
      page-14 步  4  Bash
      page-36 步  4  Bash
      page-08 步  5  Bash Bash
      page-38 步  9  Bash
      page-42 步  5  Bash
      page-40 步  4  Write
      page-32 步  5  Bash
  page-23  ✓    7 次调用    2.3 分  selfcheck  2  skill 1  
      page-33 步  5  Bash
  page-13  ✓    6 次调用    2.3 分  selfcheck  2  skill 2  
      page-17 步  6  Bash
      page-21 步  6  Edit
      page-27 步  6  Edit
  page-11  ✓    7 次调用    2.3 分  selfcheck  2  skill 1  
      page-14 步  5  Bash
      page-10 步  6  Edit
      page-06 步  6  Edit
      page-22 步  6  Bash
  page-12  ✓    6 次调用    2.4 分  selfcheck  2  skill 1  
      page-36 步  5  Bash
      page-19 步  7  Edit
      page-31 步  7  Edit
      page-37 步  5  Bash
      page-26 步  8  Read
  page-28  ✓    6 次调用    2.4 分  selfcheck  3  skill 1  
      page-07 步  7  Edit
      page-15 步  7  Bash
      page-10 步  7  Bash
      page-21 步  7  Bash
      page-33 步  6  Bash
      page-30 步  4  Bash
      page-01 步  7  Bash
      page-27 步  7  Edit
      page-34 步  7  Bash
      page-29 步  7  Bash
      page-05 步  6  Bash
      page-38 步 10  Bash
      page-31 步  8  Edit
      page-43 步  6  Read
      page-44 步  6  Bash
  page-36  ✓    6 次调用    2.5 分  selfcheck  2  skill 0  
      page-03 步  7  Edit
  page-37  ✓    6 次调用    2.5 分  selfcheck  2  skill 2  
      page-05 步  7  Bash
      page-07 步  8  Bash
      page-31 步  9  Bash
  page-01  ✓    8 次调用    2.6 分  selfcheck  2  skill 2  
  page-29  ✓    8 次调用    2.6 分  selfcheck  4  skill 0  
      page-10 步  8  Bash
      page-18 步  4  Write
  page-17  ✓    7 次调用    2.7 分  selfcheck  2  skill 0  
      page-24 步  6  Edit
      page-27 步  8  Edit
      page-31 步 10  Bash
      page-32 步  6  Bash
  page-07  ✓    9 次调用    2.7 分  selfcheck  3  skill 1  
      page-03 步  8  Bash
      page-40 步  5  Bash
      page-14 步  6  Bash
      page-19 步  8  Edit
      page-30 步  5  Edit
      page-16 步  6  Edit
      page-06 步  7  Bash Bash
      page-24 步  7  Edit
      page-27 步  9  Bash
      page-19 步  9  Bash Bash
      page-05 步  8  Edit
      page-42 步  6  Bash
  page-31  ✓   11 次调用    2.8 分  selfcheck  5  skill 2  
      page-26 步  9  Edit
      page-44 步  7  Edit
      page-33 步  7  Edit
      page-15 步  8  Edit
      page-22 步  7  Edit
      page-43 步  7  Bash
      page-24 步  8  Edit
      page-21 步  8  Edit
  page-19  ✓   10 次调用    2.9 分  selfcheck  5  skill 0  
      page-09 步  6  Edit
      page-40 步  6  Bash
      page-30 步  6  Bash Bash
      page-21 步  9  Edit
      page-03 步  9  Edit
      page-16 步  7  Edit
      page-38 步 11  Edit
      page-09 步  7  Edit
      page-32 步  7  Edit
      page-33 步  8  Bash Bash
      page-08 步  6  Edit
      page-43 步  8  Bash
      page-14 步  7  Edit
      page-05 步  9  Edit
      page-27 步 10  Edit
      page-08 步  7  Edit
      page-34 步  8  Edit
  page-06  ✓    8 次调用    3.2 分  selfcheck  3  skill 1  
  page-33  ✓    9 次调用    3.2 分  selfcheck  4  skill 2  
      page-26 步 10  Edit
      page-24 步  9  Bash
      page-32 步  8  Edit
      page-15 步  9  Edit
      page-22 步  8  Edit
      page-14 步  8  Bash Bash
      page-10 步  9  Edit
      page-44 步  8  Edit
      page-08 步  8  Bash Bash Bash
      page-42 步  7  Edit
      page-05 步 10  Edit
      page-34 步  9  Edit
      page-26 步 11  Bash Bash
      page-21 步 10  Edit
      page-03 步 10  Edit
      page-24 步 10  Edit
      page-32 步  9  Edit
      page-27 步 11  Bash
      page-42 步  8  Edit
      page-21 步 11  Edit
      page-03 步 11  Edit
      page-16 步  8  Edit
      page-14 步  9  Bash
      page-05 步 11  Bash Bash
  page-08  ✓    9 次调用    3.5 分  selfcheck  6  skill 1  
      page-24 步 11  Edit
      page-03 步 12  Bash
      page-15 步 10  Edit
      page-43 步  9  Edit
      page-10 步 10  Edit Edit
      page-18 步  5  Bash
      page-22 步  9  Edit
      page-42 步  9  Bash
      page-27 步 12  Edit
      page-44 步  9  Edit
  page-40  ✓    7 次调用    3.7 分  selfcheck  2  skill 2  
      page-14 步 10  Read
      page-42 步 10  Bash
      page-38 步 12  Edit
      page-09 步  8  Edit
      page-32 步 10  Bash
      page-34 步 10  Bash
      page-18 步  6  Edit
      page-27 步 13  Bash
  page-26  ✓   12 次调用    3.7 分  selfcheck  5  skill 2  
      page-24 步 12  Bash
      page-16 步  9  Bash
      page-10 步 11  Bash Bash
      page-18 步  7  Bash Bash
  page-03  ✓   13 次调用    3.8 分  selfcheck  3  skill 2  
      page-21 步 12  Bash
      page-22 步 10  Bash Bash Bash
  page-05  ✓   12 次调用    3.9 分  selfcheck  5  skill 2  
      page-43 步 10  Edit
      page-30 步  7  Edit
      page-32 步 11  Edit
      page-15 步 11  Edit
  page-10  ✓   12 次调用    4.0 分  selfcheck  5  skill 2  
      page-27 步 14  Edit
      page-38 步 13  Edit
      page-32 步 12  Bash
      page-15 步 12  Bash Bash
      page-09 步  9  Edit
      page-42 步 11  Edit
      page-24 步 13  Bash
      page-18 步  8  Bash
      page-44 步 10  Edit
      page-14 步 11  Edit
  page-22  ✓   11 次调用    4.2 分  selfcheck  5  skill 2  
  page-15  ✓   13 次调用    4.2 分  selfcheck  4  skill 1  
      page-44 步 11  Edit
      page-27 步 15  Bash
      page-21 步 13  Bash
      page-24 步 14  Edit
      page-30 步  8  Bash
      page-44 步 12  Bash Bash
      page-43 步 11  Bash
      page-18 步  9  Edit Edit
      page-38 步 14  Edit
      page-09 步 10  Bash Bash Bash
      page-21 步 14  Bash
      page-32 步 13  Bash
  page-44  ✓   13 次调用    4.5 分  selfcheck  5  skill 1  
      page-24 步 15  Edit
      page-18 步 10  Bash Bash Bash
      page-38 步 15  Bash
      page-34 步 11  Edit
      page-16 步 10  Edit
      page-14 步 12  Edit
  page-09  ✓   11 次调用    4.6 分  selfcheck  6  skill 3  
  page-30  ✓    9 次调用    4.6 分  selfcheck  4  skill 2  
      page-43 步 12  Edit
  page-32  ✓   14 次调用    4.6 分  selfcheck  6  skill 2  
  page-27  ✓   16 次调用    4.6 分  selfcheck  6  skill 2  
      page-14 步 13  Edit
      page-42 步 12  Edit
  page-18  ✓   11 次调用    4.7 分  selfcheck  6  skill 2  
      page-21 步 15  Edit
  page-38  ✓   16 次调用    4.8 分  selfcheck  6  skill 1  
      page-14 步 14  Bash Bash Bash
      page-34 步 12  Edit Edit Edit
      page-42 步 13  Edit
      page-43 步 13  Bash
      page-24 步 16  Edit
      page-24 步 17  Bash
      page-21 步 16  Edit
      page-34 步 13  Bash
  page-14  ✓   15 次调用    5.2 分  selfcheck  9  skill 2  
      page-42 步 14  Bash
      page-43 步 14  Edit
      page-21 步 17  Edit
      page-16 步 11  Edit
      page-21 步 18  Bash
      page-16 步 12  Bash
      page-24 步 18  Edit
  page-42  ✓   15 次调用    5.7 分  selfcheck  6  skill 2  
      page-24 步 19  Edit
      page-43 步 15  Bash
  page-21  ✓   19 次调用    5.7 分  selfcheck  6  skill 2  
  page-16  ✓   13 次调用    5.8 分  selfcheck  3  skill 2  
  page-34  ✓   14 次调用    5.9 分  selfcheck  4  skill 2  
      page-24 步 20  Bash
  page-43  ✓   16 次调用    6.0 分  selfcheck  7  skill 0  
  page-24  ✓   21 次调用    6.1 分  selfcheck  6  skill 1  

  44/44 页交付   墙钟 6.1 分
  每页调用数 1–21,中位 9   合计 445
  selfcheck 合计 172   Skill 合计 59
  指派 skill 0 项,实际读到 0 项
  读取次数(前 6):deck.md 41  CHASSIS.md 41  deck.css 41  CONTRACT.md 40  p01.md 1  page-01.html 1
