
▸ planner · photo-nf-0906
  光合作用:光反应与暗反应  /  40 分钟

  seed         底盘已就位,库 20 个（真拷贝,非软链接）

▸ style director · photo-nf-0906
  画廊 204 条  分布 {'n': 204, 'dark': 43, 'mid': 13, 'light': 44, 'median': 52}

  选参照 第1次  15.3s in=11,668 out=404 → ['prism-light', 'rain-paths', 'fluffygrass.vercel.app', 'PreviewContentTransition', 'neuron-to-formula']
  deck           34.6s  in=  1,227  out= 1,329 tok  1 个工具调用 → ['pages.md']
  写主题 第1次  40.4s in=6,217 out=2,195 → 2984 字符  ✗ 语义色明度极差只有 19pp,平均分色;要一个主色扛整页 + 一个小面积锐利强调; 接口块里不许把 token 说成['底板'];底只有 --bg 一个
  写主题 第2次  32.5s in=6,281 out=1,549 → 2692 字符  ✓
  合计 88s  →  /data1/home/zhuyifan/ws2/Notale/notale-v2/runs/photo-nf-0906/pages/assets/theme.css
  逐页内容     22 页,28–57 字符,中位 47
/data1/home/zhuyifan/ws2/Notale/notale-v2/core/planner.py:435: DeprecationWarning: Image.Image.getdata is deprecated and will be removed in Pillow 14 (2027-10-15). Use get_flattened_data instead.
  px = list(im.getdata()); n = len(px)
/data1/home/zhuyifan/ws2/Notale/notale-v2/core/planner.py:538: DeprecationWarning: Image.Image.getdata is deprecated and will be removed in Pillow 14 (2027-10-15). Use get_flattened_data instead.
  px = [c[:3] for c in im.getdata() if c[3] > 128]
/data1/home/zhuyifan/ws2/Notale/notale-v2/core/planner.py:543: DeprecationWarning: Image.Image.getdata is deprecated and will be removed in Pillow 14 (2027-10-15). Use get_flattened_data instead.
  px = list(im.getdata())
  图池         4/6 张就位，2 张没取到  → img/IMG.md
  接口交接     已知陷阱（Deck.fmt 带符号）→ CHASSIS.md
  briefs       22 份,148–148 字符,中位 148

  合计 143s  →  /data1/home/zhuyifan/ws2/Notale/notale-v2/runs/photo-nf-0906
