
▸ planner · photo-sd-0906
  光合作用:光反应与暗反应  /  40 分钟

  seed         底盘已就位,库 20 个（真拷贝,非软链接）

▸ style director · photo-sd-0906
  画廊 204 条  分布 {'n': 204, 'dark': 43, 'mid': 13, 'light': 44, 'median': 52}

  deck           17.2s  in=  1,227  out= 1,303 tok  1 个工具调用 → ['pages.md']
  选参照 第1次  26.5s in=11,668 out=510 → ['prism-light', 'video-projection-codrops', 'ImageToGridTransition', 'SmoothScrollingImageEffects', 'neuron-to-formula']
  写主题 第1次  31.6s in=6,102 out=2,064 → 3151 字符  ✗ 语义色明度极差只有 14pp,平均分色;要一个主色扛整页 + 一个小面积锐利强调
  写主题 第2次  28.1s in=6,146 out=1,947 → 2982 字符  ✓
  合计 86s  →  /data1/home/zhuyifan/ws2/Notale/notale-v2/runs/photo-sd-0906/pages/assets/theme.css
  逐页内容     25 页,19–52 字符,中位 45
/data1/home/zhuyifan/ws2/Notale/notale-v2/core/planner.py:435: DeprecationWarning: Image.Image.getdata is deprecated and will be removed in Pillow 14 (2027-10-15). Use get_flattened_data instead.
  px = list(im.getdata()); n = len(px)
/data1/home/zhuyifan/ws2/Notale/notale-v2/core/planner.py:538: DeprecationWarning: Image.Image.getdata is deprecated and will be removed in Pillow 14 (2027-10-15). Use get_flattened_data instead.
  px = [c[:3] for c in im.getdata() if c[3] > 128]
/data1/home/zhuyifan/ws2/Notale/notale-v2/core/planner.py:543: DeprecationWarning: Image.Image.getdata is deprecated and will be removed in Pillow 14 (2027-10-15). Use get_flattened_data instead.
  px = list(im.getdata())
  图池         5/5 张就位  → img/IMG.md
  接口交接     已知陷阱（Deck.fmt 带符号）→ CHASSIS.md
  briefs       25 份,148–148 字符,中位 148

  合计 141s  →  /data1/home/zhuyifan/ws2/Notale/notale-v2/runs/photo-sd-0906
