
▸ planner · orbit-01
  火箭与轨道 —— 怎么把东西送上太空,并让它待在那儿  /  90 分钟

  seed         底盘已就位,库 15 个
      上游 InternalServerError,等 5s 重试 (1/8)
      上游 InternalServerError,等 15s 重试 (2/8)
      上游 InternalServerError,等 40s 重试 (3/8)
      上游 InternalServerError,等 90s 重试 (4/8)
  theme.css     300.6s  out= 8,128 tok   18,866 字符
  lec.js       已存在,跳过         40,517 字符
  PLAN.md       361.1s  out=19,933 tok   24,056 字符
  验规划       20 页,骨架齐全 20/20
  CONTRACT.md   312.3s  out=17,156 tok   11,591 字符
  skeletons    20 个骨架,已接 base/theme/lec,data-total=20
  briefs       20 份,1725–1856 字符,中位 1786

  合计 974s  →  /data1/home/zhuyifan/ws2/Notale/notale-v2/runs/orbit-01

▸ planner · orbit-01
  火箭与轨道 —— 怎么把东西送上太空,并让它待在那儿  /  90 分钟

  seed         底盘已就位,库 15 个
  theme.css     159.9s  out= 8,752 tok   20,979 字符
  lec.js       已存在,跳过         40,517 字符
  PLAN.md      已存在,跳过         24,056 字符
  验规划       20 页,骨架齐全 20/20
  CONTRACT.md  已存在,跳过         11,591 字符
  skeletons    20 个骨架,已接 base/theme/lec,data-total=20
  briefs       20 份,1725–1856 字符,中位 1786

  合计 160s  →  /data1/home/zhuyifan/ws2/Notale/notale-v2/runs/orbit-01
