
▸ planner · sky-t1
  肉眼看夜空：怎样用一张星图认出行星  /  30 分钟

  seed         底盘已就位,库 20 个（真拷贝,非软链接）
  lec.js         59.4s  out= 4,321 tok    7,700 字符
  ⚠ lec_api 抽不出函数签名(认识两种写法都没匹配上)。退回裸名字 0 个 —— 各页会被迫去读 lec.js 源码。若这一轮慢,先来看这里。
  PLAN.md        72.0s  out= 6,087 tok    6,061 字符
  验页表       20 行  停留合计 1800/1800 秒  ✓   无交互 5 页
  验证据链     声明 4 条,页表用到 4 条,承担论证的页 13/20
  验幕结构     4 幕,页序连续 ✓
  验视觉世界   3 个 hex、18 条母题、有现实参照、31 条形状语言  ✓
  验页表       20 行,知识结构 4 种: classification comparison generalization process；版式 7 种: canvas-full focus ledger split-lr split-tb stage-cards triptych
  图池         PLAN.md 声明本套无需图池 —— 跳过取图
  theme.css      42.2s  out= 4,810 tok   13,813 字符
  接口交接     theme.css 的 INTERFACE 块 33 行 → CHASSIS.md
  接口交接     已知陷阱（Deck.fmt 带符号）→ CHASSIS.md
  CONTRACT.md    38.1s  out= 2,873 tok    4,357 字符
  展开规格     20 份(20 新建/0 复用)  85s  out=23,348 tok  1,797–3,884B
  skeletons    20 个骨架,已接 base/theme/lec,data-total=20
  briefs       20 份,1061–1068 字符,中位 1068

  合计 297s  →  /data1/home/zhuyifan/ws2/Notale/notale-v2/runs/sky-t1

  判据                                 sky-t1     目标
  ───────────────────────────────────────────────────
  规格份数                                   20     
  规格中位字符                               1396     ≤1300
  表格真数值格(每份有表)                          3.5     ≥8
  表格真数值格合计                               70     
  点名底盘类的规格数                         22/72 类     ≥30%
  有「核对」的份                              2/20     ≥40%
  有「交给下一页」的份                           0/20     ≥90%
  还有「场景构图」的份                           0/20     0
  有「交互」节的份                            15/20     <n
    交互节字符中位                             226     ≥200
    有「正确状态」的比率                           6%     ≤40%
    说清「什么跟着变」                           13%     ≥80%
    有复位/重来                              66%     ≥70%
  theme.css 字符                       13,803     ≤13000
    其中 utility 类                          2     0
    仪表类齐几样(共 8)                         8/8     8
    INTERFACE 块字符                      1575     ≥2000
  PLAN.md 字符                          6,061     ≤10000
    版式种类 / 缺失 / 相邻重复              7 / 0 / 0     ≥4 / 0 / 0
    split-lr 页数                           2     ≤总页数 1/3
    数字口径里的真实数值                            0     ≥20
    页表一句话带数                            0/20     ≥20%
  lec.js 字符 / P 函数数               7,691 / 0     函数数↓
  theme.css 填色的容器类                        4     ≤2
  规格点名图池文件的份数                             0     ≥6


  ✓ #stage 有 padding                有   要求 有

  [32m✓ plan 层硬判全过[0m
