
▸ planner · sol-01
  认识太阳系 —— 天文学通识课第二讲  /  90 分钟

  seed         底盘已就位,库 20 个
  lec.js        226.4s  out= 9,146 tok   31,068 字符
  mount DOM     5 个类名
  PLAN.md       197.5s  out= 6,934 tok   12,174 字符
  验页表       50 行  停留合计 5400/5400 秒  ✓   无交互 8 页
  验证据链     声明 5 条,页表用到 5 条,承担论证的页 42/50
  验幕结构     5 幕,页序连续 ✓
  验视觉世界   5 个 hex、5 条母题  ✓
  验页表       50 行,知识结构 5 种: classification comparison enumeration generalization process
  展开 p12     ✗ 第 1 次不是有效规格:开头不是 `# page-NN · …` 那一行
  展开 p02     ✗ 第 1 次不是有效规格:开头不是 `# page-NN · …` 那一行
  展开 p14     ✗ 第 1 次不是有效规格:开头不是 `# page-NN · …` 那一行
  展开 p11     ✗ 第 1 次不是有效规格:开头不是 `# page-NN · …` 那一行
  展开 p08     ✗ 第 1 次不是有效规格:开头不是 `# page-NN · …` 那一行
  展开 p20     ✗ 第 1 次不是有效规格:开头不是 `# page-NN · …` 那一行
  展开 p21     ✗ 第 1 次不是有效规格:开头不是 `# page-NN · …` 那一行
      上游 EmptyReply,等 5s 重试 (1/8)  已累计死等 93s
      上游 EmptyReply,等 5s 重试 (1/8)  已累计死等 37s
  展开 p34     ✗ 第 1 次不是有效规格:开头不是 `# page-NN · …` 那一行
  展开 p28     ✗ 第 1 次不是有效规格:开头不是 `# page-NN · …` 那一行
  展开 p14     ✗ 第 2 次不是有效规格:开头不是 `# page-NN · …` 那一行
  展开 p36     ✗ 第 1 次不是有效规格:开头不是 `# page-NN · …` 那一行
  展开 p33     ✗ 第 1 次不是有效规格:开头不是 `# page-NN · …` 那一行
  展开 p19     ✗ 第 1 次不是有效规格:开头不是 `# page-NN · …` 那一行
  展开 p25     ✗ 第 1 次不是有效规格:开头不是 `# page-NN · …` 那一行
  展开 p27     ✗ 第 1 次不是有效规格:开头不是 `# page-NN · …` 那一行
  展开 p29     ✗ 第 1 次不是有效规格:开头不是 `# page-NN · …` 那一行
  展开 p31     ✗ 第 1 次不是有效规格:开头不是 `# page-NN · …` 那一行
  展开 p37     ✗ 第 1 次不是有效规格:开头不是 `# page-NN · …` 那一行
  展开 p28     ✗ 第 2 次不是有效规格:开头不是 `# page-NN · …` 那一行
  展开 p27     ✗ 第 2 次不是有效规格:开头不是 `# page-NN · …` 那一行
  展开 p31     ✗ 第 2 次不是有效规格:开头不是 `# page-NN · …` 那一行
  展开 p19     ✗ 第 2 次不是有效规格:开头不是 `# page-NN · …` 那一行
  展开 p25     ✗ 第 2 次不是有效规格:开头不是 `# page-NN · …` 那一行
  展开 p42     ✗ 第 1 次不是有效规格:开头不是 `# page-NN · …` 那一行
  展开 p29     ✗ 第 2 次不是有效规格:开头不是 `# page-NN · …` 那一行
  展开 p45     ✗ 第 1 次不是有效规格:开头不是 `# page-NN · …` 那一行
  展开 p31     ✗ 第 3 次不是有效规格:开头不是 `# page-NN · …` 那一行
  展开 p31     ⚠ 3 次都不合格,**保留最后一次**继续往下走(最后一次:开头不是 `# page-NN · …` 那一行)
  展开规格     50 份(50 新建/0 复用)  315s  out=52,558 tok  2,489–4,043B
  theme.css     138.3s  out= 6,552 tok   19,815 字符
  接口交接     theme.css 的 INTERFACE 块 21 行 → CHASSIS.md
  验样式       mount 的 5 个类名,theme.css 覆盖 5 个
  CONTRACT.md    93.9s  out= 3,055 tok    5,299 字符
  skeletons    50 个骨架,已接 base/theme/lec,data-total=50
  briefs       50 份,3113–3156 字符,中位 3135

  合计 971s  →  /data1/home/zhuyifan/ws2/Notale/notale-v2/runs/sol-01
