
▸ planner · sol-low-20260827
  神经网络是怎么学会的：从一个神经元到反向传播  /  30 分钟

  seed         底盘已就位,库 20 个（真拷贝,非软链接）
  lec.js         52.1s  in=    438                  out= 4,212 tok   12,935 字符
  PLAN.md        93.6s  in=  6,722                  out= 5,583 tok    6,827 字符
  验页表       21 行  停留合计 1860/1800 秒  [33m⚠ 差 +60[0m   无交互 6 页
  [33m⚠ 相邻同结构 1 处: page-17[0m
  验证据链     声明 5 条,页表用到 5 条,承担论证的页 9/21
  验幕结构     5 幕,页序连续 ✓
  [33m  以上 1 项都没有判死 —— 页表是个小文本文件,改完重跑 PLAN.md 这一步即可(后面几步命中缓存)。[0m
  验视觉世界   3 个 hex、12 条母题、有现实参照、27 条形状语言  ✓
  验页表       21 行,知识结构 4 种: classification comparison generalization process；版式 7 种: canvas-full focus ledger split-lr split-tb stage-cards triptych
  图池         PLAN.md 声明本套无需图池 —— 跳过取图
  theme.css      72.5s  in=  2,617                  out= 6,048 tok   16,467 字符
  接口交接     theme.css 的 INTERFACE 块 42 行 → CHASSIS.md
  接口交接     已知陷阱（Deck.fmt 带符号）→ CHASSIS.md
  CONTRACT.md    35.1s  in=  7,021                  out= 2,874 tok    5,005 字符
  展开规格     21 份(21 新建/0 复用)  58s  out=28,586 tok  1,649–3,944B
  skeletons    21 个骨架,已接 base/theme/lec,data-total=21
  briefs       21 份,967–975 字符,中位 974

  合计 311s  →  /data1/home/zhuyifan/ws2/Notale/notale-v2/runs/sol-low-20260827

  判据                        sol-low-20260827     目标
  ───────────────────────────────────────────────────
  规格份数                                   21     
  规格中位字符                               1644     ≤1300
  表格真数值格(每份有表)                         13.8     ≥8
  表格真数值格合计                              290     
  点名底盘类的规格数                         23/61 类     ≥30%
  有「核对」的份                             14/21     ≥40%
  有「交给下一页」的份                          21/21     ≥90%
  还有「场景构图」的份                           0/21     0
  有「交互」节的份                            15/21     <n
    交互节字符中位                             210     ≥200
    有「正确状态」的比率                          13%     ≤40%
    说清「什么跟着变」                           73%     ≥80%
    有复位/重来                              66%     ≥70%
  theme.css 字符                       16,457     ≤13000
    其中 utility 类                          2     0
    仪表类齐几样(共 8)                         8/8     8
    INTERFACE 块字符                      1929     ≥2000
  PLAN.md 字符                          6,827     ≤10000
    版式种类 / 缺失 / 相邻重复              7 / 0 / 0     ≥4 / 0 / 0
    split-lr 页数                           3     ≤总页数 1/3
    数字口径里的真实数值                            0     ≥20
    页表一句话带数                            0/21     ≥20%
  lec.js 字符 / P 函数数              12,926 / 0     函数数↓
  theme.css 填色的容器类                        6     ≤2
  规格点名图池文件的份数                             0     ≥6


  ✓ #stage 有 padding                有   要求 有

  [32m✓ plan 层硬判全过[0m
