
▸ builder · sol-01
  50 页,并发 50,effort=low,skill 清单 9,221 字符

      page-38 步  1  Bash Skill Skill
      page-24 步  1  Bash Skill Skill
      page-29 步  1  Bash Bash Bash Bash Bash Skill Skill
      page-18 步  1  Bash Skill Skill
      page-41 步  1  Bash Skill Skill
      page-35 步  1  Read Read Read Read Read Skill Skill
      page-37 步  1  Read Read Read Read Read Read
      page-06 步  1  Read Read Read Read Read Read
      page-34 步  1  Read Read Read Read Read Skill Read
      page-23 步  1  Read Read Read Read Read Read
      page-26 步  1  Read Read Read Read Read Read
      page-12 步  1  Read Read Read Read Read Read Skill
      page-15 步  1  Read Read Read Read Read Skill Skill
      page-46 步  1  Read Read Read Read Read Read Skill Skill Skill
      page-04 步  1  Read Read Read Read Read Skill Skill
      page-32 步  1  Read Read Read Read Read Read Skill Skill
      page-33 步  1  Read Read Read Read Read Read Skill Skill
      page-43 步  1  Read Read Read Read Read Read Skill Skill
      page-50 步  1  Read Read Read Read Read Read Skill
      page-14 步  1  Read Read Read Read Read
      page-22 步  1  Read Read Read Read Read Read
      page-42 步  1  Bash Read Read Read Read Read Read Skill Skill
      page-30 步  1  Read Read Read Read Read Skill Skill
      page-36 步  1  Read Read Read Read Read
      page-08 步  1  Bash Skill Skill
      page-31 步  1  Read Read Read Read Read Read Skill Skill
      page-48 步  1  Bash Skill Skill Skill
      page-21 步  1  Read Read Read Read Read Skill Skill
      page-44 步  1  Read Read Read Read Read Skill Skill
      page-45 步  1  Read Read Read Read Read Skill Skill
      page-06 步  2  Skill Skill Read
      page-13 步  1  Read Read Read Read Read Read Skill Skill
      page-26 步  2  Skill Skill Read
      page-10 步  1  Read Read Read Read Read Skill
      page-25 步  1  Read Read Read Read Read Skill Skill
      page-01 步  1  Read Read Read Read Read Skill Skill
      page-15 步  2  Read Read
      page-18 步  2  Read Read Read Read Read Read Read
      page-38 步  2  Read Read Read Read Read Read Read Read
      page-32 步  2  Bash Bash Bash
      page-02 步  1  Read Read Read Read Read Skill
      page-14 步  2  Read Read Skill Skill Skill
      page-41 步  2  Read Read Read Read Read Read Read Read
      page-16 步  1  Read Read Read Read Read Read Skill Skill
      page-50 步  2  Bash Read Bash
      page-17 步  1  Read Read Read Read Read Read
      page-47 步  1  Read Read Read Read Read Read Skill
      page-23 步  2  Skill Skill
      page-22 步  2  Skill Skill Read
      page-30 步  2  Read Read Bash
      page-07 步  1  Read Read Read Read Read Read Skill
      page-35 步  2  Read Read Bash Skill
      page-12 步  2  Bash
      page-42 步  2  Read Bash Bash
      page-19 步  1  Read Read Read Read Read Skill Skill Read
      page-21 步  2  Read Read
      page-45 步  2  Read Read Bash Skill
      page-34 步  2  Bash Bash Bash
      page-13 步  2  Read
      page-44 步  2  Read Bash Read
      page-43 步  2  Read
      page-10 步  2  Read Read
      page-29 步  2  Bash Read Bash
      page-27 步  1  Read Read Read Read Read Skill Skill
      page-02 步  2  Read
      page-32 步  3  Bash Read Bash
      page-39 步  1  Read Read Read Read Read Skill Skill
      page-25 步  2  Read Read Bash Skill
      page-24 步  2  Read Read Read Read Read Read Read Read Read
      page-38 步  3  Read Bash Bash
      page-42 步  3  Read
      page-03 步  1  Read Read Read Read Read Read Skill Skill Skill
      page-01 步  2  Read Read Bash
      page-18 步  3  Read Bash
      page-28 步  1  Read Read Read Read Read Read Skill Skill
      page-46 步  2  Read Bash Bash Bash
      page-49 步  1  Read Read Read Read Read Skill
      page-26 步  3  Bash
      page-17 步  2  Skill Skill Read
      page-48 步  2  Read Read Read Read Read
      page-50 步  3  Bash Bash Bash
      page-47 步  2  Read Bash
      page-12 步  3  Read Read
      page-30 步  3  Bash Bash Bash
      page-41 步  3  Bash Read Bash
      page-08 步  2  Read Read Read Read Read Read Read Read
      page-39 步  2  Read Read
      page-01 步  3  Skill
      page-11 步  1  Read Read Read Read Read Read Skill Skill
      page-45 步  3  Bash Bash Bash
      page-35 步  3  Bash Bash Bash Bash Bash Bash Bash Bash
      page-27 步  2  Read Read
      page-26 步  4  Read
      page-47 步  3  Read Read Read Bash
      page-46 步  3  Skill Read Read
      page-40 步  1  Read Read Read Read Read Skill Skill Skill
      page-48 步  3  Read Read Read Read Bash
      page-28 步  2  Read Bash
      page-19 步  2  Read
      page-24 步  3  Read Bash Bash
      page-44 步  3  Bash
      page-20 步  1  Read Read Read Read Read Read Skill Skill
      page-30 步  4  Bash Bash Bash
      page-26 步  5  Read
      page-41 步  4  Bash Bash
      page-10 步  3  Bash
      page-06 步  3  Bash Bash
      page-47 步  4  Read
      page-28 步  3  Read
      page-23 步  3  Bash Bash
      page-08 步  3  Read Bash
      page-49 步  2  Read Read
      page-16 步  2  Read Bash Bash
      page-32 步  4  Bash Bash
      page-07 步  2  Read
      page-45 步  4  Bash Bash Bash
      page-44 步  4  Bash
      page-03 步  2  Read Bash Bash Bash
      page-17 步  3  Bash
      page-27 步  3  Bash
      page-46 步  4  Bash
      page-25 步  3  Bash Bash Bash
      page-22 步  3  Bash
      page-28 步  4  Read Read
      page-35 步  4  Bash Bash Bash Bash Bash
      page-23 步  4  Skill
      page-44 步  5  Bash
      page-08 步  4  Bash
      page-11 步  2  Read Bash Bash
      page-30 步  5  Bash Bash Bash
      page-16 步  3  Read Read Bash
      page-14 步  3  Bash
      page-32 步  5  Bash Bash
      page-46 步  5  Bash
      page-06 步  4  Read Read Bash
      page-13 步  3  Bash
      page-10 步  4  Read Read Read
      page-27 步  4  Bash
      page-09 步  1  Read Read Read Read Read Skill Skill Skill
      page-41 步  5  Bash
      page-06 步  5  Read
      page-03 步  3  Bash Bash Bash
      page-22 步  4  Bash
      page-44 步  6  Bash
      page-27 步  5  Bash
      page-40 步  2  Read Read Bash
      page-45 步  5  Bash Bash Bash
      page-41 步  6  Bash
      page-25 步  4  Bash Bash Bash Bash
      page-04 步  2  Read Read Bash
      page-46 步  6  Bash
      page-32 步  6  Bash Bash
      page-27 步  6  Bash
      page-18 步  4  Read
      page-23 步  5  Bash Bash Bash Bash Bash Bash Bash Bash
      page-50 步  4  Skill
      page-22 步  5  Bash
      page-17 步  4  Read Read Read Read
      page-11 步  3  Skill
      page-30 步  6  Bash Bash Bash
      page-37 步  2  Skill Skill Read
      page-22 步  6  Read
      page-45 步  6  Bash Bash Bash
      page-36 步  2  Skill Skill
      page-01 步  4  Bash Bash
      page-22 步  7  Read
      page-32 步  7  Skill
      page-11 步  4  Bash
      page-41 步  7  Bash Bash Read
      page-13 步  4  Read Read Read
      page-03 步  4  Bash Bash Bash Bash
      page-15 步  3  Bash
      page-40 步  3  Bash
      page-25 步  5  Bash Bash Bash Bash
      page-11 步  5  Bash
      page-07 步  3  Bash
      page-50 步  5  Bash Bash Bash Bash
      page-05 步  1  Read Read Read Read Read Read Skill Skill
      page-35 步  5  Bash Bash Bash Bash Bash
      page-01 步  5  Bash
      page-23 步  6  Bash Bash Bash Bash Bash Bash Bash Bash
      page-40 步  4  Bash
      page-20 步  2  Read Bash
      page-46 步  7  Bash Bash
      page-11 步  6  Bash
      page-07 步  4  Read Read
      page-32 步  8  Bash Bash Bash
      page-13 步  5  Bash
      page-40 步  5  Bash
      page-03 步  5  Bash Bash Bash
      page-09 步  2  Read Read Bash
      page-02 步  3  Write
      page-25 步  6  Bash Bash Bash Bash
      page-24 步  4  Bash
      page-50 步  6  Bash Bash Bash Bash
      page-30 步  7  Bash Bash Bash Bash
      page-14 步  4  Read
      page-02 步  4  Bash
      page-44 步  7  Read Bash
      page-03 步  6  Bash
      page-20 步  3  Bash
      page-24 步  5  Bash
      page-40 步  6  Bash Bash
      page-35 步  6  Bash Bash
      page-05 步  2  Read Bash
      page-23 步  7  Bash Bash Bash Bash Bash Bash Bash Bash
      page-20 步  4  Bash
      page-09 步  3  Bash Bash
      page-30 步  8  Read Read Read Bash
      page-11 步  7  Bash
      page-04 步  3  Bash
      page-01 步  6  Bash
      page-41 步  8  Bash
      page-20 步  5  Bash
      page-50 步  7  Bash Bash Bash
      page-34 步  3  Write
      page-11 步  8  Bash
      page-05 步  3  Bash
      page-35 步  7  Bash
      page-34 步  4  Bash Bash
      page-49 步  3  Write
      page-09 步  4  Read Read Read Bash
      page-15 步  4  Read
      page-41 步  9  Bash
      page-24 步  6  Bash Bash Bash Bash Bash Bash Bash Bash
      page-25 步  7  Bash Bash Bash Bash
      page-05 步  4  Bash
      page-21 步  3  Write
      page-11 步  9  Bash Read Bash
      page-12 步  4  Write
      page-35 步  8  Bash Bash
      page-15 步  5  Read
      page-41 步 10  Bash
      page-50 步  8  Bash Bash Bash Bash
      page-11 步 10  Bash
      page-12 步  5  Bash Bash Bash
      page-32 步  9  Bash Bash
      page-30 步  9  Bash Bash Bash
      page-40 步  7  Bash Bash
      page-34 步  5  Read
      page-35 步  9  Bash
      page-25 步  8  Bash Bash Bash
      page-01 步  7  Bash Bash Bash Bash
      page-40 步  8  Bash
      page-36 步  3  Read Read Bash Bash
      page-33 步  2  Read Bash Skill
      page-23 步  8  Bash
      page-50 步  9  Bash Bash Bash
      page-09 步  5  Read Bash
      page-04 步  4  Bash
      page-11 步 11  Read
      page-09 步  6  Read
      page-36 步  4  Skill
      page-21 步  4  Bash Bash Bash
      page-43 步  3  Write
      page-01 步  8  Bash Bash Bash Bash
      page-38 步  4  Write
      page-40 步  9  Bash
      page-49 步  4  Bash
      page-04 步  5  Read Read Read Read
      page-35 步 10  Bash Bash Bash Bash Bash
      page-29 步  3  Write
      page-33 步  3  Bash Bash Bash
      page-05 步  5  Read Read Read Read
      page-38 步  5  Bash Bash Bash
      page-11 步 12  Bash
      page-36 步  5  Bash Bash Bash
      page-11 步 13  Read
      page-50 步 10  Bash Bash
      page-49 步  5  Bash
      page-31 步  2  Write
      page-44 步  8  Write
      page-32 步 10  Bash Bash
      page-33 步  4  Bash Bash Bash
      page-34 步  6  Read
      page-36 步  6  Bash Bash
      page-24 步  7  Bash Bash Bash Bash Bash Bash Bash Bash
      page-40 步 10  Bash
      page-29 步  4  Bash Bash Bash Bash
      page-12 步  6  Bash
      page-01 步  9  Bash Bash Bash
      page-23 步  9  Bash Bash Bash Bash Bash Bash Bash Bash
      page-50 步 11  Bash
      page-42 步  4  Write
      page-43 步  4  Bash
      page-08 步  5  Bash
      page-49 步  6  Edit
      page-39 步  3  Write
      page-33 步  5  Bash Bash Bash
      page-34 步  7  Edit
      page-39 步  4  Bash
      page-12 步  7  Read
      page-26 步  6  Write
      page-43 步  5  Bash
      page-49 步  7  Edit
      page-21 步  5  Edit
      page-50 步 12  Read
      page-02 步  5  Edit
      page-26 步  7  Bash
      page-49 步  8  Edit
      page-16 步  4  Write
      page-42 步  5  Bash Bash Bash Bash Bash
      page-34 步  8  Edit
      page-29 步  5  Edit
      page-32 步 11  Bash Bash
      page-43 步  6  Read Read Bash
      page-40 步 11  Read Read
      page-44 步  9  Bash
      page-23 步 10  Bash
      page-33 步  6  Bash Bash Bash
      page-38 步  6  Bash Bash
      page-18 步  5  Write
      page-10 步  5  Write
      page-06 步  6  Write
      page-16 步  5  Bash
      page-02 步  6  Edit
      page-19 步  3  Write
      page-36 步  7  Bash Bash
      page-47 步  5  Write
      page-34 步  9  Bash Bash
      page-29 步  6  Bash Bash Bash Bash
      page-37 步  3  Write
      page-38 步  7  Read
      page-31 步  3  Bash Bash Bash Bash
      page-12 步  8  Bash
      page-23 步 11  Bash Bash Bash
      page-39 步  5  Edit
      page-47 步  6  Bash Bash Bash
      page-40 步 12  Bash
      page-02 步  7  Edit
      page-18 步  6  Bash Bash Bash Bash
      page-01 步 10  Bash Bash
      page-50 步 13  Bash
      page-17 步  5  Write
      page-39 步  6  Edit
      page-19 步  4  Bash Bash Bash Bash Bash
      page-40 步 13  Read Read
      page-26 步  8  Edit
      page-33 步  7  Bash Bash
      page-02 步  8  Bash
      page-43 步  7  Edit
      page-22 步  8  Write
      page-37 步  4  Bash Bash Bash Bash
      page-27 步  7  Write
      page-28 步  5  Write
      page-38 步  8  Edit
      page-22 步  9  Bash
      page-42 步  6  Bash Bash
      page-34 步 10  Edit
      page-03 步  7  Write
      page-39 步  7  Edit
      page-07 步  5  Write
      page-34 步 11  Bash
      page-32 步 12  Bash Bash
      page-33 步  8  Bash
      page-17 步  6  Bash Bash Bash Bash
      page-01 步 11  Bash Bash Bash
      page-31 步  4  Bash Bash
      page-38 步  9  Edit
      page-22 步 10  Bash
      page-39 步  8  Bash
      page-07 步  6  Bash
      page-18 步  7  Edit
      page-31 步  5  Read
      page-21 步  6  Edit
      page-24 步  8  Bash
      page-38 步 10  Edit
      page-02 步  9  Edit Edit Edit Edit
      page-12 步  9  Edit Edit Edit Edit Edit Edit
      page-22 步 11  Bash
      page-33 步  9  Bash
      page-27 步  8  Bash
      page-43 步  8  Edit
      page-06 步  7  Bash Bash Bash Bash
      page-23 步 12  Bash
      page-37 步  5  Edit Edit Edit
      page-48 步  4  Write
      page-02 步 10  Bash
      page-38 步 11  Edit
      page-34 步 12  Bash
      page-03 步  8  Bash Bash Bash Bash Bash
      page-21 步  7  Edit
      page-18 步  8  Edit
      page-42 步  7  Edit
      page-31 步  6  Bash Bash
      page-07 步  7  Edit Edit
      page-44 步 10  Bash
      page-29 步  7  Edit
      page-39 步  9  Edit Bash
      page-49 步  9  Edit
  page-34  ✓   13 次调用    4.1 分  selfcheck  6  skill 1  已完成并通过 selfcheck。
      page-39 步 10  Bash
      page-19 步  5  Edit Edit Edit Edit
      page-07 步  8  Bash
      page-21 步  8  Edit
      page-42 步  8  Edit
      page-36 步  8  Bash Bash Bash
      page-49 步 10  Bash
      page-44 步 11  Bash Bash
      page-17 步  7  Read
      page-02 步 11  Bash
      page-22 步 12  Edit
      page-18 步  9  Edit
      page-31 步  7  Read
      page-13 步  6  Write
      page-42 步  9  Edit
      page-12 步 10  Bash Bash
      page-46 步  8  Bash
      page-21 步  9  Bash Bash
      page-06 步  8  Edit
      page-08 步  6  Write
      page-22 步 13  Bash Bash Bash
      page-02 步 12  Read
      page-20 步  6  Write
      page-18 步 10  Edit
      page-13 步  7  Bash
      page-28 步  6  Bash
      page-39 步 11  Edit
      page-16 步  6  Edit
      page-07 步  9  Bash
      page-42 步 10  Bash Bash Bash Bash Bash Bash
      page-47 步  7  Edit
      page-20 步  7  Bash Bash Bash Bash
      page-44 步 12  Edit
      page-03 步  9  Edit
      page-06 步  9  Edit
      page-29 步  8  Bash Bash Bash Bash
      page-08 步  7  Bash Bash Bash Bash
      page-41 步 11  Bash
      page-12 步 11  Edit
      page-35 步 11  Write
      page-17 步  8  Edit
      page-47 步  8  Bash Bash Bash Bash
      page-48 步  5  Bash
      page-24 步  9  Bash Bash Bash
      page-16 步  7  Edit
      page-37 步  6  Bash Bash Bash Bash
      page-30 步 10  Bash
      page-04 步  6  Write
      page-06 步 10  Edit
      page-07 步 10  Read
      page-26 步  9  Edit
      page-09 步  7  Write
      page-10 步  6  Bash Bash Bash Bash Bash
      page-31 步  8  Edit
      page-44 步 13  Bash
      page-24 步 10  Bash
      page-43 步  9  Edit
      page-26 步 10  Edit
      page-42 步 11  Bash
      page-03 步 10  Edit
      page-06 步 11  Edit
      page-04 步  7  Bash
      page-02 步 13  Edit Edit Edit
      page-13 步  8  Edit
      page-39 步 12  Edit
      page-09 步  8  Bash Bash Bash Bash
      page-21 步 10  Edit
      page-35 步 12  Bash
      page-13 步  9  Edit
      page-25 步  9  Write
      page-49 步 11  Read
      page-06 步 12  Bash Bash Bash
      page-27 步  9  Edit
      page-05 步  6  Bash
      page-50 步 14  Bash
      page-22 步 14  Edit
      page-18 步 11  Edit
      page-13 步 10  Edit
      page-21 步 11  Edit
      page-14 步  5  Write
      page-37 步  7  Edit
      page-08 步  8  Bash Bash
      page-42 步 12  Edit
      page-39 步 13  Edit
      page-10 步  7  Bash
      page-48 步  6  Bash Bash Bash Bash Bash
      page-15 步  6  Write
      page-27 步 10  Edit
      page-20 步  8  Edit
      page-03 步 11  Edit
      page-10 步  8  Bash
      page-28 步  7  Bash Bash Bash
      page-21 步 12  Edit
      page-14 步  6  Bash
      page-39 步 14  Edit
      page-35 步 13  Bash Bash Bash Bash Bash
      page-04 步  8  Edit
      page-18 步 12  Bash Bash Bash
      page-25 步 10  Bash Bash Bash Bash
      page-12 步 12  Edit
      page-24 步 11  Bash Bash Bash Bash Bash Bash Bash Bash
      page-27 步 11  Edit
      page-44 步 14  Edit
      page-38 步 12  Bash
      page-37 步  8  Bash Bash Bash Bash Bash Bash
      page-03 步 12  Edit
      page-15 步  7  Bash
      page-07 步 11  Edit
      page-04 步  9  Edit
      page-39 步 15  Edit
      page-23 步 13  Write
      page-20 步  9  Edit
      page-47 步  9  Edit
      page-19 步  6  Edit
      page-11 步 14  Write
      page-27 步 12  Edit
      page-01 步 12  Bash
      page-08 步  9  Read
      page-47 步 10  Edit
      page-25 步 11  Bash
      page-14 步  7  Edit
      page-32 步 13  Write
      page-12 步 13  Edit Edit Edit Edit
      page-39 步 16  Edit
      page-26 步 11  Edit
      page-27 步 13  Edit
      page-31 步  9  Edit
      page-12 步 14  Bash
      page-02 步 14  Bash
      page-06 步 13  Edit
      page-20 步 10  Bash Bash Bash Bash
      page-26 步 12  Bash
      page-21 步 13  Edit
      page-28 步  8  Bash
      page-07 步 12  Bash
      page-03 步 13  Edit
      page-39 步 17  Edit
      page-24 步 12  Bash
      page-49 步 12  Edit
      page-22 步 15  Bash Bash Bash
      page-48 步  7  Edit Edit
      page-35 步 14  Edit
      page-10 步  9  Edit
      page-31 步 10  Edit
      page-23 步 14  Bash
      page-15 步  8  Edit
      page-06 步 14  Edit
      page-03 步 14  Bash
      page-25 步 12  Bash Bash Bash
      page-17 步  9  Edit Edit Edit
      page-35 步 15  Bash Bash
      page-24 步 13  Bash
      page-07 步 13  Edit
      page-23 步 15  Bash
      page-08 步 10  Edit Edit Edit Edit
      page-03 步 15  Bash
      page-31 步 11  Edit
      page-49 步 13  Edit
      page-48 步  8  Bash Bash Bash Bash
      page-16 步  8  Bash Bash Bash
      page-11 步 15  Bash Bash Bash
      page-09 步  9  Edit
      page-22 步 16  Edit
      page-07 步 14  Bash
      page-12 步 15  Edit
      page-22 步 17  Bash
      page-23 步 16  Bash
      page-49 步 14  Edit
      page-24 步 14  Read Read
      page-45 步  7  Bash
      page-42 步 13  Bash Bash Bash Bash Bash
      page-43 步 10  Edit
      page-18 步 13  Edit
      page-09 步 10  Edit
      page-48 步  9  Edit
      page-06 步 15  Edit
      page-36 步  9  Bash
      page-40 步 14  Write
      page-43 步 11  Bash
      page-35 步 16  Edit
      page-46 步  9  Write
      page-18 步 14  Edit
      page-19 步  7  Edit
      page-08 步 11  Edit
      page-16 步  9  Bash Bash Bash
      page-43 步 12  Edit
      page-17 步 10  Bash Bash Bash Bash Bash
      page-09 步 11  Edit
      page-30 步 11  Write
      page-35 步 17  Edit
      page-24 步 15  Bash
      page-28 步  9  Read
      page-49 步 15  Edit
      page-31 步 12  Edit
      page-01 步 13  Write
      page-18 步 15  Bash Bash Bash Bash Bash
      page-15 步  9  Edit
      page-14 步  8  Edit
      page-29 步  9  Bash Bash
      page-48 步 10  Bash Bash Bash Bash
      page-50 步 15  Write
      page-42 步 14  Bash
      page-03 步 16  Edit
      page-43 步 13  Edit
      page-22 步 18  Bash Bash Bash
      page-47 步 11  Bash Bash Bash Bash
      page-09 步 12  Edit
      page-41 步 12  Write
      page-21 步 14  Bash Bash
      page-37 步  9  Bash
      page-24 步 16  Bash
      page-25 步 13  Bash
      page-01 步 14  Bash
      page-31 步 13  Edit
      page-36 步 10  Bash Bash
      page-39 步 18  Bash
      page-35 步 18  Bash
      page-15 步 10  Edit
  page-29  ✓   10 次调用    6.4 分  selfcheck 13  skill 2  已完成并覆盖 `page-29.html`。首屏、正确预测、错误预测、中间状态、重置和减少动态模式均通过 selfche
      page-02 步 15  Bash
      page-27 步 14  Bash
      page-30 步 12  Bash
      page-09 步 13  Edit
      page-14 步  9  Edit
      page-25 步 14  Read Read Bash
      page-16 步 10  Edit
      page-07 步 15  Bash
      page-42 步 15  Edit
      page-23 步 17  Bash
      page-15 步 11  Edit
      page-14 步 10  Bash
  page-22  ✓   19 次调用    6.5 分  selfcheck 13  skill 2  已完成 [page-22.html](/data1/home/zhuyifan/ws2/Notale/notale-v2
      page-12 步 16  Edit
      page-40 步 15  Bash
      page-30 步 13  Bash Bash Bash
      page-09 步 14  Edit
      page-49 步 16  Edit
      page-12 步 17  Edit
      page-47 步 12  Bash
      page-16 步 11  Bash Bash Bash
      page-48 步 11  Bash Bash
      page-31 步 14  Bash Bash Bash Bash Bash
      page-44 步 15  Bash
      page-26 步 13  Edit
      page-05 步  7  Write
      page-38 步 13  Bash
      page-23 步 18  Read Bash
      page-06 步 16  Edit
      page-49 步 17  Edit
      page-05 步  8  Bash
      page-09 步 15  Edit
      page-14 步 11  Bash
      page-19 步  8  Edit
      page-27 步 15  Edit
      page-01 步 15  Edit
      page-41 步 13  Bash
      page-09 步 16  Edit
      page-23 步 19  Edit
      page-14 步 12  Edit
      page-21 步 15  Edit
      page-18 步 16  Edit
  page-02  ✓   16 次调用    6.9 分  selfcheck  6  skill 1  已完成并通过 selfcheck。
      page-06 步 17  Edit
      page-16 步 12  Bash Bash
      page-43 步 14  Bash
      page-01 步 16  Edit
      page-19 步  9  Edit
      page-23 步 20  Edit
      page-14 步 13  Bash
      page-33 步 10  Bash
      page-01 步 17  Edit
      page-41 步 14  Bash
      page-19 步 10  Edit
      page-06 步 18  Edit
      page-44 步 16  Edit
      page-30 步 14  Edit
      page-40 步 16  Edit
      page-48 步 12  Edit
      page-13 步 11  Bash
      page-27 步 16  Edit
      page-42 步 16  Bash Bash Bash Bash Bash
      page-23 步 21  Edit
      page-35 步 19  Bash Read
      page-27 步 17  Bash
      page-44 步 17  Bash Bash
      page-40 步 17  Bash
      page-17 步 11  Edit
      page-06 步 19  Edit
      page-04 步 10  Bash Bash Bash Bash
      page-30 步 15  Edit Edit Edit
      page-05 步  9  Edit Edit Edit
      page-23 步 22  Edit
      page-18 步 17  Bash Bash Bash Bash Bash
      page-16 步 13  Bash Bash Bash
      page-19 步 11  Bash Bash
      page-20 步 11  Edit
      page-43 步 15  Edit
      page-28 步 10  Edit
      page-31 步 15  Edit
      page-47 步 13  Bash
      page-01 步 18  Edit Edit Edit Edit
      page-32 步 14  Bash
      page-49 步 18  Edit
      page-14 步 14  Edit Edit
      page-15 步 12  Edit
      page-30 步 16  Bash
      page-23 步 23  Edit
      page-20 步 12  Bash
      page-32 步 15  Bash
      page-08 步 12  Bash Bash Bash Bash
      page-43 步 16  Edit
  page-42  ✓   17 次调用    7.3 分  selfcheck 25  skill 2  已完成并覆盖 [page-42.html](/data1/home/zhuyifan/ws2/Notale/notale
      page-12 步 18  Edit
      page-46 步 10  Bash
      page-03 步 17  Edit
      page-49 步 19  Edit
      page-01 步 19  Edit
      page-05 步 10  Read
      page-15 步 13  Edit
      page-50 步 16  Bash
      page-43 步 17  Bash
      page-13 步 12  Edit
      page-16 步 14  Bash Bash
      page-07 步 16  Edit
      page-21 步 16  Bash Bash Bash Bash
      page-01 步 20  Bash
  page-18  ✓   18 次调用    7.4 分  selfcheck 17  skill 2  已完成并覆盖 [page-18.html](/data1/home/zhuyifan/ws2/Notale/notale
      page-25 步 15  Read
      page-32 步 16  Bash
      page-50 步 17  Bash Bash
      page-49 步 20  Edit
      page-38 步 14  Edit
      page-14 步 15  Bash
      page-30 步 17  Bash
      page-10 步 10  Edit
      page-15 步 14  Edit
      page-20 步 13  Bash Bash Bash Bash
  page-16  ✓   15 次调用    7.5 分  selfcheck 12  skill 2  已完成 `page-16.html`：实现真实水星椭圆轨道、等面积扇形拖动配平、键盘等价操作、三段进度与回放，并支持 r
      page-49 步 21  Edit
      page-17 步 12  Bash Bash Bash Bash Bash
      page-49 步 22  Bash
      page-35 步 20  Edit
      page-38 步 15  Edit
      page-43 步 18  Bash
      page-05 步 11  Edit Edit Edit
      page-46 步 11  Edit
      page-23 步 24  Bash
      page-41 步 15  Edit
      page-09 步 17  Edit
      page-38 步 16  Edit
      page-45 步  8  Write
      page-04 步 11  Edit
      page-15 步 15  Edit
      page-48 步 13  Bash Bash Bash Bash
      page-21 步 17  Edit
      page-10 步 11  Edit
      page-39 步 19  Edit
  page-20  ✓   14 次调用    7.8 分  selfcheck 13  skill 2  已完成 `page-20.html`：实现同步双地球 Three.js 季节模型、地轴倾角拖动与键盘操作、实时太阳高度和
      page-47 步 14  Edit
      page-43 步 19  Edit
      page-14 步 16  Bash
      page-31 步 16  Edit
      page-26 步 14  Bash
      page-05 步 12  Bash
      page-45 步  9  Bash
      page-38 步 17  Edit
      page-49 步 23  Bash Bash
      page-41 步 16  Edit
      page-25 步 16  Edit
      page-39 步 20  Bash
      page-09 步 18  Bash Bash Bash Bash
      page-07 步 17  Edit
      page-08 步 13  Edit
      page-01 步 21  Edit Edit Edit Edit Edit Edit
  page-17  ✓   13 次调用    7.9 分  selfcheck 14  skill 2  已完成并覆盖 [page-17.html](/data1/home/zhuyifan/ws2/Notale/notale
      page-11 步 16  Edit
      page-36 步 11  Write
      page-15 步 16  Bash
      page-35 步 21  Edit
      page-46 步 12  Bash Bash Bash Bash Bash
      page-47 步 15  Edit
      page-30 步 18  Edit
      page-21 步 18  Bash Bash Bash
      page-32 步 17  Bash
      page-38 步 18  Edit
      page-40 步 18  Edit
      page-41 步 17  Edit
  page-49  ✓   24 次调用    8.0 分  selfcheck  6  skill 1  已完成 `page-49.html`。默认状态与 reduced-motion 等价状态均通过 selfcheck：无 
      page-12 步 19  Edit
      page-26 步 15  Bash
      page-07 步 18  Bash
      page-08 步 14  Bash Bash
      page-41 步 18  Bash
      page-47 步 16  Edit
      page-25 步 17  Edit
      page-36 步 12  Bash
      page-30 步 19  Bash Bash Bash Bash Bash
      page-03 步 18  Edit
      page-12 步 20  Read
      page-37 步 10  Edit
      page-10 步 12  Edit
      page-31 步 17  Edit
      page-36 步 13  Bash Bash
  page-21  ✓   19 次调用    8.2 分  selfcheck 14  skill 2  已完成 `page-21.html`。实现近日点固定场景、南北半球双态切换、真实轨道与辐照数据计算、四条支撑汇入结论，以
      page-15 步 17  Edit
      page-45 步 10  Edit Edit Edit Edit
      page-05 步 13  Edit Edit Edit
      page-35 步 22  Edit
      page-03 步 19  Bash Bash Bash Bash Bash
      page-50 步 18  Bash Bash Bash
      page-06 步 20  Bash Bash Bash Bash
      page-05 步 14  Bash
      page-32 步 18  Bash Bash
      page-27 步 18  Edit
      page-08 步 15  Edit
      page-13 步 13  Bash
      page-38 步 19  Edit
      page-33 步 11  Write
      page-01 步 22  Bash
      page-08 步 16  Bash
      page-40 步 19  Edit
      page-26 步 16  Bash Bash Bash Bash
      page-07 步 19  Bash
      page-38 步 20  Edit
      page-33 步 12  Bash
      page-01 步 23  Read
      page-35 步 23  Bash
      page-40 步 20  Edit
      page-03 步 20  Bash
      page-41 步 19  Edit
      page-25 步 18  Edit
      page-38 步 21  Bash Bash Bash
  page-07  ✓   20 次调用    8.6 分  selfcheck  7  skill 1  已完成并覆盖 [page-07.html](/data1/home/zhuyifan/ws2/Notale/notale
      page-45 步 11  Edit Edit Edit
      page-24 步 17  Bash
      page-15 步 18  Edit
      page-11 步 17  Edit
      page-46 步 13  Edit
      page-19 步 12  Edit
      page-50 步 19  Edit
      page-31 步 18  Bash Bash
      page-46 步 14  Bash
      page-35 步 24  Bash
      page-39 步 21  Bash
      page-11 步 18  Edit
      page-33 步 13  Bash Bash
      page-32 步 19  Edit
      page-05 步 15  Edit
      page-13 步 14  Bash
      page-50 步 20  Edit
      page-19 步 13  Edit
      page-47 步 17  Bash Bash Bash Bash
      page-09 步 19  Edit
      page-33 步 14  Bash
      page-08 步 17  Edit Edit
      page-27 步 19  Edit
      page-32 步 20  Bash
      page-15 步 19  Edit
      page-44 步 18  Edit
      page-35 步 25  Bash
      page-30 步 20  Bash Bash Bash Bash
      page-50 步 21  Bash Bash Bash
      page-03 步 21  Edit
      page-06 步 21  Edit
      page-40 步 21  Bash
      page-44 步 19  Bash Bash
      page-19 步 14  Edit
      page-04 步 12  Edit
      page-39 步 22  Bash
      page-38 步 22  Edit
      page-43 步 20  Bash
      page-46 步 15  Bash
  page-48  ✓   14 次调用    9.1 分  selfcheck 19  skill 3  已完成 `page-48.html`：实现固定种子的开放式证据论证小游戏、D3 轨道与关系网、拖放及键盘操作、解释切换与
      page-14 步 17  Bash
      page-23 步 25  Edit
  page-44  ✓   20 次调用    9.2 分  selfcheck  7  skill 2  已完成 `page-44.html`。页面使用内嵌 NASA/JPL 朱诺号真实影像，以“已知规律 → 判断目标 / 规
      page-10 步 13  Edit
      page-38 步 23  Edit
      page-19 步 15  Bash Bash Bash Bash Bash
      page-46 步 16  Bash
      page-06 步 22  Edit
      page-40 步 22  Bash Bash
      page-04 步 13  Bash Bash Bash Bash Bash
      page-47 步 18  Edit
      page-26 步 17  Bash Bash
      page-35 步 26  Edit
      page-41 步 20  Edit
      page-45 步 12  Bash
      page-10 步 14  Edit
      page-09 步 20  Edit
      page-12 步 21  Edit
      page-28 步 11  Edit
      page-14 步 18  Bash
      page-09 步 21  Edit
      page-35 步 27  Bash Bash Bash Bash Bash
      page-28 步 12  Edit
      page-41 步 21  Bash
      page-15 步 20  Edit
      page-50 步 22  Bash Bash Bash
      page-26 步 18  Bash
      page-43 步 21  Edit
      page-11 步 19  Edit
      page-09 步 22  Edit
      page-06 步 23  Bash Bash
      page-36 步 14  Edit
      page-30 步 21  Bash Bash Bash Bash
  page-04  ✓   14 次调用    9.6 分  selfcheck 10  skill 2  已完成 `page-04.html`：实现 Three.js 连续尺度缩放、六层过程轴、真实行星轨道数据、GSAP 节点
      page-23 步 26  Edit
      page-09 步 23  Edit
      page-38 步 24  Edit
      page-11 步 20  Edit
      page-45 步 13  Edit Edit Edit
      page-14 步 19  Edit
      page-47 步 19  Bash Bash Bash Bash Bash
  page-35  ✓   28 次调用    9.7 分  selfcheck 15  skill 3  已完成 [page-35.html](/data1/home/zhuyifan/ws2/Notale/notale-v2
      page-37 步 11  Bash Bash
      page-36 步 15  Bash Bash Bash
      page-23 步 27  Edit
      page-38 步 25  Bash Bash Bash
      page-08 步 18  Bash Bash Bash Bash
      page-05 步 16  Bash
      page-27 步 20  Bash
      page-26 步 19  Edit
      page-32 步 21  Bash Read
      page-03 步 22  Edit
      page-14 步 20  Bash
      page-26 步 20  Bash
      page-41 步 22  Edit
      page-45 步 14  Edit Edit Edit
      page-13 步 15  Edit Edit Edit
      page-46 步 17  Bash Bash Bash Bash
      page-37 步 12  Bash Bash Bash Bash
  page-26  ✓   21 次调用   10.0 分  selfcheck 12  skill 2  已完成 `page-26.html`：实现 Matter.js 大气柱压缩实验、三轮大气总量对照、五步因果链、键盘等价操
      page-36 步 16  Edit
      page-03 步 23  Edit
  page-30  ✓   22 次调用   10.0 分  selfcheck 14  skill 2  已完成并覆盖 `page-30.html`：实现三类卫星起源的照片证据配对、拖拽与键盘操作、D3 证据连线、错误反馈、完
      page-06 步 24  Edit
      page-50 步 23  Edit
      page-11 步 21  Bash Bash Bash
      page-01 步 24  Edit Edit Edit Edit Edit
      page-28 步 13  Edit
      page-06 步 25  Edit
      page-10 步 15  Edit
      page-47 步 20  Edit
      page-32 步 22  Bash
      page-01 步 25  Bash
      page-28 步 14  Bash
      page-06 步 26  Edit
      page-10 步 16  Edit
      page-25 步 19  Edit
      page-05 步 17  Edit
  page-37  ✓   13 次调用   10.2 分  selfcheck 20  skill 2  已完成 [page-37.html](/data1/home/zhuyifan/ws2/Notale/notale-v2
      page-12 步 22  Bash Bash
      page-09 步 24  Edit
  page-08  ✓   19 次调用   10.3 分  selfcheck 17  skill 2  已完成 `page-08.html`。首屏、错误选择、全部完成和重置状态均通过 selfcheck：JS 错误 0、加载
      page-06 步 27  Bash
      page-43 步 22  Bash
      page-47 步 21  Bash Bash Bash Bash Bash
      page-05 步 18  Bash
      page-25 步 20  Edit
      page-03 步 24  Edit
      page-09 步 25  Edit
      page-38 步 26  Edit
      page-40 步 23  Bash
      page-14 步 21  Edit
      page-06 步 28  Bash
      page-10 步 17  Edit
      page-41 步 23  Edit
      page-45 步 15  Bash
      page-32 步 23  Read
      page-28 步 15  Bash Bash Bash Bash Bash
      page-01 步 26  Edit Edit Edit Edit
      page-09 步 26  Edit
      page-06 步 29  Read
      page-41 步 24  Bash
      page-03 步 25  Edit
      page-12 步 23  Edit
      page-47 步 22  Bash
      page-46 步 18  Edit
      page-09 步 27  Edit
      page-01 步 27  Bash
  page-05  ✓   19 次调用   10.6 分  selfcheck  5  skill 2  已完成 [page-05.html](/data1/home/zhuyifan/ws2/Notale/notale-v2
      page-47 步 23  Bash
      page-40 步 24  Bash
      page-23 步 28  Bash
      page-32 步 24  Edit
      page-03 步 26  Edit
      page-24 步 18  Write
      page-09 步 28  Edit
      page-15 步 21  Bash
      page-06 步 30  Edit
      page-45 步 16  Edit Edit Edit
      page-01 步 28  Edit
      page-32 步 25  Edit
      page-25 步 21  Edit
      page-01 步 29  Bash
      page-27 步 21  Edit
      page-14 步 22  Bash
      page-01 步 30  Edit
      page-13 步 16  Bash Bash Bash
      page-15 步 22  Edit
      page-31 步 19  Edit
      page-12 步 24  Edit
      page-45 步 17  Bash
      page-06 步 31  Edit
      page-14 步 23  Bash
      page-06 步 32  Bash
      page-33 步 15  Edit
      page-32 步 26  Edit
      page-24 步 19  Bash
      page-31 步 20  Bash Bash Bash Bash Bash Bash
      page-25 步 22  Bash Bash Bash Bash
      page-15 步 23  Edit
      page-10 步 18  Bash Bash Bash Bash Bash
      page-50 步 24  Bash Bash Bash
  page-39  ✓   23 次调用   11.3 分  selfcheck  8  skill 2  已完成 `page-39.html`。Three.js 行星迁移机制实验、GSAP 分步反馈、五阶段 process 时
      page-15 步 24  Bash
  page-14  ✓   24 次调用   11.3 分  selfcheck  8  skill 3  已完成 `page-14.html`。三维轨道实验、三结果比较、实时物理计算、拖拽与键盘操作、成功/失败反馈、完成态和重
      page-03 步 27  Bash Bash
      page-40 步 25  Edit
      page-28 步 16  Bash Bash
      page-25 步 23  Edit
      page-12 步 25  Edit
      page-47 步 24  Edit
      page-01 步 31  Bash
      page-38 步 27  Edit
      page-11 步 22  Edit
      page-40 步 26  Edit
      page-06 步 33  Edit
      page-19 步 16  Edit
      page-13 步 17  Edit
      page-06 步 34  Edit
      page-15 步 25  Bash
      page-11 步 23  Edit
      page-31 步 21  Edit
      page-27 步 22  Edit
      page-19 步 17  Edit
      page-19 步 18  Edit
      page-43 步 23  Bash Bash Bash Bash Bash
      page-13 步 18  Bash
      page-45 步 18  Bash
      page-32 步 27  Edit
      page-06 步 35  Edit
      page-45 步 19  Read
      page-43 步 24  Read Read Bash
      page-47 步 25  Bash Bash Bash Bash Bash
      page-15 步 26  Read
      page-06 步 36  Bash
  page-01  ✓   32 次调用   12.5 分  selfcheck  7  skill 3  已完成 `page-01.html`：构建真实 NASA 天体影像开场、名单到动态系统的一次性入场动画，并实现 redu
      page-31 步 22  Edit
      page-19 步 19  Edit
      page-50 步 25  Read
      page-23 步 29  Bash Bash
      page-27 步 23  Bash
      page-10 步 19  Bash
      page-09 步 29  Edit
      page-13 步 19  Bash Bash Bash
      page-10 步 20  Read
      page-31 步 23  Bash Bash Bash Bash
  page-47  ✓   26 次调用   12.8 分  selfcheck 32  skill 1  已完成 [page-47.html](/data1/home/zhuyifan/ws2/Notale/notale-v2
      page-09 步 30  Edit
      page-19 步 20  Edit
      page-24 步 20  Bash Bash Bash Bash
      page-15 步 27  Edit
      page-46 步 19  Bash Bash Bash
      page-11 步 24  Edit
      page-31 步 24  Edit
      page-41 步 25  Edit
  page-46  ✓   20 次调用   13.2 分  selfcheck 16  skill 4  已完成 [page-46.html](/data1/home/zhuyifan/ws2/Notale/notale-v2
      page-03 步 28  Edit
      page-06 步 37  Bash Bash Bash Bash
      page-03 步 29  Edit
      page-32 步 28  Edit
      page-38 步 28  Bash Bash Bash
      page-12 步 26  Bash
      page-25 步 24  Edit
      page-32 步 29  Edit
      page-23 步 30  Read
      page-32 步 30  Bash
      page-13 步 20  Edit
      page-43 步 25  Edit
      page-03 步 30  Edit
      page-11 步 25  Bash Bash Bash
      page-24 步 21  Bash Bash Bash
      page-19 步 21  Bash
      page-24 步 22  Read Bash
      page-38 步 29  Edit
      page-10 步 21  Edit
      page-23 步 31  Edit
      page-09 步 31  Edit
      page-03 步 31  Bash Bash
      page-36 步 17  Bash Bash Bash
      page-11 步 26  Bash Bash Bash
      page-10 步 22  Edit
      page-09 步 32  Bash Bash Bash
      page-43 步 26  Edit
  page-28  ✓   17 次调用   14.3 分  selfcheck 10  skill 2  已完成 `page-28.html`：实现三层红外活跃大气的拖放与键盘交互、动态能量流和温度计算、完成态分支对照及重置。
      page-38 步 30  Edit
      page-11 步 27  Bash Bash
      page-38 步 31  Edit
      page-13 步 21  Edit
  page-06  ✓   38 次调用   14.4 分  selfcheck 21  skill 2  已完成 [page-06.html](/data1/home/zhuyifan/ws2/Notale/notale-v2
      page-41 步 26  Bash
      page-19 步 22  Edit
      page-25 步 25  Bash Bash Bash Bash Bash
      page-09 步 33  Edit
      page-03 步 32  Edit
      page-33 步 16  Edit
      page-38 步 32  Edit
      page-13 步 22  Edit
      page-19 步 23  Edit
      page-32 步 31  Edit
      page-09 步 34  Edit
      page-19 步 24  Bash
      page-31 步 25  Bash Bash
      page-33 步 17  Edit
      page-13 步 23  Bash Bash Bash
      page-23 步 32  Edit
      page-45 步 20  Edit Bash
      page-23 步 33  Bash
      page-33 步 18  Edit
      page-43 步 27  Bash Bash Bash
      page-45 步 21  Read
      page-24 步 23  Edit
      page-33 步 19  Bash
      page-10 步 23  Edit
      page-23 步 34  Bash
      page-09 步 35  Edit
      page-40 步 27  Edit
      page-10 步 24  Edit
      page-03 步 33  Edit
  page-43  ✓   28 次调用   15.3 分  selfcheck 13  skill 2  已完成并覆盖 `page-43.html`。实现了四类证据的拖拽与键盘归位、错误/正确反馈、ECharts SVG 历史
      page-15 步 28  Edit
      page-40 步 28  Edit
  page-31  ✓   26 次调用   15.4 分  selfcheck 27  skill 2  已完成第 31 页：构建宜居条件盘小游戏、四维对齐比较矩阵、拖放与键盘等价操作、错误反馈、完成闭环及重置状态。

首屏、
      page-15 步 29  Bash
      page-10 步 25  Bash Bash Bash Bash Bash
      page-27 步 24  Edit
      page-32 步 32  Edit
      page-38 步 33  Edit
      page-27 步 25  Edit
      page-38 步 34  Bash
      page-27 步 26  Bash
      page-32 步 33  Bash
      page-24 步 24  Bash Bash Bash Bash Bash
      page-19 步 25  Edit Edit Edit
      page-03 步 34  Edit
      page-09 步 36  Edit
      page-33 步 20  Edit
      page-15 步 30  Edit
      page-19 步 26  Edit
      page-19 步 27  Edit
      page-10 步 26  Edit
      page-09 步 37  Bash Bash Bash Bash Bash
      page-24 步 25  Bash
      page-15 步 31  Bash Bash Bash Bash Bash
      page-19 步 28  Edit
      page-12 步 27  Edit Edit Edit Edit Edit
      page-19 步 29  Edit
      page-32 步 34  Edit
      page-41 步 27  Edit
  page-13  ✓   24 次调用   16.2 分  selfcheck 14  skill 2  已完成 `page-13.html`。实现了基于 Matter.js 自定义向心引力的牛顿炮弹模拟、按住蓄力与键盘等价操
      page-03 步 35  Bash Bash Bash Bash Bash Bash
      page-19 步 30  Edit
      page-10 步 27  Edit
      page-32 步 35  Edit
      page-19 步 31  Edit
      page-24 步 26  Edit Edit
      page-27 步 27  Edit
      page-45 步 22  Edit Edit Edit
      page-19 步 32  Edit
      page-10 步 28  Edit
      page-12 步 28  Bash
      page-33 步 21  Bash
      page-19 步 33  Bash
      page-15 步 32  Edit
      page-25 步 26  Edit
      page-45 步 23  Bash
      page-36 步 18  Edit
      page-27 步 28  Edit
      page-32 步 36  Edit
      page-12 步 29  Bash
      page-36 步 19  Bash
      page-15 步 33  Bash
      page-09 步 38  Edit
      page-12 步 30  Read
  page-03  ✓   36 次调用   16.8 分  selfcheck 22  skill 3  已完成 `page-03.html`：构建教科书排列与真实同尺模型的四维对照、统一比例尺滑动、双端吸附验证、错误回弹、完
      page-41 步 28  Edit
      page-10 步 29  Edit
      page-32 步 37  Bash
      page-09 步 39  Edit
      page-36 步 20  Edit
      page-45 步 24  Edit Edit Edit
      page-09 步 40  Edit
      page-36 步 21  Bash
      page-24 步 27  Bash Bash Bash Bash
      page-41 步 29  Edit
      page-10 步 30  Edit
      page-09 步 41  Bash Bash Bash Bash
      page-19 步 34  Bash
      page-33 步 22  Edit
      page-19 步 35  Bash
      page-41 步 30  Edit
      page-41 步 31  Bash
      page-32 步 38  Edit
      page-36 步 22  Bash Bash Bash Bash
      page-23 步 35  Bash
      page-12 步 31  Edit Edit Edit Edit Edit
  page-24  ✓   28 次调用   17.3 分  selfcheck 17  skill 2  已完成 `page-24.html`，所有初始、错误归类、正确归类、完成及重置状态均通过 selfcheck，自检结果干
      page-40 步 29  Bash
      page-33 步 23  Bash
      page-27 步 29  Edit
      page-12 步 32  Bash
      page-25 步 27  Edit
      page-32 步 39  Edit
      page-23 步 36  Edit
  page-36  ✓   23 次调用   17.5 分  selfcheck 13  skill 3  已完成并覆盖 [page-36.html](/data1/home/zhuyifan/ws2/Notale/notale
      page-27 步 30  Edit
      page-45 步 25  Bash
      page-23 步 37  Bash
      page-19 步 36  Edit Edit Edit Edit
      page-32 步 40  Bash
      page-25 步 28  Edit
      page-15 步 34  Bash Bash Bash
      page-09 步 42  Edit
      page-33 步 24  Bash
      page-27 步 31  Bash
      page-12 步 33  Edit Edit Edit
      page-25 步 29  Bash Bash Bash Bash
      page-10 步 31  Edit
  page-33  ✓   25 次调用   17.8 分  selfcheck  8  skill 3  已完成 `page-33.html`。构建了三颗岩石行星的交互式分叉诊断台，包含真实行星影像、实时遥测、拖拽与键盘操作、
      page-38 步 35  Edit
      page-45 步 26  Edit Edit Edit Edit
      page-11 步 28  Read
      page-19 步 37  Edit Edit Edit
      page-12 步 34  Read
      page-11 步 29  Read
      page-25 步 30  Edit
      page-45 步 27  Edit
      page-12 步 35  Bash Bash Bash
      page-40 步 30  Read
      page-45 步 28  Bash
      page-23 步 38  Edit
      page-19 步 38  Read
      page-40 步 31  Edit
      page-11 步 30  Read
      page-23 步 39  Bash
      page-45 步 29  Bash
      page-40 步 32  Edit
  page-50  ✓   26 次调用   18.5 分  selfcheck 13  skill 2  已完成 `page-50.html`，并通过首屏、动画完成态及 reduced-motion 状态自检，结果均为 0 报
  page-15  ✓   35 次调用   18.7 分  selfcheck 15  skill 2  已完成并覆盖 [page-15.html](/data1/home/zhuyifan/ws2/Notale/notale
      page-45 步 30  Edit
      page-27 步 32  Edit
      page-40 步 33  Edit
      page-45 步 31  Bash
      page-25 步 31  Bash Bash
      page-12 步 36  Read
      page-11 步 31  Edit
      page-10 步 32  Bash Bash Bash Bash Bash
      page-32 步 41  Bash
      page-12 步 37  Edit
      page-11 步 32  Edit
      page-12 步 38  Bash Bash Bash
      page-11 步 33  Edit
      page-32 步 42  Edit
      page-38 步 36  Read
      page-25 步 32  Edit
      page-40 步 34  Bash
      page-10 步 33  Edit
      page-27 步 33  Edit
  page-12  ✓   39 次调用   19.3 分  selfcheck 17  skill 1  已完成 `page-12.html`：实现轨道快照转入运动的动态过渡、四个并列问题主干及 reduced-motion 
      page-11 步 34  Edit
      page-45 步 32  Bash
      page-27 步 34  Edit
      page-25 步 33  Edit
      page-11 步 35  Bash Bash Bash
      page-41 步 32  Edit
      page-25 步 34  Bash Bash Bash
      page-32 步 43  Edit
      page-45 步 33  Edit Edit Edit
      page-38 步 37  Bash
      page-45 步 34  Bash
      page-25 步 35  Edit
      page-41 步 33  Edit
      page-25 步 36  Edit
      page-45 步 35  Edit
      page-23 步 40  Edit
      page-38 步 38  Edit
      page-45 步 36  Bash
      page-11 步 36  Bash Bash Bash
      page-19 步 39  Read
      page-23 步 41  Bash
      page-25 步 37  Edit
      page-41 步 34  Bash
      page-38 步 39  Bash
      page-19 步 40  Edit
      page-32 步 44  Edit
      page-40 步 35  Edit
      page-41 步 35  Bash
      page-19 步 41  Bash
      page-45 步 37  Edit
      page-09 步 43  Edit
      page-25 步 38  Edit
      page-23 步 42  Bash Bash
  page-11  ✓   37 次调用   20.6 分  selfcheck 20  skill 3  已完成 `page-11.html`：实现地球轨道定位、键盘等价操作、错误回弹、地址链揭示、真实地球照片确认与重置。首屏
      page-32 步 45  Bash
      page-38 步 40  Edit
      page-19 步 42  Edit Edit Edit
  page-23  ✓   43 次调用   20.7 分  selfcheck 10  skill 3  已完成并覆盖 `page-23.html`。页面采用静态三联观察台，内嵌八颗真实行星影像，并从 `Lec.K.PLANE
      page-09 步 44  Edit
      page-38 步 41  Bash
      page-19 步 43  Edit
      page-32 步 46  Edit
      page-19 步 44  Bash
      page-09 步 45  Bash Bash Bash Bash
      page-25 步 39  Edit
      page-32 步 47  Edit
      page-45 步 38  Bash
      page-38 步 42  Bash Bash Bash
      page-32 步 48  Bash
      page-25 步 40  Bash Bash Bash
      page-19 步 45  Edit
      page-41 步 36  Bash
      page-40 步 36  Edit
      page-10 步 34  Edit
      page-40 步 37  Bash
  page-09  ✓   46 次调用   21.4 分  selfcheck 24  skill 3  已完成并覆盖 [page-09.html](/data1/home/zhuyifan/ws2/Notale/notale
      page-32 步 49  Edit
      page-27 步 35  Edit
  page-38  ✓   43 次调用   21.6 分  selfcheck 18  skill 2  已完成 `page-38.html`。Matter.js 碰撞分类交互、三轮反馈、键盘操作、重置及 reduced-mo
      page-25 步 41  Edit
      page-32 步 50  Bash
      page-27 步 36  Edit
      page-41 步 37  Edit
      page-41 步 38  Edit
      page-32 步 51  Edit
      page-45 步 39  Edit Edit
      page-25 步 42  Edit
      page-41 步 39  Edit
      page-32 步 52  Edit
      page-41 步 40  Edit
      page-41 步 41  Bash
      page-27 步 37  Edit
      page-10 步 35  Bash Bash Bash
      page-32 步 53  Edit
      page-40 步 38  Edit
      page-25 步 43  Edit
  page-10  ✓   36 次调用   22.3 分  selfcheck 26  skill 1  已完成 `page-10.html`。实现了行星目标选择、GSAP 光信号传播时间线、真实光行时计算、沿途轨道点亮、抵达
      page-40 步 39  Edit
      page-32 步 54  Read
      page-32 步 55  Bash
      page-40 步 40  Edit
      page-19 步 46  Read
      page-25 步 44  Edit
      page-40 步 41  Edit
      page-19 步 47  Read
      page-27 步 38  Edit
      page-19 步 48  Edit
      page-40 步 42  Bash
      page-32 步 56  Edit
      page-41 步 42  Edit
      page-19 步 49  Bash Bash Bash Bash Bash
      page-25 步 45  Edit
      page-25 步 46  Edit
      page-40 步 43  Bash
  page-19  ✓   50 次调用   23.2 分  selfcheck 24  skill 2  已完成并通过全部 selfcheck 状态检查。
      page-40 步 44  Read
      page-25 步 47  Edit
      page-41 步 43  Edit
      page-45 步 40  Bash
      page-32 步 57  Bash
      page-25 步 48  Bash Bash
      page-41 步 44  Edit
      page-41 步 45  Bash Bash Bash Bash Bash Bash
      page-32 步 58  Bash Bash Bash
  page-32  ✓   59 次调用   24.1 分  selfcheck 15  skill 3  已完成 `page-32.html`。页面包含欧罗巴真实影像与科学剖面、三轮扫描判读、键盘等价操作、即时正误反馈、完整潮
      page-25 步 49  Edit
      page-27 步 39  Bash
      page-25 步 50  Edit
      page-40 步 45  Edit
      page-25 步 51  Edit
      page-27 步 40  Bash
      page-25 步 52  Edit
      page-45 步 41  Edit Edit Edit
      page-27 步 41  Bash
      page-40 步 46  Bash
      page-25 步 53  Bash Bash
      page-41 步 46  Edit
      page-45 步 42  Bash
      page-41 步 47  Bash
      page-27 步 42  Edit
      page-27 步 43  Bash
      page-40 步 47  Bash Bash
      page-25 步 54  Edit
      page-25 步 55  Edit
      page-40 步 48  Bash
      page-27 步 44  Bash
  page-40  ✓   49 次调用   25.1 分  selfcheck 13  skill 3  已完成 `page-40.html`：构建了真实月面影像、D3 撞击坑模拟、四行对齐比较矩阵和三轮撞击速率校准交互。


      page-25 步 56  Edit
      page-25 步 57  Edit
      page-27 步 45  Bash Bash Bash
      page-25 步 58  Bash Bash
      page-45 步 43  Bash
      page-27 步 46  Bash
      page-45 步 44  Edit Edit
      page-41 步 48  Bash Bash Bash Bash Bash
      page-45 步 45  Bash
      page-25 步 59  Edit
  page-27  ✓   47 次调用   25.9 分  selfcheck 16  skill 2  已完成 `page-27.html`。实现三轮距离/反照率能量收支实验、D3 动态图示、对齐比较表与 GSAP 反馈动画
      page-45 步 46  Bash
      page-25 步 60  Edit
      page-45 步 47  Edit
      page-45 步 48  Bash
      page-45 步 49  Bash Bash Bash Bash
      page-25 步 61  Edit
      page-45 步 50  Read
      page-45 步 51  Bash
      page-25 步 62  Bash Bash Bash
      page-25 步 63  Edit
      page-45 步 52  Edit
  page-41  ✓   49 次调用   28.3 分  selfcheck 19  skill 2  已完成并覆盖 `page-41.html`。首屏、错误反馈、部分完成、全部完成、重置及 reduced-motion 状
      page-25 步 64  Edit
      page-25 步 65  Edit
      page-45 步 53  Bash
      page-25 步 66  Edit
      page-25 步 67  Edit
      page-25 步 68  Bash Bash
  page-45  ✓   54 次调用   29.4 分  selfcheck 23  skill 3  已完成 `page-45.html`：实现三项探测任务遴选交互、真实目标影像、即时错因反馈、任务链连接与最终对齐比较矩阵
      page-25 步 69  Edit
      page-25 步 70  Edit
      page-25 步 71  Bash Bash
      page-25 步 72  Edit
      page-25 步 73  Bash Bash
      page-25 步 74  Edit
      page-25 步 75  Edit
      page-25 步 76  Bash Bash Bash
      page-25 步 77  Edit
      page-25 步 78  Edit
      page-25 步 79  Bash Bash
      page-25 步 80  Bash
      page-25 步 81  Read
      page-25 步 82  Edit
      page-25 步 83  Edit
      page-25 步 84  Edit
      page-25 步 85  Edit
      page-25 步 86  Edit
      page-25 步 87  Edit
      page-25 步 88  Bash Bash Bash Bash
      page-25 步 89  Bash Bash Bash Bash Bash
  page-25  ✓   90 次调用   41.6 分  selfcheck 52  skill 3  已完成 `page-25.html`。四颗行星真实影像、交互式剖面揭示、键盘等价操作、实时数据读数及完成反馈均已实现；所

  50/50 页交付   墙钟 41.6 分
  每页调用数 10–90,中位 24   合计 1441
  selfcheck 合计 786   Skill 合计 109
  指派 skill 98 项,实际读到 98 项
  读取次数(前 6):lec.js 64  theme.css 61  CONTRACT.md 49  deck.md 49  CHASSIS.md 49  LIBS.md 44
