
▸ builder · sol48
  12 页,并发 12,effort=low,skill 块 269–800 字符/页(中位 408,全清单是 9,221)

      page-05 步  1  Read Read Read Read Read Skill Skill Read
      page-01 步  1  Read Read Read Read Read Skill Skill
      page-11 步  1  Read Read Read Read Read Skill Skill
      page-16 步  1  Read Read Read Read Read Skill Skill
      page-31 步  1  Read Read Read Read Read Skill Skill Skill Skill
      page-26 步  1  Read Read Read Read Read Skill Skill Skill
      page-28 步  1  Read Read Read Read Read Skill Skill
      page-27 步  1  Read Read Read Read Read Skill Read
      page-19 步  1  Read Read Read Read Read Skill Read
      page-10 步  1  Read Read Read Read Read Skill
      page-20 步  1  Read Read Read Read Read Skill Skill
      page-34 步  1  Read Read Read Read Read Skill Skill
      page-01 步  2  Bash
      page-11 步  2  Read Bash
      page-05 步  2  Read
      page-20 步  2  Read
      page-19 步  2  Bash
      page-16 步  2  Bash Bash
      page-26 步  2  Bash
      page-31 步  2  Read Bash
      page-05 步  3  Bash
      page-20 步  3  Bash
      page-26 步  3  Read
      page-16 步  3  Bash
      page-31 步  3  Bash
      page-20 步  4  Bash
      page-16 步  4  Bash
      page-16 步  5  Read
      page-10 步  2  Write
      page-20 步  5  Bash
      page-31 步  4  Bash
      page-34 步  2  Write
      page-19 步  3  Edit
      page-01 步  3  Write
      page-05 步  4  Bash Bash
      page-27 步  2  Write
      page-10 步  3  Bash
      page-20 步  6  Read
      page-34 步  3  Bash
      page-31 步  5  Read Read
      page-19 步  4  Edit
      page-27 步  3  Bash
      page-11 步  3  Write
      page-01 步  4  Edit
      page-28 步  2  Write
      page-19 步  5  Edit Edit Edit Edit
      page-11 步  4  Bash Bash
      page-31 步  6  Read
      page-01 步  5  Edit
      page-28 步  3  Bash
      page-19 步  6  Bash
      page-10 步  4  Edit
      page-26 步  4  Write
      page-31 步  7  Read
      page-01 步  6  Edit
      page-27 步  4  Edit
      page-05 步  5  Edit
      page-26 步  5  Bash
  page-11  ✓    5 次调用    0.9 分  selfcheck  2  skill 2  已完成 `page-11.html`：呈现 ALMA 真实观测与三阶段盘演化模型，支持滑块、键盘操作与复位，并使用 GS
      page-34 步  4  Edit
  page-19  ✓    7 次调用    0.9 分  selfcheck  2  skill 1  已完成 `page-19.html`，并通过 selfcheck：无报错、无加载失败、无越界或裁切。
      page-01 步  7  Bash
      page-27 步  5  Edit
      page-05 步  6  Edit
      page-26 步  6  Bash Bash
      page-34 步  5  Edit
      page-27 步  6  Bash
      page-28 步  4  Edit
      page-16 步  6  Write
      page-10 步  5  Edit
      page-34 步  6  Bash
      page-16 步  7  Bash
      page-28 步  5  Edit
      page-20 步  7  Write
  page-26  ✓    7 次调用    1.2 分  selfcheck  3  skill 3  已完成第 26 页，并通过初始态及关键交互态 selfcheck。
      page-05 步  7  Bash Bash Bash Bash
  page-34  ✓    7 次调用    1.2 分  selfcheck  2  skill 2  已完成第 34 页构建并通过 selfcheck。
      page-20 步  8  Bash
      page-27 步  7  Edit
      page-10 步  6  Bash
      page-16 步  8  Read
      page-28 步  6  Edit
      page-27 步  8  Bash
      page-20 步  9  Bash Bash
      page-28 步  7  Edit
      page-16 步  9  Read
  page-05  ✓    8 次调用    1.4 分  selfcheck  7  skill 2  已完成 `page-05.html`，并通过初始、最小缩尺、最大缩尺及复位状态自检。
      page-01 步  8  Edit
      page-27 步  9  Edit
      page-10 步  7  Edit
  page-20  ✓   10 次调用    1.5 分  selfcheck  3  skill 2  已完成 `page-20.html`，并通过初始态及关键交互态 selfcheck。
      page-28 步  8  Edit
      page-16 步 10  Read
      page-31 步  8  Write
      page-27 步 10  Bash
      page-01 步  9  Edit
      page-28 步  9  Edit
      page-10 步  8  Bash
      page-01 步 10  Edit
      page-31 步  9  Bash
      page-28 步 10  Edit
  page-10  ✓    9 次调用    1.7 分  selfcheck  3  skill 1  已完成 `page-10.html`，并通过 selfcheck：无 JS 错误、加载失败、越界、裁切或密度问题。
      page-16 步 11  Edit
      page-31 步 10  Edit
      page-27 步 11  Bash
      page-28 步 11  Edit
      page-01 步 11  Edit
      page-16 步 12  Edit Edit
      page-31 步 11  Bash Bash
      page-27 步 12  Read
      page-28 步 12  Bash
      page-01 步 12  Edit
      page-31 步 12  Bash
      page-16 步 13  Bash
      page-27 步 13  Edit
      page-01 步 13  Edit
      page-27 步 14  Bash
  page-31  ✓   13 次调用    2.1 分  selfcheck  4  skill 4  已完成第 31 页互动比较矩阵，并通过初始态与完成态 selfcheck。
      page-16 步 14  Bash Bash
      page-01 步 14  Edit
      page-27 步 15  Bash
      page-28 步 13  Edit
      page-01 步 15  Bash
  page-16  ✓   15 次调用    2.4 分  selfcheck  4  skill 2  已完成 `page-16.html`，并通过初始态及关键交互态 selfcheck。
      page-27 步 16  Edit
      page-28 步 14  Edit
      page-27 步 17  Edit
      page-01 步 16  Bash
      page-28 步 15  Edit
      page-27 步 18  Edit
      page-01 步 17  Bash
      page-28 步 16  Bash
      page-27 步 19  Edit
      page-28 步 17  Edit
      page-27 步 20  Bash
      page-01 步 18  Edit
      page-01 步 19  Edit
      page-28 步 18  Edit
      page-01 步 20  Bash
      page-28 步 19  Edit
      page-28 步 20  Bash
      page-27 步 21  Edit
      page-01 步 21  Edit
      page-27 步 22  Edit
      page-27 步 23  Edit
      page-01 步 22  Bash
      page-28 步 21  Bash
      page-27 步 24  Bash
  page-01  ✓   23 次调用    3.8 分  selfcheck  6  skill 2  已完成 `page-01.html`，并通过 selfcheck 全部检查。
  page-28  ✓   22 次调用    3.8 分  selfcheck  5  skill 2  已完成第 28 页互动分类游戏，并通过初始态与完成态 selfcheck。
  page-27  ✓   25 次调用    3.9 分  selfcheck  9  skill 1  已完成第 27 页构建，并通过 selfcheck 全部检查。

  12/12 页交付   墙钟 3.9 分
  每页调用数 5–25,中位 10   合计 151
  selfcheck 合计 50   Skill 合计 24
  指派 skill 24 项,实际读到 24 项
  读取次数(前 6):CONTRACT.md 12  deck.md 12  theme.css 12  CHASSIS.md 12  lec.js 10  LIBS.md 4
