Traceback (most recent call last):
  File "<frozen runpy>", line 198, in _run_module_as_main
  File "<frozen runpy>", line 88, in _run_code
  File "/data1/home/zhuyifan/ws2/Notale/notale-v2/core/planner.py", line 1327, in <module>
    main()
  File "/data1/home/zhuyifan/ws2/Notale/notale-v2/core/planner.py", line 1319, in main
    r = plan_run(Run(n.query, n.minutes, n.audience, n.label, n.scenario),
        ^^^^^^^^^^^^^^^^^^^^^^^^^^^^^^^^^^^^^^^^^^^^^^^^^^^^^^^^^^^^^^^^^^
  File "/data1/home/zhuyifan/ws2/Notale/notale-v2/core/planner.py", line 1204, in plan_run
    check_table(run, rows, text)
  File "/data1/home/zhuyifan/ws2/Notale/notale-v2/core/planner.py", line 759, in check_table
    raise RuntimeError(
RuntimeError: 页表引用了没声明的证据节点 ['E1–E4'];证据链里声明过的是 ['E1', 'E2', 'E3', 'E4']。这一条判死,因为展开那一步是 20 路并行、各自看不见这个矛盾。改 /data1/home/zhuyifan/ws2/Notale/notale-v2/runs/sol48/PLAN.md 的证据链或页表的「证据」列,再重跑这一步。

▸ planner · sol48
  认识太阳系——天文学通识课第二讲  /  45 分钟

  seed         底盘已就位,库 20 个
  lec.js         74.7s  out= 5,464 tok   13,700 字符
  PLAN.md       156.8s  out=11,283 tok   12,383 字符
  验页表       34 行  停留合计 2700/2700 秒  ✓   无交互 6 页
  [33m⚠ 相邻同结构 1 处: page-15[0m
  [33m⚠ 1 行引用了没声明的证据节点[0m
      page-33 证据 'E1–E4' 没在证据链里声明(声明过的:E1 E2 E3 E4)
        | 33 | IV | E1–E4 | 100 | process | 造一套新行星系 | 改变恒星亮度、盘材料与行星质量后，学生须用结构、能量、动力学和证据链解释所得系统 | 不追求真实系外行星形成预测（本讲只作迁移） |  (表里还有:版式=canvas-full、素材=—、必用skill=mini-game, threejs-webgl)
/data1/home/zhuyifan/ws2/Notale/notale-v2/core/planner.py:982: DeprecationWarning: Image.Image.getdata is deprecated and will be removed in Pillow 14 (2027-10-15). Use get_flattened_data instead.
  L = sorted(round(.2126 * r + .7152 * g + .0722 * b) for r, g, b in im.getdata())
/data1/home/zhuyifan/ws2/Notale/notale-v2/core/planner.py:920: DeprecationWarning: Image.Image.getdata is deprecated and will be removed in Pillow 14 (2027-10-15). Use get_flattened_data instead.
  px = list(im.getdata()); n = len(px)
/data1/home/zhuyifan/ws2/Notale/notale-v2/core/planner.py:1018: DeprecationWarning: Image.Image.getdata is deprecated and will be removed in Pillow 14 (2027-10-15). Use get_flattened_data instead.
  px = list(im.getdata())

▸ planner · sol48
  认识太阳系——天文学通识课第二讲  /  45 分钟

  seed         底盘已就位,库 20 个
  lec.js       已存在,跳过         13,691 字符
  PLAN.md      已存在,跳过         12,383 字符
  验页表       34 行  停留合计 2700/2700 秒  ✓   无交互 6 页
  [33m⚠ 相邻同结构 1 处: page-15[0m
  验证据链     声明 4 条,页表用到 4 条,承担论证的页 27/34
  验幕结构     4 幕,页序连续 ✓
  验视觉世界   4 个 hex、17 条母题  ✓
  验页表       34 行,知识结构 4 种: classification comparison generalization process
  图池         底图联系表 2 张 → backdrops.jpg
  图池         14/14 张就位  → img/IMG.md
  theme.css      75.0s  out= 7,439 tok   14,375 字符
  接口交接     theme.css 的 INTERFACE 块 50 行 → CHASSIS.md
  接口交接     已知陷阱（Deck.fmt 带符号）→ CHASSIS.md
  CONTRACT.md    68.7s  out= 4,741 tok    5,061 字符
  展开 p03     ✗ 第 1 次不是有效规格:太长了:2,296 字符,上限 2,000。这一份只服务一页,写长了不会让那一页更好 —— 只会把建页 agent 的注意力从「解决这一页的设计问题」挪到「走完一张清单」。先删背景和理由的展开,别删几何和数值
  展开 p05     ✗ 第 1 次不是有效规格:太长了:2,368 字符,上限 2,000。这一份只服务一页,写长了不会让那一页更好 —— 只会把建页 agent 的注意力从「解决这一页的设计问题」挪到「走完一张清单」。先删背景和理由的展开,别删几何和数值
  展开 p31     ✗ 第 1 次不是有效规格:太长了:2,184 字符,上限 2,000。这一份只服务一页,写长了不会让那一页更好 —— 只会把建页 agent 的注意力从「解决这一页的设计问题」挪到「走完一张清单」。先删背景和理由的展开,别删几何和数值
  展开 p03     ✗ 第 2 次不是有效规格:太长了:2,189 字符,上限 2,000。这一份只服务一页,写长了不会让那一页更好 —— 只会把建页 agent 的注意力从「解决这一页的设计问题」挪到「走完一张清单」。先删背景和理由的展开,别删几何和数值
  展开 p05     ✗ 第 2 次不是有效规格:太长了:2,438 字符,上限 2,000。这一份只服务一页,写长了不会让那一页更好 —— 只会把建页 agent 的注意力从「解决这一页的设计问题」挪到「走完一张清单」。先删背景和理由的展开,别删几何和数值
  展开 p31     ✗ 第 2 次不是有效规格:太长了:2,157 字符,上限 2,000。这一份只服务一页,写长了不会让那一页更好 —— 只会把建页 agent 的注意力从「解决这一页的设计问题」挪到「走完一张清单」。先删背景和理由的展开,别删几何和数值
  展开 p03     ✗ 第 3 次不是有效规格:太长了:2,256 字符,上限 2,000。这一份只服务一页,写长了不会让那一页更好 —— 只会把建页 agent 的注意力从「解决这一页的设计问题」挪到「走完一张清单」。先删背景和理由的展开,别删几何和数值
  展开 p03     ⚠ 3 次都不合格,**保留最后一次**继续往下走(最后一次:太长了:2,256 字符,上限 2,000。这一份只服务一页,写长了不会让那一页更好 —— 只会把建页 agent 的注意力从「解决这一页的设计问题」挪到「走完一张清单」。先删背景和理由的展开,别删几何和数值)
  展开 p05     ✗ 第 3 次不是有效规格:太长了:2,219 字符,上限 2,000。这一份只服务一页,写长了不会让那一页更好 —— 只会把建页 agent 的注意力从「解决这一页的设计问题」挪到「走完一张清单」。先删背景和理由的展开,别删几何和数值
  展开 p05     ⚠ 3 次都不合格,**保留最后一次**继续往下走(最后一次:太长了:2,219 字符,上限 2,000。这一份只服务一页,写长了不会让那一页更好 —— 只会把建页 agent 的注意力从「解决这一页的设计问题」挪到「走完一张清单」。先删背景和理由的展开,别删几何和数值)
  展开 p31     ✗ 第 3 次不是有效规格:太长了:2,120 字符,上限 2,000。这一份只服务一页,写长了不会让那一页更好 —— 只会把建页 agent 的注意力从「解决这一页的设计问题」挪到「走完一张清单」。先删背景和理由的展开,别删几何和数值
  展开 p31     ⚠ 3 次都不合格,**保留最后一次**继续往下走(最后一次:太长了:2,120 字符,上限 2,000。这一份只服务一页,写长了不会让那一页更好 —— 只会把建页 agent 的注意力从「解决这一页的设计问题」挪到「走完一张清单」。先删背景和理由的展开,别删几何和数值)
  展开规格     34 份(34 新建/0 复用)  140s  out=76,197 tok  2,516–4,100B
  skeletons    34 个骨架,已接 base/theme/lec,data-total=34
  briefs       34 份,3320–3378 字符,中位 3349

  合计 345s  →  /data1/home/zhuyifan/ws2/Notale/notale-v2/runs/sol48

  判据                                  sol48     目标
  ───────────────────────────────────────────────────
  规格份数                                   34     
  规格中位字符                               1640     ≤1300
  表格真数值格(每份有表)                          8.4     ≥8
  表格真数值格合计                              286     
  表格指针格                                   0     0
  点名底盘类的规格数                         41/52 类     ≥30%
  有「核对」的份                             10/34     ≥40%
  有「交给下一页」的份                          33/34     ≥90%
  还有「场景构图」的份                           0/34     0
  有「交互」节的份                            28/34     <n
    交互节字符中位                             162     ≥200
    有「正确状态」的比率                          17%     ≤40%
    说清「什么跟着变」                           28%     ≥80%
    有复位/重来                              92%     ≥70%
  theme.css 字符                       14,365     ≤13000
    其中 utility 类                          2     0
    仪表类齐几样(共 8)                         8/8     8
    INTERFACE 块字符                      2066     ≥2000
  PLAN.md 字符                         12,383     ≤10000
    数字口径里的真实数值                           31     ≥20
    页表一句话带数                            5/34     ≥20%
  lec.js 字符 / P 函数数             13,691 / 40     函数数↓
  theme.css 填色的容器类                        8     ≤2
  规格点名图池文件的份数                            20     ≥6


  ✗ theme.css 里填色的容器类               8   要求 ≤2
  ✓ theme.css 里 utility 类           2   要求 ≤2
  ✓ #stage 有 padding                有   要求 有
  ✓ 仪表类齐几样                          8   要求 8
  ✓ 规格表格里的指针格                       0   要求 0
  ✓ 规格点名图池文件的份数                    20   要求 ≥6

  [31m✗ plan 层有 1 条不合格:theme.css 里填色的容器类[0m
    产物都在,改完提示词重跑对应那一步即可（cached() 会跳过已好的）
