
▸ builder · sol49
  12 页,并发 12,effort=low,skill 块 459–838 字符/页(中位 625,全清单是 9,221)

      page-34 步  1  Skill Skill Bash
      page-01 步  1  Read Read Read Read Read Skill Skill
      page-31 步  1  Read Read Read Read Read Skill Skill Skill
      page-28 步  1  Read Read Read Read Read Skill Skill Skill
      page-26 步  1  Read Read Read Read Read Skill Skill Skill Skill
      page-11 步  1  Read Read Read Read Read Skill Skill Skill
      page-05 步  1  Read Read Read Read Read Skill Skill Skill
      page-27 步  1  Read Read Read Read Read Skill Skill
      page-19 步  1  Read Read Read Read Read Skill Skill Skill
      page-16 步  1  Read Read Read Read Read Skill Skill Skill
      page-20 步  1  Read Read Read Read Read Skill Skill
      page-10 步  1  Read Read Read Read Read Skill Skill Skill
      page-34 步  2  Read Read Read Read Read Read
      page-11 步  2  Read Read Bash
      page-05 步  2  Read Bash
      page-01 步  2  Bash
      page-27 步  2  Read Bash
      page-26 步  2  Read Bash Bash
      page-28 步  2  Read
      page-16 步  2  Bash
      page-31 步  2  Read Read Read Bash
      page-05 步  3  Read
      page-10 步  2  Read Bash
      page-20 步  2  Read Bash
      page-34 步  3  Bash
      page-31 步  3  Bash
      page-16 步  3  Read
      page-20 步  3  Read
      page-31 步  4  Read
      page-05 步  4  Read
      page-01 步  3  Write
      page-19 步  2  Write
      page-27 步  3  Write
      page-01 步  4  Bash
      page-27 步  4  Bash
      page-34 步  4  Write
      page-19 步  3  Bash
      page-34 步  5  Bash
      page-11 步  3  Write
      page-10 步  3  Write
      page-11 步  4  Bash
      page-16 步  4  Write
      page-10 步  4  Bash
      page-16 步  5  Bash
      page-01 步  5  Edit
      page-05 步  5  Write
      page-19 步  4  Edit
      page-27 步  5  Edit
      page-11 步  5  Edit
      page-19 步  5  Edit
      page-01 步  6  Edit
      page-28 步  3  Write
      page-34 步  6  Edit
      page-19 步  6  Bash
      page-05 步  6  Bash
      page-01 步  7  Bash
      page-20 步  4  Write
      page-16 步  6  Edit
      page-27 步  6  Edit
      page-34 步  7  Edit
      page-10 步  5  Edit
      page-28 步  4  Bash
      page-31 步  5  Write
      page-26 步  3  Write
      page-20 步  5  Bash
      page-10 步  6  Edit
      page-16 步  7  Edit
      page-27 步  7  Edit
      page-11 步  6  Bash
      page-34 步  8  Bash
      page-28 步  5  Edit
      page-10 步  7  Edit
      page-01 步  8  Edit
      page-16 步  8  Edit
      page-31 步  6  Bash
      page-19 步  7  Edit
      page-05 步  7  Edit
      page-27 步  8  Edit
      page-10 步  8  Bash
      page-28 步  6  Edit
      page-01 步  9  Bash
      page-16 步  9  Bash
      page-20 步  6  Edit
      page-11 步  7  Edit
      page-19 步  8  Edit
      page-05 步  8  Edit
      page-27 步  9  Bash
      page-28 步  7  Edit
      page-26 步  4  Bash
      page-20 步  7  Bash
      page-31 步  7  Edit
      page-05 步  9  Edit
      page-28 步  8  Bash
      page-19 步  9  Edit
      page-11 步  8  Bash
      page-34 步  9  Edit
      page-05 步 10  Bash
      page-31 步  8  Bash
      page-01 步 10  Edit
      page-16 步 10  Edit
      page-10 步  9  Edit
      page-27 步 10  Edit
      page-34 步 10  Edit
      page-19 步 10  Edit
      page-28 步  9  Edit
      page-01 步 11  Edit
      page-16 步 11  Edit
  page-20  ✓    8 次调用    1.8 分  selfcheck  2  skill 2  已完成 `page-20.html`，并通过初始态及交互边界状态自检。
      page-26 步  5  Edit
      page-10 步 10  Bash
      page-05 步 11  Bash
      page-31 步  9  Edit
      page-16 步 12  Edit
      page-01 步 12  Edit
      page-11 步  9  Bash
      page-16 步 13  Bash
      page-19 步 11  Bash
      page-27 步 11  Bash
      page-31 步 10  Bash
      page-34 步 11  Edit
      page-26 步  6  Edit
      page-28 步 10  Edit
      page-05 步 12  Read
  page-11  ✓   10 次调用    2.0 分  selfcheck  4  skill 3  已完成 `page-11.html`，并通过初始态与滑块终态 selfcheck。
      page-34 步 12  Bash
      page-01 步 13  Bash
      page-26 步  7  Bash
      page-28 步 11  Edit
      page-10 步 11  Edit
      page-05 步 13  Edit
      page-01 步 14  Edit
      page-16 步 14  Edit
      page-31 步 11  Edit
      page-10 步 12  Bash
      page-27 步 12  Edit
      page-01 步 15  Bash
      page-31 步 12  Bash
      page-27 步 13  Edit
      page-34 步 13  Edit
      page-28 步 12  Edit
      page-05 步 14  Edit
      page-19 步 12  Edit
      page-26 步  8  Edit
      page-27 步 14  Edit
      page-28 步 13  Edit
      page-16 步 15  Edit
      page-34 步 14  Edit
      page-01 步 16  Edit
      page-05 步 15  Edit
      page-31 步 13  Edit
      page-19 步 13  Edit
      page-10 步 13  Bash
      page-26 步  9  Edit
      page-28 步 14  Edit
      page-31 步 14  Edit
      page-05 步 16  Bash
      page-26 步 10  Bash
      page-27 步 15  Edit
      page-16 步 16  Edit
      page-31 步 15  Bash
      page-34 步 15  Bash
      page-01 步 17  Bash
      page-19 步 14  Bash
      page-10 步 14  Read
      page-28 步 15  Edit
      [page-28] InternalServerError 等 4s 重试 1/8
      page-16 步 17  Edit
  page-05  ✓   17 次调用    2.6 分  selfcheck  4  skill 3  已完成 `page-05.html`，并通过初始态与最大缩放交互态 selfcheck。
      page-27 步 16  Bash
      page-01 步 18  Read
      page-34 步 16  Edit
      page-19 步 15  Edit
      page-16 步 18  Bash
      page-10 步 15  Edit
      page-34 步 17  Bash
      page-28 步 16  Bash
      page-31 步 16  Edit
      page-27 步 17  Edit
      page-01 步 19  Edit
      page-19 步 16  Bash
      page-26 步 11  Edit
      page-01 步 20  Bash
      page-27 步 18  Bash
      page-10 步 16  Edit
      page-28 步 17  Bash
      page-34 步 18  Edit
      page-31 步 17  Bash
      page-26 步 12  Bash
      page-10 步 17  Edit
      page-19 步 17  Edit
      page-34 步 19  Bash
      page-16 步 19  Edit
      page-19 步 18  Bash
      page-10 步 18  Edit
      page-28 步 18  Bash
      page-01 步 21  Bash
      page-10 步 19  Edit
      page-27 步 19  Edit
      page-16 步 20  Edit
      page-31 步 18  Edit
      page-34 步 20  Bash
      page-28 步 19  Edit
      page-16 步 21  Edit
      page-10 步 20  Bash
      page-34 步 21  Read
      page-19 步 19  Edit
      page-31 步 19  Edit
      page-27 步 20  Edit
      page-28 步 20  Edit
      page-01 步 22  Edit
      page-10 步 21  Read
      page-31 步 20  Bash
      page-16 步 22  Edit
      page-19 步 20  Edit
      page-27 步 21  Edit
      page-01 步 23  Edit
      page-16 步 23  Bash
      page-26 步 13  Edit
      page-19 步 21  Bash
      page-28 步 21  Edit
      page-27 步 22  Edit
      page-34 步 22  Edit
      page-10 步 22  Bash
      page-01 步 24  Edit
      page-26 步 14  Edit
      page-27 步 23  Bash
      page-01 步 25  Bash
      page-31 步 21  Bash
      page-19 步 22  Edit
      page-16 步 24  Edit
      page-28 步 22  Bash
  page-31  ✓   22 次调用    3.6 分  selfcheck  8  skill 3  已完成 `page-31.html`：构建四世界宜居条件比较矩阵、真实影像列头、D3 数据条与五标签拖放/键盘交互，并验
      page-26 步 15  Bash
      page-19 步 23  Bash
      page-10 步 23  Edit
  page-01  ✓   26 次调用    3.6 分  selfcheck  9  skill 2  已完成 `page-01.html`，并通过 selfcheck 全部检查。
      page-27 步 24  Edit
      page-28 步 23  Edit
      page-26 步 16  Bash
      page-10 步 24  Edit
      page-27 步 25  Edit
      page-16 步 25  Bash
      page-28 步 24  Edit
      page-10 步 25  Bash
      page-27 步 26  Edit
      page-28 步 25  Bash
      page-16 步 26  Edit
  page-26  ✓   17 次调用    3.9 分  selfcheck  6  skill 4  已完成 `page-26.html`：构建三方案行星防御比较小游戏，包含真实贝努影像、动态线性估算、方案反馈、键盘操作、
  page-10  ✓   26 次调用    3.9 分  selfcheck  7  skill 3  已完成 `page-10.html`，并通过 selfcheck：无 JS 错误、资源加载失败、越界、裁切或文字叠压。
      page-27 步 27  Edit
      page-16 步 27  Bash
      page-27 步 28  Bash
      page-28 步 26  Edit
      page-16 步 28  Edit
      page-16 步 29  Bash
      page-28 步 27  Edit
      page-27 步 29  Edit
      page-27 步 30  Edit
  page-16  ✓   30 次调用    4.3 分  selfcheck  8  skill 3  已完成 `page-16.html`，并通过自检：无 JavaScript 错误、资源加载失败、画布越界或元素裁切，画面
      page-28 步 28  Edit
      page-27 步 31  Edit
      page-28 步 29  Edit
      page-27 步 32  Bash
      page-28 步 30  Edit
      page-28 步 31  Bash
      page-19 步 24  Edit
      page-27 步 33  Edit
      page-19 步 25  Bash
      page-27 步 34  Bash
      page-28 步 32  Bash
  page-19  ✓   26 次调用    4.8 分  selfcheck  9  skill 3  
  page-28  ✓   33 次调用    4.9 分  selfcheck  9  skill 3  已完成 `page-28.html`，并通过初始态与完成态 selfcheck。
      page-34 步 23  Edit
      page-27 步 35  Edit
      page-34 步 24  Edit
      page-27 步 36  Edit
      page-34 步 25  Edit
      page-27 步 37  Bash
      page-34 步 26  Edit
      page-34 步 27  Edit
      page-27 步 38  Edit
      page-34 步 28  Bash
      page-27 步 39  Edit
      page-27 步 40  Read
      page-34 步 29  Edit
      page-27 步 41  Edit
      page-34 步 30  Bash
      page-27 步 42  Bash
      page-34 步 31  Edit
      page-27 步 43  Edit
      page-34 步 32  Edit
      page-27 步 44  Edit
      page-34 步 33  Bash
      page-27 步 45  Bash
  page-27  ✓   46 次调用    6.4 分  selfcheck 12  skill 2  已完成 `page-27.html`，并通过 selfcheck：无脚本错误、加载失败、越界、裁切或文字叠压。
  page-34  ✓   34 次调用    6.4 分  selfcheck 10  skill 2  已完成 `page-34.html`，并通过 selfcheck 全部检查。

  12/12 页交付   墙钟 6.4 分
  每页调用数 8–46,中位 26   合计 295
  selfcheck 合计 88   Skill 合计 33
  指派 skill 33 项,实际读到 33 项
  读取次数(前 6):CONTRACT.md 13  theme.css 13  deck.md 12  CHASSIS.md 12  LIBS.md 5  lec.js 5
