
▸ planner · sol47
  认识太阳系——天文学通识课第二讲  /  45 分钟

  seed         底盘已就位,库 20 个
  lec.js       已存在,跳过          7,539 字符
  PLAN.md       141.5s  out= 9,178 tok    9,952 字符
  验页表       31 行  停留合计 2700/2700 秒  ✓   无交互 7 页
  验证据链     声明 5 条,页表用到 5 条,承担论证的页 25/31
  验幕结构     5 幕,页序连续 ✓
  验视觉世界   4 个 hex、17 条母题  ✓
  验页表       31 行,知识结构 5 种: classification comparison enumeration generalization process
  theme.css      71.7s  out= 7,895 tok   17,514 字符
  接口交接     theme.css 的 INTERFACE 块 34 行 → CHASSIS.md
  CONTRACT.md    73.0s  out= 5,600 tok    5,947 字符
  展开 p12     ✗ 第 1 次不是有效规格:交互那一节缺「做对了」那一行 —— 这一页有交互,四行(做对了/做错了/做到哪儿了/做完了)要按提示词给的标签逐行写
  展开 p04     ✗ 第 1 次不是有效规格:交互那一节缺「做对了」那一行 —— 这一页有交互,四行(做对了/做错了/做到哪儿了/做完了)要按提示词给的标签逐行写
  展开 p23     ✗ 第 1 次不是有效规格:交互那一节缺「做对了」那一行 —— 这一页有交互,四行(做对了/做错了/做到哪儿了/做完了)要按提示词给的标签逐行写
  展开 p12     ✗ 第 2 次不是有效规格:交互那一节缺「做对了」那一行 —— 这一页有交互,四行(做对了/做错了/做到哪儿了/做完了)要按提示词给的标签逐行写
  展开 p23     ✗ 第 2 次不是有效规格:交互那一节缺「做对了」那一行 —— 这一页有交互,四行(做对了/做错了/做到哪儿了/做完了)要按提示词给的标签逐行写
  展开规格     31 份(31 新建/0 复用)  135s  out=59,923 tok  2,311–4,087B
  skeletons    31 个骨架,已接 base/theme/lec,data-total=31
  briefs       31 份,3319–3371 字符,中位 3335

  合计 421s  →  /data1/home/zhuyifan/ws2/Notale/notale-v2/runs/sol47
