
▸ builder · sol45
  32 页,并发 50,effort=low,skill 清单 9,221 字符

      [page-23] RateLimitError 等 4s 重试 1/8
      [page-14] RateLimitError 等 5s 重试 1/8
      [page-13] RateLimitError 等 6s 重试 1/8
      [page-22] RateLimitError 等 6s 重试 1/8
      [page-11] RateLimitError 等 4s 重试 1/8
      [page-26] RateLimitError 等 5s 重试 1/8
      [page-17] RateLimitError 等 6s 重试 1/8
      [page-08] RateLimitError 等 5s 重试 1/8
      [page-02] RateLimitError 等 5s 重试 1/8
      [page-09] RateLimitError 等 4s 重试 1/8
      [page-12] RateLimitError 等 6s 重试 1/8
      [page-07] RateLimitError 等 4s 重试 1/8
      [page-30] RateLimitError 等 6s 重试 1/8
      [page-03] RateLimitError 等 5s 重试 1/8
      [page-04] RateLimitError 等 4s 重试 1/8
      [page-05] RateLimitError 等 4s 重试 1/8
      [page-10] RateLimitError 等 5s 重试 1/8
      [page-16] RateLimitError 等 4s 重试 1/8
      [page-19] RateLimitError 等 5s 重试 1/8
      [page-28] RateLimitError 等 5s 重试 1/8
      [page-06] RateLimitError 等 4s 重试 1/8
      [page-04] RateLimitError 等 12s 重试 2/8
      [page-16] RateLimitError 等 13s 重试 2/8
      [page-09] RateLimitError 等 19s 重试 2/8
      [page-11] RateLimitError 等 17s 重试 2/8
      [page-05] RateLimitError 等 18s 重试 2/8
      [page-08] RateLimitError 等 14s 重试 2/8
      [page-29] RateLimitError 等 4s 重试 1/8
      [page-01] RateLimitError 等 6s 重试 1/8
      [page-10] RateLimitError 等 17s 重试 2/8
      [page-26] RateLimitError 等 12s 重试 2/8
      [page-19] RateLimitError 等 12s 重试 2/8
      [page-13] RateLimitError 等 16s 重试 2/8
      [page-31] RateLimitError 等 5s 重试 1/8
      [page-27] RateLimitError 等 6s 重试 1/8
      [page-23] RateLimitError 等 16s 重试 2/8
      [page-02] RateLimitError 等 11s 重试 2/8
      [page-17] RateLimitError 等 16s 重试 2/8
      [page-07] RateLimitError 等 16s 重试 2/8
      [page-29] RateLimitError 等 15s 重试 2/8
      [page-03] RateLimitError 等 14s 重试 2/8
      [page-15] RateLimitError 等 4s 重试 1/8
      [page-14] RateLimitError 等 19s 重试 2/8
      [page-31] RateLimitError 等 12s 重试 2/8
      [page-30] RateLimitError 等 17s 重试 2/8
      [page-27] RateLimitError 等 12s 重试 2/8
      [page-24] RateLimitError 等 4s 重试 1/8
      [page-25] RateLimitError 等 5s 重试 1/8
      [page-21] RateLimitError 等 4s 重试 1/8
      [page-22] RateLimitError 等 12s 重试 2/8
      [page-18] RateLimitError 等 6s 重试 1/8
      [page-15] RateLimitError 等 14s 重试 2/8
      [page-32] RateLimitError 等 4s 重试 1/8
      [page-20] RateLimitError 等 4s 重试 1/8
      [page-24] RateLimitError 等 15s 重试 2/8
      [page-26] RateLimitError 等 33s 重试 3/8
      [page-16] RateLimitError 等 47s 重试 3/8
      [page-02] RateLimitError 等 41s 重试 3/8
      [page-19] RateLimitError 等 48s 重试 3/8
      [page-06] RateLimitError 等 13s 重试 2/8
      [page-12] RateLimitError 等 18s 重试 2/8
      [page-08] RateLimitError 等 48s 重试 3/8
      [page-25] RateLimitError 等 19s 重试 2/8
      [page-28] RateLimitError 等 17s 重试 2/8
      [page-21] RateLimitError 等 13s 重试 2/8
      [page-18] RateLimitError 等 19s 重试 2/8
      [page-04] RateLimitError 等 42s 重试 3/8
      [page-11] RateLimitError 等 51s 重试 3/8
      [page-10] RateLimitError 等 52s 重试 3/8
      [page-01] RateLimitError 等 19s 重试 2/8
      [page-05] RateLimitError 等 43s 重试 3/8
      [page-23] RateLimitError 等 40s 重试 3/8
      [page-09] RateLimitError 等 46s 重试 3/8
      [page-31] RateLimitError 等 29s 重试 3/8
      [page-17] RateLimitError 等 30s 重试 3/8
      [page-03] RateLimitError 等 47s 重试 3/8
      [page-29] RateLimitError 等 29s 重试 3/8
      [page-27] RateLimitError 等 29s 重试 3/8
      [page-22] RateLimitError 等 30s 重试 3/8
      [page-20] RateLimitError 等 14s 重试 2/8
      [page-14] RateLimitError 等 29s 重试 3/8
      [page-30] RateLimitError 等 51s 重试 3/8
      [page-15] RateLimitError 等 38s 重试 3/8
      [page-06] RateLimitError 等 47s 重试 3/8
      [page-07] RateLimitError 等 44s 重试 3/8
      [page-13] RateLimitError 等 38s 重试 3/8
      [page-32] RateLimitError 等 19s 重试 2/8
      [page-25] RateLimitError 等 46s 重试 3/8
      [page-18] RateLimitError 等 46s 重试 3/8
      [page-01] RateLimitError 等 50s 重试 3/8
      [page-28] RateLimitError 等 33s 重试 3/8
      [page-12] RateLimitError 等 46s 重试 3/8
      [page-24] RateLimitError 等 42s 重试 3/8
      [page-21] RateLimitError 等 52s 重试 3/8
      [page-20] RateLimitError 等 47s 重试 3/8
      [page-26] RateLimitError 等 68s 重试 4/8
      page-31 步  1  Read Read Read Read Read Skill
      page-32 步  1  Read Read Read Read Read Skill Read
      page-16 步  1  Read Read Read Read Read Skill
      page-29 步  1  Read Read Read Read Read Skill Skill Skill
      page-04 步  1  Read Read Read Read Read Skill Skill Skill
      page-05 步  1  Read Read Read Read Read Skill Skill
      page-17 步  1  Read Read Read Read Read Skill Skill Skill
      page-23 步  1  Read Read Read Read Read Skill Skill
      page-08 步  1  Read Read Read Read Read Read Skill Skill Skill
      page-22 步  1  Read Read Read Read Read Skill Skill Read
      page-15 步  1  Read Read Read Read Read Skill Read
      page-09 步  1  Read Read Read Read Read Skill Skill
      page-27 步  1  Read Read Read Read Read Skill Skill
      page-05 步  2  Read Read
      page-14 步  1  Read Read Read Read Read Skill Skill
      page-03 步  1  Read Read Read Read Read Skill
      page-31 步  2  Read
      page-04 步  2  Read Read
      page-02 步  1  Read Read Read Read Read Skill
      page-09 步  2  Read Read
      page-11 步  1  Read Read Read Read Read Skill
      page-27 步  2  Read
      page-14 步  2  Bash Read
      page-02 步  2  Read
      page-08 步  2  Read
      page-13 步  1  Read Read Read Read Read Skill Skill Skill
      page-29 步  2  Read Read
      page-10 步  1  Read Read Read Read Read Skill
      page-19 步  1  Read Read Read Read Read Skill Skill Skill
      page-09 步  3  Bash
      page-07 步  1  Read Read Read Read Read Skill Skill
      page-03 步  2  Read Read
      page-30 步  1  Read Read Read Read Read Skill Skill Skill
      page-11 步  2  Read
      page-23 步  2  Read Read
      page-14 步  3  Bash
      page-18 步  1  Read Read Read Read Read Skill Read
      page-12 步  1  Read Read Read Read Read Skill Skill Skill
      page-17 步  2  Read Read
      page-32 步  2  Write
      page-14 步  4  Bash
      page-28 步  1  Read Read Read Read Read Skill Skill
      page-23 步  3  Bash
      page-15 步  2  Read Bash Bash
      page-24 步  1  Read Read Read Read Read Skill Skill Skill
      page-12 步  2  Read Read
      page-19 步  2  Read Read
      page-27 步  3  Bash
      page-06 步  1  Read Read Read Read Read Skill
      page-32 步  3  Bash
      page-13 步  2  Read Bash
      page-10 步  2  Read Read
      page-20 步  1  Read Read Read Read Read Skill Skill
      page-31 步  3  Write
      page-08 步  3  Bash
      page-16 步  2  Read
      page-21 步  1  Read Read Read Read Read Skill Read
      page-12 步  3  Bash
      page-29 步  3  Bash
      page-24 步  2  Read Read
      page-25 步  1  Read Read Read Read Read Skill Read
      page-09 步  4  Read
      page-01 步  1  Read Read Read Read Read Skill Skill
      page-27 步  4  Bash
      page-06 步  2  Read
      page-14 步  5  Bash
      page-07 步  2  Read Read
      page-02 步  3  Write      page-30 步  2  Read Read

      page-20 步  2  Read Read
      page-08 步  4  Bash
      page-11 步  3  Write
      page-13 步  3  Bash
      page-30 步  3  Bash
      page-25 步  2  Bash Bash
      page-10 步  3  Bash
      page-21 步  2  Read
      page-01 步  2  Read
      page-20 步  3  Bash
      page-12 步  4  Read
      page-13 步  4  Bash
      page-28 步  2  Read Read Bash
      page-30 步  4  Bash
      page-25 步  3  Read Bash Bash
      page-10 步  4  Read
      page-31 步  4  Bash
      page-20 步  4  Read
      page-22 步  2  Write
      page-02 步  4  Bash
      page-09 步  5  Read
      page-14 步  6  Bash
      page-11 步  4  Bash
      page-25 步  4  Bash Bash
      page-32 步  4  Edit
      page-30 步  5  Bash
      page-08 步  5  Read
      page-31 步  5  Bash
      page-16 步  3  Write
      page-02 步  5  Edit
      page-15 步  3  Bash
      page-22 步  3  Bash
      page-32 步  5  Bash
      page-08 步  6  Bash
      page-01 步  3  Write
      page-06 步  3  Write
      page-17 步  3  Write
      page-13 步  5  Read
      page-26 步  1  Read Read Read Read Read Skill Read
      page-04 步  3  Write
      page-03 步  3  Write
      page-28 步  3  Skill
      page-05 步  3  Write
      page-16 步  4  Bash
      page-08 步  7  Read
      page-04 步  4  Bash
      page-03 步  4  Bash
      page-19 步  3  Write
      page-01 步  4  Bash
      page-06 步  4  Bash
      page-13 步  6  Bash
      page-17 步  4  Edit
      page-27 步  5  Write
      page-05 步  4  Bash
      page-29 步  4  Write
      page-07 步  3  Write
      page-19 步  4  Bash
      page-15 步  4  Bash
      page-17 步  5  Bash
      page-25 步  5  Bash
      page-11 步  5  Edit
      page-29 步  5  Bash
      page-10 步  5  Write
      page-03 步  5  Bash Bash
      page-23 步  4  Write
      page-02 步  6  Edit
      page-21 步  3  Write
      page-24 步  3  Write
      page-27 步  6  Bash
      page-11 步  6  Edit
      page-09 步  6  Write
      page-01 步  5  Edit
  page-32  ✓    6 次调用    2.7 分  selfcheck  2  skill 1  已完成第 32 页构建，并通过 selfcheck：无报错、无加载失败、无越界或裁切。
      page-22 步  4  Edit
      page-02 步  7  Edit
      page-24 步  4  Bash
  page-03  ✓    6 次调用    2.7 分  selfcheck  3  skill 1  已完成 `page-03.html`，并通过默认、接近估值及低估状态的 selfcheck，自检结果干净。
      page-18 步  2  Write
      page-19 步  5  Bash
      page-23 步  5  Bash
      page-21 步  4  Bash
      page-07 步  4  Bash
      page-05 步  5  Edit Edit
      page-02 步  8  Bash
      page-11 步  7  Bash
      page-14 步  7  Bash
      page-13 步  7  Bash
      page-24 步  5  Edit
      page-18 步  3  Bash
      page-10 步  6  Bash
      page-17 步  6  Edit
      page-30 步  6  Write
      page-05 步  6  Bash
      page-13 步  8  Bash
      [page-13] InternalServerError 等 6s 重试 1/8
      page-01 步  6  Edit
      page-21 步  5  Edit
      page-24 步  6  Edit
      page-07 步  5  Bash
      page-21 步  6  Bash
      page-22 步  5  Bash
      page-02 步  9  Edit
      page-14 步  8  Edit
      page-01 步  7  Edit
      page-08 步  8  Write
      page-29 步  6  Edit
      page-24 步  7  Bash
      page-10 步  7  Edit
      page-18 步  4  Edit
      page-07 步  6  Read
      page-25 步  6  Bash
      page-27 步  7  Bash
      page-04 步  5  Edit
      page-08 步  9  Bash
      page-23 步  6  Edit
      page-26 步  2  Write
      page-18 步  5  Bash
      page-25 步  7  Bash
      page-24 步  8  Bash
      page-07 步  7  Edit
  page-19  ✓    6 次调用    3.2 分  selfcheck  2  skill 3  已完成 `page-19.html`，并通过默认状态及交互状态 selfcheck。
      page-06 步  5  Edit
      page-16 步  5  Edit
      page-12 步  5  Write
      page-30 步  7  Bash
      page-01 步  8  Edit
      page-27 步  8  Bash
      page-22 步  6  Bash
      page-17 步  7  Edit
      page-16 步  6  Bash
      page-14 步  9  Bash
      page-26 步  3  Bash
      page-23 步  7  Edit
      page-29 步  7  Bash
      page-08 步 10  Read
      page-07 步  8  Edit
      page-04 步  6  Edit
      page-20 步  5  Write
      page-11 步  8  Edit
      page-17 步  8  Bash
      page-02 步 10  Edit
      page-21 步  7  Edit
      page-15 步  5  Bash
      page-22 步  7  Bash
      page-24 步  9  Edit
      page-08 步 11  Bash
  page-26  ✓    4 次调用    3.4 分  selfcheck  1  skill 1  已完成第 26 页构建并通过 selfcheck。
      page-14 步 10  Bash
      page-04 步  7  Edit
      page-18 步  6  Edit
      page-11 步  9  Bash
      page-10 步  8  Bash
      page-16 步  7  Edit
      page-24 步 10  Bash
      page-05 步  7  Bash
      page-23 步  8  Bash
      page-06 步  6  Edit
      page-08 步 12  Read
      page-07 步  9  Edit
      page-21 步  8  Edit
  page-17  ✓    9 次调用    3.5 分  selfcheck  2  skill 3  已完成第 17 页构建与交互，并通过默认状态及发射状态自检。
      page-15 步  6  Edit
      page-12 步  6  Bash
  page-25  ✓    8 次调用    3.6 分  selfcheck  2  skill 1  已完成 `page-25.html`，并通过默认状态及双行星选择状态的 selfcheck：无 JS 报错、资源加载失败
      page-22 步  8  Edit
      page-21 步  9  Bash
      page-02 步 11  Edit
      page-05 步  8  Bash
      page-06 步  7  Edit
      page-15 步  7  Edit
      page-01 步  9  Edit
      page-27 步  9  Edit
      page-20 步  6  Edit
      page-18 步  7  Bash
      page-30 步  8  Bash
      page-02 步 12  Bash
      page-04 步  8  Edit
      page-16 步  8  Bash
      page-20 步  7  Edit
      page-29 步  8  Edit
  page-18  ✓    8 次调用    3.8 分  selfcheck  3  skill 1  已完成 `page-18.html`，并通过 selfcheck：无脚本错误、资源失败、越界或裁切。
  page-24  ✓   11 次调用    3.8 分  selfcheck  3  skill 3  已完成 `page-24.html`：构建了基于 Matter.js 的可拖拽碰撞吸积实验，包含三轮实验、黏结/反弹/剥
      page-01 步 10  Bash
      page-29 步  9  Bash
      page-15 步  8  Edit
  page-10  ✓    9 次调用    3.8 分  selfcheck  2  skill 1  已完成 `page-10.html`，并通过默认状态与交互状态 selfcheck。      page-07 步 10  Bash

      page-20 步  8  Edit
      page-12 步  7  Bash
  page-14  ✓   11 次调用    3.8 分  selfcheck  3  skill 2  已完成 `page-14.html`，并通过默认及四卡全部展开状态的 selfcheck。
  page-21  ✓   10 次调用    3.8 分  selfcheck  3  skill 1  已完成第 21 页：构建了八行星共心轨道动态示意、四层支撑推理与章节收束主张，并使用 GSAP 时间线编排入场、轨道淡出
      page-06 步  8  Edit
      page-27 步 10  Edit
      page-16 步  9  Edit
      page-31 步  6  Edit
      page-05 步  9  Edit
      page-02 步 13  Edit
      page-06 步  9  Edit
      page-23 步  9  Read
      page-27 步 11  Edit
      page-29 步 10  Bash
      page-13 步  9  Bash
      page-07 步 11  Bash
      page-20 步  9  Edit
      page-05 步 10  Bash
      page-22 步  9  Bash
      page-20 步 10  Edit
      page-27 步 12  Edit
      page-31 步  7  Edit
      page-04 步  9  Bash
      page-01 步 11  Edit
  page-07  ✓   12 次调用    4.1 分  selfcheck  3  skill 2  已完成 `page-07.html`，并通过默认态与切换后的 selfcheck。
      page-15 步  9  Bash
      page-20 步 11  Edit
      page-16 步 10  Bash
  page-22  ✓   10 次调用    4.2 分  selfcheck  5  skill 2  已完成第 22 页构建，并通过默认态与最终交互态 selfcheck。
      page-30 步  9  Edit
      page-02 步 14  Edit
      page-11 步 10  Bash
      page-06 步 10  Bash
      page-20 步 12  Edit
  page-12  ✓    8 次调用    4.2 分  selfcheck  2  skill 3  已完成 `page-12.html`，并通过默认状态及键盘交互后的 selfcheck。
  page-29  ✓   11 次调用    4.3 分  selfcheck  4  skill 3  已完成 `page-29.html`，并通过默认状态与完成三轮交互后的 selfcheck。
      page-13 步 10  Edit
      page-27 步 13  Bash
      page-20 步 13  Edit
      page-23 步 10  Edit
      page-31 步  8  Edit
      page-13 步 11  Edit
      page-16 步 11  Bash
      page-28 步  4  Bash
      page-04 步 10  Edit
      page-02 步 15  Bash
      page-20 步 14  Bash
  page-30  ✓   10 次调用    4.4 分  selfcheck  2  skill 3  已完成 `page-30.html`：构建了基于对数距离映射的 Three.js 三维太阳系边界场景，支持拖动边界环、键
  page-05  ✓   11 次调用    4.4 分  selfcheck  5  skill 2  已完成 `page-05.html`，并通过默认状态及键盘交互后的 selfcheck 自检。
      page-31 步  9  Edit
      page-01 步 12  Edit
      page-13 步 12  Edit
      page-23 步 11  Bash
      page-11 步 11  Read
      page-28 步  5  Bash
      page-04 步 11  Edit
      page-16 步 12  Edit
      page-01 步 13  Bash
      page-31 步 10  Edit
      page-15 步 10  Edit
      page-08 步 13  Edit
      page-13 步 13  Edit
      page-16 步 13  Bash
      page-31 步 11  Bash
      page-06 步 11  Edit
      page-27 步 14  Edit
      page-13 步 14  Edit
      page-01 步 14  Edit
      page-20 步 15  Bash
      page-15 步 11  Edit
      page-04 步 12  Bash
      page-23 步 12  Edit
      page-02 步 16  Edit
      page-13 步 15  Bash
      page-31 步 12  Edit
      page-11 步 12  Edit
      page-15 步 12  Edit
      page-06 步 12  Edit
      page-02 步 17  Edit
      page-31 步 13  Edit
      page-16 步 14  Bash
      page-23 步 13  Edit
      page-08 步 14  Edit
      page-27 步 15  Edit
      page-23 步 14  Edit
      page-08 步 15  Edit
      page-20 步 16  Bash
      page-01 步 15  Edit
      page-11 步 13  Bash
      page-15 步 13  Bash
      page-23 步 15  Bash
      page-31 步 14  Bash
      page-02 步 18  Edit
      page-08 步 16  Edit
      page-20 步 17  Edit
      page-04 步 13  Edit
      page-27 步 16  Edit
      page-06 步 13  Edit
      page-13 步 16  Edit
      page-11 步 14  Edit
      page-01 步 16  Edit
      page-02 步 19  Bash
      page-28 步  6  Write
      page-20 步 18  Bash
      page-16 步 15  Edit
      page-13 步 17  Edit
      page-06 步 14  Edit
      page-11 步 15  Bash
      page-01 步 17  Bash
      page-02 步 20  Edit
      page-28 步  7  Bash
      page-11 步 16  Edit
      page-04 步 14  Edit
      page-23 步 16  Edit
      page-28 步  8  Bash
      page-27 步 17  Edit
      page-08 步 17  Bash
      page-31 步 15  Edit
      page-23 步 17  Bash
      page-28 步  9  Read
      page-13 步 18  Edit
      page-27 步 18  Bash
      page-04 步 15  Bash
      page-06 步 15  Bash
      page-31 步 16  Edit
      page-16 步 16  Bash
      page-02 步 21  Bash
      page-13 步 19  Bash
      page-31 步 17  Edit
      page-01 步 18  Bash
  page-20  ✓   19 次调用    5.9 分  selfcheck  4  skill 2  已完成 `page-20.html`，并通过默认状态与交互状态自检。
      page-28 步 10  Read
      page-11 步 17  Bash
  page-16  ✓   17 次调用    5.9 分  selfcheck  8  skill 1  已完成 `page-16.html`，并通过 selfcheck 全部检查。
      page-31 步 18  Edit
      page-02 步 22  Edit
      page-23 步 18  Edit
      page-01 步 19  Bash
  page-11  ✓   18 次调用    6.0 分  selfcheck  7  skill 1  已完成 `page-11.html`，并通过 selfcheck 全部检查。
      page-31 步 19  Edit
      page-02 步 23  Bash
      page-15 步 14  Edit
      page-23 步 19  Bash
      page-06 步 16  Edit
      page-13 步 20  Edit
      page-27 步 19  Edit
      page-01 步 20  Bash
      page-13 步 21  Bash
      page-04 步 16  Edit
      page-28 步 11  Edit
      page-27 步 20  Edit
      page-06 步 17  Edit
      page-02 步 24  Edit
      page-31 步 20  Edit
      page-08 步 18  Edit
      page-23 步 20  Edit
      page-04 步 17  Bash
      page-06 步 18  Bash
      page-31 步 21  Bash
      page-02 步 25  Edit
      page-23 步 21  Edit
      page-15 步 15  Edit
      page-28 步 12  Bash
      page-08 步 19  Edit
      page-02 步 26  Edit
      page-06 步 19  Edit
      page-31 步 22  Edit
      page-27 步 21  Edit
      page-15 步 16  Bash
      page-13 步 22  Edit
      page-08 步 20  Edit
      page-02 步 27  Edit
  page-28  ✓   13 次调用    6.6 分  selfcheck  2  skill 3  已完成 `page-28.html`，并通过默认状态与完整交互状态的 selfcheck 自检。
      page-31 步 23  Bash
  page-04  ✓   18 次调用    6.7 分  selfcheck  5  skill 3  已完成 `page-04.html`，并通过 selfcheck。
      page-06 步 20  Edit
      page-23 步 22  Bash
      page-01 步 21  Bash
      page-13 步 23  Bash
      page-08 步 21  Edit
      page-02 步 28  Edit
      page-27 步 22  Edit
      page-01 步 22  Bash
      page-15 步 17  Edit
      page-02 步 29  Edit
      page-27 步 23  Bash
      page-08 步 22  Edit
      page-01 步 23  Edit
      page-23 步 23  Edit
      page-06 步 21  Edit
      page-15 步 18  Edit
      page-08 步 23  Bash
      page-02 步 30  Edit
      page-15 步 19  Edit
      page-06 步 22  Edit
      page-13 步 24  Edit
      page-27 步 24  Bash
      page-01 步 24  Bash
      page-15 步 20  Edit
      page-31 步 24  Bash
      page-23 步 24  Edit
      page-06 步 23  Bash
      page-02 步 31  Bash
      page-27 步 25  Bash
  page-01  ✓   25 次调用    7.4 分  selfcheck 10  skill 2  已完成 `page-01.html`，并通过 selfcheck 全部检查。
      page-23 步 25  Bash
      page-15 步 21  Edit
  page-02  ✓   32 次调用    7.4 分  selfcheck  8  skill 1  已完成 `page-02.html`，并通过 selfcheck 全部检查。
      page-13 步 25  Bash
      page-31 步 25  Edit
      page-08 步 24  Edit
  page-13  ✓   26 次调用    7.6 分  selfcheck  6  skill 3  已完成第 13 页构建，并通过 selfcheck。
      page-27 步 26  Bash
      page-06 步 24  Edit
      page-15 步 22  Bash
      page-08 步 25  Edit
      page-31 步 26  Edit
      page-09 步  7  Bash
      page-06 步 25  Edit
      page-08 步 26  Edit
      page-31 步 27  Edit
      page-06 步 26  Edit
      page-09 步  8  Bash
      page-08 步 27  Edit
      page-23 步 26  Edit
      page-06 步 27  Bash
      page-15 步 23  Edit
      page-23 步 27  Bash
      page-31 步 28  Bash
      page-08 步 28  Edit
      page-27 步 27  Edit
      page-15 步 24  Bash
  page-09  ✓    9 次调用    8.4 分  selfcheck  2  skill 2  已完成 `page-09.html`，并通过默认状态及交互状态 selfcheck。
      page-27 步 28  Edit
      page-08 步 29  Edit
      page-23 步 28  Edit
      page-15 步 25  Edit
      page-06 步 28  Edit
      page-08 步 30  Edit
      page-31 步 29  Bash
      page-06 步 29  Bash
      page-15 步 26  Edit
      page-23 步 29  Bash
      page-31 步 30  Edit
      page-27 步 29  Edit
      page-08 步 31  Bash
      page-31 步 31  Bash
      page-23 步 30  Edit
      page-27 步 30  Edit
      page-15 步 27  Edit
      page-23 步 31  Edit
      page-06 步 30  Edit
      page-31 步 32  Edit
      page-15 步 28  Bash
      page-31 步 33  Edit
      page-15 步 29  Edit
      page-27 步 31  Bash
      page-06 步 31  Edit
      page-23 步 32  Edit
      page-08 步 32  Edit
      page-15 步 30  Edit
      page-31 步 34  Edit
      page-23 步 33  Edit
      page-15 步 31  Edit
      page-31 步 35  Bash
      page-27 步 32  Edit
      page-27 步 33  Edit
      page-31 步 36  Edit
      page-15 步 32  Bash
      page-06 步 32  Bash
      page-08 步 33  Edit
      page-31 步 37  Edit
  page-23  ✓   34 次调用    9.9 分  selfcheck 10  skill 2  已完成 `page-23.html`：构建了雪线对数距离尺、可拖动雪线、四类材料拖拽/键盘分类、即时反馈、进度与重置机制
      page-08 步 34  Edit
      page-27 步 34  Edit
      page-15 步 33  Edit
      page-31 步 38  Bash
      page-15 步 34  Edit
  page-31  ✓   39 次调用   10.1 分  selfcheck 11  skill 1  已完成 `page-31.html`，并通过自检的脚本、资源、画布、裁切、字号、文本块与密度检查。
      page-06 步 33  Edit
      page-27 步 35  Bash
      page-08 步 35  Edit
      page-15 步 35  Edit
      page-06 步 34  Bash
      page-27 步 36  Edit
      page-15 步 36  Bash
      page-06 步 35  Edit
      page-08 步 36  Edit
      page-27 步 37  Bash
      page-06 步 36  Bash
      page-15 步 37  Edit
      page-08 步 37  Edit
      page-15 步 38  Bash
      page-08 步 38  Bash
  page-06  ✓   37 次调用   11.1 分  selfcheck 10  skill 1  已完成 `page-06.html`，并通过 selfcheck 全部检查。
      page-27 步 38  Bash
  page-27  ✓   39 次调用   11.4 分  selfcheck 12  skill 2  已完成 `page-27.html`，并通过默认、正确回答及错误回答状态的 selfcheck。
      page-15 步 39  Edit
      page-08 步 39  Edit
      page-08 步 40  Bash
      page-08 步 41  Edit
      page-15 步 40  Bash
      page-08 步 42  Edit
      page-15 步 41  Edit
      page-08 步 43  Edit
      page-15 步 42  Edit
      page-08 步 44  Edit
      page-15 步 43  Bash
      page-08 步 45  Edit
  page-15  ✓   44 次调用   12.9 分  selfcheck 12  skill 1  已完成 `page-15.html`，并通过 selfcheck 全部检查。
      page-08 步 46  Bash
      page-08 步 47  Edit
      page-08 步 48  Edit
      page-08 步 49  Edit
      page-08 步 50  Bash
      page-08 步 51  Edit
      page-08 步 52  Edit
      page-08 步 53  Edit
      page-08 步 54  Bash
      page-08 步 55  Edit
      page-08 步 56  Bash
      page-08 步 57  Edit
      page-08 步 58  Edit
      page-08 步 59  Bash
      page-08 步 60  Edit
      page-08 步 61  Edit
      page-08 步 62  Bash
      page-08 步 63  Edit
      page-08 步 64  Edit
      page-08 步 65  Edit
      [page-08] RateLimitError 等 4s 重试 1/8
      [page-08] RateLimitError 等 19s 重试 2/8
      [page-08] RateLimitError 等 34s 重试 3/8
      page-08 步 66  Edit
      page-08 步 67  Bash
      page-08 步 68  Edit
      page-08 步 69  Edit
      page-08 步 70  Bash
  page-08  ✓   71 次调用   21.4 分  selfcheck 14  skill 3  已完成 `page-08.html`，并通过 selfcheck 自检。

  32/32 页交付   墙钟 21.4 分
  每页调用数 4–71,中位 11   合计 591
  selfcheck 合计 168   Skill 合计 61
  指派 skill 60 项,实际读到 60 项
  读取次数(前 6):CONTRACT.md 32  deck.md 32  theme.css 32  CHASSIS.md 32  LIBS.md 18  lec.js 14
