
▸ builder · sol46
  32 页,并发 50,effort=low,skill 清单 9,221 字符

      page-26 步  1  Bash Skill Skill
      page-02 步  1  Read Read Read Read Read Skill
      page-23 步  1  Read Read Read Read Read Skill Skill
      page-27 步  1  Read Read Read Read Read Skill Skill
      page-01 步  1  Read Read Read Read Read Skill Skill
      page-03 步  1  Read Read Read Read Read Skill Skill
      page-09 步  1  Read Read Read Read Read Skill Read
      page-19 步  1  Read Read Read Read Read Skill Skill
      page-05 步  1  Read Read Read Read Read Skill Skill
      page-11 步  1  Read Read Read Read Read Skill Skill Skill
      page-31 步  1  Read Read Read Read Read Skill Skill Read
      page-04 步  1  Read Read Read Read Read Skill Skill Skill
      page-10 步  1  Read Read Read Read Read Skill Skill Skill
      page-14 步  1  Read Read Read Read Read Skill Skill
      page-18 步  1  Read Read Read Read Read Skill Skill
      page-32 步  1  Read Read Read Read Read Read Skill
      page-29 步  1  Read Read Read Read Read Skill Skill Skill
      page-17 步  1  Read Read Read Read Read Skill
      page-06 步  1  Read Read Read Read Read Skill Skill
      page-08 步  1  Read Read Read Read Read Skill Skill
      page-21 步  1  Read Read Read Read Read Skill Skill Skill
      page-01 步  2  Read
      page-26 步  2  Read Read Read Read Read
      page-19 步  2  Read Read
      page-28 步  1  Read Read Read Read Read Skill Skill
      page-03 步  2  Read Read
      page-13 步  1  Read Read Read Read Read Skill Skill Read
      page-24 步  1  Read Read Read Read Read Skill Skill
      page-23 步  2  Read Read Bash
      page-22 步  1  Read Read Read Read Read Skill Skill
      page-11 步  2  Read Read
      page-10 步  2  Read Read      page-05 步  2  Read Read Bash

      page-08 步  2  Read Read Bash
      page-25 步  1  Read Read Read Read Read Skill
      page-06 步  2  Read Read
      page-17 步  2  Read Read
      page-31 步  2  Bash
      page-26 步  3  Read Read Read Read Read
      page-21 步  2  Read Read
      page-16 步  1  Read Read Read Read Read Skill Skill
      page-02 步  2  Read
      page-04 步  2  Read Read
      page-03 步  3  Bash
      page-15 步  1  Read Read Read Read Read Skill
      page-12 步  1  Read Read Read Read Read Skill Skill
      page-20 步  1  Read Read Read Read Read Skill Read
      page-30 步  1  Read Read Read Read Read Skill Skill
      page-03 步  4  Read
      page-18 步  2  Read Read Bash
      page-14 步  2  Read Read
      page-16 步  2  Read Read
      page-23 步  3  Read
      page-03 步  5  Bash
      page-30 步  2  Read Read Bash
      page-12 步  2  Read Read Bash
      page-15 步  2  Read Read
      page-25 步  2  Read Bash Bash
      page-24 步  2  Read Read Bash
      page-22 步  2  Read Read Bash
      page-28 步  2  Read Read Bash
      page-05 步  3  Read
      page-16 步  3  Bash
      page-30 步  3  Bash
      page-18 步  3  Bash
      page-29 步  2  Read Read
      page-32 步  2  Write
      page-22 步  3  Bash
      page-07 步  1  Read Read Read Read Read Skill Skill
      page-28 步  3  Bash
      page-31 步  3  Read
      page-24 步  3  Bash
      page-12 步  3  Bash
      page-02 步  3  Write
      page-13 步  2  Read
      page-09 步  2  Write
      page-25 步  3  Bash
      page-01 步  3  Write
      page-14 步  3  Bash
      page-31 步  4  Bash
      page-12 步  4  Bash
      page-09 步  3  Bash
      page-24 步  4  Bash Bash Bash
      page-30 步  4  Bash Bash Bash Bash
      page-07 步  2  Read Read
      page-32 步  3  Bash
      page-01 步  4  Bash
      page-25 步  4  Bash
      page-27 步  2  Read Read
      page-08 步  3  Bash
      page-06 步  3  Write
      page-26 步  4  Write
      page-25 步  5  Bash
      page-18 步  4  Bash
      page-01 步  5  Bash
      page-20 步  2  Write
      page-24 步  5  Bash Bash Bash
      page-06 步  4  Edit
      page-30 步  5  Bash
      page-14 步  4  Read
      page-29 步  3  Bash      page-02 步  4  Edit

      page-27 步  3  Bash
      page-19 步  3  Write
      page-01 步  6  Bash
      page-23 步  4  Write
      page-26 步  5  Edit
      page-06 步  5  Edit
      page-14 步  5  Read
      page-21 步  3  Write
      page-12 步  5  Bash
      page-24 步  6  Bash Bash Bash
      page-02 步  5  Bash
      page-17 步  3  Write
      page-18 步  5  Bash
      page-26 步  6  Edit
      page-08 步  4  Bash
      page-19 步  4  Bash
      page-10 步  3  Write
      page-06 步  6  Bash
      page-25 步  6  Bash
      page-07 步  3  Bash
      page-15 步  3  Write
      page-32 步  4  Edit
      page-27 步  4  Read Read
      page-14 步  6  Bash
      page-31 步  5  Write
      page-20 步  3  Edit
      page-29 步  4  Bash
      page-04 步  3  Write
      page-32 步  5  Bash
      page-07 步  4  Bash
      page-31 步  6  Bash
      page-19 步  5  Bash Bash Bash
      page-08 步  5  Read
      page-20 步  4  Bash
      page-30 步  6  Bash
      page-28 步  4  Bash Bash Bash Bash
      page-22 步  4  Bash
      page-13 步  3  Bash
      page-17 步  4  Edit
      page-24 步  7  Bash
      page-09 步  4  Edit
      page-21 步  4  Bash
      page-05 步  4  Write
      page-08 步  6  Bash
      page-23 步  5  Edit
      page-04 步  4  Edit
      page-13 步  4  Read Read Read
      page-32 步  6  Edit
      page-26 步  7  Bash
      page-10 步  4  Edit
      page-01 步  7  Edit
      page-20 步  5  Edit
      page-15 步  4  Edit
      page-17 步  5  Bash
      page-03 步  6  Write
      page-18 步  6  Bash
      page-22 步  5  Bash
      page-10 步  5  Bash
      page-02 步  6  Edit Edit
      page-30 步  7  Bash
      page-28 步  5  Bash Bash Bash Bash
      page-16 步  4  Write
      page-32 步  7  Bash
      page-22 步  6  Bash
      page-15 步  5  Edit
      page-04 步  5  Edit
      page-09 步  5  Edit
      page-05 步  5  Edit
      page-17 步  6  Edit
      page-18 步  7  Read
      page-21 步  5  Edit
  page-19  ✓    6 次调用    1.7 分  selfcheck  4  skill 2  已完成第 19 页构建与交互自检。
      page-23 步  6  Bash
      page-10 步  6  Edit
      page-26 步  8  Bash Bash Bash
      page-05 步  6  Bash
      page-16 步  5  Edit
      page-09 步  6  Bash
      page-04 步  6  Edit
      page-32 步  8  Edit
      page-10 步  7  Bash
      page-28 步  6  Bash Bash
      page-27 步  5  Write
      page-31 步  7  Edit
      page-05 步  7  Edit Edit
      page-03 步  7  Edit
      page-15 步  6  Bash
      page-21 步  6  Bash
      page-01 步  8  Edit
      page-04 步  7  Bash
      page-30 步  8  Bash
  page-09  ✓    7 次调用    2.0 分  selfcheck  2  skill 1  已完成 `page-09.html`，并通过 selfcheck。
      page-29 步  5  Write
      page-27 步  6  Edit
      page-31 步  8  Edit
      page-18 步  8  Bash
  page-26  ✓    9 次调用    2.0 分  selfcheck  4  skill 2  已完成第 26 页构建，并通过初始状态及交互极端状态的 selfcheck。
  page-10  ✓    8 次调用    2.0 分  selfcheck  2  skill 3  已完成第 10 页互动轨道炮：包含 Matter.js 实时引力模拟、功率调节、发射/暂停/重置、轨迹与方向箭头、六步因
      page-06 步  7  Bash
      page-17 步  7  Bash
      page-20 步  6  Edit
      page-02 步  7  Bash
      page-05 步  8  Bash
      page-31 步  9  Edit
      page-23 步  7  Edit Edit Edit
      page-12 步  6  Write
  page-21  ✓    7 次调用    2.1 分  selfcheck  2  skill 3  已完成第 21 页构建，并通过初始、重置与键盘交互状态自检。
      page-25 步  7  Bash
      page-15 步  7  Edit
      page-23 步  8  Bash
      page-11 步  3  Write
      page-25 步  8  Bash
      page-31 步 10  Bash
      page-18 步  9  Bash
  page-02  ✓    8 次调用    2.2 分  selfcheck  2  skill 1  已完成 `page-02.html`：构建四问航线技术账册、纵向顺序主干、章节与关注点索引、入场动效及 reduced-
      page-08 步  7  Bash
      page-04 步  8  Bash
      page-14 步  7  Write
      page-01 步  9  Bash
      page-27 步  7  Edit
      page-25 步  9  Edit
      page-14 步  8  Edit
      page-20 步  7  Edit
      page-32 步  9  Bash
      page-01 步 10  Bash
      page-15 步  8  Bash
      page-13 步  5  Write
      page-16 步  6  Edit
      page-24 步  8  Write
      page-20 步  8  Edit
      page-06 步  8  Read Read Read Bash
      page-12 步  7  Edit
      page-13 步  6  Edit
      page-17 步  8  Bash
      page-22 步  7  Bash
      page-05 步  9  Bash Bash Bash
      page-11 步  4  Edit
      page-16 步  7  Bash
      page-01 步 11  Edit
      page-03 步  8  Bash
      page-23 步  9  Read
      page-11 步  5  Bash
      page-25 步 10  Bash
      page-29 步  6  Edit
      page-13 步  7  Edit
  page-17  ✓    9 次调用    2.6 分  selfcheck  3  skill 1  已完成并通过自检。
      page-14 步  9  Bash
      page-22 步  8  Bash
      page-28 步  7  Bash
      page-08 步  8  Edit
      page-27 步  8  Bash
      page-06 步  9  Bash
  page-15  ✓    9 次调用    2.7 分  selfcheck  2  skill 1  已完成第 15 页构建并通过初始、键盘完成及重置状态自检。
      page-24 步  9  Bash
      page-03 步  9  Edit
  page-32  ✓   10 次调用    2.7 分  selfcheck  4  skill 1  已完成 `page-32.html`，并通过最终自检：无 JS 错误、资源加载失败、画布溢出或元素裁切。
  page-31  ✓   11 次调用    2.7 分  selfcheck  2  skill 2  已完成 `page-31.html`，并通过 selfcheck：无报错、无加载失败、无越界或裁切。
      page-01 步 12  Bash
      page-14 步 10  Edit
      page-29 步  7  Edit
  page-05  ✓   10 次调用    2.8 分  selfcheck  5  skill 2  已完成 `page-05.html`，并通过初始及交互极端状态自检。
      page-16 步  8  Bash Bash
      page-28 步  8  Bash
      page-29 步  8  Bash
      page-24 步 10  Edit
      page-04 步  9  Bash
  page-01  ✓   13 次调用    2.8 分  selfcheck  6  skill 2  已完成 `page-01.html`，并通过 selfcheck 全部检查。
      page-20 步  9  Bash
      page-22 步  9  Bash
      page-23 步 10  Bash
      page-18 步 10  Bash
  page-16  ✓    9 次调用    2.9 分  selfcheck  3  skill 2  已完成 `page-16.html`。
      page-24 步 11  Edit
      page-29 步  9  Read
      page-08 步  9  Edit
      page-30 步  9  Write
      page-11 步  6  Read
  page-25  ✓   11 次调用    3.0 分  selfcheck  2  skill 1  已完成 `page-25.html`，并通过 selfcheck：无 JS 报错、加载失败、越界或裁切。
      page-08 步 10  Bash
      page-06 步 10  Edit
      page-20 步 10  Edit
      page-14 步 11  Edit
      page-18 步 11  Edit
      page-12 步  8  Edit
      page-03 步 10  Edit
      page-04 步 10  Edit
      page-30 步 10  Edit
      page-20 步 11  Edit
      page-13 步  8  Bash
      page-11 步  7  Read
      page-29 步 10  Bash
      page-30 步 11  Edit
      page-06 步 11  Bash
      page-23 步 11  Read
      page-08 步 11  Bash
      page-11 步  8  Edit Edit
      page-03 步 11  Bash
      page-14 步 12  Edit
      page-20 步 12  Edit
      page-13 步  9  Edit Edit
      page-18 步 12  Edit
      page-24 步 12  Edit
      page-13 步 10  Bash
      page-29 步 11  Bash
      page-20 步 13  Bash
      page-22 步 10  Write
      page-30 步 12  Bash
      page-11 步  9  Bash
      page-12 步  9  Edit
      page-06 步 12  Bash Bash Bash
      page-03 步 12  Bash
      page-14 步 13  Bash
      page-28 步  9  Bash
      page-18 步 13  Bash
      page-22 步 11  Bash
      page-12 步 10  Bash
  page-20  ✓   14 次调用    3.8 分  selfcheck  3  skill 1  已完成 `page-20.html`：实现 Konva 材料卡拖拽分类、即时反馈、进度、键盘操作、完成态与重置，并通过 
      page-03 步 13  Bash
      page-04 步 11  Bash
      page-14 步 14  Edit
  page-06  ✓   13 次调用    3.9 分  selfcheck  5  skill 2  已完成 `page-06.html`，并通过初始、正确选择、错误选择及重置状态自检。
      page-27 步  9  Edit
      page-23 步 12  Edit
      page-18 步 14  Bash Bash Bash
      page-03 步 14  Edit
      page-11 步 10  Bash Bash
      page-08 步 12  Bash
      page-30 步 13  Bash
      page-28 步 10  Edit
      page-27 步 10  Edit
      page-24 步 13  Bash
      page-12 步 11  Edit
      page-28 步 11  Edit
      page-13 步 11  Bash Bash Bash Bash
      page-27 步 11  Edit
      page-30 步 14  Bash
      page-29 步 12  Edit
  page-04  ✓   12 次调用    4.3 分  selfcheck  4  skill 3  已完成 `page-04.html`：构建双尺度太阳系三维比较、端点吸附与访问进度、过渡状态反馈、重置及无障碍减弱动态支
      page-29 步 13  Edit
      page-08 步 13  Read
      page-03 步 15  Bash
      page-23 步 13  Bash
      page-29 步 14  Edit
  page-18  ✓   15 次调用    4.4 分  selfcheck  4  skill 2  已完成 `page-18.html`，并通过初始、比较完成、同侧误选与重置状态的 selfcheck。
      page-30 步 15  Bash
      page-24 步 14  Edit
      page-28 步 12  Edit
  page-03  ✓   16 次调用    4.6 分  selfcheck  5  skill 2  已完成第 3 页构建并通过全部自检。
      page-14 步 15  Edit
      page-27 步 12  Bash
  page-13  ✓   12 次调用    4.7 分  selfcheck  6  skill 2  已完成 `page-13.html`，并通过初始、滑块端点、正确/错误反馈及完成状态自检。
      page-22 步 12  Edit
  page-11  ✓   11 次调用    4.7 分  selfcheck  4  skill 3  已完成 `page-11.html`，并通过初始、圆轨道档及全部观察完成状态的 selfcheck。
      page-14 步 16  Bash
      page-29 步 15  Bash
      page-08 步 14  Edit
      page-12 步 12  Bash Bash
      page-22 步 13  Edit
      page-24 步 15  Bash Bash
      page-23 步 14  Edit
      page-30 步 16  Edit
      page-28 步 13  Bash
      page-24 步 16  Edit
      page-23 步 15  Bash
      page-27 步 13  Edit
      page-29 步 16  Edit
      page-08 步 15  Edit
      page-30 步 17  Edit
      page-14 步 17  Edit
      page-12 步 13  Bash
      page-23 步 16  Edit
      page-27 步 14  Bash
      page-29 步 17  Edit
      page-14 步 18  Bash
      page-08 步 16  Edit
      page-24 步 17  Bash
      page-30 步 18  Bash
      page-28 步 14  Bash Bash Bash
      page-29 步 18  Bash
      page-24 步 18  Edit
      page-30 步 19  Edit
      page-22 步 14  Edit
  page-28  ✓   15 次调用    5.6 分  selfcheck  5  skill 2  已完成 `page-28.html`：四种探测任务方式的照片拖拽/键盘配对、即时反馈、进度状态、账目展开与重置功能均已实
  page-12  ✓   14 次调用    5.6 分  selfcheck  4  skill 2  已完成 `page-12.html`，并通过 selfcheck：无 JS 报错、加载失败、画布溢出或元素裁切。
  page-27  ✓   15 次调用    5.6 分  selfcheck  3  skill 2  已完成 `page-27.html`，并通过 selfcheck。
      page-23 步 17  Bash
      page-08 步 17  Edit
      page-07 步  5  Write
      page-14 步 19  Bash
      page-24 步 19  Bash
      page-30 步 20  Edit
      page-22 步 15  Bash
      page-29 步 19  Edit
      page-07 步  6  Bash
  page-14  ✓   20 次调用    6.0 分  selfcheck  5  skill 2  已完成第 14 页构建与交互，并通过自检。
      page-08 步 18  Bash
      page-22 步 16  Edit
      page-07 步  7  Edit
      page-30 步 21  Edit
      page-29 步 20  Edit
      page-22 步 17  Bash
      page-23 步 18  Edit
  page-24  ✓   20 次调用    6.5 分  selfcheck  6  skill 2  已完成 `page-24.html`：三颗卫星真实影像、悬停证据揭示、拖拽与键盘配对、即时反馈、进度及重置功能均已实现，
      page-30 步 22  Bash
      page-08 步 19  Bash
      page-23 步 19  Bash
      page-07 步  8  Edit
      page-29 步 21  Bash
      page-08 步 20  Bash
  page-22  ✓   18 次调用    6.8 分  selfcheck  3  skill 2  已完成 `page-22.html`，并通过初始、最深剖切及重置状态的 selfcheck。
      page-08 步 21  Edit
      page-29 步 22  Edit
      page-08 步 22  Edit
      page-08 步 23  Bash
      page-30 步 23  Bash
  page-08  ✓   24 次调用    7.3 分  selfcheck  5  skill 2  已完成 `page-08.html`：构建质量份额猜测交互、D3 质量环、NASA 太阳图像及三联比较结构，并通过初始与
  page-23  ✓   20 次调用    7.4 分  selfcheck  6  skill 2  已完成 `page-23.html`，并通过 selfcheck。
      page-29 步 23  Edit
  page-30  ✓   24 次调用    7.5 分  selfcheck  4  skill 2  已完成 `page-30.html`，并通过初始态、完成态与重置态自检。
      page-29 步 24  Bash
      page-29 步 25  Bash
      page-29 步 26  Bash
      page-29 步 27  Edit
      page-29 步 28  Bash
  page-29  ✓   29 次调用    9.0 分  selfcheck  7  skill 3  已完成 `page-29.html`：包含六步任务流程、Three.js 三维轨道沙盘、发射窗口/航速/路线规划交互、实
      page-07 步  9  Edit
      page-07 步 10  Edit
      page-07 步 11  Bash
      page-07 步 12  Edit
      page-07 步 13  Edit
      page-07 步 14  Edit
      page-07 步 15  Edit
      page-07 步 16  Edit
      page-07 步 17  Bash
      page-07 步 18  Edit
      page-07 步 19  Edit
      page-07 步 20  Edit
      page-07 步 21  Edit
      page-07 步 22  Bash
      page-07 步 23  Bash
      page-07 步 24  Edit
      page-07 步 25  Bash
      page-07 步 26  Edit
      page-07 步 27  Bash
      page-07 步 28  Edit
      page-07 步 29  Bash
      page-07 步 30  Edit
      page-07 步 31  Bash
  page-07  ✓   32 次调用   17.2 分  selfcheck  7  skill 2  已完成第 7 页互动讲义，并通过 selfcheck：无 JS 报错、资源加载失败、画布越界或元素裁切。

  32/32 页交付   墙钟 17.2 分
  每页调用数 6–32,中位 13   合计 451
  selfcheck 合计 129   Skill 合计 62
  指派 skill 62 项,实际读到 62 项
  读取次数(前 6):theme.css 35  CONTRACT.md 32  deck.md 32  CHASSIS.md 32  LIBS.md 25  lec.js 18
