
▸ builder · sol47
  8 页,并发 8,effort=low,skill 清单 9,221 字符

      page-16 步  1  Read Read Read Read Read Skill Read
      page-20 步  1  Read Read Read Read Read Skill Read
      page-01 步  1  Read Read Read Read Read Read
      page-05 步  1  Read Read Read Read Read Read
      page-31 步  1  Read Read Read Read Read Read
      page-28 步  1  Read Read Read Read Read Skill Skill
      page-11 步  1  Read Read Read Read Read Skill Skill Skill
      page-26 步  1  Read Read Read Read Read Skill
      page-28 步  2  Read Bash
      page-20 步  2  Read Bash
      page-16 步  2  Read
      page-11 步  2  Read Bash
      page-28 步  3  Bash
      page-11 步  3  Read
      page-05 步  2  Bash
      page-20 步  3  Read
      page-26 步  2  Read Read
      page-11 步  4  Bash
      page-28 步  4  Read
      page-20 步  4  Read
      page-31 步  2  Write
      page-26 步  3  Bash
      page-05 步  3  Read
      page-11 步  5  Bash
      page-26 步  4  Bash
      page-31 步  3  Bash
      page-01 步  2  Write
      page-11 步  6  Bash
      page-26 步  5  Bash
      page-01 步  3  Bash
      page-16 步  3  Write
      page-16 步  4  Bash
      page-01 步  4  Edit
      page-11 步  7  Bash
      page-01 步  5  Edit
      page-16 步  5  Edit
      page-05 步  4  Write
      page-31 步  4  Edit
      page-05 步  5  Bash
      page-20 步  5  Write
      page-01 步  6  Edit
      page-16 步  6  Edit
      page-31 步  5  Edit
      page-11 步  8  Bash
      page-31 步  6  Edit
      page-20 步  6  Bash
      page-16 步  7  Edit
      page-28 步  5  Write
      page-01 步  7  Edit
      page-31 步  7  Edit
      page-16 步  8  Edit
      page-05 步  6  Edit
      page-28 步  6  Bash
      page-01 步  8  Bash
      page-26 步  6  Write
      page-31 步  8  Edit
      page-16 步  9  Edit
      page-05 步  7  Edit
      page-20 步  7  Edit
      page-26 步  7  Bash
      page-31 步  9  Edit
      page-05 步  8  Edit
      page-01 步  9  Edit
      page-20 步  8  Edit
      page-26 步  8  Bash
      page-16 步 10  Edit
      page-31 步 10  Bash
      page-05 步  9  Edit
      page-20 步  9  Edit
      page-01 步 10  Edit
      page-26 步  9  Bash
      page-16 步 11  Bash Bash
      page-28 步  7  Edit
      page-11 步  9  Bash
      page-05 步 10  Edit
      page-01 步 11  Bash
      page-20 步 10  Edit
  page-01  ✓   12 次调用    1.8 分  selfcheck  3  skill 0  已完成 `page-01.html`，并通过 selfcheck 全部检查。
      page-05 步 11  Bash
      page-20 步 11  Bash
      page-11 步 10  Bash Bash Bash
      page-31 步 11  Edit
      page-16 步 12  Bash
      page-26 步 10  Edit
      page-31 步 12  Edit
      page-05 步 12  Bash
  page-16  ✓   13 次调用    2.0 分  selfcheck  4  skill 1  已完成第 16 页互动讲义，构建了可展开的 D3 分类家谱、查看进度、分类依据与边界提醒，并通过 selfcheck。
      page-31 步 13  Bash
  page-11  ✓   11 次调用    2.0 分  selfcheck  4  skill 3  已完成 `page-11.html`：构建四颗岩石行星的对齐比较板、NASA 任务影像揭幕与双列锁定交互，并通过初始态、
      page-26 步 11  Edit
      page-20 步 12  Edit
      page-28 步  8  Edit
      page-05 步 13  Read
      page-26 步 12  Edit
      page-31 步 14  Edit
      page-28 步  9  Edit
      page-26 步 13  Bash
      page-20 步 13  Edit
      page-31 步 15  Edit
      page-28 步 10  Bash
      page-20 步 14  Edit
      page-05 步 14  Edit
      page-31 步 16  Bash
      page-20 步 15  Bash
      page-05 步 15  Edit
      page-31 步 17  Edit
      page-31 步 18  Bash
      page-28 步 11  Edit
      page-05 步 16  Edit
  page-26  ✓   14 次调用    2.5 分  selfcheck  4  skill 1  已完成第 26 页互动讲义构建，并通过初始态、双方案运行态及重置态自检。
      page-31 步 19  Edit
      page-20 步 16  Edit
      page-28 步 12  Edit
      page-05 步 17  Edit
      page-31 步 20  Edit
      page-05 步 18  Bash
      page-28 步 13  Bash
      page-31 步 21  Bash
      page-20 步 17  Edit
      page-20 步 18  Bash
  page-31  ✓   22 次调用    2.9 分  selfcheck  6  skill 0  已完成 `page-31.html`，并通过 selfcheck 全部检查。
      page-05 步 19  Edit
      page-05 步 20  Edit
      page-28 步 14  Edit
      page-20 步 19  Edit
      page-05 步 21  Bash
      page-20 步 20  Bash
      page-28 步 15  Edit
      page-20 步 21  Bash
      page-28 步 16  Bash
      page-05 步 22  Edit
      page-20 步 22  Bash
      page-05 步 23  Edit
      page-28 步 17  Bash
      page-05 步 24  Bash
      page-28 步 18  Read
      page-20 步 23  Edit
      page-05 步 25  Edit
      page-05 步 26  Bash
      page-28 步 19  Edit
      page-20 步 24  Edit
      page-20 步 25  Bash
      page-28 步 20  Edit
      page-28 步 21  Bash
      page-20 步 26  Edit
      page-28 步 22  Bash
      page-20 步 27  Bash
      page-28 步 23  Bash
      page-05 步 27  Edit
      page-20 步 28  Edit
      page-05 步 28  Edit
      page-28 步 24  Edit
      page-20 步 29  Bash
      page-05 步 29  Bash
      page-28 步 25  Bash Bash
      page-20 步 30  Edit
      page-05 步 30  Edit
      page-20 步 31  Bash
  page-28  ✓   26 次调用    4.7 分  selfcheck 10  skill 2  已完成 `page-28.html`：构建了五步任务设计流程、资源配置小游戏、实时预算反馈、故障裕量审查与重置机制，并通
      page-05 步 31  Bash
      page-20 步 32  Edit
  page-05  ✓   32 次调用    5.0 分  selfcheck  9  skill 0  已完成 `page-05.html`：实现太阳质量份额滑块、动态质量面积、天平重心读数、核对反馈、自动吸附与重置，并通过
      page-20 步 33  Edit
      page-20 步 34  Edit
      page-20 步 35  Bash
      page-20 步 36  Edit
      page-20 步 37  Edit
      page-20 步 38  Edit
      page-20 步 39  Bash
      page-20 步 40  Edit
      page-20 步 41  Bash
      page-20 步 42  Edit
      page-20 步 43  Edit
      page-20 步 44  Bash
      page-20 步 45  Edit
      page-20 步 46  Bash
      page-20 步 47  Edit
      page-20 步 48  Edit
      page-20 步 49  Bash
      page-20 步 50  Bash
      page-20 步 51  Edit
      page-20 步 52  Bash
  page-20  ✓   53 次调用    8.2 分  selfcheck 19  skill 1  已完成第 20 页构建，并通过 selfcheck 全部检查。

  8/8 页交付   墙钟 8.2 分
  每页调用数 11–53,中位 22   合计 183
  selfcheck 合计 59   Skill 合计 8
  指派 skill 8 项,实际读到 8 项
  读取次数(前 6):CONTRACT.md 8  deck.md 8  theme.css 8  CHASSIS.md 8  lec.js 5  LIBS.md 3
