
▸ planner · sol45
  认识太阳系 —— 天文学通识课第二讲  /  45 分钟

  seed         底盘已就位,库 20 个
  lec.js         91.9s  out= 8,080 tok   25,848 字符
  PLAN.md        68.8s  out= 5,589 tok    8,126 字符
  验页表       32 行  停留合计 2700/2700 秒  ✓   无交互 9 页
  验证据链     声明 5 条,页表用到 5 条,承担论证的页 23/32
  验幕结构     6 幕,页序连续 ✓
  验视觉世界   4 个 hex、5 条母题  ✓
  验页表       32 行,知识结构 5 种: classification comparison enumeration generalization process
  展开 p17     ✗ 第 1 次不是有效规格:缺必填小节 表征形式
  展开 p09     ✗ 第 1 次不是有效规格:缺必填小节 表征形式
  展开 p25     ✗ 第 1 次不是有效规格:缺必填小节 表征形式
  展开 p17     ✗ 第 2 次不是有效规格:缺必填小节 表征形式
  展开 p17     ✗ 第 3 次不是有效规格:缺必填小节 表征形式
  展开 p17     ⚠ 3 次都不合格,**保留最后一次**继续往下走(最后一次:缺必填小节 表征形式)
  展开规格     32 份(32 新建/0 复用)  98s  out=44,024 tok  2,311–4,296B
  theme.css      59.9s  out= 6,162 tok   15,351 字符
  接口交接     theme.css 的 INTERFACE 块 31 行 → CHASSIS.md
  CONTRACT.md    51.4s  out= 3,282 tok    5,250 字符
  skeletons    32 个骨架,已接 base/theme/lec,data-total=32
  briefs       32 份,3322–3375 字符,中位 3345

  合计 370s  →  /data1/home/zhuyifan/ws2/Notale/notale-v2/runs/sol45
