
▸ builder · sol48
  12 页,并发 12,effort=low,skill 清单 9,221 字符

      page-01 步  1  Read Read Read Read Read Skill Skill
      page-34 步  1  Read Read Read Read Read Skill Skill
      page-20 步  1  Read Read Read Read Read Skill Skill
      page-16 步  1  Read Read Read Read Read Skill Skill Read
      page-11 步  1  Read Read Read Read Read Skill Skill
      page-28 步  1  Read Read Read Read Read Skill Skill
      page-31 步  1  Read Read Read Read Read Skill Skill Skill Skill
      page-27 步  1  Read Read Read Read Read Skill Read
      page-26 步  1  Read Read Read Read Read Skill Skill Skill
      page-27 步  2  Bash
      page-01 步  2  Read Bash
      page-11 步  2  Bash
      page-19 步  1  Read Read Read Read Read Skill
      page-20 步  2  Read
      page-34 步  2  Read Bash
      page-16 步  2  Bash
      page-28 步  2  Read Bash
      page-10 步  1  Read Read Read Read Read Skill Read
      page-05 步  1  Read Read Read Read Read Skill Skill
      page-26 步  2  Read Read Bash
      page-19 步  2  Read Bash
      page-31 步  2  Read Read Bash
      page-10 步  2  Bash
      page-20 步  3  Bash
      page-26 步  3  Read
      page-05 步  2  Read Bash
      page-31 步  3  Read
      page-16 步  3  Read
      page-05 步  3  Bash
      page-27 步  3  Write
      page-34 步  3  Write
      page-05 步  4  Read
      page-27 步  4  Bash
      page-05 步  5  Read
      page-34 步  4  Bash
      page-10 步  3  Write
      page-28 步  3  Write
      page-20 步  4  Bash
      page-10 步  4  Bash
      page-11 步  3  Write
      page-27 步  5  Edit
      page-19 步  3  Write
      page-11 步  4  Bash
      page-19 步  4  Bash
      page-28 步  4  Bash
      page-01 步  3  Write
      page-34 步  5  Edit
      page-26 步  4  Write
      page-20 步  5  Bash
      page-11 步  5  Bash Bash
      page-27 步  6  Edit
      page-01 步  4  Bash
      page-10 步  5  Edit
      page-34 步  6  Bash
      page-31 步  4  Write
      page-19 步  5  Edit
  page-11  ✓    6 次调用    1.2 分  selfcheck  3  skill 2  已完成第 11 页构建，并通过初始态、0% 与 100% 交互态 selfcheck。
      page-10 步  6  Edit
      page-27 步  7  Edit
      page-05 步  6  Write
      page-28 步  5  Edit
      page-10 步  7  Bash
      page-34 步  7  Bash
      page-19 步  6  Edit
      page-26 步  5  Bash
      page-27 步  8  Edit
      page-31 步  5  Bash
      page-16 步  4  Write
      page-05 步  7  Bash
      page-28 步  6  Edit
      page-34 步  8  Read
      page-16 步  5  Bash
      page-19 步  7  Edit
      page-10 步  8  Edit
      page-27 步  9  Bash
      page-28 步  7  Bash
      page-01 步  5  Edit
      page-16 步  6  Edit
      page-10 步  9  Edit
      page-01 步  6  Edit
      page-19 步  8  Edit
      page-34 步  9  Edit
      page-16 步  7  Edit
      page-28 步  8  Edit
      page-31 步  6  Edit
      page-20 步  6  Write
      page-10 步 10  Bash
      page-34 步 10  Bash
      page-05 步  8  Edit
      page-19 步  9  Bash
      page-16 步  8  Edit
      page-01 步  7  Edit
      page-28 步  9  Edit
      page-26 步  6  Edit
      page-31 步  7  Edit
      page-20 步  7  Bash
      page-05 步  9  Edit
      page-27 步 10  Edit
      page-01 步  8  Bash
      page-10 步 11  Bash
      page-31 步  8  Edit
      page-28 步 10  Edit
      page-27 步 11  Bash
      page-05 步 10  Edit
      page-20 步  8  Edit
      page-10 步 12  Bash
      page-26 步  7  Edit
      page-31 步  9  Edit
      page-28 步 11  Edit
      page-34 步 11  Edit
      page-05 步 11  Edit
      page-19 步 10  Edit
      page-20 步  9  Bash
      page-26 步  8  Bash Bash Bash
      page-31 步 10  Bash
      page-28 步 12  Edit
      page-05 步 12  Bash
      page-16 步  9  Bash
      page-10 步 13  Edit
      page-34 步 12  Edit
      page-10 步 14  Edit
  page-20  ✓   10 次调用    2.2 分  selfcheck  2  skill 2  已完成第 20 页构建，并通过初始态、远轨道交互态与复位态自检。
      page-19 步 11  Edit
      page-34 步 13  Edit
  page-26  ✓    9 次调用    2.2 分  selfcheck  4  skill 3  已完成 `page-26.html`：实现三方案对齐比较、偏转轨道反馈、实时计算读数、贝努真实照片窗口、键盘可用的选择与
      page-05 步 13  Edit
      page-31 步 11  Bash
      page-28 步 13  Edit
  page-16  ✓   10 次调用    2.2 分  selfcheck  2  skill 2  已完成 `page-16.html`：实现金星—地球照片拖动揭示、同维度对齐比较、动态数据与键盘操作，并通过初始态及两端
      page-19 步 12  Bash
      page-10 步 15  Bash
      page-01 步  9  Edit
  page-31  ✓   12 次调用    2.3 分  selfcheck  3  skill 4  已完成 `page-31.html`：构建四世界宜居条件拖放比较矩阵，支持键盘操作、错误反馈、完成态关联线与重置；已通过
      page-28 步 14  Edit
  page-19  ✓   13 次调用    2.3 分  selfcheck  3  skill 1  已完成第 19 页构建，并通过 selfcheck 全部检查。
      page-34 步 14  Bash
      page-01 步 10  Edit
  page-10  ✓   16 次调用    2.4 分  selfcheck  6  skill 1  已完成第 10 页构建，并通过 selfcheck 全部检查。
      page-28 步 15  Edit
      page-27 步 12  Edit
      page-01 步 11  Edit
      page-28 步 16  Bash
      page-34 步 15  Edit
      page-05 步 14  Bash
      page-01 步 12  Bash
      page-27 步 13  Edit
      page-34 步 16  Bash
      page-27 步 14  Edit
      page-28 步 17  Edit
      page-27 步 15  Edit
      page-01 步 13  Edit
      page-34 步 17  Edit
      page-27 步 16  Bash
      page-28 步 18  Edit
      page-05 步 15  Edit
      page-01 步 14  Bash
      page-34 步 18  Bash
      page-28 步 19  Bash
  page-01  ✓   15 次调用    2.9 分  selfcheck  4  skill 2  已完成 `page-01.html`。规划限定的 10 秒开场内容与 ≥45% 密度要求冲突；未通过添加无关内容或放大字
      page-05 步 16  Edit
  page-34  ✓   19 次调用    3.0 分  selfcheck  7  skill 2  已完成第 34 页构建，并通过 selfcheck 全部检查。
      page-05 步 17  Bash
      page-27 步 17  Edit
      page-28 步 20  Edit
      page-27 步 18  Bash
      page-28 步 21  Edit
      page-27 步 19  Edit
      page-05 步 18  Edit
      page-28 步 22  Edit
      page-27 步 20  Bash
      page-05 步 19  Bash
      page-28 步 23  Edit
      page-27 步 21  Edit
      page-28 步 24  Edit
      page-27 步 22  Bash
      page-05 步 20  Edit
      page-28 步 25  Edit
  page-27  ✓   23 次调用    3.8 分  selfcheck  7  skill 1  已完成第 27 页构建，并通过 selfcheck 全部检查。
      page-05 步 21  Edit
      page-28 步 26  Edit
      page-05 步 22  Bash
      page-28 步 27  Bash
      page-05 步 23  Edit
      page-05 步 24  Bash
      page-28 步 28  Edit
      page-05 步 25  Edit
      page-28 步 29  Edit
      page-05 步 26  Edit
      page-28 步 30  Edit
      page-05 步 27  Bash
      page-28 步 31  Edit
      page-05 步 28  Edit
      page-28 步 32  Edit
      page-05 步 29  Bash
      page-28 步 33  Bash
      page-28 步 34  Edit
      page-28 步 35  Bash
      page-28 步 36  Edit
      page-28 步 37  Edit
      page-05 步 30  Edit
      page-28 步 38  Bash
      page-05 步 31  Edit
      page-28 步 39  Bash
      page-05 步 32  Bash
  page-28  ✓   40 次调用    5.9 分  selfcheck  9  skill 2  已完成 `page-28.html`，并通过初始态与完成态 selfcheck。
      page-05 步 33  Edit
      page-05 步 34  Bash
      page-05 步 35  Edit
      page-05 步 36  Edit
      page-05 步 37  Bash
      page-05 步 38  Edit
      page-05 步 39  Edit
      page-05 步 40  Bash
  page-05  ✓   41 次调用    7.0 分  selfcheck 13  skill 2  已完成第 5 页构建并通过 selfcheck。

  12/12 页交付   墙钟 7.0 分
  每页调用数 6–41,中位 15   合计 214
  selfcheck 合计 63   Skill 合计 24
  指派 skill 24 项,实际读到 24 项
  读取次数(前 6):CONTRACT.md 12  deck.md 12  theme.css 12  CHASSIS.md 12  LIBS.md 5  lec.js 5
