/data1/home/zhuyifan/ws2/Notale/notale-v2/core/planner.py:1018: DeprecationWarning: Image.Image.getdata is deprecated and will be removed in Pillow 14 (2027-10-15). Use get_flattened_data instead.
  px = list(im.getdata())

▸ planner · sol49
  认识太阳系——天文学通识课第二讲  /  45 分钟

  seed         底盘已就位,库 20 个
  lec.js       已存在,跳过         13,691 字符
  PLAN.md      已存在,跳过         12,383 字符
  验页表       34 行  停留合计 2700/2700 秒  ✓   无交互 6 页
  [33m⚠ 相邻同结构 1 处: page-15[0m
  验证据链     声明 4 条,页表用到 4 条,承担论证的页 27/34
  验幕结构     4 幕,页序连续 ✓
  验视觉世界   4 个 hex、17 条母题  ✓
  验页表       34 行,知识结构 4 种: classification comparison generalization process
  图池         底图联系表 2 张 → backdrops.jpg
  图池         14/14 张就位  → img/IMG.md
  theme.css    已存在,跳过         14,365 字符
  接口交接     theme.css 的 INTERFACE 块 50 行 → CHASSIS.md
  接口交接     已知陷阱（Deck.fmt 带符号）→ CHASSIS.md
  CONTRACT.md  已存在,跳过          5,061 字符
  展开规格     34 份(34 新建/0 复用)  56s  out=59,631 tok  2,446–4,082B
  skeletons    34 个骨架,已接 base/theme/lec,data-total=34
  briefs       34 份,3347–3403 字符,中位 3381

  合计 57s  →  /data1/home/zhuyifan/ws2/Notale/notale-v2/runs/sol49

  判据                                  sol49     目标
  ───────────────────────────────────────────────────
  规格份数                                   34     
  规格中位字符                               1578     ≤1300
  表格真数值格(每份有表)                          8.0     ≥8
  表格真数值格合计                              273     
  表格指针格                                   0     0
  点名底盘类的规格数                         40/52 类     ≥30%
  有「核对」的份                             11/34     ≥40%
  有「交给下一页」的份                          34/34     ≥90%
  还有「场景构图」的份                           0/34     0
  有「交互」节的份                            28/34     <n
    交互节字符中位                             174     ≥200
    有「正确状态」的比率                          17%     ≤40%
    说清「什么跟着变」                           28%     ≥80%
    有复位/重来                              92%     ≥70%
  theme.css 字符                       14,365     ≤13000
    其中 utility 类                          2     0
    仪表类齐几样(共 8)                         8/8     8
    INTERFACE 块字符                      2066     ≥2000
  PLAN.md 字符                         12,383     ≤10000
    数字口径里的真实数值                           31     ≥20
    页表一句话带数                            5/34     ≥20%
  lec.js 字符 / P 函数数             13,691 / 40     函数数↓
  theme.css 填色的容器类                        8     ≤2
  规格点名图池文件的份数                            20     ≥6


  ✗ theme.css 里填色的容器类               8   要求 ≤2
  ✓ theme.css 里 utility 类           2   要求 ≤2
  ✓ #stage 有 padding                有   要求 有
  ✓ 仪表类齐几样                          8   要求 8
  ✓ 规格表格里的指针格                       0   要求 0
  ✓ 规格点名图池文件的份数                    20   要求 ≥6

  [31m✗ plan 层有 1 条不合格:theme.css 里填色的容器类[0m
    产物都在,改完提示词重跑对应那一步即可（cached() 会跳过已好的）
