/data1/home/zhuyifan/ws2/Notale/notale-v2/core/planner.py:983: DeprecationWarning: Image.Image.getdata is deprecated and will be removed in Pillow 14 (2027-10-15). Use get_flattened_data instead.
  L = sorted(round(.2126 * r + .7152 * g + .0722 * b) for r, g, b in im.getdata())
/data1/home/zhuyifan/ws2/Notale/notale-v2/core/planner.py:921: DeprecationWarning: Image.Image.getdata is deprecated and will be removed in Pillow 14 (2027-10-15). Use get_flattened_data instead.
  px = list(im.getdata()); n = len(px)
/data1/home/zhuyifan/ws2/Notale/notale-v2/core/planner.py:1029: DeprecationWarning: Image.Image.getdata is deprecated and will be removed in Pillow 14 (2027-10-15). Use get_flattened_data instead.
  px = list(im.getdata())
/data1/home/zhuyifan/ws2/Notale/notale-v2/core/planner.py:1024: DeprecationWarning: Image.Image.getdata is deprecated and will be removed in Pillow 14 (2027-10-15). Use get_flattened_data instead.
  px = [c[:3] for c in im.getdata() if c[3] > 128]

▸ planner · sol50
  认识太阳系——天文学通识课第二讲  /  45 分钟

  seed         底盘已就位,库 20 个
  lec.js       已存在,跳过         13,691 字符
  PLAN.md       145.3s  out=10,185 tok   11,522 字符
  验页表       30 行  停留合计 2700/2700 秒  ✓   无交互 7 页
  验证据链     声明 4 条,页表用到 4 条,承担论证的页 24/30
  验幕结构     4 幕,页序连续 ✓
  验视觉世界   5 个 hex、22 条母题  ✓
  验页表       30 行,知识结构 4 种: classification comparison generalization process
  图池         底图联系表 2 张 → backdrops.jpg
  图池         12/14 张就位，2 张没取到  → img/IMG.md
  theme.css      77.8s  out= 6,961 tok   14,536 字符
  接口交接     theme.css 的 INTERFACE 块 34 行 → CHASSIS.md
  接口交接     已知陷阱（Deck.fmt 带符号）→ CHASSIS.md
  CONTRACT.md    80.2s  out= 5,407 tok    5,288 字符
  展开规格     30 份(30 新建/0 复用)  42s  out=50,434 tok  2,113–3,973B
  skeletons    30 个骨架,已接 base/theme/lec,data-total=30
  briefs       30 份,3319–3372 字符,中位 3343

  合计 397s  →  /data1/home/zhuyifan/ws2/Notale/notale-v2/runs/sol50

  判据                                  sol50     目标
  ───────────────────────────────────────────────────
  规格份数                                   30     
  规格中位字符                               1558     ≤1300
  表格真数值格(每份有表)                          8.8     ≥8
  表格真数值格合计                              263     
  表格指针格                                   0     0
  点名底盘类的规格数                         41/55 类     ≥30%
  有「核对」的份                              9/30     ≥40%
  有「交给下一页」的份                          30/30     ≥90%
  还有「场景构图」的份                           0/30     0
  有「交互」节的份                            23/30     <n
    交互节字符中位                             169     ≥200
    有「正确状态」的比率                          13%     ≤40%
    说清「什么跟着变」                           13%     ≥80%
    有复位/重来                              95%     ≥70%
  theme.css 字符                       14,536     ≤13000
    其中 utility 类                          2     0
    仪表类齐几样(共 8)                         8/8     8
    INTERFACE 块字符                      1868     ≥2000
  PLAN.md 字符                         11,522     ≤10000
    数字口径里的真实数值                           17     ≥20
    页表一句话带数                            4/30     ≥20%
  lec.js 字符 / P 函数数             13,691 / 40     函数数↓
  theme.css 填色的容器类                        4     ≤2
  规格点名图池文件的份数                            16     ≥6


  ✗ theme.css 里填色的容器类               4   要求 ≤2
  ✓ theme.css 里 utility 类           2   要求 ≤2
  ✓ #stage 有 padding                有   要求 有
  ✓ 仪表类齐几样                          8   要求 8
  ✓ 规格表格里的指针格                       0   要求 0
  ✓ 规格点名图池文件的份数                    16   要求 ≥6

  [31m✗ plan 层有 1 条不合格:theme.css 里填色的容器类[0m
    产物都在,改完提示词重跑对应那一步即可（cached() 会跳过已好的）
