
▸ builder · sol50
  10 页,并发 12,effort=low,skill 块 226–488 字符/页(中位 408,全清单是 9,221)

      page-11 步  1  Read Read Read Read Read Skill Skill
      page-28 步  1  Skill Skill Read Read Read Read Read Read
      page-19 步  1  Read Read Read Read Read Skill Skill
      page-27 步  1  Read Read Read Read Read Skill Skill
      page-05 步  1  Read Read Read Read Read Skill
      page-16 步  1  Read Read Read Read Read Skill Skill
      page-01 步  1  Read Read Read Read Read Skill Skill
      page-26 步  1  Read Read Read Read Read Skill Skill
      page-20 步  1  Read Read Read Read Read Skill
      page-10 步  1  Read Read Read Read Read Skill Read
      page-20 步  2  Read
      page-01 步  2  Read Bash
      page-05 步  2  Read Read
      page-28 步  2  Read Bash
      page-11 步  2  Read Bash
      page-26 步  2  Read Bash
      page-27 步  2  Read Bash
      page-19 步  2  Read Bash Bash
      page-16 步  2  Read Read Bash
      page-10 步  2  Bash
      page-28 步  3  Read
      page-16 步  3  Read
      page-19 步  3  Read
      page-05 步  3  Bash
      page-10 步  3  Read
      page-05 步  4  Read
      page-26 步  3  Read
      page-19 步  4  Bash
      page-11 步  3  Read Read Read
      page-19 步  5  Bash
      page-26 步  4  Bash
      page-01 步  3  Write
      page-26 步  5  Bash
      page-01 步  4  Edit
      page-20 步  3  Write
      page-01 步  5  Bash
      page-10 步  4  Write
      page-20 步  4  Bash
      page-27 步  3  Write
      page-28 步  4  Write
      page-10 步  5  Bash
      page-05 步  5  Write
      page-27 步  4  Bash
      page-01 步  6  Edit
      page-16 步  4  Write
      page-05 步  6  Bash
      page-28 步  5  Bash
      page-20 步  5  Edit
      page-11 步  4  Write
      page-01 步  7  Edit
      page-27 步  5  Bash Bash Bash
      page-20 步  6  Edit
      page-16 步  5  Bash Bash Bash
      page-28 步  6  Bash Bash
      page-01 步  8  Edit
      page-05 步  7  Bash Bash
      page-20 步  7  Edit
      page-26 步  6  Write
      page-11 步  5  Bash
      page-10 步  6  Edit
      page-20 步  8  Bash
  page-28  ✓    7 次调用    1.2 分  selfcheck  3  skill 2  已完成第 28 页：交互式分类树支持“IAU 2006 / 宽口径替代”切换与复位，并通过全部 selfcheck 检查
      page-19 步  6  Write
  page-27  ✓    6 次调用    1.3 分  selfcheck  4  skill 2  已完成第 27 页，并通过初始、近日点、远离太阳及轨道末端状态的 selfcheck，自检无报错、无溢出或裁切。
  page-16  ✓    6 次调用    1.3 分  selfcheck  3  skill 2  已完成第 16 页构建，并通过初始、最终交互及复位状态的 selfcheck 检查。
      page-01 步  9  Edit
  page-05  ✓    8 次调用    1.3 分  selfcheck  3  skill 1  已完成 `page-05.html`，并通过初始状态、键盘交互、俯视极值与复位状态的 selfcheck。
      page-26 步  7  Bash
      page-19 步  7  Bash
      page-10 步  7  Bash
      page-01 步 10  Bash
      page-11 步  6  Bash Bash Bash
      page-19 步  8  Read
      page-26 步  8  Edit
      page-19 步  9  Read
      page-26 步  9  Edit
  page-11  ✓    7 次调用    1.6 分  selfcheck  4  skill 2  已完成 `page-11.html`，并通过初始、水星、海王星及复位状态的 selfcheck。
      page-01 步 11  Bash
      page-10 步  8  Edit
      page-10 步  9  Bash
      page-26 步 10  Edit
      page-19 步 10  Bash
      page-01 步 12  Edit
      page-20 步  9  Edit
  page-10  ✓   10 次调用    1.9 分  selfcheck  3  skill 1  已完成 `page-10.html`，并通过初始态与 100% 展开态 selfcheck。
      page-01 步 13  Edit
      page-20 步 10  Bash
      page-01 步 14  Bash
      page-20 步 11  Edit
      page-19 步 11  Edit
      page-01 步 15  Edit
      page-26 步 11  Bash
      page-19 步 12  Edit
      page-20 步 12  Edit
      page-01 步 16  Bash
      page-19 步 13  Edit
      page-26 步 12  Edit
      page-01 步 17  Read
      page-20 步 13  Bash
      page-19 步 14  Bash
      page-01 步 18  Edit
      page-26 步 13  Edit
      page-20 步 14  Edit
      page-01 步 19  Edit
  page-19  ✓   15 次调用    2.8 分  selfcheck  2  skill 2  已完成第 19 页构建，并通过初始状态与完整揭示状态的 selfcheck。
      page-26 步 14  Bash
      page-20 步 15  Edit
      page-01 步 20  Bash
      page-20 步 16  Bash
      page-26 步 15  Edit
      page-01 步 21  Edit
      page-26 步 16  Edit
      page-01 步 22  Bash
      page-26 步 17  Bash
      page-01 步 23  Edit
      page-20 步 17  Edit
      page-26 步 18  Edit
      page-01 步 24  Bash
      page-20 步 18  Edit
      page-26 步 19  Bash
  page-01  ✓   25 次调用    3.6 分  selfcheck  8  skill 2  已完成 `page-01.html`，并通过 selfcheck 全部检查。
      page-20 步 19  Edit
      page-20 步 20  Bash
      page-26 步 20  Edit
      page-20 步 21  Edit
      page-26 步 21  Edit
      [page-26] RateLimitError 等 6s 重试 1/8
      [page-26] RateLimitError 等 15s 重试 2/8
      page-20 步 22  Edit
      [page-20] RateLimitError 等 6s 重试 1/8
      [page-20] RateLimitError 等 14s 重试 2/8
      [page-26] RateLimitError 等 39s 重试 3/8
      [page-20] RateLimitError 等 48s 重试 3/8
      page-26 步 22  Bash
      page-26 步 23  Edit
      page-26 步 24  Bash
      page-20 步 23  Edit
  page-26  ✓   25 次调用    5.5 分  selfcheck  7  skill 2  已完成 `page-26.html`，并通过 selfcheck：无 JS 报错、加载失败、溢出或裁切，密度与字号合规。
      page-20 步 24  Bash
      page-20 步 25  Edit
      page-20 步 26  Edit
      page-20 步 27  Edit
      page-20 步 28  Bash
      page-20 步 29  Edit
      page-20 步 30  Edit
      page-20 步 31  Edit
      page-20 步 32  Edit
      page-20 步 33  Edit
      page-20 步 34  Bash
      page-20 步 35  Bash
  page-20  ✓   36 次调用    7.0 分  selfcheck 10  skill 1  已完成 `page-20.html`，并通过初始、全部改写及复位状态的 selfcheck。

  10/10 页交付   墙钟 7.0 分
  每页调用数 6–36,中位 10   合计 145
  selfcheck 合计 47   Skill 合计 17
  指派 skill 17 项,实际读到 17 项
  读取次数(前 6):CONTRACT.md 10  deck.md 10  theme.css 10  CHASSIS.md 10  lec.js 10  LIBS.md 4
