
▸ planner · style-gem-ens-say-20260906
  《集成学习--机器学习概论第八讲》  /  30 分钟

  seed         底盘已就位,库 20 个（真拷贝,非软链接）
  deck            8.2s  in=  3,804  out= 1,102 tok  1 个工具调用 → ['theme.css']
  ⚠ deck 第 1 次不合格(没有写 pages/plan/pages.md),重试
  deck            8.9s  in=  3,838  out= 1,051 tok  1 个工具调用 → ['theme.css']
  ⚠ deck 第 2 次不合格(没有写 pages/plan/pages.md),重试
  deck           10.9s  in=  3,872  out= 1,077 tok  1 个工具调用 → ['theme.css']
Traceback (most recent call last):
  File "<frozen runpy>", line 198, in _run_module_as_main
  File "<frozen runpy>", line 88, in _run_code
  File "/data1/home/zhuyifan/ws2/Notale/notale-v2/core/planner.py", line 910, in <module>
    main()
  File "/data1/home/zhuyifan/ws2/Notale/notale-v2/core/planner.py", line 903, in main
    plan_run(Run(n.query, n.minutes, n.audience, n.label, n.scenario,
  File "/data1/home/zhuyifan/ws2/Notale/notale-v2/core/planner.py", line 781, in plan_run
    css, pages_doc = deck_call(run, run.prompt(
                     ^^^^^^^^^^^^^^^^^^^^^^^^^^
  File "/data1/home/zhuyifan/ws2/Notale/notale-v2/core/planner.py", line 305, in deck_call
    raise RuntimeError(
RuntimeError: deck 交付不合格(3 次都没过): 没有写 pages/plan/pages.md。诊断见 /data1/home/zhuyifan/ws2/Notale/notale-v2/runs/style-gem-ens-say-20260906/deck.rejected.json
