
▸ planner · style-gem-shiji-fonts-20260906
  《史记》的叙事策略：互见法与"太史公曰"  /  30 分钟

  seed         底盘已就位,库 20 个（真拷贝,非软链接）
  deck           13.5s  in=  3,949  out= 1,282 tok  1 个工具调用 → ['theme.css']
  ⚠ deck 第 1 次不合格(没有写 pages/plan/pages.md),重试
  deck           16.8s  in=  3,983  out=   932 tok  1 个工具调用 → ['theme.css']
  ⚠ deck 第 2 次不合格(没有写 pages/plan/pages.md),重试
  deck           22.2s  in=  4,017  out= 1,092 tok  1 个工具调用 → ['theme.css']
Traceback (most recent call last):
  File "<frozen runpy>", line 198, in _run_module_as_main
  File "<frozen runpy>", line 88, in _run_code
  File "/data1/home/zhuyifan/ws2/Notale/notale-v2/core/planner.py", line 910, in <module>
    main()
  File "/data1/home/zhuyifan/ws2/Notale/notale-v2/core/planner.py", line 903, in main
    plan_run(Run(n.query, n.minutes, n.audience, n.label, n.scenario,
  File "/data1/home/zhuyifan/ws2/Notale/notale-v2/core/planner.py", line 781, in plan_run
    css, pages_doc = deck_call(run, run.prompt(
                     ^^^^^^^^^^^^^^^^^^^^^^^^^^
  File "/data1/home/zhuyifan/ws2/Notale/notale-v2/core/planner.py", line 305, in deck_call
    raise RuntimeError(
RuntimeError: deck 交付不合格(3 次都没过): 没有写 pages/plan/pages.md。诊断见 /data1/home/zhuyifan/ws2/Notale/notale-v2/runs/style-gem-shiji-fonts-20260906/deck.rejected.json
