
▸ planner · trim-net-20260826
  神经网络是怎么学会的：从一个神经元到反向传播  /  30 分钟

  seed         底盘已就位,库 20 个（真拷贝,非软链接）
  lec.js         65.7s  out= 5,350 tok   13,838 字符
  PLAN.md       111.4s  out= 7,331 tok    7,183 字符
  验页表       21 行  停留合计 1800/1800 秒  ✓   无交互 5 页
  [33m⚠ 相邻同结构 2 处: page-17 page-18[0m
  验证据链     声明 5 条,页表用到 5 条,承担论证的页 13/21
  验幕结构     5 幕,页序连续 ✓
  验视觉世界   3 个 hex、12 条母题、有现实参照、27 条形状语言  ✓
  验页表       21 行,知识结构 4 种: classification comparison generalization process；版式 7 种: canvas-full focus ledger split-lr split-tb stage-cards triptych
  图池         PLAN.md 声明本套无需图池 —— 跳过取图
  theme.css      74.1s  out= 7,297 tok   18,949 字符
  接口交接     theme.css 的 INTERFACE 块 52 行 → CHASSIS.md
  接口交接     已知陷阱（Deck.fmt 带符号）→ CHASSIS.md
  CONTRACT.md    43.3s  out= 3,148 tok    4,412 字符
  展开规格     21 份(21 新建/0 复用)  58s  out=44,753 tok  1,891–4,296B
  skeletons    21 个骨架,已接 base/theme/lec,data-total=21
  briefs       21 份,974–981 字符,中位 980

  合计 353s  →  /data1/home/zhuyifan/ws2/Notale/notale-v2/runs/trim-net-20260826

  判据                        trim-net-20260826     目标
  ───────────────────────────────────────────────────
  规格份数                                   21     
  规格中位字符                               1585     ≤1300
  表格真数值格(每份有表)                         12.9     ≥8
  表格真数值格合计                              270     
  点名底盘类的规格数                         26/68 类     ≥30%
  有「核对」的份                             14/21     ≥40%
  有「交给下一页」的份                          21/21     ≥90%
  还有「场景构图」的份                           0/21     0
  有「交互」节的份                            16/21     <n
    交互节字符中位                             214     ≥200
    有「正确状态」的比率                           6%     ≤40%
    说清「什么跟着变」                            0%     ≥80%
    有复位/重来                             100%     ≥70%
  theme.css 字符                       18,939     ≤13000
    其中 utility 类                          4     0
    仪表类齐几样(共 8)                         8/8     8
    INTERFACE 块字符                      2068     ≥2000
  PLAN.md 字符                          7,183     ≤10000
    版式种类 / 缺失 / 相邻重复              7 / 0 / 0     ≥4 / 0 / 0
    split-lr 页数                           3     ≤总页数 1/3
    数字口径里的真实数值                            0     ≥20
    页表一句话带数                            0/21     ≥20%
  lec.js 字符 / P 函数数              13,829 / 0     函数数↓
  theme.css 填色的容器类                        4     ≤2
  规格点名图池文件的份数                             0     ≥6


  ✓ #stage 有 padding                有   要求 有

  [32m✓ plan 层硬判全过[0m
