[ape-ds2] ✗ planner 失败,不起 builder。看 runs/ape-ds2.planner.log
        result = self.fn(*self.args, **self.kwargs)
                 ^^^^^^^^^^^^^^^^^^^^^^^^^^^^^^^^^^
      File "/data1/home/zhuyifan/ws2/Notale/notale-v2/core/planner.py", line 503, in one
        raise RuntimeError(f"p{r.nn} 连续 3 次产出的都不是有效规格(最后一次:{bad})")
    RuntimeError: p26 连续 3 次产出的都不是有效规格(最后一次:开头像推理稿(命中「我们需要」))
[ape-g3] ✓ 完成  48 页
Traceback (most recent call last):
  File "<frozen runpy>", line 198, in _run_module_as_main
  File "<frozen runpy>", line 88, in _run_code
  File "/data1/home/zhuyifan/ws2/Notale/notale-v2/core/check_coverage.py", line 269, in <module>
    main()
  File "/data1/home/zhuyifan/ws2/Notale/notale-v2/core/check_coverage.py", line 261, in main
    r = check(n.label, n.pages, n.minutes)
        ^^^^^^^^^^^^^^^^^^^^^^^^^^^^^^^^^^
  File "/data1/home/zhuyifan/ws2/Notale/notale-v2/core/check_coverage.py", line 122, in check
    kicker = flat((e.value("kicker") or "").strip("`'\" "))
                   ^^^^^^^
AttributeError: 'Row' object has no attribute 'value'
=== 有 1 路失败: ape-ds2 ===
