
▸ planner · wf1-typhoon30-terra-20260825
  为什么台风会转弯：从暖海面到路径预报  /  30 分钟

  seed         底盘已就位,库 20 个（真拷贝,非软链接）
  lec.js         90.3s  out= 7,061 tok   17,751 字符
  PLAN.md       143.9s  out=10,432 tok    7,451 字符
  验页表       21 行  停留合计 1800/1800 秒  ✓   无交互 8 页
  验证据链     声明 4 条,页表用到 4 条,承担论证的页 12/21
  验幕结构     4 幕,页序连续 ✓
  验视觉世界   3 个 hex、13 条母题、有现实参照、33 条形状语言  ✓
  验页表       21 行,知识结构 4 种: classification comparison generalization process；版式 7 种: canvas-full focus ledger split-lr split-tb stage-cards triptych
/data1/home/zhuyifan/ws2/Notale/notale-v2/core/planner.py:1086: DeprecationWarning: Image.Image.getdata is deprecated and will be removed in Pillow 14 (2027-10-15). Use get_flattened_data instead.
  L = sorted(round(.2126 * r + .7152 * g + .0722 * b) for r, g, b in im.getdata())
/data1/home/zhuyifan/ws2/Notale/notale-v2/core/planner.py:1024: DeprecationWarning: Image.Image.getdata is deprecated and will be removed in Pillow 14 (2027-10-15). Use get_flattened_data instead.
  px = list(im.getdata()); n = len(px)
/data1/home/zhuyifan/ws2/Notale/notale-v2/core/planner.py:1132: DeprecationWarning: Image.Image.getdata is deprecated and will be removed in Pillow 14 (2027-10-15). Use get_flattened_data instead.
  px = list(im.getdata())
  图池         底图联系表 1 张 → backdrops.jpg
  图池         2/2 张就位  → img/IMG.md
  theme.css      68.7s  out= 6,907 tok   16,587 字符
  接口交接     theme.css 的 INTERFACE 块 43 行 → CHASSIS.md
  接口交接     已知陷阱（Deck.fmt 带符号）→ CHASSIS.md
  CONTRACT.md    60.1s  out= 3,951 tok    6,067 字符
  展开规格     21 份(21 新建/0 复用)  88s  out=43,155 tok  1,916–4,495B
  skeletons    21 个骨架,已接 base/theme/lec,data-total=21
  briefs       21 份,1194–1202 字符,中位 1197

  合计 469s  →  /data1/home/zhuyifan/ws2/Notale/notale-v2/runs/wf1-typhoon30-terra-20260825

  判据                        wf1-typhoon30-terra-20260825     目标
  ───────────────────────────────────────────────────
  规格份数                                   21     
  规格中位字符                               1725     ≤1300
  表格真数值格(每份有表)                          8.0     ≥8
  表格真数值格合计                              169     
  点名底盘类的规格数                         36/59 类     ≥30%
  有「核对」的份                             10/21     ≥40%
  有「交给下一页」的份                           0/21     ≥90%
  还有「场景构图」的份                           0/21     0
  有「交互」节的份                            13/21     <n
    交互节字符中位                             221     ≥200
    有「正确状态」的比率                           7%     ≤40%
    说清「什么跟着变」                            7%     ≥80%
    有复位/重来                              38%     ≥70%
  theme.css 字符                       16,577     ≤13000
    其中 utility 类                          2     0
    仪表类齐几样(共 8)                         8/8     8
    INTERFACE 块字符                      2071     ≥2000
  PLAN.md 字符                          7,451     ≤10000
    版式种类 / 缺失 / 相邻重复              7 / 0 / 0     ≥4 / 0 / 0
    split-lr 页数                           4     ≤总页数 1/3
    数字口径里的真实数值                           13     ≥20
    页表一句话带数                            0/21     ≥20%
  lec.js 字符 / P 函数数             17,742 / 15     函数数↓
  theme.css 填色的容器类                        6     ≤2
  规格点名图池文件的份数                             2     ≥6


  ✓ #stage 有 padding                有   要求 有

  [32m✓ plan 层硬判全过[0m
